Java HotSpot(TM) 64-Bit Server VM (25.181-b13) for bsd-amd64 JRE (1.8.0_181-b13), built on Jul  7 2018 01:02:31 by "java_re" with gcc 4.2.1 (Based on Apple Inc. build 5658) (LLVM build 2336.11.00)
Memory: 4k page, physical 16777216k(2390284k free)

/proc/meminfo:

CommandLine flags: -XX:+HeapDumpOnOutOfMemoryError -XX:HeapDumpPath=txr-system.hprof -XX:InitialHeapSize=104857600 -XX:MaxHeapSize=104857600 -XX:+PrintGC -XX:+PrintGCDateStamps -XX:+PrintGCDetails -XX:+PrintGCTimeStamps -XX:+UseCompressedClassPointers -XX:+UseCompressedOops -XX:+UseParallelGC 
2019-09-25T15:12:46.511-0530: 0.350: [GC (Allocation Failure) [PSYoungGen: 25600K->2135K(29696K)] 25600K->2143K(98304K), 0.0024299 secs] [Times: user=0.01 sys=0.01, real=0.00 secs] 
2019-09-25T15:12:46.631-0530: 0.470: [GC (Allocation Failure) [PSYoungGen: 27735K->2391K(29696K)] 27743K->2407K(98304K), 0.0025877 secs] [Times: user=0.01 sys=0.00, real=0.00 secs] 
2019-09-25T15:12:46.722-0530: 0.560: [GC (Allocation Failure) [PSYoungGen: 27991K->2746K(29696K)] 28007K->2770K(98304K), 0.0024152 secs] [Times: user=0.01 sys=0.00, real=0.00 secs] 
2019-09-25T15:12:46.791-0530: 0.629: [GC (Allocation Failure) [PSYoungGen: 28346K->3047K(29696K)] 28370K->3079K(98304K), 0.0022609 secs] [Times: user=0.01 sys=0.00, real=0.00 secs] 
2019-09-25T15:12:46.857-0530: 0.696: [GC (Allocation Failure) [PSYoungGen: 28647K->3335K(29696K)] 28679K->3375K(98304K), 0.0027019 secs] [Times: user=0.01 sys=0.00, real=0.01 secs] 
2019-09-25T15:12:46.905-0530: 0.743: [GC (Allocation Failure) [PSYoungGen: 28935K->3511K(29696K)] 28975K->3559K(98304K), 0.0024492 secs] [Times: user=0.01 sys=0.01, real=0.00 secs] 
2019-09-25T15:12:46.957-0530: 0.795: [GC (Allocation Failure) [PSYoungGen: 29111K->1664K(29696K)] 29159K->3850K(98304K), 0.0031602 secs] [Times: user=0.02 sys=0.00, real=0.01 secs] 
2019-09-25T15:12:47.025-0530: 0.863: [GC (Allocation Failure) [PSYoungGen: 27264K->1168K(28672K)] 29450K->4104K(97280K), 0.0021016 secs] [Times: user=0.02 sys=0.00, real=0.00 secs] 
2019-09-25T15:12:47.110-0530: 0.948: [GC (Allocation Failure) [PSYoungGen: 25744K->896K(29184K)] 28680K->4328K(97792K), 0.0017591 secs] [Times: user=0.01 sys=0.00, real=0.00 secs] 
2019-09-25T15:12:47.165-0530: 1.004: [GC (Allocation Failure) [PSYoungGen: 25472K->704K(29184K)] 28904K->4648K(97792K), 0.0014225 secs] [Times: user=0.01 sys=0.00, real=0.00 secs] 
2019-09-25T15:12:47.210-0530: 1.049: [GC (GCLocker Initiated GC) [PSYoungGen: 25280K->384K(29184K)] 29224K->4849K(97792K), 0.0014477 secs] [Times: user=0.01 sys=0.00, real=0.00 secs] 
2019-09-25T15:12:47.257-0530: 1.096: [GC (Allocation Failure) [PSYoungGen: 24960K->480K(29184K)] 29436K->5180K(97792K), 0.0011718 secs] [Times: user=0.01 sys=0.00, real=0.00 secs] 
2019-09-25T15:12:47.319-0530: 1.157: [GC (Metadata GC Threshold) [PSYoungGen: 21332K->624K(29184K)] 26033K->5620K(97792K), 0.0017342 secs] [Times: user=0.01 sys=0.00, real=0.01 secs] 
2019-09-25T15:12:47.321-0530: 1.159: [Full GC (Metadata GC Threshold) [PSYoungGen: 624K->0K(29184K)] [ParOldGen: 4996K->4924K(47104K)] 5620K->4924K(76288K), [Metaspace: 20676K->20674K(1067008K)], 0.0474932 secs] [Times: user=0.31 sys=0.01, real=0.04 secs] 
2019-09-25T15:12:47.467-0530: 1.306: [GC (GCLocker Initiated GC) [PSYoungGen: 24576K->789K(29184K)] 29500K->5722K(76288K), 0.0023286 secs] [Times: user=0.01 sys=0.00, real=0.01 secs] 
2019-09-25T15:12:47.574-0530: 1.412: [GC (Allocation Failure) [PSYoungGen: 25365K->1664K(26624K)] 30308K->6678K(73728K), 0.0029785 secs] [Times: user=0.01 sys=0.00, real=0.00 secs] 
2019-09-25T15:12:47.584-0530: 1.422: [GC (Allocation Failure) [PSYoungGen: 26212K->1747K(28672K)] 31227K->6769K(75776K), 0.0022010 secs] [Times: user=0.01 sys=0.00, real=0.00 secs] 
2019-09-25T15:12:47.611-0530: 1.449: [GC (Allocation Failure) [PSYoungGen: 26323K->449K(28672K)] 31345K->7061K(75776K), 0.0016967 secs] [Times: user=0.01 sys=0.00, real=0.00 secs] 
2019-09-25T15:12:47.690-0530: 1.528: [GC (Allocation Failure) [PSYoungGen: 25025K->672K(29696K)] 31637K->7589K(76800K), 0.0012119 secs] [Times: user=0.01 sys=0.00, real=0.00 secs] 
2019-09-25T15:12:47.765-0530: 1.604: [GC (Allocation Failure) [PSYoungGen: 26272K->800K(29696K)] 33189K->8205K(76800K), 0.0011715 secs] [Times: user=0.01 sys=0.00, real=0.00 secs] 
2019-09-25T15:12:47.828-0530: 1.667: [GC (Allocation Failure) [PSYoungGen: 26400K->788K(28672K)] 33805K->8857K(75776K), 0.0013393 secs] [Times: user=0.01 sys=0.01, real=0.01 secs] 
2019-09-25T15:12:47.956-0530: 1.794: [GC (Allocation Failure) [PSYoungGen: 26388K->736K(29184K)] 34457K->9465K(76288K), 0.0017263 secs] [Times: user=0.00 sys=0.00, real=0.00 secs] 
2019-09-25T15:12:48.037-0530: 1.875: [GC (Allocation Failure) [PSYoungGen: 26336K->1056K(30208K)] 35065K->9793K(77312K), 0.0014957 secs] [Times: user=0.01 sys=0.00, real=0.00 secs] 
2019-09-25T15:12:48.123-0530: 1.961: [GC (Allocation Failure) [PSYoungGen: 27680K->1536K(30208K)] 36417K->10281K(77312K), 0.0019095 secs] [Times: user=0.01 sys=0.00, real=0.00 secs] 
2019-09-25T15:12:48.304-0530: 2.143: [GC (Allocation Failure) [PSYoungGen: 28160K->2432K(30208K)] 36905K->11185K(77312K), 0.0024517 secs] [Times: user=0.01 sys=0.00, real=0.00 secs] 
2019-09-25T15:12:48.433-0530: 2.271: [GC (Allocation Failure) [PSYoungGen: 29056K->3232K(30208K)] 37809K->11993K(77312K), 0.0028648 secs] [Times: user=0.01 sys=0.00, real=0.00 secs] 
2019-09-25T15:12:48.629-0530: 2.468: [GC (Allocation Failure) [PSYoungGen: 29856K->3584K(28160K)] 38617K->12761K(75264K), 0.0035265 secs] [Times: user=0.01 sys=0.00, real=0.01 secs] 
2019-09-25T15:12:48.749-0530: 2.587: [GC (Allocation Failure) [PSYoungGen: 28160K->3488K(28160K)] 37337K->13417K(75264K), 0.0035855 secs] [Times: user=0.02 sys=0.00, real=0.01 secs] 
2019-09-25T15:12:48.853-0530: 2.692: [GC (Allocation Failure) [PSYoungGen: 28064K->4288K(27648K)] 37993K->14225K(74752K), 0.0034005 secs] [Times: user=0.02 sys=0.00, real=0.00 secs] 
2019-09-25T15:12:49.065-0530: 2.904: [GC (Metadata GC Threshold) [PSYoungGen: 26073K->4625K(27648K)] 36010K->14571K(74752K), 0.0034717 secs] [Times: user=0.02 sys=0.00, real=0.00 secs] 
2019-09-25T15:12:49.069-0530: 2.907: [Full GC (Metadata GC Threshold) [PSYoungGen: 4625K->0K(27648K)] [ParOldGen: 9945K->13252K(68608K)] 14571K->13252K(96256K), [Metaspace: 33839K->33839K(1081344K)], 0.0767478 secs] [Times: user=0.45 sys=0.00, real=0.08 secs] 
2019-09-25T15:12:49.284-0530: 3.122: [GC (Allocation Failure) [PSYoungGen: 22528K->736K(27648K)] 35780K->13996K(96256K), 0.0023531 secs] [Times: user=0.01 sys=0.00, real=0.00 secs] 
2019-09-25T15:12:49.379-0530: 3.218: [GC (Allocation Failure) [PSYoungGen: 22240K->1056K(27648K)] 35500K->14316K(96256K), 0.0033183 secs] [Times: user=0.01 sys=0.00, real=0.01 secs] 
2019-09-25T15:12:49.453-0530: 3.291: [GC (Allocation Failure) [PSYoungGen: 22560K->1568K(26624K)] 35820K->14828K(95232K), 0.0036843 secs] [Times: user=0.01 sys=0.00, real=0.00 secs] 
2019-09-25T15:12:49.580-0530: 3.418: [GC (Allocation Failure) [PSYoungGen: 23072K->2176K(27136K)] 36332K->15444K(95744K), 0.0020013 secs] [Times: user=0.01 sys=0.00, real=0.00 secs] 
2019-09-25T15:12:49.685-0530: 3.524: [GC (Allocation Failure) [PSYoungGen: 23680K->2432K(27136K)] 36948K->15700K(95744K), 0.0023796 secs] [Times: user=0.02 sys=0.00, real=0.00 secs] 
2019-09-25T15:12:49.788-0530: 3.626: [GC (Allocation Failure) [PSYoungGen: 24960K->2792K(27648K)] 38228K->16068K(96256K), 0.0025492 secs] [Times: user=0.01 sys=0.00, real=0.01 secs] 
2019-09-25T15:12:49.902-0530: 3.740: [GC (Allocation Failure) [PSYoungGen: 25320K->3771K(27648K)] 38596K->17055K(96256K), 0.0033411 secs] [Times: user=0.02 sys=0.01, real=0.00 secs] 
2019-09-25T15:12:49.920-0530: 3.759: [GC (Allocation Failure) [PSYoungGen: 23587K->5608K(28160K)] 36871K->19875K(96768K), 0.0025907 secs] [Times: user=0.01 sys=0.00, real=0.00 secs] 
2019-09-25T15:12:49.937-0530: 3.775: [GC (Allocation Failure) [PSYoungGen: 28136K->5608K(24064K)] 42403K->20349K(92672K), 0.0024456 secs] [Times: user=0.01 sys=0.00, real=0.00 secs] 
2019-09-25T15:12:49.950-0530: 3.788: [GC (Allocation Failure) [PSYoungGen: 22518K->7624K(26112K)] 37259K->22365K(94720K), 0.0019872 secs] [Times: user=0.01 sys=0.00, real=0.00 secs] 
2019-09-25T15:12:49.983-0530: 3.821: [GC (Allocation Failure) [PSYoungGen: 26056K->5352K(23040K)] 40797K->20093K(91648K), 0.0030589 secs] [Times: user=0.02 sys=0.00, real=0.00 secs] 
2019-09-25T15:12:50.078-0530: 3.917: [GC (Allocation Failure) [PSYoungGen: 20712K->5096K(24576K)] 35453K->20469K(93184K), 0.0031011 secs] [Times: user=0.02 sys=0.00, real=0.01 secs] 
2019-09-25T15:12:50.152-0530: 3.991: [GC (Allocation Failure) [PSYoungGen: 20456K->4488K(23552K)] 35829K->20653K(92160K), 0.0034394 secs] [Times: user=0.01 sys=0.00, real=0.00 secs] 
2019-09-25T15:12:50.214-0530: 4.052: [GC (Allocation Failure) [PSYoungGen: 19848K->3944K(24064K)] 36013K->20793K(92672K), 0.0029876 secs] [Times: user=0.01 sys=0.00, real=0.00 secs] 
2019-09-25T15:12:50.279-0530: 4.118: [GC (Allocation Failure) [PSYoungGen: 19304K->3552K(25088K)] 36153K->21057K(93696K), 0.0027334 secs] [Times: user=0.02 sys=0.00, real=0.01 secs] 
2019-09-25T15:12:50.372-0530: 4.210: [GC (Allocation Failure) [PSYoungGen: 20448K->1408K(25088K)] 37953K->21057K(93696K), 0.0041238 secs] [Times: user=0.02 sys=0.00, real=0.00 secs] 
2019-09-25T15:12:50.493-0530: 4.332: [GC (Allocation Failure) [PSYoungGen: 18304K->1440K(25600K)] 37953K->21281K(94208K), 0.0025900 secs] [Times: user=0.01 sys=0.00, real=0.00 secs] 
2019-09-25T15:12:50.587-0530: 4.426: [GC (Allocation Failure) [PSYoungGen: 18848K->1152K(25600K)] 38689K->21505K(94208K), 0.0025082 secs] [Times: user=0.01 sys=0.00, real=0.01 secs] 
2019-09-25T15:12:50.646-0530: 4.485: [GC (Allocation Failure) [PSYoungGen: 18560K->1440K(24576K)] 38913K->21969K(93184K), 0.0028039 secs] [Times: user=0.01 sys=0.00, real=0.00 secs] 
2019-09-25T15:12:50.737-0530: 4.575: [GC (Allocation Failure) [PSYoungGen: 18848K->1536K(25088K)] 39377K->22313K(93696K), 0.0026676 secs] [Times: user=0.02 sys=0.00, real=0.01 secs] 
2019-09-25T15:12:50.842-0530: 4.681: [GC (Allocation Failure) [PSYoungGen: 18944K->1856K(25088K)] 39721K->22825K(93696K), 0.0026307 secs] [Times: user=0.01 sys=0.00, real=0.00 secs] 
2019-09-25T15:12:50.973-0530: 4.812: [GC (Allocation Failure) [PSYoungGen: 20288K->2336K(25600K)] 41257K->23313K(94208K), 0.0029528 secs] [Times: user=0.02 sys=0.01, real=0.00 secs] 
2019-09-25T15:12:51.084-0530: 4.923: [GC (Allocation Failure) [PSYoungGen: 20768K->2960K(25600K)] 41745K->23937K(94208K), 0.0028628 secs] [Times: user=0.01 sys=0.00, real=0.00 secs] 
2019-09-25T15:12:51.172-0530: 5.011: [GC (Allocation Failure) [PSYoungGen: 22416K->3488K(26112K)] 43393K->24473K(94720K), 0.0033426 secs] [Times: user=0.03 sys=0.00, real=0.00 secs] 
2019-09-25T15:12:51.249-0530: 5.087: [GC (Allocation Failure) [PSYoungGen: 22944K->3936K(27136K)] 43929K->24929K(95744K), 0.0030039 secs] [Times: user=0.02 sys=0.00, real=0.01 secs] 
2019-09-25T15:12:51.318-0530: 5.156: [GC (Metadata GC Threshold) [PSYoungGen: 17856K->4256K(27136K)] 38849K->25257K(95744K), 0.0037229 secs] [Times: user=0.02 sys=0.00, real=0.01 secs] 
2019-09-25T15:12:51.322-0530: 5.160: [Full GC (Metadata GC Threshold) [PSYoungGen: 4256K->0K(27136K)] [ParOldGen: 21001K->20513K(68608K)] 25257K->20513K(95744K), [Metaspace: 56622K->56622K(1099776K)], 0.1651712 secs] [Times: user=1.10 sys=0.02, real=0.16 secs] 
2019-09-25T15:12:51.602-0530: 5.441: [GC (Allocation Failure) [PSYoungGen: 20480K->1248K(27136K)] 40993K->21761K(95744K), 0.0024413 secs] [Times: user=0.02 sys=0.00, real=0.00 secs] 
2019-09-25T15:13:50.781-0530: 64.621: [GC (Allocation Failure) [PSYoungGen: 21728K->6656K(27136K)] 42241K->33716K(95744K), 0.0069561 secs] [Times: user=0.01 sys=0.01, real=0.00 secs] 
2019-09-25T15:13:51.154-0530: 64.994: [GC (Allocation Failure) [PSYoungGen: 27136K->6656K(17920K)] 54196K->41706K(86528K), 0.0079535 secs] [Times: user=0.02 sys=0.01, real=0.01 secs] 
2019-09-25T15:13:51.212-0530: 65.052: [GC (Allocation Failure) [PSYoungGen: 17920K->11249K(22528K)] 52970K->47781K(91136K), 0.0070750 secs] [Times: user=0.02 sys=0.00, real=0.00 secs] 
2019-09-25T15:13:51.259-0530: 65.100: [GC (Allocation Failure) [PSYoungGen: 22513K->11249K(22528K)] 59045K->54066K(91136K), 0.0085073 secs] [Times: user=0.03 sys=0.01, real=0.01 secs] 
2019-09-25T15:13:51.322-0530: 65.163: [GC (Allocation Failure) [PSYoungGen: 22513K->11249K(22528K)] 65330K->58763K(91136K), 0.0137875 secs] [Times: user=0.04 sys=0.00, real=0.01 secs] 
2019-09-25T15:13:51.439-0530: 65.280: [GC (Allocation Failure) [PSYoungGen: 22513K->11233K(22528K)] 70027K->65042K(91136K), 0.0118341 secs] [Times: user=0.03 sys=0.01, real=0.02 secs] 
2019-09-25T15:13:51.508-0530: 65.349: [GC (Allocation Failure) [PSYoungGen: 22497K->11250K(22528K)] 76306K->68933K(91136K), 0.0097744 secs] [Times: user=0.04 sys=0.01, real=0.01 secs] 
2019-09-25T15:13:51.602-0530: 65.442: [GC (Allocation Failure) [PSYoungGen: 22514K->11249K(22528K)] 80197K->71723K(91136K), 0.0121942 secs] [Times: user=0.04 sys=0.01, real=0.01 secs] 
2019-09-25T15:13:51.703-0530: 65.543: [GC (Allocation Failure) [PSYoungGen: 22513K->10880K(22528K)] 82987K->75079K(91136K), 0.0099347 secs] [Times: user=0.03 sys=0.00, real=0.01 secs] 
2019-09-25T15:13:51.713-0530: 65.553: [Full GC (Ergonomics) [PSYoungGen: 10880K->0K(22528K)] [ParOldGen: 64198K->68507K(68608K)] 75079K->68507K(91136K), [Metaspace: 60257K->59808K(1103872K)], 0.2268396 secs] [Times: user=0.45 sys=0.01, real=0.23 secs] 
2019-09-25T15:13:51.996-0530: 65.837: [Full GC (Ergonomics) [PSYoungGen: 11264K->2522K(22528K)] [ParOldGen: 68507K->68407K(68608K)] 79771K->70929K(91136K), [Metaspace: 60047K->59869K(1103872K)], 0.2100134 secs] [Times: user=0.66 sys=0.02, real=0.21 secs] 
2019-09-25T15:13:52.369-0530: 66.209: [Full GC (Ergonomics) [PSYoungGen: 11264K->2029K(22528K)] [ParOldGen: 68407K->68290K(68608K)] 79671K->70319K(91136K), [Metaspace: 60076K->60054K(1103872K)], 0.1883130 secs] [Times: user=0.81 sys=0.02, real=0.19 secs] 
2019-09-25T15:13:52.613-0530: 66.453: [Full GC (Ergonomics) [PSYoungGen: 11264K->3396K(22528K)] [ParOldGen: 68290K->68502K(68608K)] 79554K->71899K(91136K), [Metaspace: 60108K->60108K(1103872K)], 0.1194085 secs] [Times: user=0.33 sys=0.00, real=0.12 secs] 
2019-09-25T15:13:52.774-0530: 66.614: [Full GC (Ergonomics) [PSYoungGen: 11264K->5285K(22528K)] [ParOldGen: 68502K->68499K(68608K)] 79766K->73785K(91136K), [Metaspace: 60109K->60109K(1103872K)], 0.1029320 secs] [Times: user=0.21 sys=0.00, real=0.10 secs] 
2019-09-25T15:13:52.910-0530: 66.750: [Full GC (Ergonomics) [PSYoungGen: 11264K->5394K(22528K)] [ParOldGen: 68499K->68496K(68608K)] 79763K->73891K(91136K), [Metaspace: 60112K->60112K(1103872K)], 0.0903922 secs] [Times: user=0.22 sys=0.01, real=0.09 secs] 
2019-09-25T15:13:53.041-0530: 66.882: [Full GC (Ergonomics) [PSYoungGen: 11264K->6528K(22528K)] [ParOldGen: 68496K->68291K(68608K)] 79760K->74819K(91136K), [Metaspace: 60112K->60112K(1103872K)], 0.1602067 secs] [Times: user=0.47 sys=0.03, real=0.16 secs] 
2019-09-25T15:13:53.232-0530: 67.072: [Full GC (Ergonomics) [PSYoungGen: 11264K->8647K(22528K)] [ParOldGen: 68291K->68289K(68608K)] 79555K->76937K(91136K), [Metaspace: 60122K->60122K(1103872K)], 0.2805305 secs] [Times: user=0.48 sys=0.02, real=0.28 secs] 
2019-09-25T15:13:53.531-0530: 67.371: [Full GC (Ergonomics) [PSYoungGen: 11264K->8702K(22528K)] [ParOldGen: 68289K->68218K(68608K)] 79553K->76920K(91136K), [Metaspace: 60122K->60122K(1103872K)], 0.0882340 secs] [Times: user=0.39 sys=0.01, real=0.08 secs] 
2019-09-25T15:13:53.633-0530: 67.473: [Full GC (Ergonomics) [PSYoungGen: 11264K->8884K(22528K)] [ParOldGen: 68218K->68096K(68608K)] 79482K->76981K(91136K), [Metaspace: 60124K->60124K(1103872K)], 0.0996112 secs] [Times: user=0.42 sys=0.01, real=0.10 secs] 
2019-09-25T15:13:53.747-0530: 67.587: [Full GC (Ergonomics) [PSYoungGen: 11264K->8414K(22528K)] [ParOldGen: 68096K->68498K(68608K)] 79360K->76912K(91136K), [Metaspace: 60124K->60124K(1103872K)], 0.1007336 secs] [Times: user=0.47 sys=0.01, real=0.10 secs] 
2019-09-25T15:13:53.860-0530: 67.701: [Full GC (Ergonomics) [PSYoungGen: 11264K->9301K(22528K)] [ParOldGen: 68498K->68421K(68608K)] 79762K->77722K(91136K), [Metaspace: 60124K->60124K(1103872K)], 0.0958929 secs] [Times: user=0.40 sys=0.01, real=0.09 secs] 
2019-09-25T15:13:53.978-0530: 67.819: [Full GC (Ergonomics) [PSYoungGen: 11264K->9339K(22528K)] [ParOldGen: 68421K->68349K(68608K)] 79685K->77688K(91136K), [Metaspace: 60124K->60124K(1103872K)], 0.1731718 secs] [Times: user=0.36 sys=0.01, real=0.18 secs] 
2019-09-25T15:13:54.172-0530: 68.012: [Full GC (Ergonomics) [PSYoungGen: 11264K->9284K(22528K)] [ParOldGen: 68349K->68323K(68608K)] 79613K->77608K(91136K), [Metaspace: 60124K->60124K(1103872K)], 0.1026163 secs] [Times: user=0.32 sys=0.01, real=0.10 secs] 
2019-09-25T15:13:54.286-0530: 68.126: [Full GC (Ergonomics) [PSYoungGen: 11264K->10212K(22528K)] [ParOldGen: 68323K->68321K(68608K)] 79587K->78534K(91136K), [Metaspace: 60124K->60124K(1103872K)], 0.1470808 secs] [Times: user=0.28 sys=0.01, real=0.15 secs] 
2019-09-25T15:13:54.447-0530: 68.288: [Full GC (Ergonomics) [PSYoungGen: 11264K->10209K(22528K)] [ParOldGen: 68321K->68320K(68608K)] 79585K->78530K(91136K), [Metaspace: 60124K->60124K(1103872K)], 0.0807129 secs] [Times: user=0.26 sys=0.00, real=0.08 secs] 
2019-09-25T15:13:54.535-0530: 68.375: [Full GC (Ergonomics) [PSYoungGen: 11264K->10385K(22528K)] [ParOldGen: 68320K->68320K(68608K)] 79584K->78705K(91136K), [Metaspace: 60129K->60129K(1103872K)], 0.0817843 secs] [Times: user=0.20 sys=0.01, real=0.08 secs] 
2019-09-25T15:13:54.632-0530: 68.472: [Full GC (Ergonomics) [PSYoungGen: 11264K->10230K(22528K)] [ParOldGen: 68320K->68318K(68608K)] 79584K->78548K(91136K), [Metaspace: 60142K->60142K(1103872K)], 0.1813563 secs] [Times: user=0.58 sys=0.02, real=0.18 secs] 
2019-09-25T15:13:54.822-0530: 68.663: [Full GC (Ergonomics) [PSYoungGen: 11264K->10222K(22528K)] [ParOldGen: 68318K->68316K(68608K)] 79582K->78538K(91136K), [Metaspace: 60142K->60142K(1103872K)], 0.0768887 secs] [Times: user=0.27 sys=0.00, real=0.07 secs] 
2019-09-25T15:13:54.910-0530: 68.751: [Full GC (Ergonomics) [PSYoungGen: 11264K->10237K(22528K)] [ParOldGen: 68316K->68314K(68608K)] 79580K->78552K(91136K), [Metaspace: 60164K->60164K(1103872K)], 0.0657453 secs] [Times: user=0.26 sys=0.00, real=0.06 secs] 
2019-09-25T15:13:54.985-0530: 68.826: [Full GC (Ergonomics) [PSYoungGen: 11264K->10232K(22528K)] [ParOldGen: 68314K->68313K(68608K)] 79578K->78545K(91136K), [Metaspace: 60165K->60165K(1103872K)], 0.0642297 secs] [Times: user=0.22 sys=0.01, real=0.07 secs] 
2019-09-25T15:13:55.057-0530: 68.897: [Full GC (Ergonomics) [PSYoungGen: 11264K->10210K(22528K)] [ParOldGen: 68313K->68304K(68608K)] 79577K->78515K(91136K), [Metaspace: 60165K->60165K(1103872K)], 0.0786986 secs] [Times: user=0.36 sys=0.00, real=0.08 secs] 
2019-09-25T15:13:55.143-0530: 68.983: [Full GC (Ergonomics) [PSYoungGen: 11264K->10185K(22528K)] [ParOldGen: 68304K->68303K(68608K)] 79568K->78489K(91136K), [Metaspace: 60165K->60165K(1103872K)], 0.0709911 secs] [Times: user=0.26 sys=0.01, real=0.07 secs] 
2019-09-25T15:13:55.222-0530: 69.063: [Full GC (Ergonomics) [PSYoungGen: 11264K->10236K(22528K)] [ParOldGen: 68303K->68302K(68608K)] 79567K->78539K(91136K), [Metaspace: 60165K->60165K(1103872K)], 0.0600204 secs] [Times: user=0.20 sys=0.00, real=0.06 secs] 
2019-09-25T15:13:55.291-0530: 69.131: [Full GC (Ergonomics) [PSYoungGen: 11264K->10293K(22528K)] [ParOldGen: 68302K->68301K(68608K)] 79566K->78595K(91136K), [Metaspace: 60169K->60169K(1103872K)], 0.0607183 secs] [Times: user=0.19 sys=0.00, real=0.06 secs] 
2019-09-25T15:13:55.360-0530: 69.200: [Full GC (Ergonomics) [PSYoungGen: 11264K->10258K(22528K)] [ParOldGen: 68301K->68300K(68608K)] 79565K->78559K(91136K), [Metaspace: 60169K->60169K(1103872K)], 0.0599541 secs] [Times: user=0.19 sys=0.00, real=0.06 secs] 
2019-09-25T15:13:55.427-0530: 69.268: [Full GC (Ergonomics) [PSYoungGen: 11264K->10253K(22528K)] [ParOldGen: 68300K->68299K(68608K)] 79564K->78553K(91136K), [Metaspace: 60169K->60169K(1103872K)], 0.0565451 secs] [Times: user=0.21 sys=0.00, real=0.06 secs] 
2019-09-25T15:13:55.492-0530: 69.333: [Full GC (Ergonomics) [PSYoungGen: 11264K->10269K(22528K)] [ParOldGen: 68299K->68298K(68608K)] 79563K->78568K(91136K), [Metaspace: 60184K->60184K(1103872K)], 0.0964783 secs] [Times: user=0.45 sys=0.01, real=0.09 secs] 
2019-09-25T15:13:55.599-0530: 69.439: [Full GC (Ergonomics) [PSYoungGen: 11264K->10196K(22528K)] [ParOldGen: 68298K->68297K(68608K)] 79562K->78494K(91136K), [Metaspace: 60185K->60185K(1103872K)], 0.0672937 secs] [Times: user=0.22 sys=0.01, real=0.07 secs] 
2019-09-25T15:13:55.680-0530: 69.520: [Full GC (Ergonomics) [PSYoungGen: 11264K->10109K(22528K)] [ParOldGen: 68297K->68296K(68608K)] 79561K->78406K(91136K), [Metaspace: 60185K->60185K(1103872K)], 0.0716134 secs] [Times: user=0.24 sys=0.00, real=0.07 secs] 
2019-09-25T15:13:55.766-0530: 69.606: [Full GC (Ergonomics) [PSYoungGen: 11264K->9882K(22528K)] [ParOldGen: 68296K->68295K(68608K)] 79560K->78177K(91136K), [Metaspace: 60199K->60199K(1103872K)], 0.0756513 secs] [Times: user=0.25 sys=0.00, real=0.08 secs] 
2019-09-25T15:13:55.851-0530: 69.691: [Full GC (Ergonomics) [PSYoungGen: 11264K->9740K(22528K)] [ParOldGen: 68295K->68293K(68608K)] 79559K->78034K(91136K), [Metaspace: 60199K->60199K(1103872K)], 0.0775314 secs] [Times: user=0.27 sys=0.01, real=0.07 secs] 
2019-09-25T15:13:55.934-0530: 69.774: [Full GC (Ergonomics) [PSYoungGen: 11264K->10795K(22528K)] [ParOldGen: 68293K->68287K(68608K)] 79557K->79082K(91136K), [Metaspace: 60199K->60199K(1103872K)], 0.0841944 secs] [Times: user=0.33 sys=0.00, real=0.08 secs] 
2019-09-25T15:13:56.024-0530: 69.864: [Full GC (Ergonomics) [PSYoungGen: 11264K->10652K(22528K)] [ParOldGen: 68287K->68259K(68608K)] 79551K->78912K(91136K), [Metaspace: 60199K->60199K(1103872K)], 0.1066703 secs] [Times: user=0.48 sys=0.01, real=0.11 secs] 
2019-09-25T15:13:56.137-0530: 69.978: [Full GC (Ergonomics) [PSYoungGen: 11264K->10575K(22528K)] [ParOldGen: 68259K->68257K(68608K)] 79523K->78833K(91136K), [Metaspace: 60199K->60199K(1103872K)], 0.0730380 secs] [Times: user=0.32 sys=0.00, real=0.08 secs] 
2019-09-25T15:13:56.218-0530: 70.058: [Full GC (Ergonomics) [PSYoungGen: 11264K->10535K(22528K)] [ParOldGen: 68257K->68244K(68608K)] 79521K->78779K(91136K), [Metaspace: 60205K->60205K(1103872K)], 0.0825538 secs] [Times: user=0.41 sys=0.01, real=0.09 secs] 
2019-09-25T15:13:56.310-0530: 70.150: [Full GC (Ergonomics) [PSYoungGen: 11264K->10455K(22528K)] [ParOldGen: 68244K->68225K(68608K)] 79508K->78680K(91136K), [Metaspace: 60219K->60219K(1105920K)], 0.0821408 secs] [Times: user=0.41 sys=0.01, real=0.08 secs] 
2019-09-25T15:13:56.402-0530: 70.242: [Full GC (Ergonomics) [PSYoungGen: 11264K->10427K(22528K)] [ParOldGen: 68225K->68197K(68608K)] 79489K->78625K(91136K), [Metaspace: 60224K->60224K(1105920K)], 0.1048161 secs] [Times: user=0.39 sys=0.01, real=0.10 secs] 
2019-09-25T15:13:56.513-0530: 70.354: [Full GC (Ergonomics) [PSYoungGen: 11264K->10332K(22528K)] [ParOldGen: 68197K->68195K(68608K)] 79461K->78527K(91136K), [Metaspace: 60224K->60224K(1105920K)], 0.0851912 secs] [Times: user=0.25 sys=0.00, real=0.08 secs] 
2019-09-25T15:13:56.611-0530: 70.452: [Full GC (Ergonomics) [PSYoungGen: 11264K->10182K(22528K)] [ParOldGen: 68195K->68193K(68608K)] 79459K->78375K(91136K), [Metaspace: 60229K->60229K(1105920K)], 0.0768185 secs] [Times: user=0.27 sys=0.00, real=0.07 secs] 
2019-09-25T15:13:56.697-0530: 70.537: [Full GC (Ergonomics) [PSYoungGen: 11264K->10104K(22528K)] [ParOldGen: 68193K->68186K(68608K)] 79457K->78291K(91136K), [Metaspace: 60229K->60229K(1105920K)], 0.0814557 secs] [Times: user=0.29 sys=0.01, real=0.08 secs] 
2019-09-25T15:13:56.789-0530: 70.629: [Full GC (Ergonomics) [PSYoungGen: 11264K->10139K(22528K)] [ParOldGen: 68186K->68186K(68608K)] 79450K->78325K(91136K), [Metaspace: 60231K->60231K(1105920K)], 0.0663141 secs] [Times: user=0.23 sys=0.00, real=0.07 secs] 
2019-09-25T15:13:56.864-0530: 70.704: [Full GC (Ergonomics) [PSYoungGen: 11264K->10100K(22528K)] [ParOldGen: 68186K->68155K(68608K)] 79450K->78256K(91136K), [Metaspace: 60231K->60231K(1105920K)], 0.0839782 secs] [Times: user=0.36 sys=0.01, real=0.08 secs] 
2019-09-25T15:13:56.955-0530: 70.795: [Full GC (Ergonomics) [PSYoungGen: 11264K->10144K(22528K)] [ParOldGen: 68155K->68143K(68608K)] 79419K->78287K(91136K), [Metaspace: 60231K->60231K(1105920K)], 0.0799846 secs] [Times: user=0.34 sys=0.00, real=0.08 secs] 
2019-09-25T15:13:57.041-0530: 70.881: [Full GC (Ergonomics) [PSYoungGen: 11264K->10171K(22528K)] [ParOldGen: 68143K->68142K(68608K)] 79407K->78314K(91136K), [Metaspace: 60231K->60231K(1105920K)], 0.0578987 secs] [Times: user=0.19 sys=0.00, real=0.05 secs] 
2019-09-25T15:13:57.106-0530: 70.946: [Full GC (Ergonomics) [PSYoungGen: 11264K->10164K(22528K)] [ParOldGen: 68142K->68141K(68608K)] 79406K->78306K(91136K), [Metaspace: 60231K->60231K(1105920K)], 0.0662644 secs] [Times: user=0.26 sys=0.00, real=0.07 secs] 
2019-09-25T15:13:57.178-0530: 71.019: [Full GC (Ergonomics) [PSYoungGen: 11264K->10173K(22528K)] [ParOldGen: 68141K->68141K(68608K)] 79405K->78314K(91136K), [Metaspace: 60231K->60231K(1105920K)], 0.0585317 secs] [Times: user=0.19 sys=0.00, real=0.06 secs] 
2019-09-25T15:13:57.244-0530: 71.085: [Full GC (Ergonomics) [PSYoungGen: 11264K->10195K(22528K)] [ParOldGen: 68141K->68140K(68608K)] 79405K->78336K(91136K), [Metaspace: 60231K->60231K(1105920K)], 0.0532178 secs] [Times: user=0.16 sys=0.01, real=0.05 secs] 
2019-09-25T15:13:57.307-0530: 71.147: [Full GC (Ergonomics) [PSYoungGen: 11264K->10234K(22528K)] [ParOldGen: 68140K->68140K(68608K)] 79404K->78375K(91136K), [Metaspace: 60231K->60231K(1105920K)], 0.0584305 secs] [Times: user=0.18 sys=0.00, real=0.06 secs] 
2019-09-25T15:13:57.374-0530: 71.215: [Full GC (Ergonomics) [PSYoungGen: 11264K->10242K(22528K)] [ParOldGen: 68140K->68139K(68608K)] 79404K->78381K(91136K), [Metaspace: 60232K->60232K(1105920K)], 0.0607413 secs] [Times: user=0.21 sys=0.00, real=0.06 secs] 
2019-09-25T15:13:57.444-0530: 71.284: [Full GC (Ergonomics) [PSYoungGen: 11264K->10259K(22528K)] [ParOldGen: 68139K->68139K(68608K)] 79403K->78398K(91136K), [Metaspace: 60233K->60233K(1105920K)], 0.0591424 secs] [Times: user=0.22 sys=0.00, real=0.06 secs] 
2019-09-25T15:13:57.516-0530: 71.356: [Full GC (Ergonomics) [PSYoungGen: 11264K->10234K(22528K)] [ParOldGen: 68139K->68136K(68608K)] 79403K->78371K(91136K), [Metaspace: 60235K->60235K(1105920K)], 0.0838553 secs] [Times: user=0.37 sys=0.01, real=0.09 secs] 
2019-09-25T15:13:57.609-0530: 71.449: [Full GC (Ergonomics) [PSYoungGen: 11264K->10225K(22528K)] [ParOldGen: 68136K->68135K(68608K)] 79400K->78361K(91136K), [Metaspace: 60240K->60240K(1105920K)], 0.0608145 secs] [Times: user=0.23 sys=0.00, real=0.07 secs] 
2019-09-25T15:13:57.678-0530: 71.518: [Full GC (Ergonomics) [PSYoungGen: 11264K->10224K(22528K)] [ParOldGen: 68135K->68135K(68608K)] 79399K->78360K(91136K), [Metaspace: 60243K->60243K(1105920K)], 0.0648622 secs] [Times: user=0.24 sys=0.00, real=0.07 secs] 
2019-09-25T15:13:57.750-0530: 71.591: [Full GC (Ergonomics) [PSYoungGen: 11264K->10218K(22528K)] [ParOldGen: 68135K->68135K(68608K)] 79399K->78353K(91136K), [Metaspace: 60245K->60245K(1105920K)], 0.0624289 secs] [Times: user=0.24 sys=0.00, real=0.06 secs] 
2019-09-25T15:13:57.822-0530: 71.662: [Full GC (Ergonomics) [PSYoungGen: 11264K->10234K(22528K)] [ParOldGen: 68135K->68135K(68608K)] 79399K->78370K(91136K), [Metaspace: 60251K->60251K(1105920K)], 0.0622595 secs] [Times: user=0.22 sys=0.00, real=0.06 secs] 
2019-09-25T15:13:57.892-0530: 71.732: [Full GC (Ergonomics) [PSYoungGen: 11264K->10226K(22528K)] [ParOldGen: 68135K->68135K(68608K)] 79399K->78361K(91136K), [Metaspace: 60256K->60256K(1105920K)], 0.0718180 secs] [Times: user=0.27 sys=0.01, real=0.07 secs] 
2019-09-25T15:13:57.969-0530: 71.810: [Full GC (Ergonomics) [PSYoungGen: 11264K->10392K(22528K)] [ParOldGen: 68135K->68107K(68608K)] 79399K->78500K(91136K), [Metaspace: 60256K->60256K(1105920K)], 0.0955648 secs] [Times: user=0.42 sys=0.00, real=0.10 secs] 
2019-09-25T15:13:58.069-0530: 71.910: [Full GC (Ergonomics) [PSYoungGen: 11264K->10890K(22528K)] [ParOldGen: 68107K->68107K(68608K)] 79371K->78997K(91136K), [Metaspace: 60256K->60256K(1105920K)], 0.0638340 secs] [Times: user=0.24 sys=0.00, real=0.07 secs] 
2019-09-25T15:13:58.138-0530: 71.978: [Full GC (Ergonomics) [PSYoungGen: 11264K->10851K(22528K)] [ParOldGen: 68107K->68107K(68608K)] 79371K->78958K(91136K), [Metaspace: 60256K->60256K(1105920K)], 0.0635075 secs] [Times: user=0.25 sys=0.00, real=0.07 secs] 
2019-09-25T15:13:58.206-0530: 72.046: [Full GC (Ergonomics) [PSYoungGen: 11264K->10863K(22528K)] [ParOldGen: 68107K->68107K(68608K)] 79371K->78970K(91136K), [Metaspace: 60258K->60258K(1105920K)], 0.0679716 secs] [Times: user=0.26 sys=0.01, real=0.07 secs] 
2019-09-25T15:13:58.279-0530: 72.119: [Full GC (Ergonomics) [PSYoungGen: 11264K->10870K(22528K)] [ParOldGen: 68107K->68107K(68608K)] 79371K->78977K(91136K), [Metaspace: 60258K->60258K(1105920K)], 0.0656711 secs] [Times: user=0.24 sys=0.00, real=0.07 secs] 
2019-09-25T15:13:58.349-0530: 72.189: [Full GC (Ergonomics) [PSYoungGen: 11264K->10909K(22528K)] [ParOldGen: 68107K->68107K(68608K)] 79371K->79016K(91136K), [Metaspace: 60263K->60263K(1105920K)], 0.0653249 secs] [Times: user=0.24 sys=0.00, real=0.07 secs] 
2019-09-25T15:13:58.418-0530: 72.258: [Full GC (Ergonomics) [PSYoungGen: 11264K->10903K(22528K)] [ParOldGen: 68107K->68106K(68608K)] 79371K->79010K(91136K), [Metaspace: 60265K->60265K(1105920K)], 0.0653381 secs] [Times: user=0.26 sys=0.00, real=0.07 secs] 
2019-09-25T15:13:58.487-0530: 72.327: [Full GC (Ergonomics) [PSYoungGen: 11264K->10892K(22528K)] [ParOldGen: 68106K->68106K(68608K)] 79370K->78999K(91136K), [Metaspace: 60266K->60266K(1105920K)], 0.0670429 secs] [Times: user=0.25 sys=0.00, real=0.07 secs] 
2019-09-25T15:13:58.557-0530: 72.397: [Full GC (Ergonomics) [PSYoungGen: 11264K->10908K(22528K)] [ParOldGen: 68106K->68106K(68608K)] 79370K->79015K(91136K), [Metaspace: 60268K->60268K(1105920K)], 0.0678875 secs] [Times: user=0.25 sys=0.00, real=0.07 secs] 
2019-09-25T15:13:58.628-0530: 72.469: [Full GC (Ergonomics) [PSYoungGen: 11264K->10919K(22528K)] [ParOldGen: 68106K->68106K(68608K)] 79370K->79026K(91136K), [Metaspace: 60282K->60282K(1105920K)], 0.0785077 secs] [Times: user=0.33 sys=0.00, real=0.08 secs] 
2019-09-25T15:13:58.710-0530: 72.551: [Full GC (Ergonomics) [PSYoungGen: 11264K->10924K(22528K)] [ParOldGen: 68106K->68106K(68608K)] 79370K->79030K(91136K), [Metaspace: 60302K->60302K(1105920K)], 0.0656614 secs] [Times: user=0.25 sys=0.00, real=0.06 secs] 
2019-09-25T15:13:58.779-0530: 72.619: [Full GC (Ergonomics) [PSYoungGen: 11264K->10907K(22528K)] [ParOldGen: 68106K->68106K(68608K)] 79370K->79014K(91136K), [Metaspace: 60302K->60302K(1105920K)], 0.0661232 secs] [Times: user=0.24 sys=0.01, real=0.07 secs] 
2019-09-25T15:13:58.848-0530: 72.689: [Full GC (Ergonomics) [PSYoungGen: 11264K->10923K(22528K)] [ParOldGen: 68106K->68106K(68608K)] 79370K->79029K(91136K), [Metaspace: 60310K->60310K(1105920K)], 0.0843609 secs] [Times: user=0.41 sys=0.00, real=0.09 secs] 
2019-09-25T15:13:58.937-0530: 72.778: [Full GC (Ergonomics) [PSYoungGen: 11264K->10930K(22528K)] [ParOldGen: 68106K->68106K(68608K)] 79370K->79036K(91136K), [Metaspace: 60314K->60314K(1105920K)], 0.0636948 secs] [Times: user=0.23 sys=0.00, real=0.07 secs] 
2019-09-25T15:13:59.005-0530: 72.845: [Full GC (Ergonomics) [PSYoungGen: 11264K->10931K(22528K)] [ParOldGen: 68106K->68105K(68608K)] 79370K->79037K(91136K), [Metaspace: 60314K->60314K(1105920K)], 0.0664229 secs] [Times: user=0.24 sys=0.00, real=0.07 secs] 
2019-09-25T15:13:59.075-0530: 72.915: [Full GC (Ergonomics) [PSYoungGen: 11264K->10938K(22528K)] [ParOldGen: 68105K->68105K(68608K)] 79369K->79044K(91136K), [Metaspace: 60314K->60314K(1105920K)], 0.0636959 secs] [Times: user=0.23 sys=0.00, real=0.06 secs] 
2019-09-25T15:13:59.143-0530: 72.984: [Full GC (Ergonomics) [PSYoungGen: 11264K->10958K(22528K)] [ParOldGen: 68105K->68105K(68608K)] 79369K->79064K(91136K), [Metaspace: 60314K->60314K(1105920K)], 0.0644952 secs] [Times: user=0.24 sys=0.01, real=0.06 secs] 
2019-09-25T15:13:59.211-0530: 73.052: [Full GC (Ergonomics) [PSYoungGen: 11264K->10954K(22528K)] [ParOldGen: 68105K->68105K(68608K)] 79369K->79060K(91136K), [Metaspace: 60314K->60314K(1105920K)], 0.0618765 secs] [Times: user=0.21 sys=0.00, real=0.06 secs] 
2019-09-25T15:13:59.276-0530: 73.117: [Full GC (Ergonomics) [PSYoungGen: 11264K->10919K(22528K)] [ParOldGen: 68105K->68105K(68608K)] 79369K->79025K(91136K), [Metaspace: 60314K->60314K(1105920K)], 0.0608116 secs] [Times: user=0.22 sys=0.00, real=0.06 secs] 
2019-09-25T15:13:59.340-0530: 73.181: [Full GC (Ergonomics) [PSYoungGen: 11264K->10974K(22528K)] [ParOldGen: 68105K->68105K(68608K)] 79369K->79080K(91136K), [Metaspace: 60314K->60314K(1105920K)], 0.0819199 secs] [Times: user=0.35 sys=0.01, real=0.08 secs] 
2019-09-25T15:13:59.425-0530: 73.265: [Full GC (Ergonomics) [PSYoungGen: 11264K->11002K(22528K)] [ParOldGen: 68105K->68105K(68608K)] 79369K->79108K(91136K), [Metaspace: 60314K->60314K(1105920K)], 0.0692932 secs] [Times: user=0.27 sys=0.00, real=0.07 secs] 
2019-09-25T15:13:59.497-0530: 73.338: [Full GC (Ergonomics) [PSYoungGen: 11264K->10970K(22528K)] [ParOldGen: 68105K->68105K(68608K)] 79369K->79076K(91136K), [Metaspace: 60314K->60314K(1105920K)], 0.0620028 secs] [Times: user=0.22 sys=0.00, real=0.07 secs] 
2019-09-25T15:13:59.562-0530: 73.403: [Full GC (Ergonomics) [PSYoungGen: 11264K->11002K(22528K)] [ParOldGen: 68105K->68105K(68608K)] 79369K->79108K(91136K), [Metaspace: 60315K->60315K(1105920K)], 0.0664026 secs] [Times: user=0.21 sys=0.00, real=0.06 secs] 
2019-09-25T15:13:59.631-0530: 73.472: [Full GC (Ergonomics) [PSYoungGen: 11264K->10987K(22528K)] [ParOldGen: 68105K->68105K(68608K)] 79369K->79092K(91136K), [Metaspace: 60315K->60315K(1105920K)], 0.0930352 secs] [Times: user=0.43 sys=0.00, real=0.09 secs] 
2019-09-25T15:13:59.728-0530: 73.569: [Full GC (Ergonomics) [PSYoungGen: 11264K->11008K(22528K)] [ParOldGen: 68105K->68105K(68608K)] 79369K->79113K(91136K), [Metaspace: 60315K->60315K(1105920K)], 0.0720194 secs] [Times: user=0.31 sys=0.01, real=0.08 secs] 
2019-09-25T15:13:59.803-0530: 73.644: [Full GC (Ergonomics) [PSYoungGen: 11264K->11000K(22528K)] [ParOldGen: 68105K->68105K(68608K)] 79369K->79105K(91136K), [Metaspace: 60315K->60315K(1105920K)], 0.0575742 secs] [Times: user=0.18 sys=0.00, real=0.06 secs] 
2019-09-25T15:13:59.864-0530: 73.704: [Full GC (Ergonomics) [PSYoungGen: 11264K->11015K(22528K)] [ParOldGen: 68105K->68105K(68608K)] 79369K->79121K(91136K), [Metaspace: 60315K->60315K(1105920K)], 0.0588495 secs] [Times: user=0.17 sys=0.00, real=0.06 secs] 
2019-09-25T15:13:59.926-0530: 73.766: [Full GC (Ergonomics) [PSYoungGen: 11264K->11048K(22528K)] [ParOldGen: 68105K->68105K(68608K)] 79369K->79153K(91136K), [Metaspace: 60319K->60319K(1105920K)], 0.0636055 secs] [Times: user=0.23 sys=0.00, real=0.07 secs] 
2019-09-25T15:13:59.993-0530: 73.833: [Full GC (Ergonomics) [PSYoungGen: 11264K->11022K(22528K)] [ParOldGen: 68105K->68105K(68608K)] 79369K->79127K(91136K), [Metaspace: 60319K->60319K(1105920K)], 0.0622994 secs] [Times: user=0.24 sys=0.01, real=0.06 secs] 
2019-09-25T15:14:00.058-0530: 73.899: [Full GC (Ergonomics) [PSYoungGen: 11264K->11013K(22528K)] [ParOldGen: 68105K->68105K(68608K)] 79369K->79118K(91136K), [Metaspace: 60319K->60319K(1105920K)], 0.0641760 secs] [Times: user=0.22 sys=0.00, real=0.07 secs] 
2019-09-25T15:14:00.125-0530: 73.965: [Full GC (Ergonomics) [PSYoungGen: 11264K->11005K(22528K)] [ParOldGen: 68105K->68105K(68608K)] 79369K->79110K(91136K), [Metaspace: 60320K->60320K(1105920K)], 0.0662506 secs] [Times: user=0.23 sys=0.00, real=0.07 secs] 
2019-09-25T15:14:00.194-0530: 74.035: [Full GC (Ergonomics) [PSYoungGen: 11264K->10984K(22528K)] [ParOldGen: 68105K->68105K(68608K)] 79369K->79089K(91136K), [Metaspace: 60320K->60320K(1105920K)], 0.0641429 secs] [Times: user=0.21 sys=0.01, real=0.06 secs] 
2019-09-25T15:14:00.262-0530: 74.103: [Full GC (Ergonomics) [PSYoungGen: 11264K->10987K(22528K)] [ParOldGen: 68105K->68105K(68608K)] 79369K->79092K(91136K), [Metaspace: 60321K->60321K(1105920K)], 0.0681713 secs] [Times: user=0.22 sys=0.00, real=0.07 secs] 
2019-09-25T15:14:00.335-0530: 74.175: [Full GC (Ergonomics) [PSYoungGen: 11264K->10956K(22528K)] [ParOldGen: 68105K->68105K(68608K)] 79369K->79061K(91136K), [Metaspace: 60321K->60321K(1105920K)], 0.0557868 secs] [Times: user=0.19 sys=0.00, real=0.06 secs] 
2019-09-25T15:14:00.394-0530: 74.234: [Full GC (Ergonomics) [PSYoungGen: 11264K->10989K(22528K)] [ParOldGen: 68105K->68105K(68608K)] 79369K->79094K(91136K), [Metaspace: 60321K->60321K(1105920K)], 0.0629298 secs] [Times: user=0.25 sys=0.00, real=0.06 secs] 
2019-09-25T15:14:00.461-0530: 74.301: [Full GC (Ergonomics) [PSYoungGen: 11264K->10983K(22528K)] [ParOldGen: 68105K->68105K(68608K)] 79369K->79088K(91136K), [Metaspace: 60321K->60321K(1105920K)], 0.0594798 secs] [Times: user=0.21 sys=0.00, real=0.06 secs] 
2019-09-25T15:14:00.524-0530: 74.365: [Full GC (Ergonomics) [PSYoungGen: 11264K->11001K(22528K)] [ParOldGen: 68105K->68105K(68608K)] 79369K->79106K(91136K), [Metaspace: 60322K->60322K(1105920K)], 0.0664493 secs] [Times: user=0.24 sys=0.00, real=0.07 secs] 
2019-09-25T15:14:00.593-0530: 74.433: [Full GC (Ergonomics) [PSYoungGen: 11264K->11182K(22528K)] [ParOldGen: 68105K->68103K(68608K)] 79369K->79285K(91136K), [Metaspace: 60322K->60322K(1105920K)], 0.0700625 secs] [Times: user=0.30 sys=0.00, real=0.07 secs] 
2019-09-25T15:14:00.664-0530: 74.505: [Full GC (Ergonomics) [PSYoungGen: 11264K->11238K(22528K)] [ParOldGen: 68103K->68103K(68608K)] 79367K->79342K(91136K), [Metaspace: 60322K->60322K(1105920K)], 0.0576133 secs] [Times: user=0.20 sys=0.01, real=0.06 secs] 
2019-09-25T15:14:00.723-0530: 74.564: [Full GC (Ergonomics) [PSYoungGen: 11264K->11250K(22528K)] [ParOldGen: 68103K->68103K(68608K)] 79367K->79353K(91136K), [Metaspace: 60322K->60322K(1105920K)], 0.0540295 secs] [Times: user=0.17 sys=0.00, real=0.05 secs] 
2019-09-25T15:14:00.779-0530: 74.619: [Full GC (Ergonomics) [PSYoungGen: 11264K->11258K(22528K)] [ParOldGen: 68103K->68103K(68608K)] 79367K->79361K(91136K), [Metaspace: 60322K->60322K(1105920K)], 0.0545298 secs] [Times: user=0.18 sys=0.00, real=0.06 secs] 
2019-09-25T15:14:00.836-0530: 74.676: [Full GC (Ergonomics) [PSYoungGen: 11264K->11260K(22528K)] [ParOldGen: 68129K->68129K(68608K)] 79393K->79389K(91136K), [Metaspace: 60322K->60322K(1105920K)], 0.0555488 secs] [Times: user=0.17 sys=0.01, real=0.06 secs] 
2019-09-25T15:14:00.892-0530: 74.733: [Full GC (Ergonomics) [PSYoungGen: 11264K->11260K(22528K)] [ParOldGen: 68129K->68129K(68608K)] 79393K->79389K(91136K), [Metaspace: 60322K->60322K(1105920K)], 0.0535997 secs] [Times: user=0.17 sys=0.00, real=0.05 secs] 
2019-09-25T15:14:00.947-0530: 74.788: [Full GC (Ergonomics) [PSYoungGen: 11264K->11262K(22528K)] [ParOldGen: 68129K->68129K(68608K)] 79393K->79391K(91136K), [Metaspace: 60322K->60322K(1105920K)], 0.0539242 secs] [Times: user=0.18 sys=0.00, real=0.06 secs] 
2019-09-25T15:14:01.003-0530: 74.843: [Full GC (Ergonomics) [PSYoungGen: 11264K->9135K(22528K)] [ParOldGen: 68129K->68490K(68608K)] 79393K->77626K(91136K), [Metaspace: 60322K->60299K(1105920K)], 0.1927787 secs] [Times: user=1.12 sys=0.01, real=0.19 secs] 
2019-09-25T15:14:01.209-0530: 75.049: [Full GC (Ergonomics) [PSYoungGen: 11264K->9248K(22528K)] [ParOldGen: 68490K->68473K(68608K)] 79754K->77722K(91136K), [Metaspace: 60317K->60302K(1105920K)], 0.0782416 secs] [Times: user=0.26 sys=0.00, real=0.08 secs] 
2019-09-25T15:14:01.298-0530: 75.138: [Full GC (Ergonomics) [PSYoungGen: 11264K->9232K(22528K)] [ParOldGen: 68473K->68456K(68608K)] 79737K->77689K(91136K), [Metaspace: 60306K->60302K(1105920K)], 0.0705237 secs] [Times: user=0.26 sys=0.00, real=0.07 secs] 
2019-09-25T15:14:01.381-0530: 75.221: [Full GC (Ergonomics) [PSYoungGen: 11264K->9255K(22528K)] [ParOldGen: 68456K->68438K(68608K)] 79720K->77694K(91136K), [Metaspace: 60313K->60309K(1105920K)], 0.0854781 secs] [Times: user=0.35 sys=0.01, real=0.08 secs] 
2019-09-25T15:14:01.478-0530: 75.319: [Full GC (Ergonomics) [PSYoungGen: 11264K->9450K(22528K)] [ParOldGen: 68438K->68436K(68608K)] 79702K->77886K(91136K), [Metaspace: 60331K->60316K(1105920K)], 0.1233817 secs] [Times: user=0.63 sys=0.00, real=0.13 secs] 
2019-09-25T15:14:01.611-0530: 75.452: [Full GC (Ergonomics) [PSYoungGen: 11264K->9372K(22528K)] [ParOldGen: 68436K->68427K(68608K)] 79700K->77799K(91136K), [Metaspace: 60352K->60352K(1105920K)], 0.0736876 secs] [Times: user=0.31 sys=0.00, real=0.07 secs] 
2019-09-25T15:14:01.694-0530: 75.535: [Full GC (Ergonomics) [PSYoungGen: 11264K->9503K(22528K)] [ParOldGen: 68427K->68422K(68608K)] 79691K->77926K(91136K), [Metaspace: 60421K->60421K(1105920K)], 0.0838248 secs] [Times: user=0.35 sys=0.00, real=0.08 secs] 
2019-09-25T15:14:01.786-0530: 75.627: [Full GC (Ergonomics) [PSYoungGen: 11263K->9494K(22528K)] [ParOldGen: 68422K->68421K(68608K)] 79686K->77916K(91136K), [Metaspace: 60436K->60417K(1105920K)], 0.1119701 secs] [Times: user=0.53 sys=0.01, real=0.11 secs] 
2019-09-25T15:14:01.912-0530: 75.752: [Full GC (Ergonomics) [PSYoungGen: 11264K->9466K(22528K)] [ParOldGen: 68421K->68413K(68608K)] 79685K->77880K(91136K), [Metaspace: 60434K->60389K(1105920K)], 0.0696187 secs] [Times: user=0.24 sys=0.01, real=0.07 secs] 
2019-09-25T15:14:01.994-0530: 75.835: [Full GC (Ergonomics) [PSYoungGen: 11264K->10007K(22528K)] [ParOldGen: 68413K->68390K(68608K)] 79677K->78397K(91136K), [Metaspace: 60392K->60392K(1105920K)], 0.0939286 secs] [Times: user=0.43 sys=0.00, real=0.09 secs] 
2019-09-25T15:14:02.094-0530: 75.934: [Full GC (Ergonomics) [PSYoungGen: 11264K->10936K(22528K)] [ParOldGen: 68390K->68388K(68608K)] 79654K->79325K(91136K), [Metaspace: 60396K->60396K(1105920K)], 0.0782059 secs] [Times: user=0.33 sys=0.00, real=0.08 secs] 
2019-09-25T15:14:02.174-0530: 76.015: [Full GC (Ergonomics) [PSYoungGen: 11264K->11188K(22528K)] [ParOldGen: 68388K->68388K(68608K)] 79652K->79576K(91136K), [Metaspace: 60396K->60396K(1105920K)], 0.0565559 secs] [Times: user=0.17 sys=0.00, real=0.06 secs] 
2019-09-25T15:14:02.236-0530: 76.076: [Full GC (Ergonomics) [PSYoungGen: 11264K->11205K(22528K)] [ParOldGen: 68388K->68383K(68608K)] 79652K->79588K(91136K), [Metaspace: 60396K->60396K(1105920K)], 0.1191077 secs] [Times: user=0.58 sys=0.01, real=0.12 secs] 
2019-09-25T15:14:02.357-0530: 76.198: [Full GC (Ergonomics) [PSYoungGen: 11264K->11187K(22528K)] [ParOldGen: 68383K->68374K(68608K)] 79647K->79562K(91136K), [Metaspace: 60396K->60396K(1105920K)], 0.0603986 secs] [Times: user=0.20 sys=0.00, real=0.06 secs] 
2019-09-25T15:14:02.419-0530: 76.260: [Full GC (Ergonomics) [PSYoungGen: 11264K->11202K(22528K)] [ParOldGen: 68374K->68374K(68608K)] 79638K->79577K(91136K), [Metaspace: 60396K->60396K(1105920K)], 0.0657235 secs] [Times: user=0.20 sys=0.01, real=0.07 secs] 
2019-09-25T15:14:02.487-0530: 76.328: [Full GC (Ergonomics) [PSYoungGen: 11264K->11235K(22528K)] [ParOldGen: 68374K->68374K(68608K)] 79638K->79609K(91136K), [Metaspace: 60396K->60396K(1105920K)], 0.0656623 secs] [Times: user=0.23 sys=0.00, real=0.07 secs] 
2019-09-25T15:14:02.554-0530: 76.395: [Full GC (Ergonomics) [PSYoungGen: 11264K->11243K(22528K)] [ParOldGen: 68374K->68373K(68608K)] 79638K->79617K(91136K), [Metaspace: 60396K->60396K(1105920K)], 0.0668051 secs] [Times: user=0.25 sys=0.00, real=0.07 secs] 
2019-09-25T15:14:02.622-0530: 76.463: [Full GC (Ergonomics) [PSYoungGen: 11264K->11259K(22528K)] [ParOldGen: 68373K->68373K(68608K)] 79637K->79632K(91136K), [Metaspace: 60396K->60396K(1105920K)], 0.0623235 secs] [Times: user=0.24 sys=0.00, real=0.06 secs] 
2019-09-25T15:14:02.686-0530: 76.527: [Full GC (Ergonomics) [PSYoungGen: 11264K->11261K(22528K)] [ParOldGen: 68373K->68373K(68608K)] 79637K->79634K(91136K), [Metaspace: 60396K->60396K(1105920K)], 0.0588677 secs] [Times: user=0.20 sys=0.00, real=0.06 secs] 
2019-09-25T15:14:02.746-0530: 76.587: [Full GC (Ergonomics) [PSYoungGen: 11264K->11262K(22528K)] [ParOldGen: 68373K->68373K(68608K)] 79637K->79636K(91136K), [Metaspace: 60396K->60396K(1105920K)], 0.0644601 secs] [Times: user=0.22 sys=0.00, real=0.07 secs] 
2019-09-25T15:14:02.812-0530: 76.653: [Full GC (Ergonomics) [PSYoungGen: 11264K->11263K(22528K)] [ParOldGen: 68373K->68373K(68608K)] 79637K->79636K(91136K), [Metaspace: 60396K->60396K(1105920K)], 0.0534253 secs] [Times: user=0.17 sys=0.00, real=0.05 secs] 
2019-09-25T15:14:02.867-0530: 76.707: [Full GC (Ergonomics) [PSYoungGen: 11264K->11262K(22528K)] [ParOldGen: 68373K->68373K(68608K)] 79637K->79636K(91136K), [Metaspace: 60396K->60396K(1105920K)], 0.0532293 secs] [Times: user=0.17 sys=0.00, real=0.06 secs] 
2019-09-25T15:14:02.921-0530: 76.762: [Full GC (Ergonomics) [PSYoungGen: 11264K->11263K(22528K)] [ParOldGen: 68373K->68373K(68608K)] 79637K->79636K(91136K), [Metaspace: 60396K->60396K(1105920K)], 0.0517079 secs] [Times: user=0.18 sys=0.01, real=0.05 secs] 
2019-09-25T15:14:02.974-0530: 76.815: [Full GC (Ergonomics) [PSYoungGen: 11264K->11262K(22528K)] [ParOldGen: 68399K->68399K(68608K)] 79663K->79662K(91136K), [Metaspace: 60396K->60396K(1105920K)], 0.0544422 secs] [Times: user=0.17 sys=0.00, real=0.05 secs] 
2019-09-25T15:14:03.031-0530: 76.871: [Full GC (Ergonomics) [PSYoungGen: 11264K->11263K(22528K)] [ParOldGen: 68399K->68399K(68608K)] 79663K->79662K(91136K), [Metaspace: 60396K->60396K(1105920K)], 0.0556236 secs] [Times: user=0.17 sys=0.00, real=0.05 secs] 
2019-09-25T15:14:03.088-0530: 76.928: [Full GC (Ergonomics) [PSYoungGen: 11264K->11263K(22528K)] [ParOldGen: 68399K->68398K(68608K)] 79663K->79662K(91136K), [Metaspace: 60396K->60396K(1105920K)], 0.0629922 secs] [Times: user=0.25 sys=0.00, real=0.07 secs] 
2019-09-25T15:14:03.152-0530: 76.993: [Full GC (Ergonomics) [PSYoungGen: 11264K->11263K(22528K)] [ParOldGen: 68410K->68408K(68608K)] 79674K->79672K(91136K), [Metaspace: 60396K->60396K(1105920K)], 0.0571431 secs] [Times: user=0.19 sys=0.01, real=0.05 secs] 
2019-09-25T15:14:03.211-0530: 77.051: [Full GC (Ergonomics) [PSYoungGen: 11264K->11263K(22528K)] [ParOldGen: 68408K->68408K(68608K)] 79672K->79672K(91136K), [Metaspace: 60396K->60396K(1105920K)], 0.0533425 secs] [Times: user=0.17 sys=0.00, real=0.05 secs] 
2019-09-25T15:14:03.265-0530: 77.106: [Full GC (Ergonomics) [PSYoungGen: 11264K->11263K(22528K)] [ParOldGen: 68408K->68408K(68608K)] 79672K->79672K(91136K), [Metaspace: 60396K->60396K(1105920K)], 0.0551679 secs] [Times: user=0.18 sys=0.00, real=0.06 secs] 
2019-09-25T15:14:03.321-0530: 77.162: [Full GC (Ergonomics) [PSYoungGen: 11264K->11263K(22528K)] [ParOldGen: 68408K->68408K(68608K)] 79672K->79672K(91136K), [Metaspace: 60396K->60396K(1105920K)], 0.0575388 secs] [Times: user=0.15 sys=0.00, real=0.05 secs] 
2019-09-25T15:14:03.380-0530: 77.221: [Full GC (Ergonomics) [PSYoungGen: 11264K->11263K(22528K)] [ParOldGen: 68408K->68408K(68608K)] 79672K->79672K(91136K), [Metaspace: 60396K->60396K(1105920K)], 0.0565785 secs] [Times: user=0.17 sys=0.01, real=0.05 secs] 
2019-09-25T15:14:03.438-0530: 77.279: [Full GC (Ergonomics) [PSYoungGen: 11264K->11263K(22528K)] [ParOldGen: 68408K->68408K(68608K)] 79672K->79672K(91136K), [Metaspace: 60396K->60396K(1105920K)], 0.0601236 secs] [Times: user=0.19 sys=0.00, real=0.06 secs] 
2019-09-25T15:14:03.500-0530: 77.340: [Full GC (Ergonomics) [PSYoungGen: 11264K->11263K(22528K)] [ParOldGen: 68408K->68408K(68608K)] 79672K->79672K(91136K), [Metaspace: 60396K->60396K(1105920K)], 0.0524636 secs] [Times: user=0.17 sys=0.00, real=0.05 secs] 
2019-09-25T15:14:03.553-0530: 77.394: [Full GC (Ergonomics) [PSYoungGen: 11263K->11263K(22528K)] [ParOldGen: 68408K->68408K(68608K)] 79672K->79672K(91136K), [Metaspace: 60396K->60396K(1105920K)], 0.0563212 secs] [Times: user=0.16 sys=0.00, real=0.06 secs] 
2019-09-25T15:14:03.611-0530: 77.451: [Full GC (Ergonomics) [PSYoungGen: 11264K->11263K(22528K)] [ParOldGen: 68408K->68408K(68608K)] 79672K->79672K(91136K), [Metaspace: 60396K->60396K(1105920K)], 0.0535358 secs] [Times: user=0.17 sys=0.01, real=0.05 secs] 
2019-09-25T15:14:03.666-0530: 77.506: [Full GC (Ergonomics) [PSYoungGen: 11264K->11263K(22528K)] [ParOldGen: 68419K->68418K(68608K)] 79683K->79681K(91136K), [Metaspace: 60396K->60396K(1105920K)], 0.0518412 secs] [Times: user=0.17 sys=0.00, real=0.05 secs] 
2019-09-25T15:14:03.720-0530: 77.561: [Full GC (Ergonomics) [PSYoungGen: 11263K->11263K(22528K)] [ParOldGen: 68418K->68418K(68608K)] 79682K->79681K(91136K), [Metaspace: 60396K->60396K(1105920K)], 0.0498929 secs] [Times: user=0.18 sys=0.00, real=0.05 secs] 
2019-09-25T15:14:03.771-0530: 77.612: [Full GC (Ergonomics) [PSYoungGen: 11264K->11263K(22528K)] [ParOldGen: 68418K->68418K(68608K)] 79682K->79681K(91136K), [Metaspace: 60396K->60396K(1105920K)], 0.0536635 secs] [Times: user=0.17 sys=0.01, real=0.05 secs] 
2019-09-25T15:14:03.826-0530: 77.667: [Full GC (Ergonomics) [PSYoungGen: 11264K->11263K(22528K)] [ParOldGen: 68418K->68418K(68608K)] 79682K->79682K(91136K), [Metaspace: 60396K->60396K(1105920K)], 0.0530321 secs] [Times: user=0.17 sys=0.00, real=0.05 secs] 
2019-09-25T15:14:03.881-0530: 77.721: [Full GC (Ergonomics) [PSYoungGen: 11263K->11263K(22528K)] [ParOldGen: 68418K->68418K(68608K)] 79682K->79682K(91136K), [Metaspace: 60396K->60396K(1105920K)], 0.0574411 secs] [Times: user=0.18 sys=0.00, real=0.05 secs] 
2019-09-25T15:14:03.939-0530: 77.780: [Full GC (Ergonomics) [PSYoungGen: 11264K->11262K(22528K)] [ParOldGen: 68421K->68418K(68608K)] 79685K->79681K(91136K), [Metaspace: 60396K->60396K(1105920K)], 0.0569344 secs] [Times: user=0.19 sys=0.00, real=0.06 secs] 
2019-09-25T15:14:03.998-0530: 77.838: [Full GC (Ergonomics) [PSYoungGen: 11264K->11262K(22528K)] [ParOldGen: 68418K->68418K(68608K)] 79682K->79681K(91136K), [Metaspace: 60396K->60396K(1105920K)], 0.0534716 secs] [Times: user=0.17 sys=0.00, real=0.06 secs] 
2019-09-25T15:14:04.052-0530: 77.893: [Full GC (Ergonomics) [PSYoungGen: 11264K->11261K(22528K)] [ParOldGen: 68418K->68418K(68608K)] 79682K->79679K(91136K), [Metaspace: 60396K->60396K(1105920K)], 0.0523327 secs] [Times: user=0.18 sys=0.01, real=0.05 secs] 
2019-09-25T15:14:04.106-0530: 77.947: [Full GC (Ergonomics) [PSYoungGen: 11264K->11263K(22528K)] [ParOldGen: 68418K->68418K(68608K)] 79682K->79682K(91136K), [Metaspace: 60396K->60396K(1105920K)], 0.0506558 secs] [Times: user=0.17 sys=0.00, real=0.05 secs] 
2019-09-25T15:14:04.158-0530: 77.999: [Full GC (Ergonomics) [PSYoungGen: 11264K->11263K(22528K)] [ParOldGen: 68418K->68418K(68608K)] 79682K->79682K(91136K), [Metaspace: 60396K->60396K(1105920K)], 0.0541854 secs] [Times: user=0.18 sys=0.00, real=0.06 secs] 
2019-09-25T15:14:04.214-0530: 78.055: [Full GC (Ergonomics) [PSYoungGen: 11264K->11263K(22528K)] [ParOldGen: 68418K->68418K(68608K)] 79682K->79682K(91136K), [Metaspace: 60396K->60396K(1105920K)], 0.0506975 secs] [Times: user=0.17 sys=0.00, real=0.05 secs] 
2019-09-25T15:14:04.266-0530: 78.107: [Full GC (Ergonomics) [PSYoungGen: 11264K->11263K(22528K)] [ParOldGen: 68421K->68420K(68608K)] 79685K->79683K(91136K), [Metaspace: 60396K->60396K(1105920K)], 0.1058768 secs] [Times: user=0.59 sys=0.01, real=0.11 secs] 
2019-09-25T15:14:04.373-0530: 78.214: [Full GC (Ergonomics) [PSYoungGen: 11264K->11263K(22528K)] [ParOldGen: 68420K->68420K(68608K)] 79684K->79683K(91136K), [Metaspace: 60396K->60396K(1105920K)], 0.0568573 secs] [Times: user=0.18 sys=0.00, real=0.06 secs] 
2019-09-25T15:14:04.431-0530: 78.272: [Full GC (Ergonomics) [PSYoungGen: 11264K->11262K(22528K)] [ParOldGen: 68422K->68421K(68608K)] 79686K->79683K(91136K), [Metaspace: 60396K->60396K(1105920K)], 0.0615308 secs] [Times: user=0.22 sys=0.00, real=0.06 secs] 
2019-09-25T15:14:04.494-0530: 78.335: [Full GC (Ergonomics) [PSYoungGen: 11264K->11262K(22528K)] [ParOldGen: 68421K->68421K(68608K)] 79685K->79684K(91136K), [Metaspace: 60396K->60396K(1105920K)], 0.0590015 secs] [Times: user=0.18 sys=0.00, real=0.06 secs] 
2019-09-25T15:14:04.555-0530: 78.396: [Full GC (Ergonomics) [PSYoungGen: 11264K->11262K(22528K)] [ParOldGen: 68421K->68421K(68608K)] 79685K->79684K(91136K), [Metaspace: 60396K->60396K(1105920K)], 0.0546350 secs] [Times: user=0.18 sys=0.01, real=0.06 secs] 
2019-09-25T15:14:04.611-0530: 78.451: [Full GC (Ergonomics) [PSYoungGen: 11264K->11261K(22528K)] [ParOldGen: 68421K->68421K(68608K)] 79685K->79682K(91136K), [Metaspace: 60396K->60396K(1105920K)], 0.0543712 secs] [Times: user=0.17 sys=0.00, real=0.05 secs] 
2019-09-25T15:14:04.666-0530: 78.507: [Full GC (Ergonomics) [PSYoungGen: 11264K->11261K(22528K)] [ParOldGen: 68421K->68421K(68608K)] 79685K->79683K(91136K), [Metaspace: 60396K->60396K(1105920K)], 0.0542691 secs] [Times: user=0.17 sys=0.00, real=0.06 secs] 
2019-09-25T15:14:04.722-0530: 78.563: [Full GC (Ergonomics) [PSYoungGen: 11264K->11262K(22528K)] [ParOldGen: 68421K->68421K(68608K)] 79685K->79683K(91136K), [Metaspace: 60396K->60396K(1105920K)], 0.0530479 secs] [Times: user=0.17 sys=0.00, real=0.05 secs] 
2019-09-25T15:14:04.776-0530: 78.617: [Full GC (Ergonomics) [PSYoungGen: 11264K->11262K(22528K)] [ParOldGen: 68421K->68420K(68608K)] 79685K->79683K(91136K), [Metaspace: 60396K->60396K(1105920K)], 0.0556471 secs] [Times: user=0.18 sys=0.01, real=0.06 secs] 
2019-09-25T15:14:04.834-0530: 78.674: [Full GC (Ergonomics) [PSYoungGen: 11264K->11260K(22528K)] [ParOldGen: 68420K->68412K(68608K)] 79684K->79672K(91136K), [Metaspace: 60396K->60396K(1105920K)], 0.0577853 secs] [Times: user=0.18 sys=0.00, real=0.06 secs] 
2019-09-25T15:14:04.893-0530: 78.733: [Full GC (Ergonomics) [PSYoungGen: 11264K->11260K(22528K)] [ParOldGen: 68412K->68412K(68608K)] 79676K->79672K(91136K), [Metaspace: 60396K->60396K(1105920K)], 0.0944613 secs] [Times: user=0.47 sys=0.00, real=0.09 secs] 
2019-09-25T15:14:04.989-0530: 78.829: [Full GC (Ergonomics) [PSYoungGen: 11264K->11254K(22528K)] [ParOldGen: 68412K->68412K(68608K)] 79676K->79666K(91136K), [Metaspace: 60396K->60396K(1105920K)], 0.0937558 secs] [Times: user=0.24 sys=0.01, real=0.10 secs] 
2019-09-25T15:14:05.084-0530: 78.925: [Full GC (Ergonomics) [PSYoungGen: 11264K->11256K(22528K)] [ParOldGen: 68412K->68412K(68608K)] 79676K->79668K(91136K), [Metaspace: 60396K->60396K(1105920K)], 0.0560477 secs] [Times: user=0.19 sys=0.00, real=0.06 secs] 
2019-09-25T15:14:05.141-0530: 78.982: [Full GC (Ergonomics) [PSYoungGen: 11264K->11257K(22528K)] [ParOldGen: 68412K->68412K(68608K)] 79676K->79669K(91136K), [Metaspace: 60396K->60396K(1105920K)], 0.0510494 secs] [Times: user=0.18 sys=0.00, real=0.05 secs] 
2019-09-25T15:14:05.194-0530: 79.034: [Full GC (Ergonomics) [PSYoungGen: 11264K->11257K(22528K)] [ParOldGen: 68412K->68412K(68608K)] 79676K->79669K(91136K), [Metaspace: 60396K->60396K(1105920K)], 0.0487035 secs] [Times: user=0.16 sys=0.01, real=0.05 secs] 
2019-09-25T15:14:05.244-0530: 79.084: [Full GC (Ergonomics) [PSYoungGen: 11263K->11257K(22528K)] [ParOldGen: 68412K->68412K(68608K)] 79675K->79669K(91136K), [Metaspace: 60396K->60396K(1105920K)], 0.0494286 secs] [Times: user=0.16 sys=0.00, real=0.05 secs] 
2019-09-25T15:14:05.294-0530: 79.135: [Full GC (Ergonomics) [PSYoungGen: 11264K->11257K(22528K)] [ParOldGen: 68412K->68411K(68608K)] 79676K->79669K(91136K), [Metaspace: 60396K->60396K(1105920K)], 0.0649133 secs] [Times: user=0.25 sys=0.00, real=0.06 secs] 
2019-09-25T15:14:05.361-0530: 79.201: [Full GC (Ergonomics) [PSYoungGen: 11264K->11258K(22528K)] [ParOldGen: 68411K->68411K(68608K)] 79675K->79670K(91136K), [Metaspace: 60396K->60396K(1105920K)], 0.0616000 secs] [Times: user=0.19 sys=0.00, real=0.06 secs] 
2019-09-25T15:14:05.423-0530: 79.264: [Full GC (Ergonomics) [PSYoungGen: 11264K->11258K(22528K)] [ParOldGen: 68411K->68411K(68608K)] 79675K->79670K(91136K), [Metaspace: 60396K->60396K(1105920K)], 0.0569735 secs] [Times: user=0.19 sys=0.00, real=0.06 secs] 
2019-09-25T15:14:05.482-0530: 79.323: [Full GC (Ergonomics) [PSYoungGen: 11264K->11259K(22528K)] [ParOldGen: 68411K->68411K(68608K)] 79675K->79671K(91136K), [Metaspace: 60396K->60396K(1105920K)], 0.0553197 secs] [Times: user=0.19 sys=0.00, real=0.05 secs] 
2019-09-25T15:14:05.539-0530: 79.379: [Full GC (Ergonomics) [PSYoungGen: 11264K->11259K(22528K)] [ParOldGen: 68411K->68411K(68608K)] 79675K->79670K(91136K), [Metaspace: 60396K->60396K(1105920K)], 0.0543926 secs] [Times: user=0.17 sys=0.00, real=0.06 secs] 
2019-09-25T15:14:05.595-0530: 79.435: [Full GC (Ergonomics) [PSYoungGen: 11264K->11259K(22528K)] [ParOldGen: 68411K->68411K(68608K)] 79675K->79671K(91136K), [Metaspace: 60396K->60396K(1105920K)], 0.0558908 secs] [Times: user=0.18 sys=0.00, real=0.06 secs] 
2019-09-25T15:14:05.652-0530: 79.493: [Full GC (Ergonomics) [PSYoungGen: 11264K->11259K(22528K)] [ParOldGen: 68411K->68411K(68608K)] 79675K->79671K(91136K), [Metaspace: 60396K->60396K(1105920K)], 0.0550371 secs] [Times: user=0.19 sys=0.01, real=0.05 secs] 
2019-09-25T15:14:05.708-0530: 79.549: [Full GC (Ergonomics) [PSYoungGen: 11261K->11259K(22528K)] [ParOldGen: 68411K->68411K(68608K)] 79673K->79671K(91136K), [Metaspace: 60396K->60396K(1105920K)], 0.0535960 secs] [Times: user=0.18 sys=0.00, real=0.06 secs] 
2019-09-25T15:14:05.763-0530: 79.604: [Full GC (Ergonomics) [PSYoungGen: 11264K->11259K(22528K)] [ParOldGen: 68429K->68428K(68608K)] 79693K->79687K(91136K), [Metaspace: 60396K->60396K(1105920K)], 0.0573394 secs] [Times: user=0.18 sys=0.00, real=0.06 secs] 
2019-09-25T15:14:05.822-0530: 79.663: [Full GC (Ergonomics) [PSYoungGen: 11263K->11260K(22528K)] [ParOldGen: 68428K->68427K(68608K)] 79691K->79688K(91136K), [Metaspace: 60396K->60396K(1105920K)], 0.0536663 secs] [Times: user=0.18 sys=0.00, real=0.05 secs] 
2019-09-25T15:14:05.877-0530: 79.717: [Full GC (Ergonomics) [PSYoungGen: 11264K->11259K(22528K)] [ParOldGen: 68438K->68437K(68608K)] 79702K->79696K(91136K), [Metaspace: 60396K->60396K(1105920K)], 0.0567908 secs] [Times: user=0.19 sys=0.00, real=0.06 secs] 
2019-09-25T15:14:05.935-0530: 79.775: [Full GC (Ergonomics) [PSYoungGen: 11264K->11259K(22528K)] [ParOldGen: 68437K->68437K(68608K)] 79701K->79697K(91136K), [Metaspace: 60396K->60396K(1105920K)], 0.0552270 secs] [Times: user=0.18 sys=0.01, real=0.06 secs] 
2019-09-25T15:14:05.991-0530: 79.832: [Full GC (Ergonomics) [PSYoungGen: 11264K->11260K(22528K)] [ParOldGen: 68437K->68437K(68608K)] 79701K->79697K(91136K), [Metaspace: 60396K->60396K(1105920K)], 0.0563370 secs] [Times: user=0.18 sys=0.00, real=0.05 secs] 
2019-09-25T15:14:06.049-0530: 79.889: [Full GC (Ergonomics) [PSYoungGen: 11264K->11260K(22528K)] [ParOldGen: 68437K->68437K(68608K)] 79701K->79697K(91136K), [Metaspace: 60396K->60396K(1105920K)], 0.0551922 secs] [Times: user=0.18 sys=0.00, real=0.06 secs] 
2019-09-25T15:14:06.105-0530: 79.946: [Full GC (Ergonomics) [PSYoungGen: 11264K->11261K(22528K)] [ParOldGen: 68437K->68437K(68608K)] 79701K->79699K(91136K), [Metaspace: 60396K->60396K(1105920K)], 0.0571593 secs] [Times: user=0.18 sys=0.00, real=0.06 secs] 
2019-09-25T15:14:06.164-0530: 80.005: [Full GC (Ergonomics) [PSYoungGen: 11264K->11260K(22528K)] [ParOldGen: 68437K->68428K(68608K)] 79701K->79689K(91136K), [Metaspace: 60396K->60396K(1105920K)], 0.0568073 secs] [Times: user=0.18 sys=0.01, real=0.06 secs] 
2019-09-25T15:14:06.222-0530: 80.063: [Full GC (Ergonomics) [PSYoungGen: 11264K->11261K(22528K)] [ParOldGen: 68428K->68428K(68608K)] 79692K->79690K(91136K), [Metaspace: 60396K->60396K(1105920K)], 0.0608477 secs] [Times: user=0.20 sys=0.00, real=0.06 secs] 
2019-09-25T15:14:06.285-0530: 80.125: [Full GC (Ergonomics) [PSYoungGen: 11264K->11262K(22528K)] [ParOldGen: 68428K->68428K(68608K)] 79692K->79690K(91136K), [Metaspace: 60396K->60396K(1105920K)], 0.0605781 secs] [Times: user=0.18 sys=0.00, real=0.06 secs] 
2019-09-25T15:14:06.347-0530: 80.187: [Full GC (Ergonomics) [PSYoungGen: 11264K->11262K(22528K)] [ParOldGen: 68428K->68428K(68608K)] 79692K->79691K(91136K), [Metaspace: 60396K->60396K(1105920K)], 0.0558916 secs] [Times: user=0.17 sys=0.00, real=0.06 secs] 
2019-09-25T15:14:06.404-0530: 80.244: [Full GC (Ergonomics) [PSYoungGen: 11264K->11262K(22528K)] [ParOldGen: 68428K->68428K(68608K)] 79692K->79691K(91136K), [Metaspace: 60397K->60397K(1105920K)], 0.0560335 secs] [Times: user=0.18 sys=0.01, real=0.06 secs] 
2019-09-25T15:14:06.461-0530: 80.302: [Full GC (Ergonomics) [PSYoungGen: 11264K->11258K(22528K)] [ParOldGen: 68428K->68428K(68608K)] 79692K->79687K(91136K), [Metaspace: 60397K->60390K(1105920K)], 0.0603842 secs] [Times: user=0.18 sys=0.00, real=0.06 secs] 
2019-09-25T15:14:06.523-0530: 80.364: [Full GC (Ergonomics) [PSYoungGen: 11264K->11259K(22528K)] [ParOldGen: 68428K->68428K(68608K)] 79692K->79688K(91136K), [Metaspace: 60390K->60390K(1105920K)], 0.0612438 secs] [Times: user=0.20 sys=0.00, real=0.06 secs] 
2019-09-25T15:14:06.585-0530: 80.426: [Full GC (Ergonomics) [PSYoungGen: 11264K->11260K(22528K)] [ParOldGen: 68428K->68428K(68608K)] 79692K->79689K(91136K), [Metaspace: 60390K->60390K(1105920K)], 0.0573886 secs] [Times: user=0.18 sys=0.00, real=0.06 secs] 
2019-09-25T15:14:06.644-0530: 80.485: [Full GC (Ergonomics) [PSYoungGen: 11264K->11261K(22528K)] [ParOldGen: 68428K->68428K(68608K)] 79692K->79690K(91136K), [Metaspace: 60390K->60390K(1105920K)], 0.0587878 secs] [Times: user=0.19 sys=0.01, real=0.06 secs] 
2019-09-25T15:14:06.704-0530: 80.545: [Full GC (Ergonomics) [PSYoungGen: 11264K->11261K(22528K)] [ParOldGen: 68428K->68428K(68608K)] 79692K->79690K(91136K), [Metaspace: 60390K->60390K(1105920K)], 0.0512727 secs] [Times: user=0.17 sys=0.00, real=0.05 secs] 
2019-09-25T15:14:06.757-0530: 80.597: [Full GC (Ergonomics) [PSYoungGen: 11264K->11261K(22528K)] [ParOldGen: 68428K->68428K(68608K)] 79692K->79690K(91136K), [Metaspace: 60390K->60390K(1105920K)], 0.0588959 secs] [Times: user=0.20 sys=0.00, real=0.06 secs] 
2019-09-25T15:14:06.817-0530: 80.658: [Full GC (Ergonomics) [PSYoungGen: 11264K->11262K(22528K)] [ParOldGen: 68439K->68438K(68608K)] 79703K->79701K(91136K), [Metaspace: 60390K->60390K(1105920K)], 0.0575947 secs] [Times: user=0.20 sys=0.00, real=0.06 secs] 
2019-09-25T15:14:06.876-0530: 80.717: [Full GC (Ergonomics) [PSYoungGen: 11264K->11263K(22528K)] [ParOldGen: 68438K->68438K(68608K)] 79702K->79701K(91136K), [Metaspace: 60390K->60390K(1105920K)], 0.0583692 secs] [Times: user=0.18 sys=0.00, real=0.06 secs] 
2019-09-25T15:14:06.936-0530: 80.777: [Full GC (Ergonomics) [PSYoungGen: 11264K->11263K(22528K)] [ParOldGen: 68438K->68438K(68608K)] 79702K->79702K(91136K), [Metaspace: 60390K->60390K(1105920K)], 0.0540599 secs] [Times: user=0.18 sys=0.00, real=0.06 secs] 
2019-09-25T15:14:06.991-0530: 80.832: [Full GC (Ergonomics) [PSYoungGen: 11264K->11263K(22528K)] [ParOldGen: 68438K->68438K(68608K)] 79702K->79702K(91136K), [Metaspace: 60390K->60390K(1105920K)], 0.0553770 secs] [Times: user=0.18 sys=0.00, real=0.05 secs] 
2019-09-25T15:14:07.048-0530: 80.889: [Full GC (Ergonomics) [PSYoungGen: 11264K->11263K(22528K)] [ParOldGen: 68438K->68438K(68608K)] 79702K->79702K(91136K), [Metaspace: 60390K->60390K(1105920K)], 0.0556946 secs] [Times: user=0.17 sys=0.00, real=0.06 secs] 
2019-09-25T15:14:07.105-0530: 80.946: [Full GC (Ergonomics) [PSYoungGen: 11263K->11263K(22528K)] [ParOldGen: 68438K->68438K(68608K)] 79702K->79702K(91136K), [Metaspace: 60390K->60390K(1105920K)], 0.0564730 secs] [Times: user=0.19 sys=0.01, real=0.06 secs] 
2019-09-25T15:14:07.163-0530: 81.004: [Full GC (Ergonomics) [PSYoungGen: 11263K->11263K(22528K)] [ParOldGen: 68438K->68438K(68608K)] 79702K->79702K(91136K), [Metaspace: 60390K->60390K(1105920K)], 0.0574430 secs] [Times: user=0.17 sys=0.00, real=0.06 secs] 
2019-09-25T15:14:07.222-0530: 81.063: [Full GC (Ergonomics) [PSYoungGen: 11264K->11263K(22528K)] [ParOldGen: 68438K->68438K(68608K)] 79702K->79702K(91136K), [Metaspace: 60390K->60390K(1105920K)], 0.0572424 secs] [Times: user=0.18 sys=0.00, real=0.05 secs] 
2019-09-25T15:14:07.281-0530: 81.121: [Full GC (Ergonomics) [PSYoungGen: 11264K->11263K(22528K)] [ParOldGen: 68438K->68438K(68608K)] 79702K->79702K(91136K), [Metaspace: 60390K->60390K(1105920K)], 0.0555446 secs] [Times: user=0.17 sys=0.00, real=0.05 secs] 
2019-09-25T15:14:07.337-0530: 81.178: [Full GC (Ergonomics) [PSYoungGen: 11263K->11263K(22528K)] [ParOldGen: 68438K->68438K(68608K)] 79702K->79702K(91136K), [Metaspace: 60390K->60390K(1105920K)], 0.0509144 secs] [Times: user=0.17 sys=0.00, real=0.05 secs] 
2019-09-25T15:14:07.390-0530: 81.230: [Full GC (Ergonomics) [PSYoungGen: 11264K->11263K(22528K)] [ParOldGen: 68440K->68440K(68608K)] 79704K->79703K(91136K), [Metaspace: 60390K->60390K(1105920K)], 0.0571666 secs] [Times: user=0.18 sys=0.01, real=0.05 secs] 
2019-09-25T15:14:07.448-0530: 81.289: [Full GC (Ergonomics) [PSYoungGen: 11264K->11263K(22528K)] [ParOldGen: 68440K->68440K(68608K)] 79704K->79704K(91136K), [Metaspace: 60390K->60390K(1105920K)], 0.0516182 secs] [Times: user=0.17 sys=0.00, real=0.06 secs] 
2019-09-25T15:14:07.501-0530: 81.342: [Full GC (Ergonomics) [PSYoungGen: 11263K->11263K(22528K)] [ParOldGen: 68440K->68440K(68608K)] 79704K->79704K(91136K), [Metaspace: 60390K->60390K(1105920K)], 0.0536517 secs] [Times: user=0.17 sys=0.00, real=0.05 secs] 
2019-09-25T15:14:07.556-0530: 81.397: [Full GC (Ergonomics) [PSYoungGen: 11264K->11262K(22528K)] [ParOldGen: 68442K->68441K(68608K)] 79706K->79704K(91136K), [Metaspace: 60390K->60390K(1105920K)], 0.0559734 secs] [Times: user=0.18 sys=0.00, real=0.06 secs] 
2019-09-25T15:14:07.613-0530: 81.454: [Full GC (Ergonomics) [PSYoungGen: 11264K->11262K(22528K)] [ParOldGen: 68441K->68441K(68608K)] 79705K->79704K(91136K), [Metaspace: 60390K->60390K(1105920K)], 0.0565667 secs] [Times: user=0.18 sys=0.01, real=0.06 secs] 
2019-09-25T15:14:07.671-0530: 81.512: [Full GC (Ergonomics) [PSYoungGen: 11264K->11263K(22528K)] [ParOldGen: 68441K->68441K(68608K)] 79705K->79705K(91136K), [Metaspace: 60390K->60390K(1105920K)], 0.0565117 secs] [Times: user=0.18 sys=0.00, real=0.05 secs] 
2019-09-25T15:14:07.729-0530: 81.570: [Full GC (Ergonomics) [PSYoungGen: 11264K->11263K(22528K)] [ParOldGen: 68441K->68441K(68608K)] 79705K->79705K(91136K), [Metaspace: 60390K->60390K(1105920K)], 0.0544592 secs] [Times: user=0.17 sys=0.00, real=0.06 secs] 
2019-09-25T15:14:07.785-0530: 81.625: [Full GC (Ergonomics) [PSYoungGen: 11264K->11263K(22528K)] [ParOldGen: 68441K->68441K(68608K)] 79705K->79704K(91136K), [Metaspace: 60390K->60390K(1105920K)], 0.0549428 secs] [Times: user=0.18 sys=0.00, real=0.06 secs] 
2019-09-25T15:14:07.841-0530: 81.682: [Full GC (Ergonomics) [PSYoungGen: 11264K->11263K(22528K)] [ParOldGen: 68441K->68440K(68608K)] 79705K->79703K(91136K), [Metaspace: 60390K->60390K(1105920K)], 0.0581998 secs] [Times: user=0.18 sys=0.00, real=0.05 secs] 
2019-09-25T15:14:07.900-0530: 81.741: [Full GC (Ergonomics) [PSYoungGen: 11264K->11263K(22528K)] [ParOldGen: 68440K->68440K(68608K)] 79704K->79703K(91136K), [Metaspace: 60390K->60390K(1105920K)], 0.0574724 secs] [Times: user=0.18 sys=0.00, real=0.05 secs] 
2019-09-25T15:14:07.960-0530: 81.801: [Full GC (Ergonomics) [PSYoungGen: 11264K->11263K(22528K)] [ParOldGen: 68440K->68440K(68608K)] 79704K->79703K(91136K), [Metaspace: 60390K->60390K(1105920K)], 0.0574917 secs] [Times: user=0.19 sys=0.00, real=0.05 secs] 
2019-09-25T15:14:08.019-0530: 81.860: [Full GC (Ergonomics) [PSYoungGen: 11264K->11263K(22528K)] [ParOldGen: 68440K->68440K(68608K)] 79704K->79703K(91136K), [Metaspace: 60390K->60390K(1105920K)], 0.0571492 secs] [Times: user=0.18 sys=0.00, real=0.06 secs] 
2019-09-25T15:14:08.077-0530: 81.918: [Full GC (Ergonomics) [PSYoungGen: 11264K->11263K(22528K)] [ParOldGen: 68440K->68440K(68608K)] 79704K->79703K(91136K), [Metaspace: 60390K->60390K(1105920K)], 0.0565920 secs] [Times: user=0.17 sys=0.00, real=0.06 secs] 
2019-09-25T15:14:08.136-0530: 81.976: [Full GC (Ergonomics) [PSYoungGen: 11264K->11263K(22528K)] [ParOldGen: 68440K->68440K(68608K)] 79704K->79703K(91136K), [Metaspace: 60390K->60390K(1105920K)], 0.0563403 secs] [Times: user=0.18 sys=0.01, real=0.06 secs] 
2019-09-25T15:14:08.193-0530: 82.034: [Full GC (Ergonomics) [PSYoungGen: 11264K->11263K(22528K)] [ParOldGen: 68440K->68440K(68608K)] 79704K->79704K(91136K), [Metaspace: 60390K->60390K(1105920K)], 0.0554279 secs] [Times: user=0.18 sys=0.00, real=0.05 secs] 
2019-09-25T15:14:08.250-0530: 82.091: [Full GC (Ergonomics) [PSYoungGen: 11264K->11263K(22528K)] [ParOldGen: 68440K->68440K(68608K)] 79704K->79704K(91136K), [Metaspace: 60390K->60390K(1105920K)], 0.0544412 secs] [Times: user=0.17 sys=0.00, real=0.05 secs] 
2019-09-25T15:14:08.306-0530: 82.146: [Full GC (Ergonomics) [PSYoungGen: 11263K->11263K(22528K)] [ParOldGen: 68440K->68440K(68608K)] 79704K->79704K(91136K), [Metaspace: 60390K->60390K(1105920K)], 0.0584156 secs] [Times: user=0.17 sys=0.00, real=0.06 secs] 
2019-09-25T15:14:08.366-0530: 82.206: [Full GC (Ergonomics) [PSYoungGen: 11263K->11263K(22528K)] [ParOldGen: 68440K->68440K(68608K)] 79704K->79704K(91136K), [Metaspace: 60390K->60390K(1105920K)], 0.0531002 secs] [Times: user=0.17 sys=0.01, real=0.05 secs] 
2019-09-25T15:14:08.420-0530: 82.261: [Full GC (Ergonomics) [PSYoungGen: 11264K->11260K(22528K)] [ParOldGen: 68444K->68444K(68608K)] 79708K->79704K(91136K), [Metaspace: 60391K->60391K(1105920K)], 0.0575242 secs] [Times: user=0.19 sys=0.00, real=0.05 secs] 
2019-09-25T15:14:08.479-0530: 82.319: [Full GC (Ergonomics) [PSYoungGen: 11264K->11260K(22528K)] [ParOldGen: 68444K->68444K(68608K)] 79708K->79704K(91136K), [Metaspace: 60391K->60391K(1105920K)], 0.0534515 secs] [Times: user=0.18 sys=0.00, real=0.06 secs] 
2019-09-25T15:14:08.534-0530: 82.374: [Full GC (Ergonomics) [PSYoungGen: 11264K->11261K(22528K)] [ParOldGen: 68444K->68444K(68608K)] 79708K->79705K(91136K), [Metaspace: 60392K->60392K(1105920K)], 0.0549290 secs] [Times: user=0.17 sys=0.00, real=0.05 secs] 
2019-09-25T15:14:08.590-0530: 82.430: [Full GC (Ergonomics) [PSYoungGen: 11264K->11256K(22528K)] [ParOldGen: 68444K->68443K(68608K)] 79708K->79700K(91136K), [Metaspace: 60393K->60385K(1105920K)], 0.0590328 secs] [Times: user=0.18 sys=0.00, real=0.05 secs] 
2019-09-25T15:14:08.650-0530: 82.491: [Full GC (Ergonomics) [PSYoungGen: 11264K->11226K(22528K)] [ParOldGen: 68443K->68443K(68608K)] 79707K->79670K(91136K), [Metaspace: 60386K->60379K(1105920K)], 0.0550786 secs] [Times: user=0.18 sys=0.00, real=0.05 secs] 
2019-09-25T15:14:08.707-0530: 82.548: [Full GC (Ergonomics) [PSYoungGen: 11264K->11225K(22528K)] [ParOldGen: 68443K->68441K(68608K)] 79707K->79666K(91136K), [Metaspace: 60380K->60373K(1105920K)], 0.0887366 secs] [Times: user=0.41 sys=0.00, real=0.09 secs] 
2019-09-25T15:14:08.798-0530: 82.638: [Full GC (Ergonomics) [PSYoungGen: 11264K->11232K(22528K)] [ParOldGen: 68441K->68441K(68608K)] 79705K->79673K(91136K), [Metaspace: 60375K->60364K(1105920K)], 0.0671580 secs] [Times: user=0.25 sys=0.01, real=0.07 secs] 
2019-09-25T15:14:08.867-0530: 82.707: [Full GC (Ergonomics) [PSYoungGen: 11264K->11246K(22528K)] [ParOldGen: 68441K->68441K(68608K)] 79705K->79687K(91136K), [Metaspace: 60365K->60361K(1105920K)], 0.0600502 secs] [Times: user=0.19 sys=0.00, real=0.06 secs] 
2019-09-25T15:14:08.928-0530: 82.769: [Full GC (Ergonomics) [PSYoungGen: 11264K->11262K(22528K)] [ParOldGen: 68441K->68441K(68608K)] 79705K->79703K(91136K), [Metaspace: 60361K->60361K(1105920K)], 0.0594312 secs] [Times: user=0.18 sys=0.00, real=0.06 secs] 
2019-09-25T15:14:08.989-0530: 82.830: [Full GC (Ergonomics) [PSYoungGen: 11264K->11262K(22528K)] [ParOldGen: 68441K->68441K(68608K)] 79705K->79703K(91136K), [Metaspace: 60362K->60362K(1105920K)], 0.0538634 secs] [Times: user=0.18 sys=0.00, real=0.06 secs] 
2019-09-25T15:14:09.044-0530: 82.885: [Full GC (Ergonomics) [PSYoungGen: 11264K->11256K(22528K)] [ParOldGen: 68441K->68441K(68608K)] 79705K->79697K(91136K), [Metaspace: 60362K->60358K(1105920K)], 0.0571687 secs] [Times: user=0.18 sys=0.01, real=0.06 secs] 
2019-09-25T15:14:09.102-0530: 82.943: [Full GC (Ergonomics) [PSYoungGen: 11264K->11256K(22528K)] [ParOldGen: 68441K->68441K(68608K)] 79705K->79697K(91136K), [Metaspace: 60359K->60359K(1105920K)], 0.0545503 secs] [Times: user=0.18 sys=0.00, real=0.05 secs] 
2019-09-25T15:14:09.158-0530: 82.999: [Full GC (Ergonomics) [PSYoungGen: 11264K->11258K(22528K)] [ParOldGen: 68459K->68458K(68608K)] 79723K->79716K(91136K), [Metaspace: 60359K->60359K(1105920K)], 0.0558990 secs] [Times: user=0.19 sys=0.00, real=0.06 secs] 
2019-09-25T15:14:09.216-0530: 83.056: [Full GC (Ergonomics) [PSYoungGen: 11264K->11255K(22528K)] [ParOldGen: 68458K->68458K(68608K)] 79722K->79714K(91136K), [Metaspace: 60359K->60355K(1105920K)], 0.0550144 secs] [Times: user=0.18 sys=0.00, real=0.06 secs] 
2019-09-25T15:14:09.272-0530: 83.113: [Full GC (Ergonomics) [PSYoungGen: 11264K->11254K(22528K)] [ParOldGen: 68458K->68458K(68608K)] 79722K->79713K(91136K), [Metaspace: 60356K->60352K(1105920K)], 0.0591053 secs] [Times: user=0.19 sys=0.01, real=0.06 secs] 
2019-09-25T15:14:09.332-0530: 83.173: [Full GC (Ergonomics) [PSYoungGen: 11264K->11250K(22528K)] [ParOldGen: 68458K->68458K(68608K)] 79722K->79708K(91136K), [Metaspace: 60353K->60350K(1105920K)], 0.0575097 secs] [Times: user=0.18 sys=0.00, real=0.06 secs] 
2019-09-25T15:14:09.391-0530: 83.232: [Full GC (Ergonomics) [PSYoungGen: 11264K->11257K(22528K)] [ParOldGen: 68458K->68458K(68608K)] 79722K->79715K(91136K), [Metaspace: 60353K->60353K(1105920K)], 0.0559318 secs] [Times: user=0.18 sys=0.00, real=0.05 secs] 
2019-09-25T15:14:09.449-0530: 83.289: [Full GC (Ergonomics) [PSYoungGen: 11264K->11254K(22528K)] [ParOldGen: 68468K->68467K(68608K)] 79732K->79722K(91136K), [Metaspace: 60354K->60346K(1105920K)], 0.0553743 secs] [Times: user=0.19 sys=0.00, real=0.06 secs] 
2019-09-25T15:14:09.505-0530: 83.346: [Full GC (Ergonomics) [PSYoungGen: 11264K->11256K(22528K)] [ParOldGen: 68467K->68466K(68608K)] 79731K->79722K(91136K), [Metaspace: 60347K->60343K(1105920K)], 0.0553761 secs] [Times: user=0.17 sys=0.01, real=0.06 secs] 
2019-09-25T15:14:09.562-0530: 83.403: [Full GC (Ergonomics) [PSYoungGen: 11264K->11257K(22528K)] [ParOldGen: 68466K->68466K(68608K)] 79730K->79723K(91136K), [Metaspace: 60343K->60343K(1105920K)], 0.0610796 secs] [Times: user=0.19 sys=0.00, real=0.06 secs] 
2019-09-25T15:14:09.625-0530: 83.465: [Full GC (Ergonomics) [PSYoungGen: 11263K->11257K(22528K)] [ParOldGen: 68466K->68466K(68608K)] 79730K->79724K(91136K), [Metaspace: 60343K->60343K(1105920K)], 0.0567926 secs] [Times: user=0.17 sys=0.00, real=0.06 secs] 
2019-09-25T15:14:09.683-0530: 83.524: [Full GC (Ergonomics) [PSYoungGen: 11264K->11253K(22528K)] [ParOldGen: 68466K->68466K(68608K)] 79730K->79719K(91136K), [Metaspace: 60343K->60339K(1105920K)], 0.0583615 secs] [Times: user=0.18 sys=0.00, real=0.06 secs] 
2019-09-25T15:14:09.743-0530: 83.583: [Full GC (Ergonomics) [PSYoungGen: 11264K->11255K(22528K)] [ParOldGen: 68466K->68466K(68608K)] 79730K->79721K(91136K), [Metaspace: 60339K->60339K(1105920K)], 0.0581138 secs] [Times: user=0.18 sys=0.01, real=0.06 secs] 
2019-09-25T15:14:09.802-0530: 83.643: [Full GC (Ergonomics) [PSYoungGen: 11264K->11256K(22528K)] [ParOldGen: 68466K->68466K(68608K)] 79730K->79722K(91136K), [Metaspace: 60339K->60339K(1105920K)], 0.0557462 secs] [Times: user=0.17 sys=0.00, real=0.05 secs] 
2019-09-25T15:14:09.859-0530: 83.700: [Full GC (Ergonomics) [PSYoungGen: 11264K->11257K(22528K)] [ParOldGen: 68466K->68466K(68608K)] 79730K->79724K(91136K), [Metaspace: 60339K->60339K(1105920K)], 0.0582083 secs] [Times: user=0.18 sys=0.00, real=0.06 secs] 
2019-09-25T15:14:09.919-0530: 83.759: [Full GC (Ergonomics) [PSYoungGen: 11264K->11255K(22528K)] [ParOldGen: 68466K->68466K(68608K)] 79730K->79721K(91136K), [Metaspace: 60339K->60332K(1105920K)], 0.0641814 secs] [Times: user=0.21 sys=0.00, real=0.07 secs] 
2019-09-25T15:14:09.985-0530: 83.826: [Full GC (Ergonomics) [PSYoungGen: 11264K->11252K(22528K)] [ParOldGen: 68466K->68466K(68608K)] 79730K->79718K(91136K), [Metaspace: 60332K->60332K(1105920K)], 0.0571239 secs] [Times: user=0.18 sys=0.01, real=0.06 secs] 
2019-09-25T15:14:10.043-0530: 83.884: [Full GC (Ergonomics) [PSYoungGen: 11264K->11254K(22528K)] [ParOldGen: 68466K->68466K(68608K)] 79730K->79720K(91136K), [Metaspace: 60332K->60332K(1105920K)], 0.0581985 secs] [Times: user=0.19 sys=0.00, real=0.06 secs] 
2019-09-25T15:14:10.103-0530: 83.944: [Full GC (Ergonomics) [PSYoungGen: 11264K->11257K(22528K)] [ParOldGen: 68466K->68466K(68608K)] 79730K->79723K(91136K), [Metaspace: 60332K->60332K(1105920K)], 0.0570248 secs] [Times: user=0.18 sys=0.00, real=0.06 secs] 
2019-09-25T15:14:10.161-0530: 84.002: [Full GC (Ergonomics) [PSYoungGen: 11264K->11252K(22528K)] [ParOldGen: 68466K->68466K(68608K)] 79730K->79718K(91136K), [Metaspace: 60333K->60333K(1105920K)], 0.0567610 secs] [Times: user=0.18 sys=0.00, real=0.05 secs] 
2019-09-25T15:14:10.219-0530: 84.060: [Full GC (Ergonomics) [PSYoungGen: 11264K->11251K(22528K)] [ParOldGen: 68466K->68465K(68608K)] 79730K->79716K(91136K), [Metaspace: 60333K->60329K(1105920K)], 0.0577709 secs] [Times: user=0.19 sys=0.01, real=0.06 secs] 
2019-09-25T15:14:10.278-0530: 84.119: [Full GC (Ergonomics) [PSYoungGen: 11264K->11252K(22528K)] [ParOldGen: 68465K->68465K(68608K)] 79729K->79717K(91136K), [Metaspace: 60330K->60326K(1105920K)], 0.0545200 secs] [Times: user=0.17 sys=0.00, real=0.06 secs] 
2019-09-25T15:14:10.334-0530: 84.175: [Full GC (Ergonomics) [PSYoungGen: 11264K->11255K(22528K)] [ParOldGen: 68465K->68465K(68608K)] 79729K->79720K(91136K), [Metaspace: 60326K->60326K(1105920K)], 0.0546517 secs] [Times: user=0.17 sys=0.00, real=0.05 secs] 
2019-09-25T15:14:10.390-0530: 84.231: [Full GC (Ergonomics) [PSYoungGen: 11264K->11257K(22528K)] [ParOldGen: 68465K->68465K(68608K)] 79729K->79722K(91136K), [Metaspace: 60329K->60329K(1105920K)], 0.0571770 secs] [Times: user=0.18 sys=0.00, real=0.05 secs] 
2019-09-25T15:14:10.449-0530: 84.290: [Full GC (Ergonomics) [PSYoungGen: 11264K->11258K(22528K)] [ParOldGen: 68465K->68465K(68608K)] 79729K->79723K(91136K), [Metaspace: 60329K->60329K(1105920K)], 0.0552604 secs] [Times: user=0.18 sys=0.01, real=0.06 secs] 
2019-09-25T15:14:10.505-0530: 84.346: [Full GC (Ergonomics) [PSYoungGen: 11264K->11257K(22528K)] [ParOldGen: 68465K->68465K(68608K)] 79729K->79722K(91136K), [Metaspace: 60329K->60329K(1105920K)], 0.0594947 secs] [Times: user=0.23 sys=0.00, real=0.06 secs] 
2019-09-25T15:14:10.566-0530: 84.407: [Full GC (Ergonomics) [PSYoungGen: 11264K->11257K(22528K)] [ParOldGen: 68465K->68465K(68608K)] 79729K->79723K(91136K), [Metaspace: 60329K->60329K(1105920K)], 0.0596564 secs] [Times: user=0.19 sys=0.00, real=0.06 secs] 
2019-09-25T15:14:10.627-0530: 84.468: [Full GC (Ergonomics) [PSYoungGen: 11264K->11258K(22528K)] [ParOldGen: 68465K->68465K(68608K)] 79729K->79723K(91136K), [Metaspace: 60329K->60329K(1105920K)], 0.0549882 secs] [Times: user=0.17 sys=0.00, real=0.06 secs] 
2019-09-25T15:14:10.684-0530: 84.524: [Full GC (Ergonomics) [PSYoungGen: 11264K->11258K(22528K)] [ParOldGen: 68465K->68465K(68608K)] 79729K->79723K(91136K), [Metaspace: 60329K->60329K(1105920K)], 0.0602219 secs] [Times: user=0.18 sys=0.01, real=0.06 secs] 
2019-09-25T15:14:10.745-0530: 84.586: [Full GC (Ergonomics) [PSYoungGen: 11264K->11259K(22528K)] [ParOldGen: 68465K->68465K(68608K)] 79729K->79724K(91136K), [Metaspace: 60329K->60329K(1105920K)], 0.0588688 secs] [Times: user=0.18 sys=0.00, real=0.06 secs] 
2019-09-25T15:14:10.805-0530: 84.646: [Full GC (Ergonomics) [PSYoungGen: 11264K->11260K(22528K)] [ParOldGen: 68465K->68465K(68608K)] 79729K->79725K(91136K), [Metaspace: 60329K->60329K(1105920K)], 0.0580451 secs] [Times: user=0.19 sys=0.00, real=0.06 secs] 
2019-09-25T15:14:10.865-0530: 84.706: [Full GC (Ergonomics) [PSYoungGen: 11264K->11260K(22528K)] [ParOldGen: 68465K->68465K(68608K)] 79729K->79725K(91136K), [Metaspace: 60329K->60329K(1105920K)], 0.0556867 secs] [Times: user=0.18 sys=0.00, real=0.06 secs] 
2019-09-25T15:14:10.922-0530: 84.763: [Full GC (Ergonomics) [PSYoungGen: 11264K->11261K(22528K)] [ParOldGen: 68465K->68465K(68608K)] 79729K->79726K(91136K), [Metaspace: 60329K->60329K(1105920K)], 0.0616979 secs] [Times: user=0.19 sys=0.01, real=0.06 secs] 
2019-09-25T15:14:10.985-0530: 84.826: [Full GC (Ergonomics) [PSYoungGen: 11264K->11256K(22528K)] [ParOldGen: 68465K->68465K(68608K)] 79729K->79721K(91136K), [Metaspace: 60329K->60329K(1105920K)], 0.0610755 secs] [Times: user=0.22 sys=0.00, real=0.06 secs] 
2019-09-25T15:14:11.048-0530: 84.888: [Full GC (Ergonomics) [PSYoungGen: 11264K->11257K(22528K)] [ParOldGen: 68465K->68465K(68608K)] 79729K->79722K(91136K), [Metaspace: 60329K->60329K(1105920K)], 0.0566775 secs] [Times: user=0.20 sys=0.00, real=0.06 secs] 
2019-09-25T15:14:11.105-0530: 84.946: [Full GC (Ergonomics) [PSYoungGen: 11264K->11258K(22528K)] [ParOldGen: 68465K->68464K(68608K)] 79729K->79723K(91136K), [Metaspace: 60329K->60329K(1105920K)], 0.0617155 secs] [Times: user=0.19 sys=0.00, real=0.06 secs] 
2019-09-25T15:14:11.169-0530: 85.009: [Full GC (Ergonomics) [PSYoungGen: 11264K->11261K(22528K)] [ParOldGen: 68464K->68464K(68608K)] 79728K->79726K(91136K), [Metaspace: 60329K->60329K(1105920K)], 0.0561789 secs] [Times: user=0.17 sys=0.01, real=0.06 secs] 
2019-09-25T15:14:11.226-0530: 85.067: [Full GC (Ergonomics) [PSYoungGen: 11264K->11262K(22528K)] [ParOldGen: 68464K->68464K(68608K)] 79728K->79727K(91136K), [Metaspace: 60329K->60329K(1105920K)], 0.0599567 secs] [Times: user=0.20 sys=0.00, real=0.06 secs] 
2019-09-25T15:14:11.288-0530: 85.128: [Full GC (Ergonomics) [PSYoungGen: 11264K->11262K(22528K)] [ParOldGen: 68464K->68464K(68608K)] 79728K->79727K(91136K), [Metaspace: 60329K->60329K(1105920K)], 0.0540364 secs] [Times: user=0.18 sys=0.00, real=0.06 secs] 
2019-09-25T15:14:11.343-0530: 85.184: [Full GC (Ergonomics) [PSYoungGen: 11264K->11262K(22528K)] [ParOldGen: 68464K->68464K(68608K)] 79728K->79727K(91136K), [Metaspace: 60329K->60329K(1105920K)], 0.0557937 secs] [Times: user=0.17 sys=0.00, real=0.05 secs] 
2019-09-25T15:14:11.400-0530: 85.241: [Full GC (Ergonomics) [PSYoungGen: 11264K->11261K(22528K)] [ParOldGen: 68464K->68464K(68608K)] 79728K->79726K(91136K), [Metaspace: 60329K->60329K(1105920K)], 0.0591523 secs] [Times: user=0.20 sys=0.01, real=0.06 secs] 
2019-09-25T15:14:11.461-0530: 85.302: [Full GC (Ergonomics) [PSYoungGen: 11264K->11261K(22528K)] [ParOldGen: 68464K->68464K(68608K)] 79728K->79726K(91136K), [Metaspace: 60329K->60329K(1105920K)], 0.0559628 secs] [Times: user=0.18 sys=0.00, real=0.05 secs] 
2019-09-25T15:14:11.518-0530: 85.359: [Full GC (Ergonomics) [PSYoungGen: 11264K->11263K(22528K)] [ParOldGen: 68464K->68464K(68608K)] 79728K->79728K(91136K), [Metaspace: 60329K->60329K(1105920K)], 0.0552422 secs] [Times: user=0.18 sys=0.00, real=0.06 secs] 
2019-09-25T15:14:11.575-0530: 85.415: [Full GC (Ergonomics) [PSYoungGen: 11264K->11263K(22528K)] [ParOldGen: 68464K->68464K(68608K)] 79728K->79728K(91136K), [Metaspace: 60329K->60329K(1105920K)], 0.0540481 secs] [Times: user=0.18 sys=0.00, real=0.05 secs] 
2019-09-25T15:14:11.630-0530: 85.471: [Full GC (Ergonomics) [PSYoungGen: 11264K->11263K(22528K)] [ParOldGen: 68464K->68464K(68608K)] 79728K->79728K(91136K), [Metaspace: 60329K->60329K(1105920K)], 0.0518671 secs] [Times: user=0.18 sys=0.00, real=0.05 secs] 
2019-09-25T15:14:11.683-0530: 85.524: [Full GC (Ergonomics) [PSYoungGen: 11263K->11262K(22528K)] [ParOldGen: 68464K->68464K(68608K)] 79728K->79727K(91136K), [Metaspace: 60329K->60329K(1105920K)], 0.0543084 secs] [Times: user=0.17 sys=0.01, real=0.05 secs] 
2019-09-25T15:14:11.739-0530: 85.579: [Full GC (Ergonomics) [PSYoungGen: 11264K->11262K(22528K)] [ParOldGen: 68464K->68464K(68608K)] 79728K->79727K(91136K), [Metaspace: 60329K->60329K(1105920K)], 0.0529722 secs] [Times: user=0.18 sys=0.00, real=0.06 secs] 
2019-09-25T15:14:11.793-0530: 85.634: [Full GC (Ergonomics) [PSYoungGen: 11264K->11254K(22528K)] [ParOldGen: 68464K->68464K(68608K)] 79728K->79719K(91136K), [Metaspace: 60329K->60329K(1105920K)], 0.0531155 secs] [Times: user=0.17 sys=0.00, real=0.05 secs] 
2019-09-25T15:14:11.847-0530: 85.688: [Full GC (Ergonomics) [PSYoungGen: 11264K->11254K(22528K)] [ParOldGen: 68464K->68464K(68608K)] 79728K->79719K(91136K), [Metaspace: 60329K->60329K(1105920K)], 0.0525517 secs] [Times: user=0.18 sys=0.00, real=0.06 secs] 
2019-09-25T15:14:11.901-0530: 85.742: [Full GC (Ergonomics) [PSYoungGen: 11264K->11254K(22528K)] [ParOldGen: 68464K->68464K(68608K)] 79728K->79719K(91136K), [Metaspace: 60329K->60329K(1105920K)], 0.0578400 secs] [Times: user=0.20 sys=0.01, real=0.05 secs] 
2019-09-25T15:14:11.961-0530: 85.801: [Full GC (Ergonomics) [PSYoungGen: 11264K->11257K(22528K)] [ParOldGen: 68464K->68464K(68608K)] 79728K->79722K(91136K), [Metaspace: 60329K->60329K(1105920K)], 0.0586902 secs] [Times: user=0.18 sys=0.00, real=0.05 secs] 
2019-09-25T15:14:12.021-0530: 85.862: [Full GC (Ergonomics) [PSYoungGen: 11264K->11258K(22528K)] [ParOldGen: 68464K->68464K(68608K)] 79728K->79722K(91136K), [Metaspace: 60329K->60329K(1105920K)], 0.0598160 secs] [Times: user=0.21 sys=0.00, real=0.06 secs] 
2019-09-25T15:14:12.082-0530: 85.923: [Full GC (Ergonomics) [PSYoungGen: 11264K->11258K(22528K)] [ParOldGen: 68464K->68464K(68608K)] 79728K->79723K(91136K), [Metaspace: 60329K->60329K(1105920K)], 0.0588396 secs] [Times: user=0.20 sys=0.00, real=0.06 secs] 
2019-09-25T15:14:12.142-0530: 85.983: [Full GC (Ergonomics) [PSYoungGen: 11262K->11258K(22528K)] [ParOldGen: 68464K->68464K(68608K)] 79727K->79723K(91136K), [Metaspace: 60329K->60329K(1105920K)], 0.0595900 secs] [Times: user=0.17 sys=0.01, real=0.06 secs] 
2019-09-25T15:14:12.203-0530: 86.044: [Full GC (Ergonomics) [PSYoungGen: 11264K->11258K(22528K)] [ParOldGen: 68483K->68482K(68608K)] 79747K->79740K(91136K), [Metaspace: 60329K->60329K(1105920K)], 0.0648683 secs] [Times: user=0.26 sys=0.00, real=0.06 secs] 
2019-09-25T15:14:12.269-0530: 86.110: [Full GC (Ergonomics) [PSYoungGen: 11264K->11258K(22528K)] [ParOldGen: 68482K->68481K(68608K)] 79746K->79739K(91136K), [Metaspace: 60332K->60332K(1105920K)], 0.0596888 secs] [Times: user=0.17 sys=0.00, real=0.06 secs] 
2019-09-25T15:14:12.331-0530: 86.172: [Full GC (Ergonomics) [PSYoungGen: 11264K->11255K(22528K)] [ParOldGen: 68481K->68481K(68608K)] 79745K->79737K(91136K), [Metaspace: 60334K->60330K(1105920K)], 0.0662366 secs] [Times: user=0.22 sys=0.00, real=0.06 secs] 
2019-09-25T15:14:12.398-0530: 86.239: [Full GC (Ergonomics) [PSYoungGen: 11264K->11257K(22528K)] [ParOldGen: 68481K->68481K(68608K)] 79745K->79738K(91136K), [Metaspace: 60330K->60330K(1105920K)], 0.0618261 secs] [Times: user=0.17 sys=0.01, real=0.07 secs] 
2019-09-25T15:14:12.462-0530: 86.302: [Full GC (Ergonomics) [PSYoungGen: 11264K->11258K(22528K)] [ParOldGen: 68481K->68481K(68608K)] 79745K->79739K(91136K), [Metaspace: 60330K->60330K(1105920K)], 0.0583442 secs] [Times: user=0.17 sys=0.00, real=0.06 secs] 
2019-09-25T15:14:12.521-0530: 86.362: [Full GC (Ergonomics) [PSYoungGen: 11264K->11260K(22528K)] [ParOldGen: 68481K->68481K(68608K)] 79745K->79741K(91136K), [Metaspace: 60330K->60330K(1105920K)], 0.0553530 secs] [Times: user=0.17 sys=0.00, real=0.05 secs] 
2019-09-25T15:14:12.578-0530: 86.419: [Full GC (Ergonomics) [PSYoungGen: 11264K->11260K(22528K)] [ParOldGen: 68481K->68481K(68608K)] 79745K->79742K(91136K), [Metaspace: 60330K->60330K(1105920K)], 0.0548771 secs] [Times: user=0.17 sys=0.00, real=0.06 secs] 
2019-09-25T15:14:12.634-0530: 86.475: [Full GC (Ergonomics) [PSYoungGen: 11264K->11261K(22528K)] [ParOldGen: 68481K->68481K(68608K)] 79745K->79742K(91136K), [Metaspace: 60330K->60330K(1105920K)], 0.0521528 secs] [Times: user=0.17 sys=0.01, real=0.05 secs] 
2019-09-25T15:14:12.688-0530: 86.529: [Full GC (Ergonomics) [PSYoungGen: 11264K->11262K(22528K)] [ParOldGen: 68481K->68481K(68608K)] 79745K->79744K(91136K), [Metaspace: 60330K->60330K(1105920K)], 0.0504648 secs] [Times: user=0.17 sys=0.00, real=0.05 secs] 
2019-09-25T15:14:12.740-0530: 86.580: [Full GC (Ergonomics) [PSYoungGen: 11264K->11262K(22528K)] [ParOldGen: 68481K->68481K(68608K)] 79745K->79744K(91136K), [Metaspace: 60330K->60330K(1105920K)], 0.0640340 secs] [Times: user=0.23 sys=0.00, real=0.06 secs] 
2019-09-25T15:14:12.805-0530: 86.646: [Full GC (Ergonomics) [PSYoungGen: 11264K->11262K(22528K)] [ParOldGen: 68481K->68481K(68608K)] 79745K->79743K(91136K), [Metaspace: 60330K->60330K(1105920K)], 0.0556617 secs] [Times: user=0.18 sys=0.00, real=0.06 secs] 
2019-09-25T15:14:12.862-0530: 86.703: [Full GC (Ergonomics) [PSYoungGen: 11264K->11260K(22528K)] [ParOldGen: 68481K->68481K(68608K)] 79745K->79742K(91136K), [Metaspace: 60330K->60330K(1105920K)], 0.0563175 secs] [Times: user=0.17 sys=0.01, real=0.05 secs] 
2019-09-25T15:14:12.920-0530: 86.761: [Full GC (Ergonomics) [PSYoungGen: 11264K->11261K(22528K)] [ParOldGen: 68481K->68481K(68608K)] 79745K->79742K(91136K), [Metaspace: 60330K->60330K(1105920K)], 0.0562427 secs] [Times: user=0.18 sys=0.00, real=0.05 secs] 
2019-09-25T15:14:12.977-0530: 86.818: [Full GC (Ergonomics) [PSYoungGen: 11264K->11260K(22528K)] [ParOldGen: 68481K->68481K(68608K)] 79745K->79742K(91136K), [Metaspace: 60330K->60330K(1105920K)], 0.0556036 secs] [Times: user=0.17 sys=0.00, real=0.06 secs] 
2019-09-25T15:14:13.034-0530: 86.875: [Full GC (Ergonomics) [PSYoungGen: 11264K->11261K(22528K)] [ParOldGen: 68481K->68481K(68608K)] 79745K->79742K(91136K), [Metaspace: 60330K->60330K(1105920K)], 0.0813033 secs] [Times: user=0.36 sys=0.00, real=0.08 secs] 
2019-09-25T15:14:13.117-0530: 86.958: [Full GC (Ergonomics) [PSYoungGen: 11264K->11262K(22528K)] [ParOldGen: 68481K->68481K(68608K)] 79745K->79744K(91136K), [Metaspace: 60330K->60330K(1105920K)], 0.0537291 secs] [Times: user=0.17 sys=0.01, real=0.06 secs] 
2019-09-25T15:14:13.173-0530: 87.013: [Full GC (Ergonomics) [PSYoungGen: 11264K->11262K(22528K)] [ParOldGen: 68481K->68481K(68608K)] 79745K->79744K(91136K), [Metaspace: 60330K->60330K(1105920K)], 0.0518876 secs] [Times: user=0.18 sys=0.00, real=0.05 secs] 
2019-09-25T15:14:13.226-0530: 87.067: [Full GC (Ergonomics) [PSYoungGen: 11264K->11263K(22528K)] [ParOldGen: 68481K->68481K(68608K)] 79745K->79744K(91136K), [Metaspace: 60330K->60330K(1105920K)], 0.0559813 secs] [Times: user=0.18 sys=0.00, real=0.06 secs] 
2019-09-25T15:14:13.283-0530: 87.124: [Full GC (Ergonomics) [PSYoungGen: 11264K->11263K(22528K)] [ParOldGen: 68481K->68481K(68608K)] 79745K->79744K(91136K), [Metaspace: 60330K->60330K(1105920K)], 0.0550159 secs] [Times: user=0.17 sys=0.00, real=0.05 secs] 
2019-09-25T15:14:13.339-0530: 87.180: [Full GC (Ergonomics) [PSYoungGen: 11264K->11262K(22528K)] [ParOldGen: 68481K->68481K(68608K)] 79745K->79744K(91136K), [Metaspace: 60330K->60330K(1105920K)], 0.0544558 secs] [Times: user=0.18 sys=0.00, real=0.06 secs] 
2019-09-25T15:14:13.395-0530: 87.236: [Full GC (Ergonomics) [PSYoungGen: 11264K->11261K(22528K)] [ParOldGen: 68481K->68480K(68608K)] 79745K->79742K(91136K), [Metaspace: 60330K->60330K(1105920K)], 0.0623633 secs] [Times: user=0.24 sys=0.01, real=0.06 secs] 
2019-09-25T15:14:13.458-0530: 87.299: [Full GC (Ergonomics) [PSYoungGen: 11264K->11261K(22528K)] [ParOldGen: 68480K->68480K(68608K)] 79744K->79742K(91136K), [Metaspace: 60330K->60330K(1105920K)], 0.0542706 secs] [Times: user=0.18 sys=0.00, real=0.06 secs] 
2019-09-25T15:14:13.514-0530: 87.355: [Full GC (Ergonomics) [PSYoungGen: 11264K->11262K(22528K)] [ParOldGen: 68480K->68480K(68608K)] 79744K->79742K(91136K), [Metaspace: 60330K->60330K(1105920K)], 0.0537726 secs] [Times: user=0.17 sys=0.00, real=0.05 secs] 
2019-09-25T15:14:13.569-0530: 87.410: [Full GC (Ergonomics) [PSYoungGen: 11264K->11262K(22528K)] [ParOldGen: 68480K->68480K(68608K)] 79744K->79743K(91136K), [Metaspace: 60330K->60330K(1105920K)], 0.0562666 secs] [Times: user=0.16 sys=0.00, real=0.06 secs] 
2019-09-25T15:14:13.627-0530: 87.468: [Full GC (Ergonomics) [PSYoungGen: 11264K->11263K(22528K)] [ParOldGen: 68480K->68480K(68608K)] 79744K->79743K(91136K), [Metaspace: 60330K->60330K(1105920K)], 0.0687752 secs] [Times: user=0.27 sys=0.01, real=0.07 secs] 
2019-09-25T15:14:13.697-0530: 87.538: [Full GC (Ergonomics) [PSYoungGen: 11264K->11261K(22528K)] [ParOldGen: 68480K->68480K(68608K)] 79744K->79741K(91136K), [Metaspace: 60330K->60330K(1105920K)], 0.0526191 secs] [Times: user=0.17 sys=0.00, real=0.06 secs] 
2019-09-25T15:14:13.751-0530: 87.592: [Full GC (Ergonomics) [PSYoungGen: 11264K->11262K(22528K)] [ParOldGen: 68480K->68480K(68608K)] 79744K->79742K(91136K), [Metaspace: 60330K->60330K(1105920K)], 0.0517526 secs] [Times: user=0.17 sys=0.00, real=0.05 secs] 
2019-09-25T15:14:13.804-0530: 87.645: [Full GC (Ergonomics) [PSYoungGen: 11264K->11263K(22528K)] [ParOldGen: 68480K->68480K(68608K)] 79744K->79743K(91136K), [Metaspace: 60330K->60330K(1105920K)], 0.0560643 secs] [Times: user=0.16 sys=0.00, real=0.06 secs] 
2019-09-25T15:14:13.861-0530: 87.702: [Full GC (Ergonomics) [PSYoungGen: 11264K->11263K(22528K)] [ParOldGen: 68480K->68480K(68608K)] 79744K->79743K(91136K), [Metaspace: 60330K->60330K(1105920K)], 0.0518641 secs] [Times: user=0.15 sys=0.00, real=0.05 secs] 
2019-09-25T15:14:13.914-0530: 87.755: [Full GC (Ergonomics) [PSYoungGen: 11264K->11263K(22528K)] [ParOldGen: 68480K->68480K(68608K)] 79744K->79743K(91136K), [Metaspace: 60330K->60330K(1105920K)], 0.0593091 secs] [Times: user=0.17 sys=0.01, real=0.06 secs] 
2019-09-25T15:14:13.975-0530: 87.816: [Full GC (Ergonomics) [PSYoungGen: 11264K->11263K(22528K)] [ParOldGen: 68480K->68480K(68608K)] 79744K->79743K(91136K), [Metaspace: 60330K->60330K(1105920K)], 0.0591899 secs] [Times: user=0.15 sys=0.00, real=0.06 secs] 
2019-09-25T15:14:14.035-0530: 87.876: [Full GC (Ergonomics) [PSYoungGen: 11264K->11263K(22528K)] [ParOldGen: 68480K->68480K(68608K)] 79744K->79743K(91136K), [Metaspace: 60330K->60330K(1105920K)], 0.0533214 secs] [Times: user=0.16 sys=0.00, real=0.05 secs] 
2019-09-25T15:14:14.090-0530: 87.931: [Full GC (Ergonomics) [PSYoungGen: 11264K->11263K(22528K)] [ParOldGen: 68480K->68480K(68608K)] 79744K->79743K(91136K), [Metaspace: 60330K->60330K(1105920K)], 0.0571210 secs] [Times: user=0.18 sys=0.00, real=0.05 secs] 
2019-09-25T15:14:14.148-0530: 87.989: [Full GC (Ergonomics) [PSYoungGen: 11263K->11263K(22528K)] [ParOldGen: 68480K->68480K(68608K)] 79744K->79743K(91136K), [Metaspace: 60330K->60330K(1105920K)], 0.0573748 secs] [Times: user=0.16 sys=0.00, real=0.06 secs] 
2019-09-25T15:14:14.207-0530: 88.048: [Full GC (Ergonomics) [PSYoungGen: 11264K->11263K(22528K)] [ParOldGen: 68480K->68480K(68608K)] 79744K->79743K(91136K), [Metaspace: 60330K->60330K(1105920K)], 0.0561894 secs] [Times: user=0.16 sys=0.00, real=0.06 secs] 
2019-09-25T15:14:14.265-0530: 88.106: [Full GC (Ergonomics) [PSYoungGen: 11263K->11263K(22528K)] [ParOldGen: 68480K->68480K(68608K)] 79744K->79743K(91136K), [Metaspace: 60330K->60330K(1105920K)], 0.0583198 secs] [Times: user=0.17 sys=0.00, real=0.06 secs] 
2019-09-25T15:14:14.324-0530: 88.165: [Full GC (Ergonomics) [PSYoungGen: 11263K->11263K(22528K)] [ParOldGen: 68480K->68480K(68608K)] 79744K->79743K(91136K), [Metaspace: 60330K->60330K(1105920K)], 0.0565213 secs] [Times: user=0.18 sys=0.00, real=0.06 secs] 
2019-09-25T15:14:14.382-0530: 88.223: [Full GC (Ergonomics) [PSYoungGen: 11263K->11263K(22528K)] [ParOldGen: 68480K->68480K(68608K)] 79744K->79744K(91136K), [Metaspace: 60330K->60330K(1105920K)], 0.0542255 secs] [Times: user=0.15 sys=0.00, real=0.05 secs] 
2019-09-25T15:14:14.438-0530: 88.279: [Full GC (Ergonomics) [PSYoungGen: 11264K->11263K(22528K)] [ParOldGen: 68483K->68465K(68608K)] 79747K->79729K(91136K), [Metaspace: 60330K->60330K(1105920K)], 0.0672608 secs] [Times: user=0.26 sys=0.01, real=0.07 secs] 
2019-09-25T15:14:14.506-0530: 88.347: [Full GC (Ergonomics) [PSYoungGen: 11264K->11263K(22528K)] [ParOldGen: 68465K->68465K(68608K)] 79729K->79729K(91136K), [Metaspace: 60330K->60330K(1105920K)], 0.0650046 secs] [Times: user=0.20 sys=0.00, real=0.07 secs] 
2019-09-25T15:14:14.573-0530: 88.414: [Full GC (Ergonomics) [PSYoungGen: 11264K->11264K(22528K)] [ParOldGen: 68465K->68465K(68608K)] 79729K->79729K(91136K), [Metaspace: 60330K->60330K(1105920K)], 0.0512246 secs] [Times: user=0.17 sys=0.00, real=0.05 secs] 
2019-09-25T15:14:14.625-0530: 88.466: [Full GC (Ergonomics) [PSYoungGen: 11264K->11263K(22528K)] [ParOldGen: 68469K->68468K(68608K)] 79733K->79732K(91136K), [Metaspace: 60330K->60330K(1105920K)], 0.0529074 secs] [Times: user=0.17 sys=0.00, real=0.05 secs] 
2019-09-25T15:14:14.680-0530: 88.520: [Full GC (Ergonomics) [PSYoungGen: 11264K->11263K(22528K)] [ParOldGen: 68468K->68468K(68608K)] 79732K->79732K(91136K), [Metaspace: 60330K->60330K(1105920K)], 0.0519205 secs] [Times: user=0.17 sys=0.00, real=0.05 secs] 
2019-09-25T15:14:14.733-0530: 88.574: [Full GC (Ergonomics) [PSYoungGen: 11264K->11263K(22528K)] [ParOldGen: 68468K->68468K(68608K)] 79732K->79732K(91136K), [Metaspace: 60330K->60330K(1105920K)], 0.0539392 secs] [Times: user=0.18 sys=0.00, real=0.05 secs] 
2019-09-25T15:14:14.788-0530: 88.629: [Full GC (Ergonomics) [PSYoungGen: 11264K->11262K(22528K)] [ParOldGen: 68470K->68470K(68608K)] 79734K->79733K(91136K), [Metaspace: 60330K->60330K(1105920K)], 0.0595678 secs] [Times: user=0.19 sys=0.00, real=0.06 secs] 
2019-09-25T15:14:14.849-0530: 88.690: [Full GC (Ergonomics) [PSYoungGen: 11264K->11263K(22528K)] [ParOldGen: 68470K->68470K(68608K)] 79734K->79734K(91136K), [Metaspace: 60330K->60330K(1105920K)], 0.0540176 secs] [Times: user=0.18 sys=0.00, real=0.06 secs] 
2019-09-25T15:14:14.904-0530: 88.745: [Full GC (Ergonomics) [PSYoungGen: 11264K->11263K(22528K)] [ParOldGen: 68470K->68470K(68608K)] 79734K->79734K(91136K), [Metaspace: 60330K->60330K(1105920K)], 0.0542284 secs] [Times: user=0.18 sys=0.00, real=0.05 secs] 
2019-09-25T15:14:14.960-0530: 88.801: [Full GC (Ergonomics) [PSYoungGen: 11264K->11263K(22528K)] [ParOldGen: 68470K->68470K(68608K)] 79734K->79734K(91136K), [Metaspace: 60330K->60330K(1105920K)], 0.0548152 secs] [Times: user=0.17 sys=0.01, real=0.05 secs] 
2019-09-25T15:14:15.016-0530: 88.857: [Full GC (Ergonomics) [PSYoungGen: 11264K->11263K(22528K)] [ParOldGen: 68470K->68470K(68608K)] 79734K->79734K(91136K), [Metaspace: 60330K->60330K(1105920K)], 0.0550168 secs] [Times: user=0.18 sys=0.00, real=0.06 secs] 
2019-09-25T15:14:15.072-0530: 88.913: [Full GC (Ergonomics) [PSYoungGen: 11264K->11263K(22528K)] [ParOldGen: 68470K->68470K(68608K)] 79734K->79734K(91136K), [Metaspace: 60330K->60330K(1105920K)], 0.0506436 secs] [Times: user=0.17 sys=0.00, real=0.05 secs] 
2019-09-25T15:14:15.124-0530: 88.965: [Full GC (Ergonomics) [PSYoungGen: 11264K->11263K(22528K)] [ParOldGen: 68470K->68470K(68608K)] 79734K->79734K(91136K), [Metaspace: 60330K->60330K(1105920K)], 0.0524390 secs] [Times: user=0.17 sys=0.00, real=0.05 secs] 
2019-09-25T15:14:15.178-0530: 89.019: [Full GC (Ergonomics) [PSYoungGen: 11264K->11256K(22528K)] [ParOldGen: 68473K->68471K(68608K)] 79737K->79728K(91136K), [Metaspace: 60330K->60330K(1105920K)], 0.0980989 secs] [Times: user=0.48 sys=0.01, real=0.10 secs] 
2019-09-25T15:14:15.278-0530: 89.119: [Full GC (Ergonomics) [PSYoungGen: 11264K->11252K(22528K)] [ParOldGen: 68471K->68471K(68608K)] 79735K->79723K(91136K), [Metaspace: 60330K->60330K(1105920K)], 0.0574828 secs] [Times: user=0.19 sys=0.00, real=0.06 secs] 
2019-09-25T15:14:15.337-0530: 89.178: [Full GC (Ergonomics) [PSYoungGen: 11264K->11255K(22528K)] [ParOldGen: 68471K->68471K(68608K)] 79735K->79727K(91136K), [Metaspace: 60330K->60330K(1105920K)], 0.0621974 secs] [Times: user=0.22 sys=0.00, real=0.06 secs] 
2019-09-25T15:14:15.401-0530: 89.242: [Full GC (Ergonomics) [PSYoungGen: 11264K->11255K(22528K)] [ParOldGen: 68471K->68471K(68608K)] 79735K->79726K(91136K), [Metaspace: 60330K->60330K(1105920K)], 0.0516055 secs] [Times: user=0.17 sys=0.00, real=0.05 secs] 
2019-09-25T15:14:15.454-0530: 89.294: [Full GC (Ergonomics) [PSYoungGen: 11264K->11257K(22528K)] [ParOldGen: 68471K->68470K(68608K)] 79735K->79727K(91136K), [Metaspace: 60330K->60330K(1105920K)], 0.0494844 secs] [Times: user=0.16 sys=0.00, real=0.05 secs] 
2019-09-25T15:14:15.504-0530: 89.345: [Full GC (Ergonomics) [PSYoungGen: 11264K->11258K(22528K)] [ParOldGen: 68470K->68470K(68608K)] 79734K->79729K(91136K), [Metaspace: 60330K->60330K(1105920K)], 0.0493097 secs] [Times: user=0.17 sys=0.01, real=0.05 secs] 
2019-09-25T15:14:15.555-0530: 89.396: [Full GC (Ergonomics) [PSYoungGen: 11264K->11261K(22528K)] [ParOldGen: 68470K->68470K(68608K)] 79734K->79732K(91136K), [Metaspace: 60330K->60330K(1105920K)], 0.0525171 secs] [Times: user=0.19 sys=0.00, real=0.05 secs] 
2019-09-25T15:14:15.608-0530: 89.449: [Full GC (Ergonomics) [PSYoungGen: 11264K->11262K(22528K)] [ParOldGen: 68470K->68470K(68608K)] 79734K->79733K(91136K), [Metaspace: 60330K->60330K(1105920K)], 0.0497735 secs] [Times: user=0.16 sys=0.00, real=0.05 secs] 
2019-09-25T15:14:15.659-0530: 89.500: [Full GC (Ergonomics) [PSYoungGen: 11264K->11262K(22528K)] [ParOldGen: 68470K->68470K(68608K)] 79734K->79733K(91136K), [Metaspace: 60330K->60330K(1105920K)], 0.0573013 secs] [Times: user=0.23 sys=0.00, real=0.06 secs] 
2019-09-25T15:14:15.718-0530: 89.559: [Full GC (Ergonomics) [PSYoungGen: 11264K->11262K(22528K)] [ParOldGen: 68470K->68470K(68608K)] 79734K->79733K(91136K), [Metaspace: 60330K->60330K(1105920K)], 0.0492653 secs] [Times: user=0.17 sys=0.00, real=0.05 secs] 
2019-09-25T15:14:15.769-0530: 89.610: [Full GC (Ergonomics) [PSYoungGen: 11264K->11262K(22528K)] [ParOldGen: 68470K->68470K(68608K)] 79734K->79733K(91136K), [Metaspace: 60330K->60330K(1105920K)], 0.0544779 secs] [Times: user=0.16 sys=0.00, real=0.06 secs] 
2019-09-25T15:14:15.824-0530: 89.665: [Full GC (Ergonomics) [PSYoungGen: 11264K->11262K(22528K)] [ParOldGen: 68470K->68470K(68608K)] 79734K->79733K(91136K), [Metaspace: 60330K->60330K(1105920K)], 0.0537772 secs] [Times: user=0.17 sys=0.00, real=0.05 secs] 
2019-09-25T15:14:15.880-0530: 89.721: [Full GC (Ergonomics) [PSYoungGen: 11264K->11263K(22528K)] [ParOldGen: 68470K->68470K(68608K)] 79734K->79734K(91136K), [Metaspace: 60330K->60330K(1105920K)], 0.0561699 secs] [Times: user=0.18 sys=0.00, real=0.05 secs] 
2019-09-25T15:14:15.937-0530: 89.778: [Full GC (Ergonomics) [PSYoungGen: 11264K->11262K(22528K)] [ParOldGen: 68470K->68470K(68608K)] 79734K->79733K(91136K), [Metaspace: 60330K->60330K(1105920K)], 0.0566567 secs] [Times: user=0.18 sys=0.00, real=0.06 secs] 
2019-09-25T15:14:15.995-0530: 89.836: [Full GC (Ergonomics) [PSYoungGen: 11264K->11262K(22528K)] [ParOldGen: 68470K->68470K(68608K)] 79734K->79733K(91136K), [Metaspace: 60330K->60330K(1105920K)], 0.0547789 secs] [Times: user=0.18 sys=0.01, real=0.06 secs] 
2019-09-25T15:14:16.051-0530: 89.892: [Full GC (Ergonomics) [PSYoungGen: 11264K->11263K(22528K)] [ParOldGen: 68470K->68470K(68608K)] 79734K->79733K(91136K), [Metaspace: 60330K->60330K(1105920K)], 0.0576179 secs] [Times: user=0.20 sys=0.00, real=0.05 secs] 
2019-09-25T15:14:16.110-0530: 89.951: [Full GC (Ergonomics) [PSYoungGen: 11264K->11263K(22528K)] [ParOldGen: 68470K->68470K(68608K)] 79734K->79734K(91136K), [Metaspace: 60330K->60330K(1105920K)], 0.0554103 secs] [Times: user=0.18 sys=0.00, real=0.05 secs] 
2019-09-25T15:14:16.167-0530: 90.008: [Full GC (Ergonomics) [PSYoungGen: 11264K->11263K(22528K)] [ParOldGen: 68470K->68470K(68608K)] 79734K->79734K(91136K), [Metaspace: 60330K->60330K(1105920K)], 0.0528845 secs] [Times: user=0.17 sys=0.00, real=0.06 secs] 
2019-09-25T15:14:16.221-0530: 90.062: [Full GC (Ergonomics) [PSYoungGen: 11264K->11263K(22528K)] [ParOldGen: 68470K->68470K(68608K)] 79734K->79734K(91136K), [Metaspace: 60330K->60330K(1105920K)], 0.0526864 secs] [Times: user=0.19 sys=0.00, real=0.05 secs] 
2019-09-25T15:14:16.275-0530: 90.116: [Full GC (Ergonomics) [PSYoungGen: 11264K->11263K(22528K)] [ParOldGen: 68470K->68470K(68608K)] 79734K->79734K(91136K), [Metaspace: 60330K->60330K(1105920K)], 0.0530915 secs] [Times: user=0.17 sys=0.01, real=0.05 secs] 
2019-09-25T15:14:16.329-0530: 90.170: [Full GC (Ergonomics) [PSYoungGen: 11264K->11263K(22528K)] [ParOldGen: 68470K->68470K(68608K)] 79734K->79733K(91136K), [Metaspace: 60330K->60330K(1105920K)], 0.0538046 secs] [Times: user=0.18 sys=0.00, real=0.06 secs] 
2019-09-25T15:14:16.385-0530: 90.225: [Full GC (Ergonomics) [PSYoungGen: 11264K->11263K(22528K)] [ParOldGen: 68470K->68470K(68608K)] 79734K->79733K(91136K), [Metaspace: 60330K->60330K(1105920K)], 0.0526229 secs] [Times: user=0.18 sys=0.00, real=0.05 secs] 
2019-09-25T15:14:16.438-0530: 90.279: [Full GC (Ergonomics) [PSYoungGen: 11264K->11262K(22528K)] [ParOldGen: 68470K->68470K(68608K)] 79734K->79733K(91136K), [Metaspace: 60330K->60330K(1105920K)], 0.0529323 secs] [Times: user=0.18 sys=0.00, real=0.06 secs] 
2019-09-25T15:14:16.492-0530: 90.333: [Full GC (Ergonomics) [PSYoungGen: 11264K->11263K(22528K)] [ParOldGen: 68489K->68489K(68608K)] 79753K->79752K(91136K), [Metaspace: 60330K->60330K(1105920K)], 0.0571212 secs] [Times: user=0.18 sys=0.00, real=0.06 secs] 
2019-09-25T15:14:16.551-0530: 90.392: [Full GC (Ergonomics) [PSYoungGen: 11264K->11263K(22528K)] [ParOldGen: 68489K->68489K(68608K)] 79753K->79752K(91136K), [Metaspace: 60330K->60330K(1105920K)], 0.0534608 secs] [Times: user=0.18 sys=0.01, real=0.05 secs] 
2019-09-25T15:14:16.606-0530: 90.447: [Full GC (Ergonomics) [PSYoungGen: 11264K->11263K(22528K)] [ParOldGen: 68489K->68488K(68608K)] 79753K->79751K(91136K), [Metaspace: 60330K->60330K(1105920K)], 0.0554026 secs] [Times: user=0.17 sys=0.00, real=0.06 secs] 
2019-09-25T15:14:16.663-0530: 90.504: [Full GC (Ergonomics) [PSYoungGen: 11264K->11263K(22528K)] [ParOldGen: 68488K->68488K(68608K)] 79752K->79752K(91136K), [Metaspace: 60330K->60330K(1105920K)], 0.0532055 secs] [Times: user=0.17 sys=0.00, real=0.05 secs] 
2019-09-25T15:14:16.717-0530: 90.558: [Full GC (Ergonomics) [PSYoungGen: 11264K->11263K(22528K)] [ParOldGen: 68488K->68488K(68608K)] 79752K->79752K(91136K), [Metaspace: 60330K->60330K(1105920K)], 0.0506063 secs] [Times: user=0.17 sys=0.00, real=0.05 secs] 
2019-09-25T15:14:16.769-0530: 90.610: [Full GC (Ergonomics) [PSYoungGen: 11264K->11264K(22528K)] [ParOldGen: 68488K->68488K(68608K)] 79752K->79752K(91136K), [Metaspace: 60330K->60330K(1105920K)], 0.0556791 secs] [Times: user=0.17 sys=0.00, real=0.06 secs] 
2019-09-25T15:14:16.826-0530: 90.667: [Full GC (Ergonomics) [PSYoungGen: 11264K->11263K(22528K)] [ParOldGen: 68491K->68490K(68608K)] 79755K->79753K(91136K), [Metaspace: 60330K->60330K(1105920K)], 0.0626899 secs] [Times: user=0.22 sys=0.01, real=0.06 secs] 
2019-09-25T15:14:16.891-0530: 90.732: [Full GC (Ergonomics) [PSYoungGen: 11264K->11261K(22528K)] [ParOldGen: 68490K->68490K(68608K)] 79754K->79752K(91136K), [Metaspace: 60330K->60330K(1105920K)], 0.0535941 secs] [Times: user=0.18 sys=0.00, real=0.05 secs] 
2019-09-25T15:14:16.946-0530: 90.787: [Full GC (Ergonomics) [PSYoungGen: 11264K->11261K(22528K)] [ParOldGen: 68490K->68490K(68608K)] 79754K->79752K(91136K), [Metaspace: 60330K->60330K(1105920K)], 0.0569302 secs] [Times: user=0.17 sys=0.00, real=0.06 secs] 
2019-09-25T15:14:17.004-0530: 90.845: [Full GC (Ergonomics) [PSYoungGen: 11263K->11262K(22528K)] [ParOldGen: 68490K->68490K(68608K)] 79754K->79753K(91136K), [Metaspace: 60330K->60330K(1105920K)], 0.0546029 secs] [Times: user=0.17 sys=0.00, real=0.05 secs] 
2019-09-25T15:14:17.060-0530: 90.901: [Full GC (Ergonomics) [PSYoungGen: 11264K->11262K(22528K)] [ParOldGen: 68490K->68490K(68608K)] 79754K->79753K(91136K), [Metaspace: 60330K->60330K(1105920K)], 0.0524672 secs] [Times: user=0.17 sys=0.00, real=0.05 secs] 
2019-09-25T15:14:17.113-0530: 90.954: [Full GC (Ergonomics) [PSYoungGen: 11264K->11261K(22528K)] [ParOldGen: 68490K->68490K(68608K)] 79754K->79752K(91136K), [Metaspace: 60330K->60330K(1105920K)], 0.0506482 secs] [Times: user=0.17 sys=0.01, real=0.05 secs] 
2019-09-25T15:14:17.165-0530: 91.006: [Full GC (Ergonomics) [PSYoungGen: 11264K->11263K(22528K)] [ParOldGen: 68490K->68490K(68608K)] 79754K->79754K(91136K), [Metaspace: 60330K->60330K(1105920K)], 0.0497413 secs] [Times: user=0.17 sys=0.00, real=0.05 secs] 
2019-09-25T15:14:17.217-0530: 91.058: [Full GC (Ergonomics) [PSYoungGen: 11264K->11263K(22528K)] [ParOldGen: 68490K->68490K(68608K)] 79754K->79754K(91136K), [Metaspace: 60330K->60330K(1105920K)], 0.0591199 secs] [Times: user=0.19 sys=0.00, real=0.06 secs] 
2019-09-25T15:14:17.277-0530: 91.118: [Full GC (Ergonomics) [PSYoungGen: 11263K->11263K(22528K)] [ParOldGen: 68490K->68490K(68608K)] 79754K->79754K(91136K), [Metaspace: 60330K->60330K(1105920K)], 0.0535277 secs] [Times: user=0.17 sys=0.00, real=0.06 secs] 
2019-09-25T15:14:17.332-0530: 91.173: [Full GC (Ergonomics) [PSYoungGen: 11263K->11263K(22528K)] [ParOldGen: 68493K->68492K(68608K)] 79757K->79756K(91136K), [Metaspace: 60330K->60330K(1105920K)], 0.0524323 secs] [Times: user=0.17 sys=0.00, real=0.05 secs] 
2019-09-25T15:14:17.386-0530: 91.227: [Full GC (Ergonomics) [PSYoungGen: 11264K->11263K(22528K)] [ParOldGen: 68492K->68492K(68608K)] 79756K->79756K(91136K), [Metaspace: 60330K->60330K(1105920K)], 0.0544610 secs] [Times: user=0.18 sys=0.01, real=0.06 secs] 
2019-09-25T15:14:17.442-0530: 91.283: [Full GC (Ergonomics) [PSYoungGen: 11264K->11263K(22528K)] [ParOldGen: 68492K->68492K(68608K)] 79756K->79756K(91136K), [Metaspace: 60330K->60330K(1105920K)], 0.0543413 secs] [Times: user=0.17 sys=0.00, real=0.05 secs] 
2019-09-25T15:14:17.497-0530: 91.338: [Full GC (Ergonomics) [PSYoungGen: 11264K->11263K(22528K)] [ParOldGen: 68492K->68492K(68608K)] 79756K->79756K(91136K), [Metaspace: 60330K->60330K(1105920K)], 0.0532960 secs] [Times: user=0.17 sys=0.00, real=0.06 secs] 
2019-09-25T15:14:17.552-0530: 91.393: [Full GC (Ergonomics) [PSYoungGen: 11264K->11263K(22528K)] [ParOldGen: 68492K->68492K(68608K)] 79756K->79756K(91136K), [Metaspace: 60330K->60330K(1105920K)], 0.0531541 secs] [Times: user=0.17 sys=0.00, real=0.05 secs] 
2019-09-25T15:14:17.606-0530: 91.447: [Full GC (Ergonomics) [PSYoungGen: 11264K->11263K(22528K)] [ParOldGen: 68492K->68492K(68608K)] 79756K->79756K(91136K), [Metaspace: 60330K->60330K(1105920K)], 0.0547938 secs] [Times: user=0.17 sys=0.00, real=0.06 secs] 
2019-09-25T15:14:17.662-0530: 91.503: [Full GC (Ergonomics) [PSYoungGen: 11264K->11263K(22528K)] [ParOldGen: 68492K->68492K(68608K)] 79756K->79756K(91136K), [Metaspace: 60330K->60330K(1105920K)], 0.0550310 secs] [Times: user=0.18 sys=0.00, real=0.05 secs] 
2019-09-25T15:14:17.719-0530: 91.560: [Full GC (Ergonomics) [PSYoungGen: 11264K->11263K(22528K)] [ParOldGen: 68492K->68492K(68608K)] 79756K->79756K(91136K), [Metaspace: 60330K->60330K(1105920K)], 0.0525008 secs] [Times: user=0.17 sys=0.00, real=0.06 secs] 
2019-09-25T15:14:17.772-0530: 91.613: [Full GC (Ergonomics) [PSYoungGen: 11263K->11263K(22528K)] [ParOldGen: 68492K->68492K(68608K)] 79756K->79756K(91136K), [Metaspace: 60330K->60330K(1105920K)], 0.0541096 secs] [Times: user=0.18 sys=0.00, real=0.05 secs] 
2019-09-25T15:14:17.828-0530: 91.669: [Full GC (Ergonomics) [PSYoungGen: 11264K->11264K(22528K)] [ParOldGen: 68492K->68492K(68608K)] 79756K->79756K(91136K), [Metaspace: 60330K->60330K(1105920K)], 0.0566135 secs] [Times: user=0.17 sys=0.00, real=0.06 secs] 
2019-09-25T15:14:17.886-0530: 91.727: [Full GC (Ergonomics) [PSYoungGen: 11264K->11263K(22528K)] [ParOldGen: 68495K->68494K(68608K)] 79759K->79757K(91136K), [Metaspace: 60330K->60330K(1105920K)], 0.0534945 secs] [Times: user=0.18 sys=0.01, real=0.06 secs] 
2019-09-25T15:14:17.941-0530: 91.782: [Full GC (Ergonomics) [PSYoungGen: 11264K->11263K(22528K)] [ParOldGen: 68494K->68493K(68608K)] 79758K->79757K(91136K), [Metaspace: 60330K->60330K(1105920K)], 0.0505471 secs] [Times: user=0.18 sys=0.00, real=0.05 secs] 
2019-09-25T15:14:17.992-0530: 91.833: [Full GC (Ergonomics) [PSYoungGen: 11264K->11263K(22528K)] [ParOldGen: 68493K->68493K(68608K)] 79757K->79757K(91136K), [Metaspace: 60330K->60330K(1105920K)], 0.0504901 secs] [Times: user=0.17 sys=0.00, real=0.05 secs] 
2019-09-25T15:14:18.045-0530: 91.886: [Full GC (Ergonomics) [PSYoungGen: 11264K->11261K(22528K)] [ParOldGen: 68493K->68493K(68608K)] 79757K->79755K(91136K), [Metaspace: 60330K->60330K(1105920K)], 0.0513012 secs] [Times: user=0.19 sys=0.00, real=0.05 secs] 
2019-09-25T15:14:18.097-0530: 91.938: [Full GC (Ergonomics) [PSYoungGen: 11264K->11261K(22528K)] [ParOldGen: 68493K->68493K(68608K)] 79757K->79754K(91136K), [Metaspace: 60330K->60330K(1105920K)], 0.0533511 secs] [Times: user=0.17 sys=0.00, real=0.06 secs] 
2019-09-25T15:14:18.152-0530: 91.993: [Full GC (Ergonomics) [PSYoungGen: 11264K->11261K(22528K)] [ParOldGen: 68493K->68493K(68608K)] 79757K->79754K(91136K), [Metaspace: 60330K->60330K(1105920K)], 0.0588841 secs] [Times: user=0.19 sys=0.01, real=0.06 secs] 
2019-09-25T15:14:18.212-0530: 92.053: [Full GC (Ergonomics) [PSYoungGen: 11264K->11261K(22528K)] [ParOldGen: 68493K->68493K(68608K)] 79757K->79755K(91136K), [Metaspace: 60330K->60330K(1105920K)], 0.0565163 secs] [Times: user=0.18 sys=0.00, real=0.05 secs] 
2019-09-25T15:14:18.270-0530: 92.111: [Full GC (Ergonomics) [PSYoungGen: 11264K->11258K(22528K)] [ParOldGen: 68493K->68492K(68608K)] 79757K->79751K(91136K), [Metaspace: 60330K->60330K(1105920K)], 0.0626751 secs] [Times: user=0.20 sys=0.00, real=0.06 secs] 
2019-09-25T15:14:18.334-0530: 92.175: [Full GC (Ergonomics) [PSYoungGen: 11264K->11261K(22528K)] [ParOldGen: 68492K->68492K(68608K)] 79756K->79754K(91136K), [Metaspace: 60330K->60330K(1105920K)], 0.0553451 secs] [Times: user=0.19 sys=0.00, real=0.05 secs] 
2019-09-25T15:14:18.391-0530: 92.232: [Full GC (Ergonomics) [PSYoungGen: 11264K->11261K(22528K)] [ParOldGen: 68492K->68492K(68608K)] 79756K->79754K(91136K), [Metaspace: 60330K->60330K(1105920K)], 0.0585806 secs] [Times: user=0.18 sys=0.01, real=0.05 secs] 
2019-09-25T15:14:18.451-0530: 92.292: [Full GC (Ergonomics) [PSYoungGen: 11264K->11262K(22528K)] [ParOldGen: 68492K->68492K(68608K)] 79756K->79754K(91136K), [Metaspace: 60330K->60330K(1105920K)], 0.0590380 secs] [Times: user=0.18 sys=0.00, real=0.06 secs] 
2019-09-25T15:14:18.511-0530: 92.352: [Full GC (Ergonomics) [PSYoungGen: 11264K->11262K(22528K)] [ParOldGen: 68492K->68492K(68608K)] 79756K->79755K(91136K), [Metaspace: 60330K->60330K(1105920K)], 0.0573043 secs] [Times: user=0.17 sys=0.00, real=0.05 secs] 
2019-09-25T15:14:18.570-0530: 92.411: [Full GC (Ergonomics) [PSYoungGen: 11264K->11262K(22528K)] [ParOldGen: 68492K->68492K(68608K)] 79756K->79755K(91136K), [Metaspace: 60330K->60330K(1105920K)], 0.0549245 secs] [Times: user=0.17 sys=0.00, real=0.05 secs] 
2019-09-25T15:14:18.626-0530: 92.467: [Full GC (Ergonomics) [PSYoungGen: 11264K->11263K(22528K)] [ParOldGen: 68492K->68492K(68608K)] 79756K->79756K(91136K), [Metaspace: 60330K->60330K(1105920K)], 0.0544197 secs] [Times: user=0.17 sys=0.00, real=0.06 secs] 
2019-09-25T15:14:18.682-0530: 92.523: [Full GC (Ergonomics) [PSYoungGen: 11264K->11263K(22528K)] [ParOldGen: 68492K->68492K(68608K)] 79756K->79756K(91136K), [Metaspace: 60330K->60330K(1105920K)], 0.0532684 secs] [Times: user=0.17 sys=0.01, real=0.05 secs] 
2019-09-25T15:14:18.736-0530: 92.577: [Full GC (Ergonomics) [PSYoungGen: 11263K->11263K(22528K)] [ParOldGen: 68492K->68492K(68608K)] 79756K->79756K(91136K), [Metaspace: 60330K->60330K(1105920K)], 0.0512408 secs] [Times: user=0.18 sys=0.00, real=0.05 secs] 
2019-09-25T15:14:18.789-0530: 92.630: [Full GC (Ergonomics) [PSYoungGen: 11264K->11263K(22528K)] [ParOldGen: 68510K->68510K(68608K)] 79774K->79774K(91136K), [Metaspace: 60330K->60330K(1105920K)], 0.0525420 secs] [Times: user=0.17 sys=0.00, real=0.06 secs] 
2019-09-25T15:14:18.843-0530: 92.684: [Full GC (Ergonomics) [PSYoungGen: 11264K->11263K(22528K)] [ParOldGen: 68510K->68510K(68608K)] 79774K->79774K(91136K), [Metaspace: 60330K->60330K(1105920K)], 0.0555851 secs] [Times: user=0.18 sys=0.00, real=0.05 secs] 
2019-09-25T15:14:18.900-0530: 92.741: [Full GC (Ergonomics) [PSYoungGen: 11264K->11263K(22528K)] [ParOldGen: 68510K->68510K(68608K)] 79774K->79774K(91136K), [Metaspace: 60330K->60330K(1105920K)], 0.0549116 secs] [Times: user=0.17 sys=0.01, real=0.05 secs] 
2019-09-25T15:14:18.956-0530: 92.797: [Full GC (Ergonomics) [PSYoungGen: 11264K->11264K(22528K)] [ParOldGen: 68510K->68510K(68608K)] 79774K->79774K(91136K), [Metaspace: 60330K->60330K(1105920K)], 0.0555761 secs] [Times: user=0.17 sys=0.00, real=0.06 secs] 
2019-09-25T15:14:19.013-0530: 92.854: [Full GC (Ergonomics) [PSYoungGen: 11264K->11262K(22528K)] [ParOldGen: 68513K->68511K(68608K)] 79777K->79774K(91136K), [Metaspace: 60330K->60330K(1105920K)], 0.0541911 secs] [Times: user=0.19 sys=0.00, real=0.05 secs] 
2019-09-25T15:14:19.069-0530: 92.910: [Full GC (Ergonomics) [PSYoungGen: 11264K->11262K(22528K)] [ParOldGen: 68511K->68511K(68608K)] 79775K->79774K(91136K), [Metaspace: 60330K->60330K(1105920K)], 0.0575149 secs] [Times: user=0.17 sys=0.00, real=0.06 secs] 
2019-09-25T15:14:19.127-0530: 92.968: [Full GC (Ergonomics) [PSYoungGen: 11264K->11263K(22528K)] [ParOldGen: 68511K->68511K(68608K)] 79775K->79774K(91136K), [Metaspace: 60330K->60330K(1105920K)], 0.0550370 secs] [Times: user=0.17 sys=0.01, real=0.06 secs] 
2019-09-25T15:14:19.184-0530: 93.025: [Full GC (Ergonomics) [PSYoungGen: 11264K->11262K(22528K)] [ParOldGen: 68511K->68502K(68608K)] 79775K->79765K(91136K), [Metaspace: 60330K->60330K(1105920K)], 0.0562894 secs] [Times: user=0.18 sys=0.00, real=0.06 secs] 
2019-09-25T15:14:19.241-0530: 93.082: [Full GC (Ergonomics) [PSYoungGen: 11264K->11262K(22528K)] [ParOldGen: 68502K->68502K(68608K)] 79766K->79765K(91136K), [Metaspace: 60330K->60330K(1105920K)], 0.0555435 secs] [Times: user=0.18 sys=0.00, real=0.05 secs] 
2019-09-25T15:14:19.298-0530: 93.139: [Full GC (Ergonomics) [PSYoungGen: 11264K->11262K(22528K)] [ParOldGen: 68502K->68502K(68608K)] 79766K->79765K(91136K), [Metaspace: 60330K->60330K(1105920K)], 0.0513235 secs] [Times: user=0.17 sys=0.00, real=0.05 secs] 
2019-09-25T15:14:19.351-0530: 93.192: [Full GC (Ergonomics) [PSYoungGen: 11264K->11262K(22528K)] [ParOldGen: 68502K->68502K(68608K)] 79766K->79765K(91136K), [Metaspace: 60330K->60330K(1105920K)], 0.0551813 secs] [Times: user=0.18 sys=0.00, real=0.05 secs] 
2019-09-25T15:14:19.407-0530: 93.248: [Full GC (Ergonomics) [PSYoungGen: 11264K->11260K(22528K)] [ParOldGen: 68502K->68502K(68608K)] 79766K->79763K(91136K), [Metaspace: 60330K->60330K(1105920K)], 0.0537380 secs] [Times: user=0.18 sys=0.00, real=0.06 secs] 
2019-09-25T15:14:19.462-0530: 93.303: [Full GC (Ergonomics) [PSYoungGen: 11264K->11261K(22528K)] [ParOldGen: 68502K->68502K(68608K)] 79766K->79764K(91136K), [Metaspace: 60330K->60330K(1105920K)], 0.0535806 secs] [Times: user=0.17 sys=0.00, real=0.05 secs] 
2019-09-25T15:14:19.517-0530: 93.358: [Full GC (Ergonomics) [PSYoungGen: 11264K->11261K(22528K)] [ParOldGen: 68502K->68502K(68608K)] 79766K->79764K(91136K), [Metaspace: 60330K->60330K(1105920K)], 0.0512441 secs] [Times: user=0.17 sys=0.00, real=0.05 secs] 
2019-09-25T15:14:19.570-0530: 93.411: [Full GC (Ergonomics) [PSYoungGen: 11264K->11262K(22528K)] [ParOldGen: 68529K->68528K(68608K)] 79793K->79790K(91136K), [Metaspace: 60330K->60330K(1105920K)], 0.0520321 secs] [Times: user=0.17 sys=0.00, real=0.05 secs] 
2019-09-25T15:14:19.623-0530: 93.464: [Full GC (Ergonomics) [PSYoungGen: 11264K->11262K(22528K)] [ParOldGen: 68528K->68528K(68608K)] 79792K->79790K(91136K), [Metaspace: 60330K->60330K(1105920K)], 0.0628957 secs] [Times: user=0.22 sys=0.01, real=0.06 secs] 
2019-09-25T15:14:19.688-0530: 93.529: [Full GC (Ergonomics) [PSYoungGen: 11264K->11260K(22528K)] [ParOldGen: 68528K->68527K(68608K)] 79792K->79787K(91136K), [Metaspace: 60330K->60330K(1105920K)], 0.0559182 secs] [Times: user=0.19 sys=0.00, real=0.06 secs] 
2019-09-25T15:14:19.745-0530: 93.586: [Full GC (Ergonomics) [PSYoungGen: 11264K->11259K(22528K)] [ParOldGen: 68527K->68527K(68608K)] 79791K->79787K(91136K), [Metaspace: 60330K->60330K(1105920K)], 0.0546318 secs] [Times: user=0.17 sys=0.00, real=0.06 secs] 
2019-09-25T15:14:19.801-0530: 93.642: [Full GC (Ergonomics) [PSYoungGen: 11264K->11261K(22528K)] [ParOldGen: 68527K->68527K(68608K)] 79791K->79789K(91136K), [Metaspace: 60330K->60330K(1105920K)], 0.0562540 secs] [Times: user=0.18 sys=0.00, real=0.05 secs] 
2019-09-25T15:14:19.859-0530: 93.700: [Full GC (Ergonomics) [PSYoungGen: 11264K->11262K(22528K)] [ParOldGen: 68527K->68527K(68608K)] 79791K->79790K(91136K), [Metaspace: 60330K->60330K(1105920K)], 0.0553457 secs] [Times: user=0.18 sys=0.01, real=0.06 secs] 
2019-09-25T15:14:19.915-0530: 93.757: [Full GC (Ergonomics) [PSYoungGen: 11264K->11262K(22528K)] [ParOldGen: 68527K->68527K(68608K)] 79791K->79790K(91136K), [Metaspace: 60330K->60330K(1105920K)], 0.0553703 secs] [Times: user=0.17 sys=0.00, real=0.06 secs] 
2019-09-25T15:14:19.972-0530: 93.813: [Full GC (Ergonomics) [PSYoungGen: 11264K->11257K(22528K)] [ParOldGen: 68527K->68527K(68608K)] 79791K->79785K(91136K), [Metaspace: 60330K->60330K(1105920K)], 0.0646524 secs] [Times: user=0.19 sys=0.00, real=0.06 secs] 
2019-09-25T15:14:20.038-0530: 93.879: [Full GC (Ergonomics) [PSYoungGen: 11264K->11259K(22528K)] [ParOldGen: 68527K->68527K(68608K)] 79791K->79787K(91136K), [Metaspace: 60330K->60330K(1105920K)], 0.0579706 secs] [Times: user=0.18 sys=0.00, real=0.06 secs] 
2019-09-25T15:14:20.097-0530: 93.938: [Full GC (Ergonomics) [PSYoungGen: 11264K->11261K(22528K)] [ParOldGen: 68527K->68527K(68608K)] 79791K->79789K(91136K), [Metaspace: 60330K->60330K(1105920K)], 0.0546099 secs] [Times: user=0.17 sys=0.01, real=0.06 secs] 
2019-09-25T15:14:20.153-0530: 93.994: [Full GC (Ergonomics) [PSYoungGen: 11264K->11261K(22528K)] [ParOldGen: 68527K->68527K(68608K)] 79791K->79789K(91136K), [Metaspace: 60330K->60330K(1105920K)], 0.0607273 secs] [Times: user=0.18 sys=0.00, real=0.06 secs] 
2019-09-25T15:14:20.215-0530: 94.056: [Full GC (Ergonomics) [PSYoungGen: 11264K->11262K(22528K)] [ParOldGen: 68527K->68527K(68608K)] 79791K->79790K(91136K), [Metaspace: 60330K->60330K(1105920K)], 0.0591020 secs] [Times: user=0.17 sys=0.00, real=0.06 secs] 
2019-09-25T15:14:20.276-0530: 94.117: [Full GC (Ergonomics) [PSYoungGen: 11264K->11262K(22528K)] [ParOldGen: 68527K->68527K(68608K)] 79791K->79790K(91136K), [Metaspace: 60330K->60330K(1105920K)], 0.0666153 secs] [Times: user=0.20 sys=0.00, real=0.07 secs] 
2019-09-25T15:14:20.344-0530: 94.185: [Full GC (Ergonomics) [PSYoungGen: 11264K->11263K(22528K)] [ParOldGen: 68527K->68527K(68608K)] 79791K->79791K(91136K), [Metaspace: 60330K->60330K(1105920K)], 0.0610482 secs] [Times: user=0.17 sys=0.01, real=0.06 secs] 
2019-09-25T15:14:20.406-0530: 94.247: [Full GC (Ergonomics) [PSYoungGen: 11264K->11263K(22528K)] [ParOldGen: 68527K->68527K(68608K)] 79791K->79791K(91136K), [Metaspace: 60330K->60330K(1105920K)], 0.0544844 secs] [Times: user=0.17 sys=0.00, real=0.06 secs] 
2019-09-25T15:14:20.462-0530: 94.303: [Full GC (Ergonomics) [PSYoungGen: 11263K->11263K(22528K)] [ParOldGen: 68527K->68527K(68608K)] 79791K->79791K(91136K), [Metaspace: 60330K->60330K(1105920K)], 0.0488670 secs] [Times: user=0.16 sys=0.00, real=0.05 secs] 
2019-09-25T15:14:20.512-0530: 94.353: [Full GC (Ergonomics) [PSYoungGen: 11263K->11263K(22528K)] [ParOldGen: 68530K->68529K(68608K)] 79794K->79793K(91136K), [Metaspace: 60330K->60330K(1105920K)], 0.0523892 secs] [Times: user=0.18 sys=0.00, real=0.05 secs] 
2019-09-25T15:14:20.566-0530: 94.407: [Full GC (Ergonomics) [PSYoungGen: 11264K->11263K(22528K)] [ParOldGen: 68529K->68529K(68608K)] 79793K->79793K(91136K), [Metaspace: 60330K->60330K(1105920K)], 0.0591591 secs] [Times: user=0.18 sys=0.01, real=0.06 secs] 
2019-09-25T15:14:20.626-0530: 94.467: [Full GC (Ergonomics) [PSYoungGen: 11264K->11261K(22528K)] [ParOldGen: 68534K->68533K(68608K)] 79798K->79795K(91136K), [Metaspace: 60334K->60334K(1105920K)], 0.0565530 secs] [Times: user=0.18 sys=0.00, real=0.06 secs] 
2019-09-25T15:14:20.684-0530: 94.525: [Full GC (Ergonomics) [PSYoungGen: 11263K->11262K(22528K)] [ParOldGen: 68533K->68533K(68608K)] 79797K->79796K(91136K), [Metaspace: 60334K->60334K(1105920K)], 0.0565877 secs] [Times: user=0.18 sys=0.00, real=0.06 secs] 
2019-09-25T15:14:20.742-0530: 94.583: [Full GC (Ergonomics) [PSYoungGen: 11264K->11262K(22528K)] [ParOldGen: 68533K->68533K(68608K)] 79797K->79796K(91136K), [Metaspace: 60334K->60334K(1105920K)], 0.0557198 secs] [Times: user=0.18 sys=0.00, real=0.05 secs] 
2019-09-25T15:14:20.799-0530: 94.640: [Full GC (Ergonomics) [PSYoungGen: 11264K->11263K(22528K)] [ParOldGen: 68533K->68533K(68608K)] 79797K->79796K(91136K), [Metaspace: 60334K->60334K(1105920K)], 0.0539657 secs] [Times: user=0.17 sys=0.00, real=0.06 secs] 
2019-09-25T15:14:20.854-0530: 94.695: [Full GC (Ergonomics) [PSYoungGen: 11264K->11263K(22528K)] [ParOldGen: 68533K->68533K(68608K)] 79797K->79796K(91136K), [Metaspace: 60334K->60334K(1105920K)], 0.0533744 secs] [Times: user=0.18 sys=0.01, real=0.05 secs] 
2019-09-25T15:14:20.909-0530: 94.750: [Full GC (Ergonomics) [PSYoungGen: 11264K->11263K(22528K)] [ParOldGen: 68533K->68533K(68608K)] 79797K->79796K(91136K), [Metaspace: 60334K->60334K(1105920K)], 0.0499010 secs] [Times: user=0.16 sys=0.00, real=0.05 secs] 
2019-09-25T15:14:20.960-0530: 94.801: [Full GC (Ergonomics) [PSYoungGen: 11264K->11263K(22528K)] [ParOldGen: 68533K->68533K(68608K)] 79797K->79797K(91136K), [Metaspace: 60334K->60334K(1105920K)], 0.0573555 secs] [Times: user=0.17 sys=0.00, real=0.05 secs] 
2019-09-25T15:14:21.019-0530: 94.860: [Full GC (Ergonomics) [PSYoungGen: 11264K->11263K(22528K)] [ParOldGen: 68533K->68533K(68608K)] 79797K->79797K(91136K), [Metaspace: 60334K->60334K(1105920K)], 0.0550828 secs] [Times: user=0.18 sys=0.00, real=0.06 secs] 
2019-09-25T15:14:21.075-0530: 94.916: [Full GC (Ergonomics) [PSYoungGen: 11264K->11263K(22528K)] [ParOldGen: 68533K->68533K(68608K)] 79797K->79797K(91136K), [Metaspace: 60334K->60334K(1105920K)], 0.0616125 secs] [Times: user=0.19 sys=0.01, real=0.06 secs] 
2019-09-25T15:14:21.138-0530: 94.979: [Full GC (Ergonomics) [PSYoungGen: 11264K->11263K(22528K)] [ParOldGen: 68536K->68535K(68608K)] 79800K->79799K(91136K), [Metaspace: 60334K->60334K(1105920K)], 0.0543101 secs] [Times: user=0.17 sys=0.00, real=0.06 secs] 
2019-09-25T15:14:21.194-0530: 95.035: [Full GC (Ergonomics) [PSYoungGen: 11264K->11262K(22528K)] [ParOldGen: 68538K->68529K(68608K)] 79802K->79791K(91136K), [Metaspace: 60334K->60334K(1105920K)], 0.0543285 secs] [Times: user=0.18 sys=0.00, real=0.05 secs] 
2019-09-25T15:14:21.250-0530: 95.091: [Full GC (Ergonomics) [PSYoungGen: 11264K->11262K(22528K)] [ParOldGen: 68529K->68529K(68608K)] 79793K->79791K(91136K), [Metaspace: 60334K->60334K(1105920K)], 0.0522177 secs] [Times: user=0.17 sys=0.00, real=0.05 secs] 
2019-09-25T15:14:21.303-0530: 95.144: [Full GC (Ergonomics) [PSYoungGen: 11264K->11263K(22528K)] [ParOldGen: 68529K->68529K(68608K)] 79793K->79792K(91136K), [Metaspace: 60334K->60334K(1105920K)], 0.0521311 secs] [Times: user=0.17 sys=0.00, real=0.05 secs] 
2019-09-25T15:14:21.357-0530: 95.198: [Full GC (Ergonomics) [PSYoungGen: 11264K->11263K(22528K)] [ParOldGen: 68529K->68529K(68608K)] 79793K->79792K(91136K), [Metaspace: 60334K->60334K(1105920K)], 0.0519524 secs] [Times: user=0.18 sys=0.01, real=0.05 secs] 
2019-09-25T15:14:21.410-0530: 95.251: [Full GC (Ergonomics) [PSYoungGen: 11264K->11263K(22528K)] [ParOldGen: 68529K->68529K(68608K)] 79793K->79792K(91136K), [Metaspace: 60334K->60334K(1105920K)], 0.0501870 secs] [Times: user=0.17 sys=0.00, real=0.05 secs] 
2019-09-25T15:14:21.462-0530: 95.303: [Full GC (Ergonomics) [PSYoungGen: 11264K->11263K(22528K)] [ParOldGen: 68529K->68529K(68608K)] 79793K->79792K(91136K), [Metaspace: 60334K->60334K(1105920K)], 0.0554238 secs] [Times: user=0.17 sys=0.00, real=0.05 secs] 
2019-09-25T15:14:21.518-0530: 95.359: [Full GC (Ergonomics) [PSYoungGen: 11264K->11263K(22528K)] [ParOldGen: 68529K->68529K(68608K)] 79793K->79792K(91136K), [Metaspace: 60334K->60334K(1105920K)], 0.0548034 secs] [Times: user=0.17 sys=0.00, real=0.06 secs] 
2019-09-25T15:14:21.574-0530: 95.415: [Full GC (Ergonomics) [PSYoungGen: 11264K->11263K(22528K)] [ParOldGen: 68529K->68529K(68608K)] 79793K->79792K(91136K), [Metaspace: 60334K->60334K(1105920K)], 0.0568502 secs] [Times: user=0.19 sys=0.00, real=0.06 secs] 
2019-09-25T15:14:21.632-0530: 95.473: [Full GC (Ergonomics) [PSYoungGen: 11264K->11263K(22528K)] [ParOldGen: 68529K->68529K(68608K)] 79793K->79792K(91136K), [Metaspace: 60334K->60334K(1105920K)], 0.0549282 secs] [Times: user=0.17 sys=0.01, real=0.05 secs] 
2019-09-25T15:14:21.688-0530: 95.530: [Full GC (Ergonomics) [PSYoungGen: 11264K->11262K(22528K)] [ParOldGen: 68531K->68529K(68608K)] 79795K->79791K(91136K), [Metaspace: 60334K->60334K(1105920K)], 0.1010984 secs] [Times: user=0.48 sys=0.00, real=0.11 secs] 
2019-09-25T15:14:21.791-0530: 95.632: [Full GC (Ergonomics) [PSYoungGen: 11264K->11263K(22528K)] [ParOldGen: 68529K->68529K(68608K)] 79793K->79792K(91136K), [Metaspace: 60334K->60334K(1105920K)], 0.0550424 secs] [Times: user=0.17 sys=0.00, real=0.05 secs] 
2019-09-25T15:14:21.847-0530: 95.688: [Full GC (Ergonomics) [PSYoungGen: 11264K->11263K(22528K)] [ParOldGen: 68529K->68529K(68608K)] 79793K->79793K(91136K), [Metaspace: 60334K->60334K(1105920K)], 0.0565488 secs] [Times: user=0.18 sys=0.00, real=0.06 secs] 
2019-09-25T15:14:21.905-0530: 95.746: [Full GC (Ergonomics) [PSYoungGen: 11264K->11263K(22528K)] [ParOldGen: 68529K->68529K(68608K)] 79793K->79793K(91136K), [Metaspace: 60334K->60334K(1105920K)], 0.0564499 secs] [Times: user=0.18 sys=0.00, real=0.06 secs] 
2019-09-25T15:14:21.963-0530: 95.804: [Full GC (Ergonomics) [PSYoungGen: 11264K->11263K(22528K)] [ParOldGen: 68529K->68529K(68608K)] 79793K->79793K(91136K), [Metaspace: 60334K->60334K(1105920K)], 0.0541811 secs] [Times: user=0.17 sys=0.00, real=0.05 secs] 
2019-09-25T15:14:22.018-0530: 95.859: [Full GC (Ergonomics) [PSYoungGen: 11264K->11263K(22528K)] [ParOldGen: 68529K->68529K(68608K)] 79793K->79793K(91136K), [Metaspace: 60334K->60334K(1105920K)], 0.0556892 secs] [Times: user=0.17 sys=0.00, real=0.06 secs] 
2019-09-25T15:14:22.075-0530: 95.916: [Full GC (Ergonomics) [PSYoungGen: 11264K->11263K(22528K)] [ParOldGen: 68529K->68529K(68608K)] 79793K->79793K(91136K), [Metaspace: 60334K->60334K(1105920K)], 0.0521099 secs] [Times: user=0.17 sys=0.00, real=0.05 secs] 
2019-09-25T15:14:22.128-0530: 95.969: [Full GC (Ergonomics) [PSYoungGen: 11264K->11263K(22528K)] [ParOldGen: 68529K->68529K(68608K)] 79793K->79793K(91136K), [Metaspace: 60334K->60334K(1105920K)], 0.0540822 secs] [Times: user=0.18 sys=0.00, real=0.06 secs] 
2019-09-25T15:14:22.184-0530: 96.025: [Full GC (Ergonomics) [PSYoungGen: 11264K->11263K(22528K)] [ParOldGen: 68535K->68531K(68608K)] 79799K->79794K(91136K), [Metaspace: 60335K->60335K(1105920K)], 0.0544985 secs] [Times: user=0.18 sys=0.00, real=0.05 secs] 
2019-09-25T15:14:22.240-0530: 96.081: [Full GC (Ergonomics) [PSYoungGen: 11264K->11263K(22528K)] [ParOldGen: 68531K->68531K(68608K)] 79795K->79795K(91136K), [Metaspace: 60335K->60335K(1105920K)], 0.0724587 secs] [Times: user=0.29 sys=0.00, real=0.07 secs] 
2019-09-25T15:14:22.314-0530: 96.155: [Full GC (Ergonomics) [PSYoungGen: 11264K->11261K(22528K)] [ParOldGen: 68548K->68532K(68608K)] 79812K->79793K(91136K), [Metaspace: 60335K->60335K(1105920K)], 0.0623963 secs] [Times: user=0.21 sys=0.01, real=0.06 secs] 
2019-09-25T15:14:22.377-0530: 96.218: [Full GC (Ergonomics) [PSYoungGen: 11264K->11261K(22528K)] [ParOldGen: 68532K->68532K(68608K)] 79796K->79794K(91136K), [Metaspace: 60335K->60335K(1105920K)], 0.0538197 secs] [Times: user=0.17 sys=0.00, real=0.06 secs] 
2019-09-25T15:14:22.432-0530: 96.273: [Full GC (Ergonomics) [PSYoungGen: 11264K->11261K(22528K)] [ParOldGen: 68532K->68532K(68608K)] 79796K->79794K(91136K), [Metaspace: 60335K->60335K(1105920K)], 0.0531832 secs] [Times: user=0.18 sys=0.00, real=0.05 secs] 
2019-09-25T15:14:22.487-0530: 96.328: [Full GC (Ergonomics) [PSYoungGen: 11264K->11261K(22528K)] [ParOldGen: 68532K->68532K(68608K)] 79796K->79794K(91136K), [Metaspace: 60335K->60335K(1105920K)], 0.0520885 secs] [Times: user=0.18 sys=0.00, real=0.05 secs] 
2019-09-25T15:14:22.540-0530: 96.381: [Full GC (Ergonomics) [PSYoungGen: 11264K->11261K(22528K)] [ParOldGen: 68532K->68532K(68608K)] 79796K->79794K(91136K), [Metaspace: 60335K->60335K(1105920K)], 0.0498002 secs] [Times: user=0.17 sys=0.00, real=0.05 secs] 
2019-09-25T15:14:22.591-0530: 96.433: [Full GC (Ergonomics) [PSYoungGen: 11264K->11261K(22528K)] [ParOldGen: 68532K->68532K(68608K)] 79796K->79794K(91136K), [Metaspace: 60335K->60335K(1105920K)], 0.0517072 secs] [Times: user=0.17 sys=0.00, real=0.05 secs] 
2019-09-25T15:14:22.644-0530: 96.485: [Full GC (Ergonomics) [PSYoungGen: 11264K->11261K(22528K)] [ParOldGen: 68532K->68532K(68608K)] 79796K->79794K(91136K), [Metaspace: 60335K->60335K(1105920K)], 0.0478416 secs] [Times: user=0.17 sys=0.00, real=0.05 secs] 
2019-09-25T15:14:22.693-0530: 96.534: [Full GC (Ergonomics) [PSYoungGen: 11263K->11261K(22528K)] [ParOldGen: 68532K->68532K(68608K)] 79796K->79794K(91136K), [Metaspace: 60335K->60335K(1105920K)], 0.0536382 secs] [Times: user=0.18 sys=0.00, real=0.05 secs] 
2019-09-25T15:14:22.748-0530: 96.589: [Full GC (Ergonomics) [PSYoungGen: 11264K->11262K(22528K)] [ParOldGen: 68532K->68532K(68608K)] 79796K->79794K(91136K), [Metaspace: 60335K->60335K(1105920K)], 0.0534685 secs] [Times: user=0.18 sys=0.00, real=0.06 secs] 
2019-09-25T15:14:22.803-0530: 96.644: [Full GC (Ergonomics) [PSYoungGen: 11264K->11262K(22528K)] [ParOldGen: 68532K->68532K(68608K)] 79796K->79795K(91136K), [Metaspace: 60335K->60335K(1105920K)], 0.0558870 secs] [Times: user=0.17 sys=0.01, real=0.05 secs] 
2019-09-25T15:14:22.860-0530: 96.701: [Full GC (Ergonomics) [PSYoungGen: 11264K->11262K(22528K)] [ParOldGen: 68532K->68532K(68608K)] 79796K->79795K(91136K), [Metaspace: 60335K->60335K(1105920K)], 0.0627432 secs] [Times: user=0.18 sys=0.00, real=0.06 secs] 
2019-09-25T15:14:22.924-0530: 96.765: [Full GC (Ergonomics) [PSYoungGen: 11264K->11263K(22528K)] [ParOldGen: 68532K->68532K(68608K)] 79796K->79795K(91136K), [Metaspace: 60335K->60335K(1105920K)], 0.0580643 secs] [Times: user=0.18 sys=0.00, real=0.06 secs] 
2019-09-25T15:14:22.983-0530: 96.825: [Full GC (Ergonomics) [PSYoungGen: 11264K->11263K(22528K)] [ParOldGen: 68532K->68532K(68608K)] 79796K->79795K(91136K), [Metaspace: 60335K->60335K(1105920K)], 0.0524221 secs] [Times: user=0.16 sys=0.00, real=0.05 secs] 
2019-09-25T15:14:23.037-0530: 96.878: [Full GC (Ergonomics) [PSYoungGen: 11264K->11262K(22528K)] [ParOldGen: 68532K->68532K(68608K)] 79796K->79795K(91136K), [Metaspace: 60335K->60335K(1105920K)], 0.0593206 secs] [Times: user=0.18 sys=0.01, real=0.06 secs] 
2019-09-25T15:14:23.098-0530: 96.939: [Full GC (Ergonomics) [PSYoungGen: 11264K->11263K(22528K)] [ParOldGen: 68532K->68532K(68608K)] 79796K->79795K(91136K), [Metaspace: 60335K->60335K(1105920K)], 0.0566376 secs] [Times: user=0.18 sys=0.00, real=0.06 secs] 
2019-09-25T15:14:23.156-0530: 96.997: [Full GC (Ergonomics) [PSYoungGen: 11264K->11263K(22528K)] [ParOldGen: 68532K->68532K(68608K)] 79796K->79795K(91136K), [Metaspace: 60335K->60335K(1105920K)], 0.0553691 secs] [Times: user=0.18 sys=0.00, real=0.06 secs] 
2019-09-25T15:14:23.213-0530: 97.054: [Full GC (Ergonomics) [PSYoungGen: 11264K->11263K(22528K)] [ParOldGen: 68532K->68531K(68608K)] 79796K->79794K(91136K), [Metaspace: 60335K->60335K(1105920K)], 0.0537390 secs] [Times: user=0.17 sys=0.00, real=0.05 secs] 
2019-09-25T15:14:23.268-0530: 97.109: [Full GC (Ergonomics) [PSYoungGen: 11264K->11263K(22528K)] [ParOldGen: 68531K->68531K(68608K)] 79795K->79795K(91136K), [Metaspace: 60335K->60335K(1105920K)], 0.0551069 secs] [Times: user=0.18 sys=0.01, real=0.06 secs] 
2019-09-25T15:14:23.325-0530: 97.166: [Full GC (Ergonomics) [PSYoungGen: 11264K->11264K(22528K)] [ParOldGen: 68534K->68532K(68608K)] 79798K->79796K(91136K), [Metaspace: 60335K->60335K(1105920K)], 0.0568800 secs] [Times: user=0.17 sys=0.00, real=0.06 secs] 
2019-09-25T15:14:23.383-0530: 97.224: [Full GC (Ergonomics) [PSYoungGen: 11264K->11263K(22528K)] [ParOldGen: 68536K->68533K(68608K)] 79800K->79797K(91136K), [Metaspace: 60335K->60335K(1105920K)], 0.0528263 secs] [Times: user=0.18 sys=0.00, real=0.05 secs] 
2019-09-25T15:14:23.437-0530: 97.278: [Full GC (Ergonomics) [PSYoungGen: 11264K->11263K(22528K)] [ParOldGen: 68533K->68533K(68608K)] 79797K->79797K(91136K), [Metaspace: 60335K->60335K(1105920K)], 0.0568345 secs] [Times: user=0.17 sys=0.00, real=0.06 secs] 
2019-09-25T15:14:23.496-0530: 97.337: [Full GC (Ergonomics) [PSYoungGen: 11264K->11261K(22528K)] [ParOldGen: 68533K->68533K(68608K)] 79797K->79795K(91136K), [Metaspace: 60335K->60335K(1105920K)], 0.0569121 secs] [Times: user=0.20 sys=0.00, real=0.06 secs] 
2019-09-25T15:14:23.554-0530: 97.395: [Full GC (Ergonomics) [PSYoungGen: 11264K->11261K(22528K)] [ParOldGen: 68533K->68533K(68608K)] 79797K->79795K(91136K), [Metaspace: 60335K->60335K(1105920K)], 0.0558909 secs] [Times: user=0.18 sys=0.01, real=0.06 secs] 
2019-09-25T15:14:23.611-0530: 97.452: [Full GC (Ergonomics) [PSYoungGen: 11264K->11262K(22528K)] [ParOldGen: 68533K->68533K(68608K)] 79797K->79795K(91136K), [Metaspace: 60335K->60335K(1105920K)], 0.0579819 secs] [Times: user=0.18 sys=0.00, real=0.05 secs] 
2019-09-25T15:14:23.670-0530: 97.512: [Full GC (Ergonomics) [PSYoungGen: 11264K->11262K(22528K)] [ParOldGen: 68533K->68533K(68608K)] 79797K->79795K(91136K), [Metaspace: 60335K->60335K(1105920K)], 0.0585576 secs] [Times: user=0.17 sys=0.00, real=0.05 secs] 
2019-09-25T15:14:23.731-0530: 97.572: [Full GC (Ergonomics) [PSYoungGen: 11264K->11262K(22528K)] [ParOldGen: 68533K->68533K(68608K)] 79797K->79795K(91136K), [Metaspace: 60335K->60335K(1105920K)], 0.0568210 secs] [Times: user=0.17 sys=0.00, real=0.05 secs] 
2019-09-25T15:14:23.789-0530: 97.630: [Full GC (Ergonomics) [PSYoungGen: 11264K->11262K(22528K)] [ParOldGen: 68533K->68533K(68608K)] 79797K->79795K(91136K), [Metaspace: 60335K->60335K(1105920K)], 0.0635176 secs] [Times: user=0.18 sys=0.01, real=0.07 secs] 
2019-09-25T15:14:23.853-0530: 97.695: [Full GC (Ergonomics) [PSYoungGen: 11264K->11262K(22528K)] [ParOldGen: 68533K->68533K(68608K)] 79797K->79795K(91136K), [Metaspace: 60335K->60335K(1105920K)], 0.0627011 secs] [Times: user=0.18 sys=0.00, real=0.06 secs] 
2019-09-25T15:14:23.917-0530: 97.758: [Full GC (Ergonomics) [PSYoungGen: 11264K->11258K(22528K)] [ParOldGen: 68533K->68533K(68608K)] 79797K->79791K(91136K), [Metaspace: 60335K->60335K(1105920K)], 0.0550025 secs] [Times: user=0.19 sys=0.00, real=0.06 secs] 
2019-09-25T15:14:23.974-0530: 97.815: [Full GC (Ergonomics) [PSYoungGen: 11264K->11258K(22528K)] [ParOldGen: 68533K->68533K(68608K)] 79797K->79791K(91136K), [Metaspace: 60336K->60336K(1105920K)], 0.0646716 secs] [Times: user=0.22 sys=0.00, real=0.06 secs] 
2019-09-25T15:14:24.040-0530: 97.881: [Full GC (Ergonomics) [PSYoungGen: 11264K->11259K(22528K)] [ParOldGen: 68533K->68533K(68608K)] 79797K->79792K(91136K), [Metaspace: 60338K->60338K(1105920K)], 0.0577293 secs] [Times: user=0.18 sys=0.01, real=0.05 secs] 
2019-09-25T15:14:24.099-0530: 97.940: [Full GC (Ergonomics) [PSYoungGen: 11264K->11260K(22528K)] [ParOldGen: 68533K->68533K(68608K)] 79797K->79794K(91136K), [Metaspace: 60338K->60338K(1105920K)], 0.0596680 secs] [Times: user=0.18 sys=0.00, real=0.06 secs] 
2019-09-25T15:14:24.160-0530: 98.001: [Full GC (Ergonomics) [PSYoungGen: 11264K->11261K(22528K)] [ParOldGen: 68533K->68531K(68608K)] 79797K->79793K(91136K), [Metaspace: 60338K->60338K(1105920K)], 0.0637073 secs] [Times: user=0.19 sys=0.00, real=0.06 secs] 
2019-09-25T15:14:24.225-0530: 98.066: [Full GC (Ergonomics) [PSYoungGen: 11263K->11262K(22528K)] [ParOldGen: 68531K->68531K(68608K)] 79795K->79794K(91136K), [Metaspace: 60339K->60339K(1105920K)], 0.0538272 secs] [Times: user=0.17 sys=0.00, real=0.05 secs] 
2019-09-25T15:14:24.280-0530: 98.121: [Full GC (Ergonomics) [PSYoungGen: 11264K->11263K(22528K)] [ParOldGen: 68531K->68531K(68608K)] 79795K->79795K(91136K), [Metaspace: 60339K->60339K(1105920K)], 0.0533785 secs] [Times: user=0.17 sys=0.00, real=0.05 secs] 
2019-09-25T15:14:24.335-0530: 98.176: [Full GC (Ergonomics) [PSYoungGen: 11263K->11263K(22528K)] [ParOldGen: 68531K->68531K(68608K)] 79795K->79795K(91136K), [Metaspace: 60339K->60339K(1105920K)], 0.0534676 secs] [Times: user=0.18 sys=0.00, real=0.05 secs] 
2019-09-25T15:14:24.390-0530: 98.231: [Full GC (Ergonomics) [PSYoungGen: 11264K->11263K(22528K)] [ParOldGen: 68531K->68531K(68608K)] 79795K->79795K(91136K), [Metaspace: 60339K->60339K(1105920K)], 0.0534716 secs] [Times: user=0.17 sys=0.00, real=0.05 secs] 
2019-09-25T15:14:24.445-0530: 98.286: [Full GC (Ergonomics) [PSYoungGen: 11264K->11261K(22528K)] [ParOldGen: 68531K->68530K(68608K)] 79795K->79792K(91136K), [Metaspace: 60339K->60339K(1105920K)], 0.0539805 secs] [Times: user=0.18 sys=0.00, real=0.05 secs] 
2019-09-25T15:14:24.500-0530: 98.341: [Full GC (Ergonomics) [PSYoungGen: 11264K->11262K(22528K)] [ParOldGen: 68530K->68530K(68608K)] 79794K->79793K(91136K), [Metaspace: 60339K->60339K(1105920K)], 0.0548042 secs] [Times: user=0.17 sys=0.01, real=0.05 secs] 
2019-09-25T15:14:24.556-0530: 98.398: [Full GC (Ergonomics) [PSYoungGen: 11264K->11262K(22528K)] [ParOldGen: 68530K->68530K(68608K)] 79794K->79793K(91136K), [Metaspace: 60339K->60339K(1105920K)], 0.0584469 secs] [Times: user=0.18 sys=0.00, real=0.06 secs] 
2019-09-25T15:14:24.616-0530: 98.457: [Full GC (Ergonomics) [PSYoungGen: 11264K->11262K(22528K)] [ParOldGen: 68530K->68530K(68608K)] 79794K->79793K(91136K), [Metaspace: 60339K->60339K(1105920K)], 0.0568769 secs] [Times: user=0.17 sys=0.00, real=0.06 secs] 
2019-09-25T15:14:24.674-0530: 98.516: [Full GC (Ergonomics) [PSYoungGen: 11264K->11262K(22528K)] [ParOldGen: 68530K->68530K(68608K)] 79794K->79793K(91136K), [Metaspace: 60339K->60339K(1105920K)], 0.0555366 secs] [Times: user=0.18 sys=0.00, real=0.06 secs] 
2019-09-25T15:14:24.731-0530: 98.572: [Full GC (Ergonomics) [PSYoungGen: 11264K->11262K(22528K)] [ParOldGen: 68530K->68530K(68608K)] 79794K->79793K(91136K), [Metaspace: 60339K->60339K(1105920K)], 0.0572631 secs] [Times: user=0.17 sys=0.00, real=0.05 secs] 
2019-09-25T15:14:24.790-0530: 98.631: [Full GC (Ergonomics) [PSYoungGen: 11264K->11262K(22528K)] [ParOldGen: 68530K->68530K(68608K)] 79794K->79793K(91136K), [Metaspace: 60339K->60339K(1105920K)], 0.0617863 secs] [Times: user=0.19 sys=0.00, real=0.06 secs] 
2019-09-25T15:14:24.853-0530: 98.694: [Full GC (Ergonomics) [PSYoungGen: 11264K->11262K(22528K)] [ParOldGen: 68530K->68530K(68608K)] 79794K->79793K(91136K), [Metaspace: 60339K->60339K(1105920K)], 0.0598488 secs] [Times: user=0.18 sys=0.00, real=0.06 secs] 
2019-09-25T15:14:24.914-0530: 98.755: [Full GC (Ergonomics) [PSYoungGen: 11264K->11262K(22528K)] [ParOldGen: 68530K->68530K(68608K)] 79794K->79793K(91136K), [Metaspace: 60339K->60339K(1105920K)], 0.0579218 secs] [Times: user=0.18 sys=0.00, real=0.06 secs] 
2019-09-25T15:14:24.973-0530: 98.814: [Full GC (Ergonomics) [PSYoungGen: 11264K->11262K(22528K)] [ParOldGen: 68530K->68530K(68608K)] 79794K->79793K(91136K), [Metaspace: 60339K->60339K(1105920K)], 0.0560336 secs] [Times: user=0.17 sys=0.00, real=0.05 secs] 
2019-09-25T15:14:25.031-0530: 98.872: [Full GC (Ergonomics) [PSYoungGen: 11264K->11263K(22528K)] [ParOldGen: 68530K->68530K(68608K)] 79794K->79794K(91136K), [Metaspace: 60339K->60339K(1105920K)], 0.0550773 secs] [Times: user=0.18 sys=0.00, real=0.05 secs] 
2019-09-25T15:14:25.087-0530: 98.928: [Full GC (Ergonomics) [PSYoungGen: 11264K->11263K(22528K)] [ParOldGen: 68533K->68532K(68608K)] 79797K->79796K(91136K), [Metaspace: 60339K->60339K(1105920K)], 0.0576504 secs] [Times: user=0.18 sys=0.00, real=0.06 secs] 
2019-09-25T15:14:25.146-0530: 98.987: [Full GC (Ergonomics) [PSYoungGen: 11263K->11263K(22528K)] [ParOldGen: 68535K->68533K(68608K)] 79799K->79796K(91136K), [Metaspace: 60339K->60339K(1105920K)], 0.0581537 secs] [Times: user=0.18 sys=0.00, real=0.06 secs] 
2019-09-25T15:14:25.205-0530: 99.047: [Full GC (Ergonomics) [PSYoungGen: 11264K->11262K(22528K)] [ParOldGen: 68533K->68532K(68608K)] 79797K->79795K(91136K), [Metaspace: 60339K->60339K(1105920K)], 0.0586066 secs] [Times: user=0.18 sys=0.00, real=0.06 secs] 
2019-09-25T15:14:25.265-0530: 99.107: [Full GC (Ergonomics) [PSYoungGen: 11264K->11262K(22528K)] [ParOldGen: 68532K->68532K(68608K)] 79796K->79795K(91136K), [Metaspace: 60339K->60339K(1105920K)], 0.0572088 secs] [Times: user=0.17 sys=0.01, real=0.06 secs] 
2019-09-25T15:14:25.324-0530: 99.165: [Full GC (Ergonomics) [PSYoungGen: 11264K->11263K(22528K)] [ParOldGen: 68532K->68532K(68608K)] 79796K->79795K(91136K), [Metaspace: 60339K->60339K(1105920K)], 0.0515648 secs] [Times: user=0.17 sys=0.00, real=0.05 secs] 
2019-09-25T15:14:25.377-0530: 99.218: [Full GC (Ergonomics) [PSYoungGen: 11264K->11260K(22528K)] [ParOldGen: 68544K->68534K(68608K)] 79808K->79794K(91136K), [Metaspace: 60339K->60339K(1105920K)], 0.0566825 secs] [Times: user=0.17 sys=0.00, real=0.06 secs] 
2019-09-25T15:14:25.435-0530: 99.276: [Full GC (Ergonomics) [PSYoungGen: 11264K->11262K(22528K)] [ParOldGen: 68534K->68533K(68608K)] 79798K->79796K(91136K), [Metaspace: 60339K->60339K(1105920K)], 0.0564752 secs] [Times: user=0.18 sys=0.00, real=0.06 secs] 
2019-09-25T15:14:25.493-0530: 99.334: [Full GC (Ergonomics) [PSYoungGen: 11264K->11259K(22528K)] [ParOldGen: 68533K->68533K(68608K)] 79797K->79793K(91136K), [Metaspace: 60339K->60339K(1105920K)], 0.0587276 secs] [Times: user=0.18 sys=0.01, real=0.06 secs] 
2019-09-25T15:14:25.553-0530: 99.394: [Full GC (Ergonomics) [PSYoungGen: 11264K->11262K(22528K)] [ParOldGen: 68533K->68533K(68608K)] 79797K->79795K(91136K), [Metaspace: 60339K->60339K(1105920K)], 0.0598495 secs] [Times: user=0.20 sys=0.00, real=0.06 secs] 
2019-09-25T15:14:25.614-0530: 99.455: [Full GC (Ergonomics) [PSYoungGen: 11264K->11262K(22528K)] [ParOldGen: 68533K->68533K(68608K)] 79797K->79795K(91136K), [Metaspace: 60339K->60339K(1105920K)], 0.0603085 secs] [Times: user=0.18 sys=0.00, real=0.06 secs] 
2019-09-25T15:14:25.676-0530: 99.517: [Full GC (Ergonomics) [PSYoungGen: 11264K->11262K(22528K)] [ParOldGen: 68533K->68533K(68608K)] 79797K->79796K(91136K), [Metaspace: 60339K->60339K(1105920K)], 0.0571515 secs] [Times: user=0.16 sys=0.00, real=0.06 secs] 
2019-09-25T15:14:25.734-0530: 99.576: [Full GC (Ergonomics) [PSYoungGen: 11264K->11263K(22528K)] [ParOldGen: 68533K->68533K(68608K)] 79797K->79796K(91136K), [Metaspace: 60339K->60339K(1105920K)], 0.0537020 secs] [Times: user=0.17 sys=0.01, real=0.05 secs] 
2019-09-25T15:14:25.789-0530: 99.631: [Full GC (Ergonomics) [PSYoungGen: 11264K->11263K(22528K)] [ParOldGen: 68533K->68533K(68608K)] 79797K->79796K(91136K), [Metaspace: 60339K->60339K(1105920K)], 0.0508183 secs] [Times: user=0.16 sys=0.00, real=0.06 secs] 
2019-09-25T15:14:25.841-0530: 99.682: [Full GC (Ergonomics) [PSYoungGen: 11264K->11263K(22528K)] [ParOldGen: 68533K->68533K(68608K)] 79797K->79796K(91136K), [Metaspace: 60339K->60339K(1105920K)], 0.0745363 secs] [Times: user=0.32 sys=0.01, real=0.07 secs] 
2019-09-25T15:14:25.917-0530: 99.758: [Full GC (Ergonomics) [PSYoungGen: 11263K->11263K(22528K)] [ParOldGen: 68533K->68533K(68608K)] 79796K->79796K(91136K), [Metaspace: 60339K->60339K(1105920K)], 0.0577551 secs] [Times: user=0.18 sys=0.00, real=0.06 secs] 
2019-09-25T15:14:25.976-0530: 99.817: [Full GC (Ergonomics) [PSYoungGen: 11263K->11263K(22528K)] [ParOldGen: 68536K->68535K(68608K)] 79800K->79799K(91136K), [Metaspace: 60339K->60339K(1105920K)], 0.0911537 secs] [Times: user=0.45 sys=0.00, real=0.09 secs] 
2019-09-25T15:14:26.069-0530: 99.910: [Full GC (Ergonomics) [PSYoungGen: 11264K->11263K(22528K)] [ParOldGen: 68535K->68535K(68608K)] 79799K->79799K(91136K), [Metaspace: 60339K->60339K(1105920K)], 0.0557908 secs] [Times: user=0.18 sys=0.00, real=0.06 secs] 
2019-09-25T15:14:26.126-0530: 99.967: [Full GC (Ergonomics) [PSYoungGen: 11264K->11263K(22528K)] [ParOldGen: 68535K->68535K(68608K)] 79799K->79799K(91136K), [Metaspace: 60339K->60339K(1105920K)], 0.0617651 secs] [Times: user=0.19 sys=0.01, real=0.06 secs] 
2019-09-25T15:14:26.189-0530: 100.030: [Full GC (Ergonomics) [PSYoungGen: 11264K->11263K(22528K)] [ParOldGen: 68535K->68535K(68608K)] 79799K->79799K(91136K), [Metaspace: 60339K->60339K(1105920K)], 0.0584472 secs] [Times: user=0.18 sys=0.00, real=0.06 secs] 
2019-09-25T15:14:26.249-0530: 100.090: [Full GC (Ergonomics) [PSYoungGen: 11264K->11263K(22528K)] [ParOldGen: 68535K->68535K(68608K)] 79799K->79799K(91136K), [Metaspace: 60339K->60339K(1105920K)], 0.0555171 secs] [Times: user=0.17 sys=0.00, real=0.06 secs] 
2019-09-25T15:14:26.305-0530: 100.147: [Full GC (Ergonomics) [PSYoungGen: 11264K->11263K(22528K)] [ParOldGen: 68535K->68535K(68608K)] 79799K->79799K(91136K), [Metaspace: 60339K->60339K(1105920K)], 0.0555962 secs] [Times: user=0.18 sys=0.00, real=0.06 secs] 
2019-09-25T15:14:26.362-0530: 100.204: [Full GC (Ergonomics) [PSYoungGen: 11264K->11263K(22528K)] [ParOldGen: 68535K->68535K(68608K)] 79799K->79799K(91136K), [Metaspace: 60339K->60339K(1105920K)], 0.0579174 secs] [Times: user=0.18 sys=0.00, real=0.06 secs] 
2019-09-25T15:14:26.421-0530: 100.263: [Full GC (Ergonomics) [PSYoungGen: 11264K->11263K(22528K)] [ParOldGen: 68540K->68537K(68608K)] 79804K->79801K(91136K), [Metaspace: 60339K->60339K(1105920K)], 0.0547580 secs] [Times: user=0.17 sys=0.01, real=0.05 secs] 
2019-09-25T15:14:26.478-0530: 100.319: [Full GC (Ergonomics) [PSYoungGen: 11264K->11263K(22528K)] [ParOldGen: 68537K->68537K(68608K)] 79801K->79801K(91136K), [Metaspace: 60339K->60339K(1105920K)], 0.0550941 secs] [Times: user=0.18 sys=0.00, real=0.06 secs] 
2019-09-25T15:14:26.534-0530: 100.376: [Full GC (Ergonomics) [PSYoungGen: 11264K->11263K(22528K)] [ParOldGen: 68537K->68537K(68608K)] 79801K->79800K(91136K), [Metaspace: 60339K->60339K(1105920K)], 0.0595296 secs] [Times: user=0.18 sys=0.00, real=0.06 secs] 
2019-09-25T15:14:26.595-0530: 100.437: [Full GC (Ergonomics) [PSYoungGen: 11264K->11263K(22528K)] [ParOldGen: 68537K->68537K(68608K)] 79801K->79800K(91136K), [Metaspace: 60339K->60339K(1105920K)], 0.0604709 secs] [Times: user=0.19 sys=0.00, real=0.06 secs] 
2019-09-25T15:14:26.657-0530: 100.498: [Full GC (Ergonomics) [PSYoungGen: 11264K->11263K(22528K)] [ParOldGen: 68537K->68537K(68608K)] 79801K->79801K(91136K), [Metaspace: 60339K->60339K(1105920K)], 0.0579957 secs] [Times: user=0.18 sys=0.00, real=0.06 secs] 
2019-09-25T15:14:26.716-0530: 100.558: [Full GC (Ergonomics) [PSYoungGen: 11264K->11263K(22528K)] [ParOldGen: 68537K->68537K(68608K)] 79801K->79801K(91136K), [Metaspace: 60339K->60339K(1105920K)], 0.0581271 secs] [Times: user=0.18 sys=0.00, real=0.06 secs] 
2019-09-25T15:14:26.776-0530: 100.617: [Full GC (Ergonomics) [PSYoungGen: 11264K->11263K(22528K)] [ParOldGen: 68537K->68537K(68608K)] 79801K->79801K(91136K), [Metaspace: 60339K->60339K(1105920K)], 0.0615664 secs] [Times: user=0.17 sys=0.00, real=0.06 secs] 
2019-09-25T15:14:26.839-0530: 100.680: [Full GC (Ergonomics) [PSYoungGen: 11263K->11263K(22528K)] [ParOldGen: 68537K->68537K(68608K)] 79801K->79801K(91136K), [Metaspace: 60339K->60339K(1105920K)], 0.0569433 secs] [Times: user=0.19 sys=0.00, real=0.06 secs] 
2019-09-25T15:14:26.897-0530: 100.739: [Full GC (Ergonomics) [PSYoungGen: 11264K->11261K(22528K)] [ParOldGen: 68540K->68529K(68608K)] 79804K->79791K(91136K), [Metaspace: 60339K->60339K(1105920K)], 0.0642079 secs] [Times: user=0.20 sys=0.00, real=0.07 secs] 
2019-09-25T15:14:26.963-0530: 100.804: [Full GC (Ergonomics) [PSYoungGen: 11264K->11262K(22528K)] [ParOldGen: 68529K->68529K(68608K)] 79793K->79791K(91136K), [Metaspace: 60339K->60339K(1105920K)], 0.0575331 secs] [Times: user=0.17 sys=0.01, real=0.06 secs] 
2019-09-25T15:14:27.022-0530: 100.863: [Full GC (Ergonomics) [PSYoungGen: 11264K->11262K(22528K)] [ParOldGen: 68529K->68529K(68608K)] 79793K->79791K(91136K), [Metaspace: 60339K->60339K(1105920K)], 0.0541806 secs] [Times: user=0.16 sys=0.00, real=0.05 secs] 
2019-09-25T15:14:27.077-0530: 100.919: [Full GC (Ergonomics) [PSYoungGen: 11264K->11262K(22528K)] [ParOldGen: 68529K->68529K(68608K)] 79793K->79791K(91136K), [Metaspace: 60339K->60339K(1105920K)], 0.0547303 secs] [Times: user=0.19 sys=0.00, real=0.06 secs] 
2019-09-25T15:14:27.133-0530: 100.975: [Full GC (Ergonomics) [PSYoungGen: 11264K->11262K(22528K)] [ParOldGen: 68529K->68529K(68608K)] 79793K->79791K(91136K), [Metaspace: 60339K->60339K(1105920K)], 0.0575109 secs] [Times: user=0.17 sys=0.00, real=0.06 secs] 
2019-09-25T15:14:27.192-0530: 101.033: [Full GC (Ergonomics) [PSYoungGen: 11264K->11262K(22528K)] [ParOldGen: 68529K->68529K(68608K)] 79793K->79791K(91136K), [Metaspace: 60339K->60339K(1105920K)], 0.0553232 secs] [Times: user=0.18 sys=0.00, real=0.05 secs] 
2019-09-25T15:14:27.249-0530: 101.090: [Full GC (Ergonomics) [PSYoungGen: 11264K->11263K(22528K)] [ParOldGen: 68529K->68529K(68608K)] 79793K->79792K(91136K), [Metaspace: 60339K->60339K(1105920K)], 0.0535349 secs] [Times: user=0.17 sys=0.01, real=0.06 secs] 
2019-09-25T15:14:27.303-0530: 101.145: [Full GC (Ergonomics) [PSYoungGen: 11264K->11260K(22528K)] [ParOldGen: 68529K->68529K(68608K)] 79793K->79789K(91136K), [Metaspace: 60339K->60339K(1105920K)], 0.0553520 secs] [Times: user=0.19 sys=0.00, real=0.05 secs] 
2019-09-25T15:14:27.360-0530: 101.201: [Full GC (Ergonomics) [PSYoungGen: 11264K->11260K(22528K)] [ParOldGen: 68529K->68529K(68608K)] 79793K->79789K(91136K), [Metaspace: 60339K->60339K(1105920K)], 0.0547769 secs] [Times: user=0.17 sys=0.00, real=0.05 secs] 
2019-09-25T15:14:27.416-0530: 101.257: [Full GC (Ergonomics) [PSYoungGen: 11264K->11261K(22528K)] [ParOldGen: 68529K->68528K(68608K)] 79793K->79790K(91136K), [Metaspace: 60339K->60339K(1105920K)], 0.0502122 secs] [Times: user=0.17 sys=0.00, real=0.05 secs] 
2019-09-25T15:14:27.468-0530: 101.309: [Full GC (Ergonomics) [PSYoungGen: 11264K->11262K(22528K)] [ParOldGen: 68528K->68528K(68608K)] 79792K->79790K(91136K), [Metaspace: 60339K->60339K(1105920K)], 0.0545313 secs] [Times: user=0.17 sys=0.01, real=0.06 secs] 
2019-09-25T15:14:27.524-0530: 101.365: [Full GC (Ergonomics) [PSYoungGen: 11264K->11261K(22528K)] [ParOldGen: 68528K->68528K(68608K)] 79792K->79790K(91136K), [Metaspace: 60339K->60339K(1105920K)], 0.0643939 secs] [Times: user=0.25 sys=0.00, real=0.06 secs] 
2019-09-25T15:14:27.589-0530: 101.431: [Full GC (Ergonomics) [PSYoungGen: 11264K->11261K(22528K)] [ParOldGen: 68528K->68528K(68608K)] 79792K->79790K(91136K), [Metaspace: 60339K->60339K(1105920K)], 0.0590641 secs] [Times: user=0.19 sys=0.00, real=0.06 secs] 
2019-09-25T15:14:27.650-0530: 101.491: [Full GC (Ergonomics) [PSYoungGen: 11264K->11262K(22528K)] [ParOldGen: 68528K->68528K(68608K)] 79792K->79791K(91136K), [Metaspace: 60339K->60339K(1105920K)], 0.0565407 secs] [Times: user=0.17 sys=0.00, real=0.05 secs] 
2019-09-25T15:14:27.708-0530: 101.549: [Full GC (Ergonomics) [PSYoungGen: 11264K->11262K(22528K)] [ParOldGen: 68528K->68528K(68608K)] 79792K->79791K(91136K), [Metaspace: 60339K->60339K(1105920K)], 0.0541104 secs] [Times: user=0.19 sys=0.00, real=0.06 secs] 
2019-09-25T15:14:27.763-0530: 101.604: [Full GC (Ergonomics) [PSYoungGen: 11264K->11263K(22528K)] [ParOldGen: 68528K->68528K(68608K)] 79792K->79791K(91136K), [Metaspace: 60339K->60339K(1105920K)], 0.0545627 secs] [Times: user=0.17 sys=0.00, real=0.05 secs] 
2019-09-25T15:14:27.819-0530: 101.660: [Full GC (Ergonomics) [PSYoungGen: 11264K->11262K(22528K)] [ParOldGen: 68528K->68528K(68608K)] 79792K->79791K(91136K), [Metaspace: 60339K->60339K(1105920K)], 0.0604897 secs] [Times: user=0.22 sys=0.00, real=0.06 secs] 
2019-09-25T15:14:27.880-0530: 101.722: [Full GC (Ergonomics) [PSYoungGen: 11264K->11262K(22528K)] [ParOldGen: 68528K->68528K(68608K)] 79792K->79791K(91136K), [Metaspace: 60339K->60339K(1105920K)], 0.0539075 secs] [Times: user=0.17 sys=0.00, real=0.05 secs] 
2019-09-25T15:14:27.936-0530: 101.777: [Full GC (Ergonomics) [PSYoungGen: 11264K->11262K(22528K)] [ParOldGen: 68528K->68528K(68608K)] 79792K->79790K(91136K), [Metaspace: 60339K->60339K(1105920K)], 0.0538792 secs] [Times: user=0.17 sys=0.00, real=0.06 secs] 
2019-09-25T15:14:27.991-0530: 101.832: [Full GC (Ergonomics) [PSYoungGen: 11264K->11262K(22528K)] [ParOldGen: 68528K->68528K(68608K)] 79792K->79791K(91136K), [Metaspace: 60339K->60339K(1105920K)], 0.0534570 secs] [Times: user=0.17 sys=0.01, real=0.05 secs] 
2019-09-25T15:14:28.045-0530: 101.887: [Full GC (Ergonomics) [PSYoungGen: 11264K->11263K(22528K)] [ParOldGen: 68528K->68528K(68608K)] 79792K->79792K(91136K), [Metaspace: 60339K->60339K(1105920K)], 0.0539639 secs] [Times: user=0.17 sys=0.00, real=0.05 secs] 
2019-09-25T15:14:28.100-0530: 101.942: [Full GC (Ergonomics) [PSYoungGen: 11263K->11263K(22528K)] [ParOldGen: 68528K->68528K(68608K)] 79792K->79792K(91136K), [Metaspace: 60339K->60339K(1105920K)], 0.0494349 secs] [Times: user=0.17 sys=0.00, real=0.05 secs] 
2019-09-25T15:14:28.151-0530: 101.992: [Full GC (Ergonomics) [PSYoungGen: 11263K->11244K(22528K)] [ParOldGen: 68546K->68544K(68608K)] 79810K->79788K(91136K), [Metaspace: 60339K->60339K(1105920K)], 0.0625401 secs] [Times: user=0.22 sys=0.00, real=0.06 secs] 
2019-09-25T15:14:28.215-0530: 102.056: [Full GC (Ergonomics) [PSYoungGen: 11264K->11255K(22528K)] [ParOldGen: 68544K->68544K(68608K)] 79808K->79799K(91136K), [Metaspace: 60339K->60339K(1105920K)], 0.0528023 secs] [Times: user=0.18 sys=0.00, real=0.05 secs] 
2019-09-25T15:14:28.269-0530: 102.110: [Full GC (Ergonomics) [PSYoungGen: 11264K->11263K(22528K)] [ParOldGen: 68544K->68544K(68608K)] 79808K->79807K(91136K), [Metaspace: 60339K->60339K(1105920K)], 0.0558614 secs] [Times: user=0.17 sys=0.01, real=0.06 secs] 
2019-09-25T15:14:28.326-0530: 102.168: [Full GC (Ergonomics) [PSYoungGen: 11264K->11263K(22528K)] [ParOldGen: 68544K->68544K(68608K)] 79808K->79807K(91136K), [Metaspace: 60339K->60339K(1105920K)], 0.0592032 secs] [Times: user=0.18 sys=0.00, real=0.06 secs] 
2019-09-25T15:14:28.387-0530: 102.228: [Full GC (Ergonomics) [PSYoungGen: 11264K->11263K(22528K)] [ParOldGen: 68544K->68544K(68608K)] 79808K->79808K(91136K), [Metaspace: 60339K->60339K(1105920K)], 0.0574356 secs] [Times: user=0.18 sys=0.00, real=0.06 secs] 
2019-09-25T15:14:28.446-0530: 102.287: [Full GC (Ergonomics) [PSYoungGen: 11264K->11259K(22528K)] [ParOldGen: 68547K->68531K(68608K)] 79811K->79790K(91136K), [Metaspace: 60339K->60339K(1105920K)], 0.0589608 secs] [Times: user=0.20 sys=0.00, real=0.06 secs] 
2019-09-25T15:14:28.506-0530: 102.347: [Full GC (Ergonomics) [PSYoungGen: 11264K->11261K(22528K)] [ParOldGen: 68531K->68522K(68608K)] 79795K->79783K(91136K), [Metaspace: 60339K->60339K(1105920K)], 0.0516072 secs] [Times: user=0.17 sys=0.00, real=0.05 secs] 
2019-09-25T15:14:28.559-0530: 102.400: [Full GC (Ergonomics) [PSYoungGen: 11264K->11261K(22528K)] [ParOldGen: 68522K->68521K(68608K)] 79786K->79783K(91136K), [Metaspace: 60339K->60339K(1105920K)], 0.0582890 secs] [Times: user=0.17 sys=0.00, real=0.06 secs] 
2019-09-25T15:14:28.619-0530: 102.460: [Full GC (Ergonomics) [PSYoungGen: 11264K->11261K(22528K)] [ParOldGen: 68521K->68521K(68608K)] 79785K->79783K(91136K), [Metaspace: 60339K->60339K(1105920K)], 0.0540003 secs] [Times: user=0.18 sys=0.00, real=0.06 secs] 
2019-09-25T15:14:28.674-0530: 102.515: [Full GC (Ergonomics) [PSYoungGen: 11264K->11262K(22528K)] [ParOldGen: 68521K->68521K(68608K)] 79785K->79784K(91136K), [Metaspace: 60339K->60339K(1105920K)], 0.0537166 secs] [Times: user=0.18 sys=0.00, real=0.05 secs] 
2019-09-25T15:14:28.729-0530: 102.570: [Full GC (Ergonomics) [PSYoungGen: 11264K->11262K(22528K)] [ParOldGen: 68521K->68521K(68608K)] 79785K->79784K(91136K), [Metaspace: 60339K->60339K(1105920K)], 0.0542516 secs] [Times: user=0.17 sys=0.00, real=0.06 secs] 
2019-09-25T15:14:28.784-0530: 102.626: [Full GC (Ergonomics) [PSYoungGen: 11264K->11263K(22528K)] [ParOldGen: 68521K->68521K(68608K)] 79785K->79784K(91136K), [Metaspace: 60339K->60339K(1105920K)], 0.0520498 secs] [Times: user=0.18 sys=0.01, real=0.05 secs] 
2019-09-25T15:14:28.838-0530: 102.679: [Full GC (Ergonomics) [PSYoungGen: 11264K->11262K(22528K)] [ParOldGen: 68521K->68521K(68608K)] 79785K->79784K(91136K), [Metaspace: 60339K->60339K(1105920K)], 0.0540022 secs] [Times: user=0.18 sys=0.00, real=0.06 secs] 
2019-09-25T15:14:28.893-0530: 102.734: [Full GC (Ergonomics) [PSYoungGen: 11264K->11258K(22528K)] [ParOldGen: 68521K->68521K(68608K)] 79785K->79779K(91136K), [Metaspace: 60339K->60339K(1105920K)], 0.0512075 secs] [Times: user=0.18 sys=0.00, real=0.05 secs] 
2019-09-25T15:14:28.946-0530: 102.787: [Full GC (Ergonomics) [PSYoungGen: 11264K->11258K(22528K)] [ParOldGen: 68521K->68521K(68608K)] 79785K->79779K(91136K), [Metaspace: 60339K->60339K(1105920K)], 0.0504751 secs] [Times: user=0.17 sys=0.00, real=0.05 secs] 
2019-09-25T15:14:28.998-0530: 102.839: [Full GC (Ergonomics) [PSYoungGen: 11264K->11257K(22528K)] [ParOldGen: 68521K->68520K(68608K)] 79785K->79778K(91136K), [Metaspace: 60340K->60340K(1105920K)], 0.0545173 secs] [Times: user=0.18 sys=0.00, real=0.06 secs] 
2019-09-25T15:14:29.053-0530: 102.895: [Full GC (Ergonomics) [PSYoungGen: 11264K->11257K(22528K)] [ParOldGen: 68520K->68520K(68608K)] 79784K->79778K(91136K), [Metaspace: 60340K->60340K(1105920K)], 0.0559104 secs] [Times: user=0.18 sys=0.01, real=0.05 secs] 
2019-09-25T15:14:29.111-0530: 102.952: [Full GC (Ergonomics) [PSYoungGen: 11264K->11259K(22528K)] [ParOldGen: 68520K->68520K(68608K)] 79784K->79780K(91136K), [Metaspace: 60340K->60340K(1105920K)], 0.0528933 secs] [Times: user=0.17 sys=0.00, real=0.05 secs] 
2019-09-25T15:14:29.165-0530: 103.006: [Full GC (Ergonomics) [PSYoungGen: 11263K->11260K(22528K)] [ParOldGen: 68520K->68520K(68608K)] 79784K->79781K(91136K), [Metaspace: 60340K->60340K(1105920K)], 0.0537307 secs] [Times: user=0.19 sys=0.00, real=0.05 secs] 
2019-09-25T15:14:29.220-0530: 103.061: [Full GC (Ergonomics) [PSYoungGen: 11264K->11263K(22528K)] [ParOldGen: 68520K->68520K(68608K)] 79784K->79783K(91136K), [Metaspace: 60340K->60340K(1105920K)], 0.0546285 secs] [Times: user=0.17 sys=0.00, real=0.05 secs] 
2019-09-25T15:14:29.276-0530: 103.117: [Full GC (Ergonomics) [PSYoungGen: 11264K->11263K(22528K)] [ParOldGen: 68520K->68520K(68608K)] 79784K->79783K(91136K), [Metaspace: 60340K->60340K(1105920K)], 0.0563521 secs] [Times: user=0.18 sys=0.01, real=0.06 secs] 
2019-09-25T15:14:29.333-0530: 103.175: [Full GC (Ergonomics) [PSYoungGen: 11264K->11263K(22528K)] [ParOldGen: 68520K->68520K(68608K)] 79784K->79784K(91136K), [Metaspace: 60340K->60340K(1105920K)], 0.0563909 secs] [Times: user=0.15 sys=0.00, real=0.06 secs] 
2019-09-25T15:14:29.391-0530: 103.232: [Full GC (Ergonomics) [PSYoungGen: 11264K->11263K(22528K)] [ParOldGen: 68520K->68520K(68608K)] 79784K->79783K(91136K), [Metaspace: 60340K->60340K(1105920K)], 0.0568504 secs] [Times: user=0.16 sys=0.00, real=0.05 secs] 
2019-09-25T15:14:29.449-0530: 103.291: [Full GC (Ergonomics) [PSYoungGen: 11264K->11263K(22528K)] [ParOldGen: 68520K->68520K(68608K)] 79784K->79783K(91136K), [Metaspace: 60340K->60340K(1105920K)], 0.0544562 secs] [Times: user=0.18 sys=0.00, real=0.06 secs] 
2019-09-25T15:14:29.505-0530: 103.346: [Full GC (Ergonomics) [PSYoungGen: 11264K->11263K(22528K)] [ParOldGen: 68520K->68520K(68608K)] 79784K->79784K(91136K), [Metaspace: 60340K->60340K(1105920K)], 0.0503627 secs] [Times: user=0.17 sys=0.00, real=0.05 secs] 
2019-09-25T15:14:29.557-0530: 103.398: [Full GC (Ergonomics) [PSYoungGen: 11264K->11261K(22528K)] [ParOldGen: 68520K->68519K(68608K)] 79784K->79781K(91136K), [Metaspace: 60340K->60340K(1105920K)], 0.0551339 secs] [Times: user=0.18 sys=0.01, real=0.06 secs] 
2019-09-25T15:14:29.613-0530: 103.455: [Full GC (Ergonomics) [PSYoungGen: 11264K->11262K(22528K)] [ParOldGen: 68519K->68519K(68608K)] 79783K->79782K(91136K), [Metaspace: 60340K->60340K(1105920K)], 0.0538988 secs] [Times: user=0.17 sys=0.00, real=0.05 secs] 
2019-09-25T15:14:29.669-0530: 103.510: [Full GC (Ergonomics) [PSYoungGen: 11264K->11263K(22528K)] [ParOldGen: 68537K->68537K(68608K)] 79801K->79800K(91136K), [Metaspace: 60340K->60340K(1105920K)], 0.0555737 secs] [Times: user=0.18 sys=0.00, real=0.06 secs] 
2019-09-25T15:14:29.725-0530: 103.567: [Full GC (Ergonomics) [PSYoungGen: 11264K->11263K(22528K)] [ParOldGen: 68537K->68537K(68608K)] 79801K->79800K(91136K), [Metaspace: 60340K->60340K(1105920K)], 0.0573827 secs] [Times: user=0.18 sys=0.00, real=0.06 secs] 
2019-09-25T15:14:29.784-0530: 103.626: [Full GC (Ergonomics) [PSYoungGen: 11264K->11263K(22528K)] [ParOldGen: 68537K->68537K(68608K)] 79801K->79801K(91136K), [Metaspace: 60340K->60340K(1105920K)], 0.0551656 secs] [Times: user=0.17 sys=0.00, real=0.05 secs] 
2019-09-25T15:14:29.841-0530: 103.682: [Full GC (Ergonomics) [PSYoungGen: 11264K->11261K(22528K)] [ParOldGen: 68540K->68538K(68608K)] 79804K->79800K(91136K), [Metaspace: 60340K->60340K(1105920K)], 0.0572846 secs] [Times: user=0.20 sys=0.00, real=0.05 secs] 
2019-09-25T15:14:29.899-0530: 103.740: [Full GC (Ergonomics) [PSYoungGen: 11264K->11263K(22528K)] [ParOldGen: 68538K->68538K(68608K)] 79802K->79802K(91136K), [Metaspace: 60340K->60340K(1105920K)], 0.0511800 secs] [Times: user=0.16 sys=0.00, real=0.06 secs] 
2019-09-25T15:14:29.952-0530: 103.793: [Full GC (Ergonomics) [PSYoungGen: 11264K->11263K(22528K)] [ParOldGen: 68538K->68538K(68608K)] 79802K->79802K(91136K), [Metaspace: 60340K->60340K(1105920K)], 0.0520720 secs] [Times: user=0.17 sys=0.00, real=0.05 secs] 
2019-09-25T15:14:30.005-0530: 103.846: [Full GC (Ergonomics) [PSYoungGen: 11264K->11263K(22528K)] [ParOldGen: 68538K->68538K(68608K)] 79802K->79802K(91136K), [Metaspace: 60340K->60340K(1105920K)], 0.0532020 secs] [Times: user=0.18 sys=0.00, real=0.05 secs] 
2019-09-25T15:14:30.059-0530: 103.900: [Full GC (Ergonomics) [PSYoungGen: 11264K->11263K(22528K)] [ParOldGen: 68538K->68538K(68608K)] 79802K->79802K(91136K), [Metaspace: 60340K->60340K(1105920K)], 0.0580586 secs] [Times: user=0.17 sys=0.01, real=0.06 secs] 
2019-09-25T15:14:30.119-0530: 103.960: [Full GC (Ergonomics) [PSYoungGen: 11264K->11261K(22528K)] [ParOldGen: 68549K->68531K(68608K)] 79813K->79792K(91136K), [Metaspace: 60342K->60342K(1105920K)], 0.0573281 secs] [Times: user=0.19 sys=0.00, real=0.06 secs] 
2019-09-25T15:14:30.177-0530: 104.019: [Full GC (Ergonomics) [PSYoungGen: 11264K->11262K(22528K)] [ParOldGen: 68531K->68531K(68608K)] 79795K->79794K(91136K), [Metaspace: 60343K->60343K(1105920K)], 0.0566549 secs] [Times: user=0.17 sys=0.00, real=0.06 secs] 
2019-09-25T15:14:30.235-0530: 104.077: [Full GC (Ergonomics) [PSYoungGen: 11264K->11262K(22528K)] [ParOldGen: 68531K->68531K(68608K)] 79795K->79794K(91136K), [Metaspace: 60343K->60343K(1105920K)], 0.0576329 secs] [Times: user=0.18 sys=0.00, real=0.06 secs] 
2019-09-25T15:14:30.294-0530: 104.136: [Full GC (Ergonomics) [PSYoungGen: 11264K->11262K(22528K)] [ParOldGen: 68531K->68531K(68608K)] 79795K->79794K(91136K), [Metaspace: 60343K->60343K(1105920K)], 0.0557896 secs] [Times: user=0.18 sys=0.00, real=0.06 secs] 
2019-09-25T15:14:30.351-0530: 104.193: [Full GC (Ergonomics) [PSYoungGen: 11264K->11263K(22528K)] [ParOldGen: 68531K->68531K(68608K)] 79795K->79795K(91136K), [Metaspace: 60343K->60343K(1105920K)], 0.0542226 secs] [Times: user=0.17 sys=0.01, real=0.05 secs] 
2019-09-25T15:14:30.407-0530: 104.248: [Full GC (Ergonomics) [PSYoungGen: 11264K->11263K(22528K)] [ParOldGen: 68531K->68531K(68608K)] 79795K->79795K(91136K), [Metaspace: 60343K->60343K(1105920K)], 0.0551019 secs] [Times: user=0.18 sys=0.00, real=0.06 secs] 
2019-09-25T15:14:30.463-0530: 104.305: [Full GC (Ergonomics) [PSYoungGen: 11264K->11263K(22528K)] [ParOldGen: 68531K->68531K(68608K)] 79795K->79795K(91136K), [Metaspace: 60343K->60343K(1105920K)], 0.0581264 secs] [Times: user=0.18 sys=0.00, real=0.06 secs] 
2019-09-25T15:14:30.523-0530: 104.364: [Full GC (Ergonomics) [PSYoungGen: 11264K->11263K(22528K)] [ParOldGen: 68531K->68531K(68608K)] 79795K->79795K(91136K), [Metaspace: 60343K->60343K(1105920K)], 0.0601903 secs] [Times: user=0.19 sys=0.00, real=0.06 secs] 
2019-09-25T15:14:30.585-0530: 104.426: [Full GC (Ergonomics) [PSYoungGen: 11264K->11263K(22528K)] [ParOldGen: 68531K->68531K(68608K)] 79795K->79795K(91136K), [Metaspace: 60343K->60343K(1105920K)], 0.0565770 secs] [Times: user=0.17 sys=0.01, real=0.06 secs] 
2019-09-25T15:14:30.643-0530: 104.484: [Full GC (Ergonomics) [PSYoungGen: 11264K->11263K(22528K)] [ParOldGen: 68531K->68531K(68608K)] 79795K->79795K(91136K), [Metaspace: 60343K->60343K(1105920K)], 0.0538749 secs] [Times: user=0.18 sys=0.00, real=0.05 secs] 
2019-09-25T15:14:30.698-0530: 104.539: [Full GC (Ergonomics) [PSYoungGen: 11264K->11263K(22528K)] [ParOldGen: 68531K->68531K(68608K)] 79795K->79795K(91136K), [Metaspace: 60343K->60343K(1105920K)], 0.0571375 secs] [Times: user=0.18 sys=0.00, real=0.06 secs] 
2019-09-25T15:14:30.756-0530: 104.598: [Full GC (Ergonomics) [PSYoungGen: 11264K->11264K(22528K)] [ParOldGen: 68531K->68531K(68608K)] 79795K->79795K(91136K), [Metaspace: 60343K->60343K(1105920K)], 0.0546346 secs] [Times: user=0.17 sys=0.00, real=0.06 secs] 
2019-09-25T15:14:30.812-0530: 104.654: [Full GC (Ergonomics) [PSYoungGen: 11264K->11263K(22528K)] [ParOldGen: 68536K->68533K(68608K)] 79800K->79796K(91136K), [Metaspace: 60344K->60344K(1105920K)], 0.0563977 secs] [Times: user=0.18 sys=0.00, real=0.05 secs] 
2019-09-25T15:14:30.870-0530: 104.712: [Full GC (Ergonomics) [PSYoungGen: 11264K->11263K(22528K)] [ParOldGen: 68533K->68533K(68608K)] 79797K->79797K(91136K), [Metaspace: 60344K->60344K(1105920K)], 0.0560374 secs] [Times: user=0.16 sys=0.01, real=0.05 secs] 
2019-09-25T15:14:30.928-0530: 104.769: [Full GC (Ergonomics) [PSYoungGen: 11264K->11264K(22528K)] [ParOldGen: 68533K->68533K(68608K)] 79797K->79797K(91136K), [Metaspace: 60344K->60344K(1105920K)], 0.0569104 secs] [Times: user=0.17 sys=0.00, real=0.06 secs] 
2019-09-25T15:14:30.986-0530: 104.827: [Full GC (Ergonomics) [PSYoungGen: 11264K->11263K(22528K)] [ParOldGen: 68537K->68534K(68608K)] 79801K->79798K(91136K), [Metaspace: 60344K->60344K(1105920K)], 0.0554346 secs] [Times: user=0.19 sys=0.00, real=0.06 secs] 
2019-09-25T15:14:31.042-0530: 104.884: [Full GC (Ergonomics) [PSYoungGen: 11264K->11263K(22528K)] [ParOldGen: 68534K->68534K(68608K)] 79798K->79798K(91136K), [Metaspace: 60344K->60344K(1105920K)], 0.0554639 secs] [Times: user=0.18 sys=0.00, real=0.05 secs] 
2019-09-25T15:14:31.099-0530: 104.941: [Full GC (Ergonomics) [PSYoungGen: 11264K->11263K(22528K)] [ParOldGen: 68537K->68535K(68608K)] 79801K->79799K(91136K), [Metaspace: 60344K->60344K(1105920K)], 0.0552206 secs] [Times: user=0.18 sys=0.01, real=0.06 secs] 
2019-09-25T15:14:31.156-0530: 104.997: [Full GC (Ergonomics) [PSYoungGen: 11264K->11263K(22528K)] [ParOldGen: 68535K->68535K(68608K)] 79799K->79799K(91136K), [Metaspace: 60344K->60344K(1105920K)], 0.0556213 secs] [Times: user=0.18 sys=0.00, real=0.06 secs] 
2019-09-25T15:14:31.213-0530: 105.054: [Full GC (Ergonomics) [PSYoungGen: 11263K->11263K(22528K)] [ParOldGen: 68535K->68535K(68608K)] 79799K->79799K(91136K), [Metaspace: 60344K->60344K(1105920K)], 0.0562074 secs] [Times: user=0.18 sys=0.00, real=0.05 secs] 
2019-09-25T15:14:31.271-0530: 105.112: [Full GC (Ergonomics) [PSYoungGen: 11263K->11260K(22528K)] [ParOldGen: 68543K->68519K(68608K)] 79807K->79779K(91136K), [Metaspace: 60344K->60344K(1105920K)], 0.0618915 secs] [Times: user=0.21 sys=0.00, real=0.06 secs] 
2019-09-25T15:14:31.334-0530: 105.175: [Full GC (Ergonomics) [PSYoungGen: 11264K->11259K(22528K)] [ParOldGen: 68519K->68519K(68608K)] 79783K->79779K(91136K), [Metaspace: 60344K->60344K(1105920K)], 0.0572798 secs] [Times: user=0.19 sys=0.00, real=0.06 secs] 
2019-09-25T15:14:31.393-0530: 105.234: [Full GC (Ergonomics) [PSYoungGen: 11264K->11259K(22528K)] [ParOldGen: 68519K->68519K(68608K)] 79783K->79779K(91136K), [Metaspace: 60344K->60344K(1105920K)], 0.0612394 secs] [Times: user=0.18 sys=0.00, real=0.06 secs] 
2019-09-25T15:14:31.455-0530: 105.297: [Full GC (Ergonomics) [PSYoungGen: 11264K->11260K(22528K)] [ParOldGen: 68519K->68519K(68608K)] 79783K->79779K(91136K), [Metaspace: 60345K->60345K(1105920K)], 0.0559501 secs] [Times: user=0.18 sys=0.00, real=0.06 secs] 
2019-09-25T15:14:31.512-0530: 105.354: [Full GC (Ergonomics) [PSYoungGen: 11264K->11260K(22528K)] [ParOldGen: 68519K->68519K(68608K)] 79783K->79779K(91136K), [Metaspace: 60345K->60345K(1105920K)], 0.0602876 secs] [Times: user=0.18 sys=0.00, real=0.06 secs] 
2019-09-25T15:14:31.574-0530: 105.416: [Full GC (Ergonomics) [PSYoungGen: 11264K->11261K(22528K)] [ParOldGen: 68519K->68519K(68608K)] 79783K->79780K(91136K), [Metaspace: 60345K->60345K(1105920K)], 0.0573206 secs] [Times: user=0.19 sys=0.00, real=0.06 secs] 
2019-09-25T15:14:31.633-0530: 105.474: [Full GC (Ergonomics) [PSYoungGen: 11264K->11262K(22528K)] [ParOldGen: 68519K->68519K(68608K)] 79783K->79781K(91136K), [Metaspace: 60345K->60345K(1105920K)], 0.0546228 secs] [Times: user=0.17 sys=0.01, real=0.05 secs] 
2019-09-25T15:14:31.689-0530: 105.530: [Full GC (Ergonomics) [PSYoungGen: 11264K->11262K(22528K)] [ParOldGen: 68519K->68519K(68608K)] 79783K->79782K(91136K), [Metaspace: 60345K->60345K(1105920K)], 0.0588478 secs] [Times: user=0.18 sys=0.00, real=0.06 secs] 
2019-09-25T15:14:31.749-0530: 105.590: [Full GC (Ergonomics) [PSYoungGen: 11264K->11263K(22528K)] [ParOldGen: 68519K->68519K(68608K)] 79783K->79782K(91136K), [Metaspace: 60345K->60345K(1105920K)], 0.0543464 secs] [Times: user=0.16 sys=0.00, real=0.06 secs] 
2019-09-25T15:14:31.804-0530: 105.646: [Full GC (Ergonomics) [PSYoungGen: 11264K->11263K(22528K)] [ParOldGen: 68519K->68519K(68608K)] 79783K->79782K(91136K), [Metaspace: 60345K->60345K(1105920K)], 0.0543251 secs] [Times: user=0.17 sys=0.00, real=0.05 secs] 
2019-09-25T15:14:31.860-0530: 105.701: [Full GC (Ergonomics) [PSYoungGen: 11264K->11263K(22528K)] [ParOldGen: 68519K->68519K(68608K)] 79783K->79782K(91136K), [Metaspace: 60345K->60345K(1105920K)], 0.0535459 secs] [Times: user=0.18 sys=0.00, real=0.05 secs] 
2019-09-25T15:14:31.915-0530: 105.756: [Full GC (Ergonomics) [PSYoungGen: 11264K->11263K(22528K)] [ParOldGen: 68519K->68519K(68608K)] 79783K->79782K(91136K), [Metaspace: 60345K->60345K(1105920K)], 0.0557060 secs] [Times: user=0.17 sys=0.01, real=0.06 secs] 
2019-09-25T15:14:31.971-0530: 105.813: [Full GC (Ergonomics) [PSYoungGen: 11264K->11263K(22528K)] [ParOldGen: 68519K->68519K(68608K)] 79783K->79782K(91136K), [Metaspace: 60345K->60345K(1105920K)], 0.0608098 secs] [Times: user=0.18 sys=0.00, real=0.06 secs] 
2019-09-25T15:14:32.033-0530: 105.875: [Full GC (Ergonomics) [PSYoungGen: 11263K->11263K(22528K)] [ParOldGen: 68519K->68519K(68608K)] 79782K->79782K(91136K), [Metaspace: 60345K->60345K(1105920K)], 0.0623817 secs] [Times: user=0.19 sys=0.00, real=0.06 secs] 
2019-09-25T15:14:32.097-0530: 105.939: [Full GC (Ergonomics) [PSYoungGen: 11264K->11264K(22528K)] [ParOldGen: 68519K->68519K(68608K)] 79783K->79783K(91136K), [Metaspace: 60345K->60345K(1105920K)], 0.0536809 secs] [Times: user=0.17 sys=0.00, real=0.06 secs] 
2019-09-25T15:14:32.152-0530: 105.994: [Full GC (Ergonomics) [PSYoungGen: 11264K->11262K(22528K)] [ParOldGen: 68521K->68519K(68608K)] 79785K->79781K(91136K), [Metaspace: 60345K->60345K(1105920K)], 0.0539955 secs] [Times: user=0.17 sys=0.01, real=0.05 secs] 
2019-09-25T15:14:32.207-0530: 106.049: [Full GC (Ergonomics) [PSYoungGen: 11264K->11261K(22528K)] [ParOldGen: 68519K->68519K(68608K)] 79783K->79781K(91136K), [Metaspace: 60345K->60345K(1105920K)], 0.0520981 secs] [Times: user=0.17 sys=0.00, real=0.05 secs] 
2019-09-25T15:14:32.261-0530: 106.102: [Full GC (Ergonomics) [PSYoungGen: 11264K->11262K(22528K)] [ParOldGen: 68534K->68528K(68608K)] 79798K->79790K(91136K), [Metaspace: 60345K->60345K(1105920K)], 0.0589377 secs] [Times: user=0.18 sys=0.00, real=0.06 secs] 
2019-09-25T15:14:32.321-0530: 106.162: [Full GC (Ergonomics) [PSYoungGen: 11264K->11262K(22528K)] [ParOldGen: 68528K->68528K(68608K)] 79792K->79791K(91136K), [Metaspace: 60345K->60345K(1105920K)], 0.0580323 secs] [Times: user=0.17 sys=0.00, real=0.05 secs] 
2019-09-25T15:14:32.380-0530: 106.221: [Full GC (Ergonomics) [PSYoungGen: 11264K->11261K(22528K)] [ParOldGen: 68528K->68528K(68608K)] 79792K->79790K(91136K), [Metaspace: 60345K->60345K(1105920K)], 0.0613100 secs] [Times: user=0.20 sys=0.01, real=0.06 secs] 
2019-09-25T15:14:32.443-0530: 106.284: [Full GC (Ergonomics) [PSYoungGen: 11264K->11261K(22528K)] [ParOldGen: 68528K->68528K(68608K)] 79792K->79789K(91136K), [Metaspace: 60345K->60345K(1105920K)], 0.0533171 secs] [Times: user=0.17 sys=0.00, real=0.05 secs] 
2019-09-25T15:14:32.497-0530: 106.339: [Full GC (Ergonomics) [PSYoungGen: 11264K->11261K(22528K)] [ParOldGen: 68528K->68528K(68608K)] 79792K->79789K(91136K), [Metaspace: 60345K->60345K(1105920K)], 0.0553704 secs] [Times: user=0.19 sys=0.00, real=0.06 secs] 
2019-09-25T15:14:32.554-0530: 106.395: [Full GC (Ergonomics) [PSYoungGen: 11264K->11261K(22528K)] [ParOldGen: 68528K->68528K(68608K)] 79792K->79789K(91136K), [Metaspace: 60345K->60345K(1105920K)], 0.0545704 secs] [Times: user=0.17 sys=0.00, real=0.05 secs] 
2019-09-25T15:14:32.610-0530: 106.451: [Full GC (Ergonomics) [PSYoungGen: 11264K->11262K(22528K)] [ParOldGen: 68528K->68528K(68608K)] 79792K->79791K(91136K), [Metaspace: 60345K->60345K(1105920K)], 0.0550615 secs] [Times: user=0.18 sys=0.00, real=0.05 secs] 
2019-09-25T15:14:32.666-0530: 106.507: [Full GC (Ergonomics) [PSYoungGen: 11264K->11262K(22528K)] [ParOldGen: 68528K->68528K(68608K)] 79792K->79790K(91136K), [Metaspace: 60345K->60345K(1105920K)], 0.0550453 secs] [Times: user=0.18 sys=0.00, real=0.06 secs] 
2019-09-25T15:14:32.723-0530: 106.564: [Full GC (Ergonomics) [PSYoungGen: 11264K->11261K(22528K)] [ParOldGen: 68528K->68528K(68608K)] 79792K->79790K(91136K), [Metaspace: 60345K->60345K(1105920K)], 0.0565018 secs] [Times: user=0.18 sys=0.00, real=0.05 secs] 
2019-09-25T15:14:32.781-0530: 106.622: [Full GC (Ergonomics) [PSYoungGen: 11264K->11261K(22528K)] [ParOldGen: 68539K->68538K(68608K)] 79803K->79799K(91136K), [Metaspace: 60345K->60345K(1105920K)], 0.0539050 secs] [Times: user=0.18 sys=0.00, real=0.05 secs] 
2019-09-25T15:14:32.836-0530: 106.677: [Full GC (Ergonomics) [PSYoungGen: 11264K->11260K(22528K)] [ParOldGen: 68538K->68538K(68608K)] 79802K->79799K(91136K), [Metaspace: 60345K->60345K(1105920K)], 0.0526900 secs] [Times: user=0.18 sys=0.00, real=0.05 secs] 
2019-09-25T15:14:32.890-0530: 106.731: [Full GC (Ergonomics) [PSYoungGen: 11264K->11261K(22528K)] [ParOldGen: 68538K->68538K(68608K)] 79802K->79799K(91136K), [Metaspace: 60345K->60345K(1105920K)], 0.0607260 secs] [Times: user=0.18 sys=0.01, real=0.06 secs] 
2019-09-25T15:14:32.952-0530: 106.794: [Full GC (Ergonomics) [PSYoungGen: 11264K->11262K(22528K)] [ParOldGen: 68538K->68538K(68608K)] 79802K->79800K(91136K), [Metaspace: 60345K->60345K(1105920K)], 0.0557971 secs] [Times: user=0.19 sys=0.00, real=0.05 secs] 
2019-09-25T15:14:33.009-0530: 106.851: [Full GC (Ergonomics) [PSYoungGen: 11264K->11260K(22528K)] [ParOldGen: 68538K->68529K(68608K)] 79802K->79789K(91136K), [Metaspace: 60345K->60345K(1105920K)], 0.0573737 secs] [Times: user=0.15 sys=0.00, real=0.06 secs] 
2019-09-25T15:14:33.068-0530: 106.910: [Full GC (Ergonomics) [PSYoungGen: 11264K->11260K(22528K)] [ParOldGen: 68529K->68529K(68608K)] 79793K->79790K(91136K), [Metaspace: 60345K->60345K(1105920K)], 0.0556947 secs] [Times: user=0.19 sys=0.00, real=0.06 secs] 
2019-09-25T15:14:33.125-0530: 106.966: [Full GC (Ergonomics) [PSYoungGen: 11264K->11262K(22528K)] [ParOldGen: 68529K->68529K(68608K)] 79793K->79792K(91136K), [Metaspace: 60345K->60345K(1105920K)], 0.0586217 secs] [Times: user=0.16 sys=0.01, real=0.06 secs] 
2019-09-25T15:14:33.185-0530: 107.026: [Full GC (Ergonomics) [PSYoungGen: 11264K->11260K(22528K)] [ParOldGen: 68529K->68527K(68608K)] 79793K->79788K(91136K), [Metaspace: 60345K->60338K(1105920K)], 0.0618122 secs] [Times: user=0.18 sys=0.00, real=0.06 secs] 
2019-09-25T15:14:33.248-0530: 107.089: [Full GC (Ergonomics) [PSYoungGen: 11264K->11261K(22528K)] [ParOldGen: 68527K->68527K(68608K)] 79791K->79789K(91136K), [Metaspace: 60338K->60338K(1105920K)], 0.0615262 secs] [Times: user=0.19 sys=0.00, real=0.07 secs] 
2019-09-25T15:14:33.311-0530: 107.152: [Full GC (Ergonomics) [PSYoungGen: 11264K->11261K(22528K)] [ParOldGen: 68527K->68518K(68608K)] 79791K->79780K(91136K), [Metaspace: 60338K->60338K(1105920K)], 0.0830894 secs] [Times: user=0.35 sys=0.01, real=0.08 secs] 
2019-09-25T15:14:33.395-0530: 107.237: [Full GC (Ergonomics) [PSYoungGen: 11264K->11262K(22528K)] [ParOldGen: 68518K->68518K(68608K)] 79782K->79781K(91136K), [Metaspace: 60338K->60338K(1105920K)], 0.0580080 secs] [Times: user=0.19 sys=0.00, real=0.06 secs] 
2019-09-25T15:14:33.454-0530: 107.296: [Full GC (Ergonomics) [PSYoungGen: 11264K->11262K(22528K)] [ParOldGen: 68518K->68518K(68608K)] 79782K->79781K(91136K), [Metaspace: 60338K->60338K(1105920K)], 0.0548135 secs] [Times: user=0.17 sys=0.00, real=0.05 secs] 
2019-09-25T15:14:33.510-0530: 107.352: [Full GC (Ergonomics) [PSYoungGen: 11264K->11263K(22528K)] [ParOldGen: 68518K->68518K(68608K)] 79782K->79781K(91136K), [Metaspace: 60338K->60338K(1105920K)], 0.0564662 secs] [Times: user=0.18 sys=0.00, real=0.05 secs] 
2019-09-25T15:14:33.568-0530: 107.410: [Full GC (Ergonomics) [PSYoungGen: 11264K->11263K(22528K)] [ParOldGen: 68518K->68518K(68608K)] 79782K->79782K(91136K), [Metaspace: 60338K->60338K(1105920K)], 0.0600850 secs] [Times: user=0.20 sys=0.01, real=0.06 secs] 
2019-09-25T15:14:33.630-0530: 107.471: [Full GC (Ergonomics) [PSYoungGen: 11264K->11263K(22528K)] [ParOldGen: 68518K->68518K(68608K)] 79782K->79782K(91136K), [Metaspace: 60338K->60338K(1105920K)], 0.0572020 secs] [Times: user=0.18 sys=0.00, real=0.05 secs] 
2019-09-25T15:14:33.688-0530: 107.530: [Full GC (Ergonomics) [PSYoungGen: 11264K->11263K(22528K)] [ParOldGen: 68518K->68518K(68608K)] 79782K->79782K(91136K), [Metaspace: 60338K->60338K(1105920K)], 0.0566874 secs] [Times: user=0.18 sys=0.00, real=0.06 secs] 
2019-09-25T15:14:33.746-0530: 107.588: [Full GC (Ergonomics) [PSYoungGen: 11264K->11263K(22528K)] [ParOldGen: 68518K->68518K(68608K)] 79782K->79782K(91136K), [Metaspace: 60338K->60338K(1105920K)], 0.0553188 secs] [Times: user=0.18 sys=0.00, real=0.06 secs] 
2019-09-25T15:14:33.803-0530: 107.645: [Full GC (Ergonomics) [PSYoungGen: 11264K->11263K(22528K)] [ParOldGen: 68537K->68536K(68608K)] 79801K->79800K(91136K), [Metaspace: 60339K->60339K(1105920K)], 0.0560531 secs] [Times: user=0.18 sys=0.01, real=0.05 secs] 
2019-09-25T15:14:33.861-0530: 107.702: [Full GC (Ergonomics) [PSYoungGen: 11264K->11263K(22528K)] [ParOldGen: 68539K->68538K(68608K)] 79803K->79801K(91136K), [Metaspace: 60344K->60344K(1105920K)], 0.0547033 secs] [Times: user=0.17 sys=0.00, real=0.05 secs] 
2019-09-25T15:14:33.917-0530: 107.758: [Full GC (Ergonomics) [PSYoungGen: 11264K->11263K(22528K)] [ParOldGen: 68538K->68538K(68608K)] 79802K->79801K(91136K), [Metaspace: 60344K->60344K(1105920K)], 0.0565164 secs] [Times: user=0.17 sys=0.00, real=0.06 secs] 
2019-09-25T15:14:33.974-0530: 107.816: [Full GC (Ergonomics) [PSYoungGen: 11264K->11263K(22528K)] [ParOldGen: 68538K->68537K(68608K)] 79802K->79801K(91136K), [Metaspace: 60344K->60344K(1105920K)], 0.0676218 secs] [Times: user=0.27 sys=0.00, real=0.07 secs] 
2019-09-25T15:14:34.043-0530: 107.885: [Full GC (Ergonomics) [PSYoungGen: 11264K->11263K(22528K)] [ParOldGen: 68537K->68537K(68608K)] 79801K->79801K(91136K), [Metaspace: 60344K->60344K(1105920K)], 0.0530728 secs] [Times: user=0.18 sys=0.01, real=0.05 secs] 
2019-09-25T15:14:34.097-0530: 107.939: [Full GC (Ergonomics) [PSYoungGen: 11263K->11263K(22528K)] [ParOldGen: 68537K->68537K(68608K)] 79801K->79801K(91136K), [Metaspace: 60344K->60344K(1105920K)], 0.0530705 secs] [Times: user=0.17 sys=0.00, real=0.06 secs] 
2019-09-25T15:14:34.152-0530: 107.993: [Full GC (Ergonomics) [PSYoungGen: 11263K->11263K(22528K)] [ParOldGen: 68540K->68539K(68608K)] 79804K->79803K(91136K), [Metaspace: 60345K->60345K(1105920K)], 0.0525403 secs] [Times: user=0.17 sys=0.00, real=0.05 secs] 
2019-09-25T15:14:34.206-0530: 108.047: [Full GC (Ergonomics) [PSYoungGen: 11264K->11263K(22528K)] [ParOldGen: 68539K->68539K(68608K)] 79803K->79803K(91136K), [Metaspace: 60345K->60345K(1105920K)], 0.0656016 secs] [Times: user=0.22 sys=0.00, real=0.07 secs] 
2019-09-25T15:14:34.273-0530: 108.114: [Full GC (Ergonomics) [PSYoungGen: 11264K->11263K(22528K)] [ParOldGen: 68539K->68539K(68608K)] 79803K->79803K(91136K), [Metaspace: 60345K->60345K(1105920K)], 0.0558907 secs] [Times: user=0.17 sys=0.01, real=0.05 secs] 
2019-09-25T15:14:34.330-0530: 108.171: [Full GC (Ergonomics) [PSYoungGen: 11264K->11263K(22528K)] [ParOldGen: 68542K->68541K(68608K)] 79806K->79805K(91136K), [Metaspace: 60345K->60345K(1105920K)], 0.0550510 secs] [Times: user=0.18 sys=0.00, real=0.05 secs] 
2019-09-25T15:14:34.386-0530: 108.227: [Full GC (Ergonomics) [PSYoungGen: 11264K->11263K(22528K)] [ParOldGen: 68541K->68541K(68608K)] 79805K->79805K(91136K), [Metaspace: 60345K->60345K(1105920K)], 0.0531335 secs] [Times: user=0.19 sys=0.00, real=0.05 secs] 
2019-09-25T15:14:34.440-0530: 108.282: [Full GC (Ergonomics) [PSYoungGen: 11264K->11264K(22528K)] [ParOldGen: 68541K->68541K(68608K)] 79805K->79805K(91136K), [Metaspace: 60345K->60345K(1105920K)], 0.0521239 secs] [Times: user=0.17 sys=0.00, real=0.05 secs] 
2019-09-25T15:14:34.495-0530: 108.336: [Full GC (Ergonomics) [PSYoungGen: 11264K->11262K(22528K)] [ParOldGen: 68544K->68543K(68608K)] 79808K->79805K(91136K), [Metaspace: 60345K->60345K(1105920K)], 0.0584484 secs] [Times: user=0.18 sys=0.01, real=0.06 secs] 
2019-09-25T15:14:34.554-0530: 108.396: [Full GC (Ergonomics) [PSYoungGen: 11264K->11262K(22528K)] [ParOldGen: 68543K->68542K(68608K)] 79807K->79805K(91136K), [Metaspace: 60345K->60345K(1105920K)], 0.0561105 secs] [Times: user=0.17 sys=0.00, real=0.06 secs] 
2019-09-25T15:14:34.612-0530: 108.454: [Full GC (Ergonomics) [PSYoungGen: 11264K->11263K(22528K)] [ParOldGen: 68542K->68542K(68608K)] 79806K->79805K(91136K), [Metaspace: 60345K->60345K(1105920K)], 0.0559779 secs] [Times: user=0.18 sys=0.00, real=0.05 secs] 
2019-09-25T15:14:34.669-0530: 108.511: [Full GC (Ergonomics) [PSYoungGen: 11264K->11263K(22528K)] [ParOldGen: 68542K->68542K(68608K)] 79806K->79806K(91136K), [Metaspace: 60345K->60345K(1105920K)], 0.0536095 secs] [Times: user=0.17 sys=0.00, real=0.06 secs] 
2019-09-25T15:14:34.724-0530: 108.566: [Full GC (Ergonomics) [PSYoungGen: 11264K->11263K(22528K)] [ParOldGen: 68542K->68542K(68608K)] 79806K->79806K(91136K), [Metaspace: 60345K->60345K(1105920K)], 0.0591270 secs] [Times: user=0.18 sys=0.00, real=0.06 secs] 
2019-09-25T15:14:34.785-0530: 108.627: [Full GC (Ergonomics) [PSYoungGen: 11264K->11263K(22528K)] [ParOldGen: 68545K->68544K(68608K)] 79809K->79808K(91136K), [Metaspace: 60345K->60345K(1105920K)], 0.0585406 secs] [Times: user=0.19 sys=0.01, real=0.06 secs] 
2019-09-25T15:14:34.845-0530: 108.687: [Full GC (Ergonomics) [PSYoungGen: 11263K->11263K(22528K)] [ParOldGen: 68544K->68544K(68608K)] 79808K->79808K(91136K), [Metaspace: 60345K->60345K(1105920K)], 0.0550366 secs] [Times: user=0.17 sys=0.00, real=0.06 secs] 
2019-09-25T15:14:34.902-0530: 108.744: [Full GC (Ergonomics) [PSYoungGen: 11263K->11263K(22528K)] [ParOldGen: 68551K->68545K(68608K)] 79815K->79809K(91136K), [Metaspace: 60345K->60345K(1105920K)], 0.0523578 secs] [Times: user=0.17 sys=0.00, real=0.05 secs] 
2019-09-25T15:14:34.956-0530: 108.798: [Full GC (Ergonomics) [PSYoungGen: 11264K->11263K(22528K)] [ParOldGen: 68545K->68545K(68608K)] 79809K->79809K(91136K), [Metaspace: 60345K->60345K(1105920K)], 0.0592195 secs] [Times: user=0.17 sys=0.00, real=0.06 secs] 
2019-09-25T15:14:35.017-0530: 108.858: [Full GC (Ergonomics) [PSYoungGen: 11264K->11263K(22528K)] [ParOldGen: 68545K->68545K(68608K)] 79809K->79809K(91136K), [Metaspace: 60345K->60345K(1105920K)], 0.0642064 secs] [Times: user=0.19 sys=0.01, real=0.07 secs] 
2019-09-25T15:14:35.084-0530: 108.925: [Full GC (Ergonomics) [PSYoungGen: 11264K->11263K(22528K)] [ParOldGen: 68545K->68545K(68608K)] 79809K->79809K(91136K), [Metaspace: 60345K->60345K(1105920K)], 0.0598387 secs] [Times: user=0.19 sys=0.00, real=0.06 secs] 
2019-09-25T15:14:35.145-0530: 108.987: [Full GC (Ergonomics) [PSYoungGen: 11264K->11263K(22528K)] [ParOldGen: 68545K->68545K(68608K)] 79809K->79809K(91136K), [Metaspace: 60345K->60345K(1105920K)], 0.0569272 secs] [Times: user=0.18 sys=0.00, real=0.06 secs] 
2019-09-25T15:14:35.204-0530: 109.045: [Full GC (Ergonomics) [PSYoungGen: 11263K->11262K(22528K)] [ParOldGen: 68549K->68546K(68608K)] 79813K->79809K(91136K), [Metaspace: 60345K->60345K(1105920K)], 0.0568685 secs] [Times: user=0.17 sys=0.01, real=0.06 secs] 
2019-09-25T15:14:35.262-0530: 109.103: [Full GC (Ergonomics) [PSYoungGen: 11264K->11263K(22528K)] [ParOldGen: 68546K->68546K(68608K)] 79810K->79810K(91136K), [Metaspace: 60345K->60345K(1105920K)], 0.0513766 secs] [Times: user=0.17 sys=0.00, real=0.05 secs] 
2019-09-25T15:14:35.315-0530: 109.156: [Full GC (Ergonomics) [PSYoungGen: 11264K->11263K(22528K)] [ParOldGen: 68546K->68546K(68608K)] 79810K->79810K(91136K), [Metaspace: 60345K->60345K(1105920K)], 0.0549611 secs] [Times: user=0.17 sys=0.00, real=0.06 secs] 
2019-09-25T15:14:35.371-0530: 109.212: [Full GC (Ergonomics) [PSYoungGen: 11263K->11260K(22528K)] [ParOldGen: 68546K->68530K(68608K)] 79810K->79791K(91136K), [Metaspace: 60345K->60345K(1105920K)], 0.0549931 secs] [Times: user=0.18 sys=0.00, real=0.05 secs] 
2019-09-25T15:14:35.427-0530: 109.268: [Full GC (Ergonomics) [PSYoungGen: 11264K->11261K(22528K)] [ParOldGen: 68530K->68530K(68608K)] 79794K->79792K(91136K), [Metaspace: 60345K->60345K(1105920K)], 0.0499603 secs] [Times: user=0.17 sys=0.00, real=0.05 secs] 
2019-09-25T15:14:35.478-0530: 109.320: [Full GC (Ergonomics) [PSYoungGen: 11263K->11263K(22528K)] [ParOldGen: 68530K->68530K(68608K)] 79794K->79793K(91136K), [Metaspace: 60345K->60345K(1105920K)], 0.0511326 secs] [Times: user=0.16 sys=0.01, real=0.05 secs] 
2019-09-25T15:14:35.531-0530: 109.372: [Full GC (Ergonomics) [PSYoungGen: 11264K->11263K(22528K)] [ParOldGen: 68530K->68530K(68608K)] 79794K->79794K(91136K), [Metaspace: 60345K->60345K(1105920K)], 0.0522524 secs] [Times: user=0.17 sys=0.00, real=0.05 secs] 
2019-09-25T15:14:35.584-0530: 109.425: [Full GC (Ergonomics) [PSYoungGen: 11263K->11263K(22528K)] [ParOldGen: 68530K->68530K(68608K)] 79794K->79794K(91136K), [Metaspace: 60345K->60345K(1105920K)], 0.0500896 secs] [Times: user=0.16 sys=0.00, real=0.05 secs] 
2019-09-25T15:14:35.635-0530: 109.477: [Full GC (Ergonomics) [PSYoungGen: 11264K->11260K(22528K)] [ParOldGen: 68533K->68524K(68608K)] 79797K->79785K(91136K), [Metaspace: 60345K->60345K(1105920K)], 0.0522624 secs] [Times: user=0.17 sys=0.00, real=0.05 secs] 
2019-09-25T15:14:35.689-0530: 109.530: [Full GC (Ergonomics) [PSYoungGen: 11264K->11261K(22528K)] [ParOldGen: 68524K->68524K(68608K)] 79788K->79786K(91136K), [Metaspace: 60345K->60345K(1105920K)], 0.0532784 secs] [Times: user=0.18 sys=0.01, real=0.06 secs] 
2019-09-25T15:14:35.743-0530: 109.585: [Full GC (Ergonomics) [PSYoungGen: 11263K->11262K(22528K)] [ParOldGen: 68524K->68523K(68608K)] 79788K->79786K(91136K), [Metaspace: 60345K->60345K(1105920K)], 0.0490997 secs] [Times: user=0.16 sys=0.00, real=0.05 secs] 
2019-09-25T15:14:35.794-0530: 109.635: [Full GC (Ergonomics) [PSYoungGen: 11264K->11262K(22528K)] [ParOldGen: 68523K->68523K(68608K)] 79787K->79786K(91136K), [Metaspace: 60345K->60345K(1105920K)], 0.0556520 secs] [Times: user=0.21 sys=0.00, real=0.05 secs] 
2019-09-25T15:14:35.851-0530: 109.692: [Full GC (Ergonomics) [PSYoungGen: 11264K->11263K(22528K)] [ParOldGen: 68523K->68523K(68608K)] 79787K->79787K(91136K), [Metaspace: 60345K->60345K(1105920K)], 0.0513020 secs] [Times: user=0.17 sys=0.00, real=0.05 secs] 
2019-09-25T15:14:35.903-0530: 109.745: [Full GC (Ergonomics) [PSYoungGen: 11264K->11263K(22528K)] [ParOldGen: 68523K->68523K(68608K)] 79787K->79786K(91136K), [Metaspace: 60345K->60345K(1105920K)], 0.0478160 secs] [Times: user=0.16 sys=0.01, real=0.05 secs] 
2019-09-25T15:14:35.952-0530: 109.794: [Full GC (Ergonomics) [PSYoungGen: 11264K->11263K(22528K)] [ParOldGen: 68523K->68523K(68608K)] 79787K->79787K(91136K), [Metaspace: 60345K->60345K(1105920K)], 0.0491423 secs] [Times: user=0.17 sys=0.00, real=0.05 secs] 
2019-09-25T15:14:36.003-0530: 109.844: [Full GC (Ergonomics) [PSYoungGen: 11264K->11263K(22528K)] [ParOldGen: 68523K->68523K(68608K)] 79787K->79787K(91136K), [Metaspace: 60345K->60345K(1105920K)], 0.0511878 secs] [Times: user=0.17 sys=0.00, real=0.05 secs] 
2019-09-25T15:14:36.055-0530: 109.896: [Full GC (Ergonomics) [PSYoungGen: 11264K->11263K(22528K)] [ParOldGen: 68523K->68514K(68608K)] 79787K->79778K(91136K), [Metaspace: 60345K->60345K(1105920K)], 0.0489990 secs] [Times: user=0.17 sys=0.00, real=0.05 secs] 
2019-09-25T15:14:36.105-0530: 109.946: [Full GC (Ergonomics) [PSYoungGen: 11264K->11263K(22528K)] [ParOldGen: 68514K->68514K(68608K)] 79778K->79778K(91136K), [Metaspace: 60345K->60345K(1105920K)], 0.0505163 secs] [Times: user=0.17 sys=0.00, real=0.05 secs] 
2019-09-25T15:14:36.157-0530: 109.998: [Full GC (Ergonomics) [PSYoungGen: 11263K->11263K(22528K)] [ParOldGen: 68517K->68516K(68608K)] 79781K->79780K(91136K), [Metaspace: 60345K->60345K(1105920K)], 0.0489653 secs] [Times: user=0.17 sys=0.00, real=0.05 secs] 
2019-09-25T15:14:36.207-0530: 110.049: [Full GC (Ergonomics) [PSYoungGen: 11264K->11263K(22528K)] [ParOldGen: 68516K->68516K(68608K)] 79780K->79780K(91136K), [Metaspace: 60345K->60345K(1105920K)], 0.0517400 secs] [Times: user=0.17 sys=0.00, real=0.05 secs] 
2019-09-25T15:14:36.260-0530: 110.102: [Full GC (Ergonomics) [PSYoungGen: 11264K->11263K(22528K)] [ParOldGen: 68518K->68518K(68608K)] 79782K->79781K(91136K), [Metaspace: 60345K->60345K(1105920K)], 0.0543496 secs] [Times: user=0.17 sys=0.00, real=0.05 secs] 
2019-09-25T15:14:36.316-0530: 110.157: [Full GC (Ergonomics) [PSYoungGen: 11264K->11263K(22528K)] [ParOldGen: 68518K->68517K(68608K)] 79782K->79781K(91136K), [Metaspace: 60345K->60345K(1105920K)], 0.0508218 secs] [Times: user=0.16 sys=0.00, real=0.05 secs] 
2019-09-25T15:14:36.368-0530: 110.209: [Full GC (Ergonomics) [PSYoungGen: 11264K->11263K(22528K)] [ParOldGen: 68517K->68517K(68608K)] 79781K->79781K(91136K), [Metaspace: 60345K->60345K(1105920K)], 0.0496376 secs] [Times: user=0.17 sys=0.01, real=0.05 secs] 
2019-09-25T15:14:36.418-0530: 110.260: [Full GC (Ergonomics) [PSYoungGen: 11264K->11263K(22528K)] [ParOldGen: 68517K->68517K(68608K)] 79781K->79781K(91136K), [Metaspace: 60345K->60345K(1105920K)], 0.0515636 secs] [Times: user=0.18 sys=0.00, real=0.06 secs] 
2019-09-25T15:14:36.471-0530: 110.313: [Full GC (Ergonomics) [PSYoungGen: 11264K->11261K(22528K)] [ParOldGen: 68528K->68527K(68608K)] 79792K->79788K(91136K), [Metaspace: 60345K->60345K(1105920K)], 0.0465289 secs] [Times: user=0.16 sys=0.00, real=0.04 secs] 
2019-09-25T15:14:36.519-0530: 110.360: [Full GC (Ergonomics) [PSYoungGen: 11264K->11262K(22528K)] [ParOldGen: 68527K->68526K(68608K)] 79791K->79789K(91136K), [Metaspace: 60345K->60345K(1105920K)], 0.0517514 secs] [Times: user=0.20 sys=0.00, real=0.06 secs] 
2019-09-25T15:14:36.572-0530: 110.413: [Full GC (Ergonomics) [PSYoungGen: 11264K->11263K(22528K)] [ParOldGen: 68526K->68526K(68608K)] 79790K->79790K(91136K), [Metaspace: 60345K->60345K(1105920K)], 0.0463907 secs] [Times: user=0.17 sys=0.00, real=0.04 secs] 
2019-09-25T15:14:36.619-0530: 110.461: [Full GC (Ergonomics) [PSYoungGen: 11264K->11259K(22528K)] [ParOldGen: 68526K->68526K(68608K)] 79790K->79785K(91136K), [Metaspace: 60345K->60345K(1105920K)], 0.0522525 secs] [Times: user=0.18 sys=0.00, real=0.06 secs] 
2019-09-25T15:14:36.673-0530: 110.514: [Full GC (Ergonomics) [PSYoungGen: 11264K->11260K(22528K)] [ParOldGen: 68526K->68525K(68608K)] 79790K->79785K(91136K), [Metaspace: 60345K->60345K(1105920K)], 0.0555496 secs] [Times: user=0.19 sys=0.00, real=0.05 secs] 
2019-09-25T15:14:36.730-0530: 110.571: [Full GC (Ergonomics) [PSYoungGen: 11264K->11261K(22528K)] [ParOldGen: 68525K->68525K(68608K)] 79789K->79786K(91136K), [Metaspace: 60345K->60345K(1105920K)], 0.0518293 secs] [Times: user=0.17 sys=0.00, real=0.05 secs] 
2019-09-25T15:14:36.783-0530: 110.624: [Full GC (Ergonomics) [PSYoungGen: 11264K->11261K(22528K)] [ParOldGen: 68525K->68525K(68608K)] 79789K->79787K(91136K), [Metaspace: 60345K->60345K(1105920K)], 0.0471328 secs] [Times: user=0.16 sys=0.01, real=0.05 secs] 
2019-09-25T15:14:36.831-0530: 110.672: [Full GC (Ergonomics) [PSYoungGen: 11264K->11262K(22528K)] [ParOldGen: 68525K->68525K(68608K)] 79789K->79787K(91136K), [Metaspace: 60345K->60345K(1105920K)], 0.0499931 secs] [Times: user=0.17 sys=0.00, real=0.05 secs] 
2019-09-25T15:14:36.882-0530: 110.724: [Full GC (Ergonomics) [PSYoungGen: 11264K->11262K(22528K)] [ParOldGen: 68525K->68525K(68608K)] 79789K->79787K(91136K), [Metaspace: 60345K->60345K(1105920K)], 0.0539212 secs] [Times: user=0.18 sys=0.00, real=0.05 secs] 
2019-09-25T15:14:36.937-0530: 110.779: [Full GC (Ergonomics) [PSYoungGen: 11264K->11261K(22528K)] [ParOldGen: 68525K->68525K(68608K)] 79789K->79787K(91136K), [Metaspace: 60345K->60345K(1105920K)], 0.0500603 secs] [Times: user=0.17 sys=0.00, real=0.05 secs] 
2019-09-25T15:14:36.989-0530: 110.830: [Full GC (Ergonomics) [PSYoungGen: 11264K->11262K(22528K)] [ParOldGen: 68525K->68525K(68608K)] 79789K->79788K(91136K), [Metaspace: 60345K->60345K(1105920K)], 0.0573897 secs] [Times: user=0.18 sys=0.00, real=0.06 secs] 
2019-09-25T15:14:37.047-0530: 110.889: [Full GC (Ergonomics) [PSYoungGen: 11264K->11262K(22528K)] [ParOldGen: 68525K->68525K(68608K)] 79789K->79788K(91136K), [Metaspace: 60345K->60345K(1105920K)], 0.0562365 secs] [Times: user=0.18 sys=0.01, real=0.06 secs] 
2019-09-25T15:14:37.105-0530: 110.947: [Full GC (Ergonomics) [PSYoungGen: 11264K->11263K(22528K)] [ParOldGen: 68525K->68525K(68608K)] 79789K->79788K(91136K), [Metaspace: 60345K->60345K(1105920K)], 0.0521214 secs] [Times: user=0.18 sys=0.00, real=0.05 secs] 
2019-09-25T15:14:37.158-0530: 111.000: [Full GC (Ergonomics) [PSYoungGen: 11264K->11263K(22528K)] [ParOldGen: 68525K->68525K(68608K)] 79789K->79789K(91136K), [Metaspace: 60345K->60345K(1105920K)], 0.0521295 secs] [Times: user=0.18 sys=0.00, real=0.06 secs] 
2019-09-25T15:14:37.212-0530: 111.053: [Full GC (Ergonomics) [PSYoungGen: 11264K->11262K(22528K)] [ParOldGen: 68531K->68528K(68608K)] 79795K->79790K(91136K), [Metaspace: 60345K->60345K(1105920K)], 0.0573780 secs] [Times: user=0.20 sys=0.00, real=0.05 secs] 
2019-09-25T15:14:37.271-0530: 111.112: [Full GC (Ergonomics) [PSYoungGen: 11264K->11262K(22528K)] [ParOldGen: 68528K->68528K(68608K)] 79792K->79791K(91136K), [Metaspace: 60345K->60345K(1105920K)], 0.0566671 secs] [Times: user=0.17 sys=0.01, real=0.05 secs] 
2019-09-25T15:14:37.329-0530: 111.170: [Full GC (Ergonomics) [PSYoungGen: 11264K->11263K(22528K)] [ParOldGen: 68528K->68528K(68608K)] 79792K->79791K(91136K), [Metaspace: 60345K->60345K(1105920K)], 0.0549782 secs] [Times: user=0.18 sys=0.00, real=0.06 secs] 
2019-09-25T15:14:37.385-0530: 111.226: [Full GC (Ergonomics) [PSYoungGen: 11264K->11263K(22528K)] [ParOldGen: 68528K->68528K(68608K)] 79792K->79791K(91136K), [Metaspace: 60345K->60345K(1105920K)], 0.0589100 secs] [Times: user=0.17 sys=0.00, real=0.06 secs] 
2019-09-25T15:14:37.445-0530: 111.287: [Full GC (Ergonomics) [PSYoungGen: 11264K->11263K(22528K)] [ParOldGen: 68528K->68528K(68608K)] 79792K->79791K(91136K), [Metaspace: 60345K->60345K(1105920K)], 0.0599583 secs] [Times: user=0.17 sys=0.00, real=0.06 secs] 
2019-09-25T15:14:37.506-0530: 111.348: [Full GC (Ergonomics) [PSYoungGen: 11264K->11261K(22528K)] [ParOldGen: 68528K->68528K(68608K)] 79792K->79789K(91136K), [Metaspace: 60345K->60345K(1105920K)], 0.0597109 secs] [Times: user=0.18 sys=0.01, real=0.06 secs] 
2019-09-25T15:14:37.567-0530: 111.409: [Full GC (Ergonomics) [PSYoungGen: 11264K->11261K(22528K)] [ParOldGen: 68528K->68528K(68608K)] 79792K->79789K(91136K), [Metaspace: 60345K->60345K(1105920K)], 0.0578737 secs] [Times: user=0.18 sys=0.00, real=0.06 secs] 
2019-09-25T15:14:37.626-0530: 111.468: [Full GC (Ergonomics) [PSYoungGen: 11264K->11261K(22528K)] [ParOldGen: 68528K->68528K(68608K)] 79792K->79789K(91136K), [Metaspace: 60345K->60345K(1105920K)], 0.0563906 secs] [Times: user=0.17 sys=0.00, real=0.06 secs] 
2019-09-25T15:14:37.684-0530: 111.525: [Full GC (Ergonomics) [PSYoungGen: 11264K->11262K(22528K)] [ParOldGen: 68528K->68528K(68608K)] 79792K->79790K(91136K), [Metaspace: 60345K->60345K(1105920K)], 0.0564223 secs] [Times: user=0.19 sys=0.00, real=0.06 secs] 
2019-09-25T15:14:37.742-0530: 111.583: [Full GC (Ergonomics) [PSYoungGen: 11264K->11261K(22528K)] [ParOldGen: 68528K->68528K(68608K)] 79792K->79790K(91136K), [Metaspace: 60345K->60345K(1105920K)], 0.0631597 secs] [Times: user=0.18 sys=0.01, real=0.06 secs] 
2019-09-25T15:14:37.806-0530: 111.648: [Full GC (Ergonomics) [PSYoungGen: 11264K->11261K(22528K)] [ParOldGen: 68528K->68527K(68608K)] 79792K->79789K(91136K), [Metaspace: 60345K->60345K(1105920K)], 0.0627109 secs] [Times: user=0.21 sys=0.00, real=0.06 secs] 
2019-09-25T15:14:37.870-0530: 111.712: [Full GC (Ergonomics) [PSYoungGen: 11263K->11262K(22528K)] [ParOldGen: 68527K->68527K(68608K)] 79791K->79790K(91136K), [Metaspace: 60345K->60345K(1105920K)], 0.0601779 secs] [Times: user=0.19 sys=0.00, real=0.06 secs] 
2019-09-25T15:14:37.932-0530: 111.773: [Full GC (Ergonomics) [PSYoungGen: 11264K->11262K(22528K)] [ParOldGen: 68527K->68527K(68608K)] 79791K->79789K(91136K), [Metaspace: 60345K->60345K(1105920K)], 0.0626196 secs] [Times: user=0.19 sys=0.01, real=0.06 secs] 
2019-09-25T15:14:37.996-0530: 111.837: [Full GC (Ergonomics) [PSYoungGen: 11264K->11262K(22528K)] [ParOldGen: 68527K->68527K(68608K)] 79791K->79790K(91136K), [Metaspace: 60345K->60345K(1105920K)], 0.0561884 secs] [Times: user=0.18 sys=0.00, real=0.06 secs] 
2019-09-25T15:14:38.053-0530: 111.895: [Full GC (Ergonomics) [PSYoungGen: 11264K->11263K(22528K)] [ParOldGen: 68527K->68527K(68608K)] 79791K->79791K(91136K), [Metaspace: 60345K->60345K(1105920K)], 0.0559880 secs] [Times: user=0.18 sys=0.00, real=0.05 secs] 
2019-09-25T15:14:38.110-0530: 111.952: [Full GC (Ergonomics) [PSYoungGen: 11264K->11262K(22528K)] [ParOldGen: 68532K->68529K(68608K)] 79796K->79791K(91136K), [Metaspace: 60345K->60345K(1105920K)], 0.0606838 secs] [Times: user=0.21 sys=0.00, real=0.06 secs] 
2019-09-25T15:14:38.172-0530: 112.014: [Full GC (Ergonomics) [PSYoungGen: 11264K->11261K(22528K)] [ParOldGen: 68529K->68529K(68608K)] 79793K->79791K(91136K), [Metaspace: 60345K->60345K(1105920K)], 0.0578656 secs] [Times: user=0.18 sys=0.01, real=0.06 secs] 
2019-09-25T15:14:38.231-0530: 112.073: [Full GC (Ergonomics) [PSYoungGen: 11264K->11261K(22528K)] [ParOldGen: 68529K->68529K(68608K)] 79793K->79791K(91136K), [Metaspace: 60345K->60345K(1105920K)], 0.0546618 secs] [Times: user=0.17 sys=0.00, real=0.05 secs] 
2019-09-25T15:14:38.287-0530: 112.129: [Full GC (Ergonomics) [PSYoungGen: 11264K->11261K(22528K)] [ParOldGen: 68529K->68529K(68608K)] 79793K->79791K(91136K), [Metaspace: 60345K->60345K(1105920K)], 0.0553336 secs] [Times: user=0.19 sys=0.00, real=0.06 secs] 
2019-09-25T15:14:38.344-0530: 112.185: [Full GC (Ergonomics) [PSYoungGen: 11264K->11261K(22528K)] [ParOldGen: 68529K->68529K(68608K)] 79793K->79791K(91136K), [Metaspace: 60345K->60345K(1105920K)], 0.0551754 secs] [Times: user=0.17 sys=0.00, real=0.05 secs] 
2019-09-25T15:14:38.400-0530: 112.242: [Full GC (Ergonomics) [PSYoungGen: 11264K->11262K(22528K)] [ParOldGen: 68529K->68529K(68608K)] 79793K->79791K(91136K), [Metaspace: 60345K->60345K(1105920K)], 0.0558099 secs] [Times: user=0.18 sys=0.01, real=0.05 secs] 
2019-09-25T15:14:38.457-0530: 112.299: [Full GC (Ergonomics) [PSYoungGen: 11264K->11261K(22528K)] [ParOldGen: 68529K->68529K(68608K)] 79793K->79791K(91136K), [Metaspace: 60345K->60345K(1105920K)], 0.0583007 secs] [Times: user=0.19 sys=0.00, real=0.06 secs] 
2019-09-25T15:14:38.517-0530: 112.358: [Full GC (Ergonomics) [PSYoungGen: 11264K->11261K(22528K)] [ParOldGen: 68529K->68529K(68608K)] 79793K->79791K(91136K), [Metaspace: 60345K->60345K(1105920K)], 0.0629479 secs] [Times: user=0.19 sys=0.00, real=0.07 secs] 
2019-09-25T15:14:38.581-0530: 112.423: [Full GC (Ergonomics) [PSYoungGen: 11264K->11262K(22528K)] [ParOldGen: 68529K->68529K(68608K)] 79793K->79791K(91136K), [Metaspace: 60345K->60345K(1105920K)], 0.0586878 secs] [Times: user=0.17 sys=0.00, real=0.06 secs] 
2019-09-25T15:14:38.641-0530: 112.482: [Full GC (Ergonomics) [PSYoungGen: 11264K->11262K(22528K)] [ParOldGen: 68529K->68529K(68608K)] 79793K->79791K(91136K), [Metaspace: 60345K->60345K(1105920K)], 0.0549235 secs] [Times: user=0.17 sys=0.01, real=0.05 secs] 
2019-09-25T15:14:38.697-0530: 112.539: [Full GC (Ergonomics) [PSYoungGen: 11264K->11257K(22528K)] [ParOldGen: 68529K->68529K(68608K)] 79793K->79787K(91136K), [Metaspace: 60345K->60345K(1105920K)], 0.0545888 secs] [Times: user=0.17 sys=0.00, real=0.06 secs] 
2019-09-25T15:14:38.753-0530: 112.595: [Full GC (Ergonomics) [PSYoungGen: 11264K->11254K(22528K)] [ParOldGen: 68551K->68539K(68608K)] 79815K->79793K(91136K), [Metaspace: 60345K->60345K(1105920K)], 0.0561286 secs] [Times: user=0.16 sys=0.00, real=0.05 secs] 
2019-09-25T15:14:38.811-0530: 112.652: [Full GC (Ergonomics) [PSYoungGen: 11264K->11257K(22528K)] [ParOldGen: 68539K->68539K(68608K)] 79803K->79796K(91136K), [Metaspace: 60345K->60345K(1105920K)], 0.0585054 secs] [Times: user=0.17 sys=0.00, real=0.05 secs] 
2019-09-25T15:14:38.870-0530: 112.712: [Full GC (Ergonomics) [PSYoungGen: 11264K->11258K(22528K)] [ParOldGen: 68539K->68539K(68608K)] 79803K->79797K(91136K), [Metaspace: 60345K->60345K(1105920K)], 0.0578346 secs] [Times: user=0.18 sys=0.01, real=0.05 secs] 
2019-09-25T15:14:38.930-0530: 112.771: [Full GC (Ergonomics) [PSYoungGen: 11264K->11259K(22528K)] [ParOldGen: 68539K->68539K(68608K)] 79803K->79798K(91136K), [Metaspace: 60345K->60345K(1105920K)], 0.0653011 secs] [Times: user=0.19 sys=0.00, real=0.06 secs] 
2019-09-25T15:14:38.996-0530: 112.838: [Full GC (Ergonomics) [PSYoungGen: 11264K->11260K(22528K)] [ParOldGen: 68539K->68539K(68608K)] 79803K->79799K(91136K), [Metaspace: 60345K->60345K(1105920K)], 0.0606187 secs] [Times: user=0.18 sys=0.00, real=0.06 secs] 
2019-09-25T15:14:39.059-0530: 112.900: [Full GC (Ergonomics) [PSYoungGen: 11264K->11261K(22528K)] [ParOldGen: 68539K->68539K(68608K)] 79803K->79800K(91136K), [Metaspace: 60345K->60345K(1105920K)], 0.0630336 secs] [Times: user=0.21 sys=0.00, real=0.07 secs] 
2019-09-25T15:14:39.123-0530: 112.964: [Full GC (Ergonomics) [PSYoungGen: 11264K->11261K(22528K)] [ParOldGen: 68539K->68539K(68608K)] 79803K->79801K(91136K), [Metaspace: 60346K->60346K(1105920K)], 0.0637616 secs] [Times: user=0.19 sys=0.01, real=0.06 secs] 
2019-09-25T15:14:39.188-0530: 113.029: [Full GC (Ergonomics) [PSYoungGen: 11264K->11262K(22528K)] [ParOldGen: 68539K->68539K(68608K)] 79803K->79801K(91136K), [Metaspace: 60346K->60346K(1105920K)], 0.0587880 secs] [Times: user=0.17 sys=0.00, real=0.06 secs] 
2019-09-25T15:14:39.248-0530: 113.090: [Full GC (Ergonomics) [PSYoungGen: 11264K->11263K(22528K)] [ParOldGen: 68539K->68539K(68608K)] 79803K->79803K(91136K), [Metaspace: 60346K->60346K(1105920K)], 0.0522720 secs] [Times: user=0.17 sys=0.00, real=0.06 secs] 
2019-09-25T15:14:39.302-0530: 113.143: [Full GC (Ergonomics) [PSYoungGen: 11264K->11254K(22528K)] [ParOldGen: 68543K->68539K(68608K)] 79807K->79794K(91136K), [Metaspace: 60346K->60346K(1105920K)], 0.0619724 secs] [Times: user=0.20 sys=0.00, real=0.06 secs] 
2019-09-25T15:14:39.365-0530: 113.207: [Full GC (Ergonomics) [PSYoungGen: 11264K->11260K(22528K)] [ParOldGen: 68539K->68539K(68608K)] 79803K->79800K(91136K), [Metaspace: 60346K->60346K(1105920K)], 0.0567811 secs] [Times: user=0.18 sys=0.01, real=0.06 secs] 
2019-09-25T15:14:39.423-0530: 113.265: [Full GC (Ergonomics) [PSYoungGen: 11264K->11261K(22528K)] [ParOldGen: 68539K->68539K(68608K)] 79803K->79801K(91136K), [Metaspace: 60346K->60346K(1105920K)], 0.0569621 secs] [Times: user=0.18 sys=0.00, real=0.06 secs] 
2019-09-25T15:14:39.481-0530: 113.323: [Full GC (Ergonomics) [PSYoungGen: 11264K->11261K(22528K)] [ParOldGen: 68551K->68548K(68608K)] 79815K->79810K(91136K), [Metaspace: 60346K->60346K(1105920K)], 0.0549745 secs] [Times: user=0.18 sys=0.00, real=0.05 secs] 
2019-09-25T15:14:39.537-0530: 113.379: [Full GC (Ergonomics) [PSYoungGen: 11264K->11261K(22528K)] [ParOldGen: 68548K->68548K(68608K)] 79812K->79810K(91136K), [Metaspace: 60346K->60346K(1105920K)], 0.0557500 secs] [Times: user=0.18 sys=0.00, real=0.06 secs] 
2019-09-25T15:14:39.594-0530: 113.436: [Full GC (Ergonomics) [PSYoungGen: 11264K->11261K(22528K)] [ParOldGen: 68548K->68548K(68608K)] 79812K->79810K(91136K), [Metaspace: 60346K->60346K(1105920K)], 0.0543918 secs] [Times: user=0.18 sys=0.01, real=0.05 secs] 
2019-09-25T15:14:39.650-0530: 113.492: [Full GC (Ergonomics) [PSYoungGen: 11264K->11261K(22528K)] [ParOldGen: 68548K->68548K(68608K)] 79812K->79810K(91136K), [Metaspace: 60346K->60346K(1105920K)], 0.0551536 secs] [Times: user=0.17 sys=0.00, real=0.05 secs] 
2019-09-25T15:14:39.706-0530: 113.548: [Full GC (Ergonomics) [PSYoungGen: 11264K->11262K(22528K)] [ParOldGen: 68548K->68548K(68608K)] 79812K->79811K(91136K), [Metaspace: 60346K->60346K(1105920K)], 0.0550885 secs] [Times: user=0.18 sys=0.00, real=0.06 secs] 
2019-09-25T15:14:39.763-0530: 113.604: [Full GC (Ergonomics) [PSYoungGen: 11264K->11262K(22528K)] [ParOldGen: 68548K->68548K(68608K)] 79812K->79811K(91136K), [Metaspace: 60346K->60346K(1105920K)], 0.0575316 secs] [Times: user=0.18 sys=0.00, real=0.06 secs] 
2019-09-25T15:14:39.821-0530: 113.663: [Full GC (Ergonomics) [PSYoungGen: 11264K->11263K(22528K)] [ParOldGen: 68548K->68548K(68608K)] 79812K->79811K(91136K), [Metaspace: 60346K->60346K(1105920K)], 0.0552687 secs] [Times: user=0.18 sys=0.01, real=0.05 secs] 
2019-09-25T15:14:39.878-0530: 113.720: [Full GC (Ergonomics) [PSYoungGen: 11264K->11263K(22528K)] [ParOldGen: 68548K->68548K(68608K)] 79812K->79812K(91136K), [Metaspace: 60346K->60346K(1105920K)], 0.0600566 secs] [Times: user=0.19 sys=0.00, real=0.06 secs] 
2019-09-25T15:14:39.939-0530: 113.781: [Full GC (Ergonomics) [PSYoungGen: 11264K->11263K(22528K)] [ParOldGen: 68548K->68548K(68608K)] 79812K->79812K(91136K), [Metaspace: 60346K->60346K(1105920K)], 0.0608085 secs] [Times: user=0.18 sys=0.00, real=0.07 secs] 
2019-09-25T15:14:40.001-0530: 113.843: [Full GC (Ergonomics) [PSYoungGen: 11264K->11263K(22528K)] [ParOldGen: 68548K->68548K(68608K)] 79812K->79812K(91136K), [Metaspace: 60346K->60346K(1105920K)], 0.0734072 secs] [Times: user=0.18 sys=0.00, real=0.07 secs] 
2019-09-25T15:14:40.077-0530: 113.918: [Full GC (Ergonomics) [PSYoungGen: 11264K->11263K(22528K)] [ParOldGen: 68548K->68548K(68608K)] 79812K->79812K(91136K), [Metaspace: 60346K->60346K(1105920K)], 0.1329380 secs] [Times: user=0.20 sys=0.01, real=0.14 secs] 
2019-09-25T15:14:40.219-0530: 114.060: [Full GC (Ergonomics) [PSYoungGen: 11264K->11264K(22528K)] [ParOldGen: 68551K->68550K(68608K)] 79815K->79814K(91136K), [Metaspace: 60346K->60346K(1105920K)], 0.1024448 secs] [Times: user=0.22 sys=0.00, real=0.11 secs] 
2019-09-25T15:14:40.324-0530: 114.165: [Full GC (Ergonomics) [PSYoungGen: 11264K->11259K(22528K)] [ParOldGen: 68553K->68524K(68608K)] 79817K->79784K(91136K), [Metaspace: 60346K->60346K(1105920K)], 0.0911005 secs] [Times: user=0.24 sys=0.00, real=0.09 secs] 
2019-09-25T15:14:40.417-0530: 114.258: [Full GC (Ergonomics) [PSYoungGen: 11264K->11260K(22528K)] [ParOldGen: 68524K->68524K(68608K)] 79788K->79784K(91136K), [Metaspace: 60346K->60346K(1105920K)], 0.0869119 secs] [Times: user=0.19 sys=0.01, real=0.11 secs] 
2019-09-25T15:14:40.522-0530: 114.364: [Full GC (Ergonomics) [PSYoungGen: 11264K->11260K(22528K)] [ParOldGen: 68524K->68524K(68608K)] 79788K->79785K(91136K), [Metaspace: 60346K->60346K(1105920K)], 0.0832692 secs] [Times: user=0.20 sys=0.00, real=0.08 secs] 
2019-09-25T15:14:40.610-0530: 114.451: [Full GC (Ergonomics) [PSYoungGen: 11264K->11260K(22528K)] [ParOldGen: 68524K->68524K(68608K)] 79788K->79785K(91136K), [Metaspace: 60346K->60346K(1105920K)], 0.0787238 secs] [Times: user=0.19 sys=0.00, real=0.07 secs] 
2019-09-25T15:14:40.690-0530: 114.532: [Full GC (Ergonomics) [PSYoungGen: 11264K->11261K(22528K)] [ParOldGen: 68524K->68524K(68608K)] 79788K->79786K(91136K), [Metaspace: 60346K->60346K(1105920K)], 0.0756691 secs] [Times: user=0.20 sys=0.00, real=0.07 secs] 
2019-09-25T15:14:40.768-0530: 114.610: [Full GC (Ergonomics) [PSYoungGen: 11264K->11259K(22528K)] [ParOldGen: 68535K->68526K(68608K)] 79799K->79785K(91136K), [Metaspace: 60346K->60346K(1105920K)], 0.1005396 secs] [Times: user=0.20 sys=0.00, real=0.10 secs] 
2019-09-25T15:14:40.871-0530: 114.713: [Full GC (Ergonomics) [PSYoungGen: 11264K->11261K(22528K)] [ParOldGen: 68526K->68526K(68608K)] 79790K->79788K(91136K), [Metaspace: 60346K->60346K(1105920K)], 0.1216995 secs] [Times: user=0.20 sys=0.00, real=0.12 secs] 
2019-09-25T15:14:40.995-0530: 114.837: [Full GC (Ergonomics) [PSYoungGen: 11264K->11262K(22528K)] [ParOldGen: 68526K->68526K(68608K)] 79790K->79789K(91136K), [Metaspace: 60346K->60346K(1105920K)], 0.0832986 secs] [Times: user=0.20 sys=0.00, real=0.08 secs] 
2019-09-25T15:14:41.081-0530: 114.922: [Full GC (Ergonomics) [PSYoungGen: 11264K->11263K(22528K)] [ParOldGen: 68526K->68526K(68608K)] 79790K->79790K(91136K), [Metaspace: 60346K->60346K(1105920K)], 0.0747683 secs] [Times: user=0.19 sys=0.00, real=0.07 secs] 
2019-09-25T15:14:41.158-0530: 115.000: [Full GC (Ergonomics) [PSYoungGen: 11264K->11263K(22528K)] [ParOldGen: 68526K->68526K(68608K)] 79790K->79790K(91136K), [Metaspace: 60346K->60346K(1105920K)], 0.0783263 secs] [Times: user=0.19 sys=0.00, real=0.08 secs] 
2019-09-25T15:14:41.238-0530: 115.080: [Full GC (Ergonomics) [PSYoungGen: 11264K->11263K(22528K)] [ParOldGen: 68526K->68526K(68608K)] 79790K->79790K(91136K), [Metaspace: 60346K->60346K(1105920K)], 0.0829570 secs] [Times: user=0.19 sys=0.00, real=0.09 secs] 
2019-09-25T15:14:41.323-0530: 115.165: [Full GC (Ergonomics) [PSYoungGen: 11264K->11259K(22528K)] [ParOldGen: 68530K->68528K(68608K)] 79794K->79788K(91136K), [Metaspace: 60346K->60346K(1105920K)], 0.0757973 secs] [Times: user=0.19 sys=0.00, real=0.07 secs] 
2019-09-25T15:14:41.401-0530: 115.242: [Full GC (Ergonomics) [PSYoungGen: 11264K->11261K(22528K)] [ParOldGen: 68528K->68528K(68608K)] 79792K->79789K(91136K), [Metaspace: 60346K->60346K(1105920K)], 0.0724302 secs] [Times: user=0.19 sys=0.01, real=0.07 secs] 
2019-09-25T15:14:41.475-0530: 115.317: [Full GC (Ergonomics) [PSYoungGen: 11264K->11261K(22528K)] [ParOldGen: 68528K->68527K(68608K)] 79792K->79789K(91136K), [Metaspace: 60346K->60346K(1105920K)], 0.0807285 secs] [Times: user=0.20 sys=0.00, real=0.08 secs] 
2019-09-25T15:14:41.558-0530: 115.399: [Full GC (Ergonomics) [PSYoungGen: 11264K->11263K(22528K)] [ParOldGen: 68527K->68527K(68608K)] 79791K->79791K(91136K), [Metaspace: 60346K->60346K(1105920K)], 0.0745426 secs] [Times: user=0.19 sys=0.00, real=0.08 secs] 
2019-09-25T15:14:41.634-0530: 115.476: [Full GC (Ergonomics) [PSYoungGen: 11264K->11245K(22528K)] [ParOldGen: 68527K->68526K(68608K)] 79791K->79772K(91136K), [Metaspace: 60346K->60346K(1105920K)], 0.1062381 secs] [Times: user=0.21 sys=0.00, real=0.11 secs] 
2019-09-25T15:14:41.743-0530: 115.584: [Full GC (Ergonomics) [PSYoungGen: 11264K->11245K(22528K)] [ParOldGen: 68526K->68526K(68608K)] 79790K->79771K(91136K), [Metaspace: 60346K->60346K(1105920K)], 0.0811258 secs] [Times: user=0.21 sys=0.01, real=0.08 secs] 
2019-09-25T15:14:41.825-0530: 115.667: [Full GC (Ergonomics) [PSYoungGen: 11264K->11248K(22528K)] [ParOldGen: 68526K->68526K(68608K)] 79790K->79774K(91136K), [Metaspace: 60348K->60348K(1105920K)], 0.1049100 secs] [Times: user=0.21 sys=0.00, real=0.11 secs] 
2019-09-25T15:14:41.932-0530: 115.774: [Full GC (Ergonomics) [PSYoungGen: 11264K->11252K(22528K)] [ParOldGen: 68526K->68524K(68608K)] 79790K->79777K(91136K), [Metaspace: 60348K->60348K(1105920K)], 0.0918688 secs] [Times: user=0.27 sys=0.01, real=0.09 secs] 
2019-09-25T15:14:42.026-0530: 115.868: [Full GC (Ergonomics) [PSYoungGen: 11260K->11260K(22528K)] [ParOldGen: 68524K->68524K(68608K)] 79785K->79785K(91136K), [Metaspace: 60348K->60348K(1105920K)], 0.0655122 secs] [Times: user=0.19 sys=0.00, real=0.07 secs] 
2019-09-25T15:14:42.094-0530: 115.935: [Full GC (Ergonomics) [PSYoungGen: 11264K->11259K(22528K)] [ParOldGen: 68544K->68534K(68608K)] 79808K->79794K(91136K), [Metaspace: 60348K->60348K(1105920K)], 0.0595128 secs] [Times: user=0.17 sys=0.00, real=0.06 secs] 
2019-09-25T15:14:42.155-0530: 115.997: [Full GC (Ergonomics) [PSYoungGen: 11261K->11259K(22528K)] [ParOldGen: 68534K->68534K(68608K)] 79796K->79794K(91136K), [Metaspace: 60348K->60348K(1105920K)], 0.0615280 secs] [Times: user=0.18 sys=0.00, real=0.06 secs] 
2019-09-25T15:14:42.218-0530: 116.060: [Full GC (Ergonomics) [PSYoungGen: 11263K->11261K(22528K)] [ParOldGen: 68562K->68560K(68608K)] 79826K->79821K(91136K), [Metaspace: 60348K->60348K(1105920K)], 0.0710199 secs] [Times: user=0.20 sys=0.00, real=0.07 secs] 
2019-09-25T15:14:42.291-0530: 116.133: [Full GC (Ergonomics) [PSYoungGen: 11264K->11262K(22528K)] [ParOldGen: 68560K->68552K(68608K)] 79824K->79815K(91136K), [Metaspace: 60348K->60348K(1105920K)], 0.0594260 secs] [Times: user=0.18 sys=0.00, real=0.06 secs] 
2019-09-25T15:14:42.352-0530: 116.193: [Full GC (Ergonomics) [PSYoungGen: 11264K->11263K(22528K)] [ParOldGen: 68552K->68552K(68608K)] 79816K->79816K(91136K), [Metaspace: 60348K->60348K(1105920K)], 0.0530927 secs] [Times: user=0.16 sys=0.00, real=0.05 secs] 
2019-09-25T15:14:42.406-0530: 116.248: [Full GC (Ergonomics) [PSYoungGen: 11264K->11258K(22528K)] [ParOldGen: 68563K->68554K(68608K)] 79827K->79813K(91136K), [Metaspace: 60348K->60348K(1105920K)], 0.0638267 secs] [Times: user=0.19 sys=0.00, real=0.07 secs] 
2019-09-25T15:14:42.472-0530: 116.313: [Full GC (Ergonomics) [PSYoungGen: 11264K->11259K(22528K)] [ParOldGen: 68554K->68554K(68608K)] 79818K->79813K(91136K), [Metaspace: 60348K->60348K(1105920K)], 0.0620541 secs] [Times: user=0.19 sys=0.00, real=0.06 secs] 
2019-09-25T15:14:42.535-0530: 116.377: [Full GC (Ergonomics) [PSYoungGen: 11264K->11261K(22528K)] [ParOldGen: 68554K->68554K(68608K)] 79818K->79815K(91136K), [Metaspace: 60348K->60348K(1105920K)], 0.0574337 secs] [Times: user=0.16 sys=0.00, real=0.06 secs] 
2019-09-25T15:14:42.594-0530: 116.436: [Full GC (Ergonomics) [PSYoungGen: 11264K->11261K(22528K)] [ParOldGen: 68554K->68554K(68608K)] 79818K->79816K(91136K), [Metaspace: 60348K->60348K(1105920K)], 0.0560766 secs] [Times: user=0.17 sys=0.00, real=0.06 secs] 
2019-09-25T15:14:42.651-0530: 116.493: [Full GC (Ergonomics) [PSYoungGen: 11264K->11263K(22528K)] [ParOldGen: 68554K->68554K(68608K)] 79818K->79817K(91136K), [Metaspace: 60348K->60348K(1105920K)], 0.0597229 secs] [Times: user=0.18 sys=0.00, real=0.06 secs] 
2019-09-25T15:14:42.712-0530: 116.554: [Full GC (Ergonomics) [PSYoungGen: 11264K->11263K(22528K)] [ParOldGen: 68554K->68554K(68608K)] 79818K->79817K(91136K), [Metaspace: 60348K->60348K(1105920K)], 0.0687267 secs] [Times: user=0.18 sys=0.00, real=0.07 secs] 
2019-09-25T15:14:42.785-0530: 116.626: [Full GC (Ergonomics) [PSYoungGen: 11264K->11263K(22528K)] [ParOldGen: 68554K->68553K(68608K)] 79818K->79816K(91136K), [Metaspace: 60348K->60348K(1105920K)], 0.1034633 secs] [Times: user=0.19 sys=0.01, real=0.10 secs] 
2019-09-25T15:14:42.890-0530: 116.732: [Full GC (Ergonomics) [PSYoungGen: 11264K->11263K(22528K)] [ParOldGen: 68553K->68553K(68608K)] 79817K->79816K(91136K), [Metaspace: 60348K->60348K(1105920K)], 0.1417758 secs] [Times: user=0.21 sys=0.00, real=0.14 secs] 
2019-09-25T15:14:43.034-0530: 116.876: [Full GC (Ergonomics) [PSYoungGen: 11264K->11263K(22528K)] [ParOldGen: 68553K->68553K(68608K)] 79817K->79817K(91136K), [Metaspace: 60348K->60348K(1105920K)], 0.0799453 secs] [Times: user=0.20 sys=0.00, real=0.08 secs] 
2019-09-25T15:14:43.117-0530: 116.958: [Full GC (Ergonomics) [PSYoungGen: 11264K->11263K(22528K)] [ParOldGen: 68553K->68553K(68608K)] 79817K->79816K(91136K), [Metaspace: 60348K->60348K(1105920K)], 0.0840040 secs] [Times: user=0.19 sys=0.01, real=0.09 secs] 
2019-09-25T15:14:43.212-0530: 117.053: [Full GC (Ergonomics) [PSYoungGen: 11264K->11244K(22528K)] [ParOldGen: 68553K->68553K(68608K)] 79817K->79797K(91136K), [Metaspace: 60348K->60348K(1105920K)], 0.0752443 secs] [Times: user=0.20 sys=0.00, real=0.07 secs] 
2019-09-25T15:14:43.290-0530: 117.132: [Full GC (Ergonomics) [PSYoungGen: 11264K->11247K(22528K)] [ParOldGen: 68553K->68543K(68608K)] 79817K->79791K(91136K), [Metaspace: 60348K->60348K(1105920K)], 0.0778797 secs] [Times: user=0.19 sys=0.00, real=0.07 secs] 
2019-09-25T15:14:43.370-0530: 117.212: [Full GC (Ergonomics) [PSYoungGen: 11264K->11249K(22528K)] [ParOldGen: 68543K->68543K(68608K)] 79807K->79793K(91136K), [Metaspace: 60349K->60349K(1105920K)], 0.0975657 secs] [Times: user=0.35 sys=0.01, real=0.09 secs] 
2019-09-25T15:14:43.469-0530: 117.311: [Full GC (Ergonomics) [PSYoungGen: 11257K->11251K(22528K)] [ParOldGen: 68543K->68543K(68608K)] 79801K->79794K(91136K), [Metaspace: 60349K->60349K(1105920K)], 0.0627233 secs] [Times: user=0.21 sys=0.00, real=0.07 secs] 
2019-09-25T15:14:43.534-0530: 117.376: [Full GC (Ergonomics) [PSYoungGen: 11264K->11260K(22528K)] [ParOldGen: 68543K->68543K(68608K)] 79807K->79804K(91136K), [Metaspace: 60349K->60349K(1105920K)], 0.0576230 secs] [Times: user=0.19 sys=0.01, real=0.06 secs] 
2019-09-25T15:14:43.594-0530: 117.435: [Full GC (Ergonomics) [PSYoungGen: 11264K->11261K(22528K)] [ParOldGen: 68543K->68543K(68608K)] 79807K->79804K(91136K), [Metaspace: 60349K->60349K(1105920K)], 0.0602797 secs] [Times: user=0.19 sys=0.00, real=0.06 secs] 
2019-09-25T15:14:43.655-0530: 117.497: [Full GC (Ergonomics) [PSYoungGen: 11264K->11261K(22528K)] [ParOldGen: 68543K->68543K(68608K)] 79807K->79805K(91136K), [Metaspace: 60349K->60349K(1105920K)], 0.0542831 secs] [Times: user=0.18 sys=0.00, real=0.06 secs] 
2019-09-25T15:14:43.711-0530: 117.552: [Full GC (Ergonomics) [PSYoungGen: 11264K->11262K(22528K)] [ParOldGen: 68543K->68543K(68608K)] 79807K->79805K(91136K), [Metaspace: 60349K->60349K(1105920K)], 0.0572900 secs] [Times: user=0.21 sys=0.01, real=0.05 secs] 
2019-09-25T15:14:43.769-0530: 117.611: [Full GC (Ergonomics) [PSYoungGen: 11264K->11262K(22528K)] [ParOldGen: 68543K->68543K(68608K)] 79807K->79805K(91136K), [Metaspace: 60349K->60349K(1105920K)], 0.0579984 secs] [Times: user=0.20 sys=0.00, real=0.06 secs] 
2019-09-25T15:14:43.828-0530: 117.670: [Full GC (Ergonomics) [PSYoungGen: 11264K->11263K(22528K)] [ParOldGen: 68543K->68543K(68608K)] 79807K->79806K(91136K), [Metaspace: 60349K->60349K(1105920K)], 0.0558972 secs] [Times: user=0.18 sys=0.00, real=0.06 secs] 
2019-09-25T15:14:43.886-0530: 117.727: [Full GC (Ergonomics) [PSYoungGen: 11264K->11261K(22528K)] [ParOldGen: 68543K->68534K(68608K)] 79807K->79796K(91136K), [Metaspace: 60349K->60349K(1105920K)], 0.0537096 secs] [Times: user=0.17 sys=0.00, real=0.05 secs] 
2019-09-25T15:14:43.941-0530: 117.782: [Full GC (Ergonomics) [PSYoungGen: 11264K->11261K(22528K)] [ParOldGen: 68534K->68534K(68608K)] 79798K->79796K(91136K), [Metaspace: 60349K->60349K(1105920K)], 0.0532095 secs] [Times: user=0.18 sys=0.01, real=0.05 secs] 
2019-09-25T15:14:43.995-0530: 117.837: [Full GC (Ergonomics) [PSYoungGen: 11264K->11262K(22528K)] [ParOldGen: 68534K->68534K(68608K)] 79798K->79796K(91136K), [Metaspace: 60349K->60349K(1105920K)], 0.0523864 secs] [Times: user=0.17 sys=0.00, real=0.05 secs] 
2019-09-25T15:14:44.048-0530: 117.890: [Full GC (Ergonomics) [PSYoungGen: 11264K->11263K(22528K)] [ParOldGen: 68534K->68534K(68608K)] 79798K->79798K(91136K), [Metaspace: 60349K->60349K(1105920K)], 0.0525295 secs] [Times: user=0.17 sys=0.00, real=0.06 secs] 
2019-09-25T15:14:44.102-0530: 117.944: [Full GC (Ergonomics) [PSYoungGen: 11264K->11263K(22528K)] [ParOldGen: 68534K->68534K(68608K)] 79798K->79798K(91136K), [Metaspace: 60349K->60349K(1105920K)], 0.0529338 secs] [Times: user=0.18 sys=0.00, real=0.05 secs] 
2019-09-25T15:14:44.156-0530: 117.998: [Full GC (Ergonomics) [PSYoungGen: 11264K->11263K(22528K)] [ParOldGen: 68534K->68534K(68608K)] 79798K->79798K(91136K), [Metaspace: 60349K->60349K(1105920K)], 0.0531078 secs] [Times: user=0.16 sys=0.00, real=0.05 secs] 
2019-09-25T15:14:44.211-0530: 118.052: [Full GC (Ergonomics) [PSYoungGen: 11264K->11263K(22528K)] [ParOldGen: 68534K->68534K(68608K)] 79798K->79798K(91136K), [Metaspace: 60349K->60349K(1105920K)], 0.0558664 secs] [Times: user=0.16 sys=0.01, real=0.05 secs] 
2019-09-25T15:14:44.268-0530: 118.109: [Full GC (Ergonomics) [PSYoungGen: 11264K->11263K(22528K)] [ParOldGen: 68534K->68534K(68608K)] 79798K->79798K(91136K), [Metaspace: 60349K->60349K(1105920K)], 0.1463801 secs] [Times: user=0.20 sys=0.00, real=0.15 secs] 
2019-09-25T15:14:44.416-0530: 118.257: [Full GC (Ergonomics) [PSYoungGen: 11264K->11263K(22528K)] [ParOldGen: 68534K->68534K(68608K)] 79798K->79797K(91136K), [Metaspace: 60349K->60349K(1105920K)], 0.0553327 secs] [Times: user=0.18 sys=0.00, real=0.06 secs] 
2019-09-25T15:14:44.472-0530: 118.314: [Full GC (Ergonomics) [PSYoungGen: 11264K->11263K(22528K)] [ParOldGen: 68534K->68534K(68608K)] 79798K->79797K(91136K), [Metaspace: 60349K->60349K(1105920K)], 0.0665945 secs] [Times: user=0.19 sys=0.00, real=0.06 secs] 
2019-09-25T15:14:44.540-0530: 118.382: [Full GC (Ergonomics) [PSYoungGen: 11263K->11263K(22528K)] [ParOldGen: 68534K->68534K(68608K)] 79798K->79798K(91136K), [Metaspace: 60349K->60349K(1105920K)], 0.0578689 secs] [Times: user=0.17 sys=0.01, real=0.05 secs] 
2019-09-25T15:14:44.599-0530: 118.441: [Full GC (Ergonomics) [PSYoungGen: 11263K->11263K(22528K)] [ParOldGen: 68534K->68534K(68608K)] 79798K->79797K(91136K), [Metaspace: 60349K->60349K(1105920K)], 0.0585881 secs] [Times: user=0.17 sys=0.00, real=0.06 secs] 
2019-09-25T15:14:44.659-0530: 118.501: [Full GC (Ergonomics) [PSYoungGen: 11264K->11262K(22528K)] [ParOldGen: 68534K->68533K(68608K)] 79798K->79795K(91136K), [Metaspace: 60349K->60349K(1105920K)], 0.0950330 secs] [Times: user=0.41 sys=0.01, real=0.10 secs] 
2019-09-25T15:14:44.755-0530: 118.597: [Full GC (Ergonomics) [PSYoungGen: 11264K->11262K(22528K)] [ParOldGen: 68533K->68533K(68608K)] 79797K->79795K(91136K), [Metaspace: 60349K->60349K(1105920K)], 0.0587789 secs] [Times: user=0.18 sys=0.00, real=0.06 secs] 
2019-09-25T15:14:44.815-0530: 118.657: [Full GC (Ergonomics) [PSYoungGen: 11264K->11263K(22528K)] [ParOldGen: 68533K->68533K(68608K)] 79797K->79796K(91136K), [Metaspace: 60349K->60349K(1105920K)], 0.0589317 secs] [Times: user=0.19 sys=0.00, real=0.06 secs] 
2019-09-25T15:14:44.875-0530: 118.717: [Full GC (Ergonomics) [PSYoungGen: 11264K->11263K(22528K)] [ParOldGen: 68533K->68533K(68608K)] 79797K->79796K(91136K), [Metaspace: 60349K->60349K(1105920K)], 0.0597924 secs] [Times: user=0.19 sys=0.00, real=0.06 secs] 
2019-09-25T15:14:44.936-0530: 118.778: [Full GC (Ergonomics) [PSYoungGen: 11264K->11263K(22528K)] [ParOldGen: 68533K->68533K(68608K)] 79797K->79796K(91136K), [Metaspace: 60349K->60349K(1105920K)], 0.0561211 secs] [Times: user=0.17 sys=0.00, real=0.06 secs] 
2019-09-25T15:14:44.994-0530: 118.835: [Full GC (Ergonomics) [PSYoungGen: 11264K->11263K(22528K)] [ParOldGen: 68533K->68533K(68608K)] 79797K->79796K(91136K), [Metaspace: 60349K->60349K(1105920K)], 0.0619958 secs] [Times: user=0.21 sys=0.00, real=0.06 secs] 
2019-09-25T15:14:45.057-0530: 118.899: [Full GC (Ergonomics) [PSYoungGen: 11264K->11261K(22528K)] [ParOldGen: 68536K->68534K(68608K)] 79800K->79795K(91136K), [Metaspace: 60349K->60349K(1105920K)], 0.0639803 secs] [Times: user=0.21 sys=0.00, real=0.07 secs] 
2019-09-25T15:14:45.122-0530: 118.964: [Full GC (Ergonomics) [PSYoungGen: 11264K->11263K(22528K)] [ParOldGen: 68534K->68534K(68608K)] 79798K->79798K(91136K), [Metaspace: 60349K->60349K(1105920K)], 0.0553564 secs] [Times: user=0.18 sys=0.01, real=0.05 secs] 
2019-09-25T15:14:45.179-0530: 119.021: [Full GC (Ergonomics) [PSYoungGen: 11263K->11263K(22528K)] [ParOldGen: 68534K->68534K(68608K)] 79798K->79798K(91136K), [Metaspace: 60349K->60349K(1105920K)], 0.0586069 secs] [Times: user=0.18 sys=0.00, real=0.06 secs] 
2019-09-25T15:14:45.239-0530: 119.081: [Full GC (Ergonomics) [PSYoungGen: 11264K->11264K(22528K)] [ParOldGen: 68534K->68534K(68608K)] 79798K->79798K(91136K), [Metaspace: 60349K->60349K(1105920K)], 0.0590189 secs] [Times: user=0.17 sys=0.00, real=0.06 secs] 
2019-09-25T15:14:45.299-0530: 119.141: [Full GC (Ergonomics) [PSYoungGen: 11264K->11263K(22528K)] [ParOldGen: 68536K->68535K(68608K)] 79800K->79799K(91136K), [Metaspace: 60349K->60349K(1105920K)], 0.0570049 secs] [Times: user=0.18 sys=0.00, real=0.06 secs] 
2019-09-25T15:14:45.357-0530: 119.199: [Full GC (Ergonomics) [PSYoungGen: 11264K->11263K(22528K)] [ParOldGen: 68535K->68535K(68608K)] 79799K->79799K(91136K), [Metaspace: 60349K->60349K(1105920K)], 0.0576743 secs] [Times: user=0.18 sys=0.00, real=0.06 secs] 
2019-09-25T15:14:45.416-0530: 119.258: [Full GC (Ergonomics) [PSYoungGen: 11263K->11263K(22528K)] [ParOldGen: 68537K->68536K(68608K)] 79801K->79800K(91136K), [Metaspace: 60349K->60349K(1105920K)], 0.0621228 secs] [Times: user=0.19 sys=0.00, real=0.06 secs] 
2019-09-25T15:14:45.480-0530: 119.321: [Full GC (Ergonomics) [PSYoungGen: 11264K->11263K(22528K)] [ParOldGen: 68536K->68536K(68608K)] 79800K->79800K(91136K), [Metaspace: 60349K->60349K(1105920K)], 0.0769072 secs] [Times: user=0.19 sys=0.00, real=0.07 secs] 
2019-09-25T15:14:45.558-0530: 119.400: [Full GC (Ergonomics) [PSYoungGen: 11264K->11262K(22528K)] [ParOldGen: 68540K->68539K(68608K)] 79804K->79801K(91136K), [Metaspace: 60349K->60349K(1105920K)], 0.0559325 secs] [Times: user=0.18 sys=0.00, real=0.06 secs] 
2019-09-25T15:14:45.615-0530: 119.457: [Full GC (Ergonomics) [PSYoungGen: 11264K->11262K(22528K)] [ParOldGen: 68539K->68539K(68608K)] 79803K->79801K(91136K), [Metaspace: 60349K->60349K(1105920K)], 0.0579834 secs] [Times: user=0.19 sys=0.01, real=0.06 secs] 
2019-09-25T15:14:45.674-0530: 119.516: [Full GC (Ergonomics) [PSYoungGen: 11264K->11261K(22528K)] [ParOldGen: 68539K->68538K(68608K)] 79803K->79800K(91136K), [Metaspace: 60349K->60349K(1105920K)], 0.1296832 secs] [Times: user=0.18 sys=0.00, real=0.13 secs] 
2019-09-25T15:14:45.806-0530: 119.648: [Full GC (Ergonomics) [PSYoungGen: 11264K->11262K(22528K)] [ParOldGen: 68538K->68538K(68608K)] 79802K->79801K(91136K), [Metaspace: 60349K->60349K(1105920K)], 0.1079332 secs] [Times: user=0.19 sys=0.00, real=0.11 secs] 
2019-09-25T15:14:45.915-0530: 119.757: [Full GC (Ergonomics) [PSYoungGen: 11264K->11261K(22528K)] [ParOldGen: 68538K->68538K(68608K)] 79802K->79800K(91136K), [Metaspace: 60350K->60350K(1105920K)], 0.1356983 secs] [Times: user=0.19 sys=0.01, real=0.14 secs] 
2019-09-25T15:14:46.053-0530: 119.895: [Full GC (Ergonomics) [PSYoungGen: 11264K->11262K(22528K)] [ParOldGen: 68538K->68538K(68608K)] 79802K->79801K(91136K), [Metaspace: 60350K->60350K(1105920K)], 0.1270745 secs] [Times: user=0.20 sys=0.00, real=0.13 secs] 
2019-09-25T15:14:46.182-0530: 120.024: [Full GC (Ergonomics) [PSYoungGen: 11264K->11262K(22528K)] [ParOldGen: 68538K->68538K(68608K)] 79802K->79801K(91136K), [Metaspace: 60350K->60350K(1105920K)], 0.1123429 secs] [Times: user=0.19 sys=0.00, real=0.11 secs] 
2019-09-25T15:14:46.297-0530: 120.139: [Full GC (Ergonomics) [PSYoungGen: 11264K->11263K(22528K)] [ParOldGen: 68538K->68538K(68608K)] 79802K->79802K(91136K), [Metaspace: 60350K->60350K(1105920K)], 0.0683274 secs] [Times: user=0.19 sys=0.00, real=0.07 secs] 
2019-09-25T15:14:46.367-0530: 120.209: [Full GC (Ergonomics) [PSYoungGen: 11264K->11263K(22528K)] [ParOldGen: 68538K->68538K(68608K)] 79802K->79802K(91136K), [Metaspace: 60350K->60350K(1105920K)], 0.0719924 secs] [Times: user=0.19 sys=0.01, real=0.07 secs] 
2019-09-25T15:14:46.440-0530: 120.282: [Full GC (Ergonomics) [PSYoungGen: 11264K->11261K(22528K)] [ParOldGen: 68538K->68537K(68608K)] 79802K->79799K(91136K), [Metaspace: 60350K->60350K(1105920K)], 0.0722867 secs] [Times: user=0.20 sys=0.00, real=0.07 secs] 
2019-09-25T15:14:46.514-0530: 120.356: [Full GC (Ergonomics) [PSYoungGen: 11264K->11252K(22528K)] [ParOldGen: 68537K->68529K(68608K)] 79801K->79781K(91136K), [Metaspace: 60350K->60350K(1105920K)], 0.0746944 secs] [Times: user=0.20 sys=0.00, real=0.07 secs] 
2019-09-25T15:14:46.591-0530: 120.432: [Full GC (Ergonomics) [PSYoungGen: 11264K->11256K(22528K)] [ParOldGen: 68529K->68529K(68608K)] 79793K->79785K(91136K), [Metaspace: 60350K->60350K(1105920K)], 0.0624303 secs] [Times: user=0.19 sys=0.00, real=0.06 secs] 
2019-09-25T15:14:46.654-0530: 120.496: [Full GC (Ergonomics) [PSYoungGen: 11264K->11257K(22528K)] [ParOldGen: 68529K->68529K(68608K)] 79793K->79786K(91136K), [Metaspace: 60350K->60350K(1105920K)], 0.0590164 secs] [Times: user=0.19 sys=0.00, real=0.06 secs] 
2019-09-25T15:14:46.715-0530: 120.556: [Full GC (Ergonomics) [PSYoungGen: 11264K->11256K(22528K)] [ParOldGen: 68542K->68541K(68608K)] 79806K->79798K(91136K), [Metaspace: 60350K->60350K(1105920K)], 0.0551626 secs] [Times: user=0.18 sys=0.00, real=0.06 secs] 
2019-09-25T15:14:46.771-0530: 120.613: [Full GC (Ergonomics) [PSYoungGen: 11264K->11257K(22528K)] [ParOldGen: 68541K->68532K(68608K)] 79805K->79789K(91136K), [Metaspace: 60353K->60353K(1105920K)], 0.0543412 secs] [Times: user=0.17 sys=0.00, real=0.05 secs] 
2019-09-25T15:14:46.827-0530: 120.668: [Full GC (Ergonomics) [PSYoungGen: 11264K->11256K(22528K)] [ParOldGen: 68532K->68530K(68608K)] 79796K->79786K(91136K), [Metaspace: 60354K->60350K(1105920K)], 0.0629702 secs] [Times: user=0.17 sys=0.00, real=0.07 secs] 
2019-09-25T15:14:46.891-0530: 120.733: [Full GC (Ergonomics) [PSYoungGen: 11264K->11257K(22528K)] [ParOldGen: 68530K->68530K(68608K)] 79794K->79788K(91136K), [Metaspace: 60350K->60350K(1105920K)], 0.0558101 secs] [Times: user=0.17 sys=0.00, real=0.05 secs] 
2019-09-25T15:14:46.948-0530: 120.790: [Full GC (Ergonomics) [PSYoungGen: 11264K->11258K(22528K)] [ParOldGen: 68530K->68530K(68608K)] 79794K->79789K(91136K), [Metaspace: 60350K->60350K(1105920K)], 0.0626392 secs] [Times: user=0.17 sys=0.00, real=0.07 secs] 
2019-09-25T15:14:47.012-0530: 120.854: [Full GC (Ergonomics) [PSYoungGen: 11264K->11259K(22528K)] [ParOldGen: 68530K->68530K(68608K)] 79794K->79789K(91136K), [Metaspace: 60350K->60350K(1105920K)], 0.0693306 secs] [Times: user=0.18 sys=0.00, real=0.07 secs] 
2019-09-25T15:14:47.083-0530: 120.925: [Full GC (Ergonomics) [PSYoungGen: 11264K->11255K(22528K)] [ParOldGen: 68530K->68530K(68608K)] 79794K->79786K(91136K), [Metaspace: 60350K->60350K(1105920K)], 0.1818865 secs] [Times: user=0.19 sys=0.01, real=0.18 secs] 
2019-09-25T15:14:47.271-0530: 121.113: [Full GC (Ergonomics) [PSYoungGen: 11264K->11262K(22528K)] [ParOldGen: 68530K->68530K(68608K)] 79794K->79793K(91136K), [Metaspace: 60350K->60350K(1105920K)], 0.0950928 secs] [Times: user=0.19 sys=0.00, real=0.09 secs] 
2019-09-25T15:14:47.369-0530: 121.211: [Full GC (Ergonomics) [PSYoungGen: 11264K->11263K(22528K)] [ParOldGen: 68530K->68530K(68608K)] 79794K->79793K(91136K), [Metaspace: 60351K->60351K(1105920K)], 0.0613161 secs] [Times: user=0.18 sys=0.01, real=0.07 secs] 
2019-09-25T15:14:47.431-0530: 121.273: [Full GC (Ergonomics) [PSYoungGen: 11264K->11263K(22528K)] [ParOldGen: 68530K->68530K(68608K)] 79794K->79793K(91136K), [Metaspace: 60351K->60351K(1105920K)], 0.0592000 secs] [Times: user=0.18 sys=0.00, real=0.06 secs] 
2019-09-25T15:14:47.492-0530: 121.334: [Full GC (Ergonomics) [PSYoungGen: 11264K->11262K(22528K)] [ParOldGen: 68530K->68530K(68608K)] 79794K->79793K(91136K), [Metaspace: 60351K->60351K(1105920K)], 0.0621025 secs] [Times: user=0.17 sys=0.00, real=0.06 secs] 
2019-09-25T15:14:47.555-0530: 121.397: [Full GC (Ergonomics) [PSYoungGen: 11264K->11263K(22528K)] [ParOldGen: 68530K->68530K(68608K)] 79794K->79793K(91136K), [Metaspace: 60353K->60353K(1105920K)], 0.0592440 secs] [Times: user=0.18 sys=0.00, real=0.06 secs] 
2019-09-25T15:14:47.616-0530: 121.457: [Full GC (Ergonomics) [PSYoungGen: 11264K->11263K(22528K)] [ParOldGen: 68530K->68530K(68608K)] 79794K->79793K(91136K), [Metaspace: 60353K->60353K(1105920K)], 0.0688880 secs] [Times: user=0.17 sys=0.00, real=0.07 secs] 
2019-09-25T15:14:47.686-0530: 121.528: [Full GC (Ergonomics) [PSYoungGen: 11264K->11263K(22528K)] [ParOldGen: 68530K->68530K(68608K)] 79794K->79793K(91136K), [Metaspace: 60353K->60353K(1105920K)], 0.0665765 secs] [Times: user=0.19 sys=0.01, real=0.07 secs] 
2019-09-25T15:14:47.754-0530: 121.596: [Full GC (Ergonomics) [PSYoungGen: 11264K->11263K(22528K)] [ParOldGen: 68530K->68530K(68608K)] 79794K->79794K(91136K), [Metaspace: 60353K->60353K(1105920K)], 0.0690893 secs] [Times: user=0.19 sys=0.00, real=0.07 secs] 
2019-09-25T15:14:47.824-0530: 121.666: [Full GC (Ergonomics) [PSYoungGen: 11263K->11260K(22528K)] [ParOldGen: 68541K->68539K(68608K)] 79805K->79800K(91136K), [Metaspace: 60353K->60353K(1105920K)], 0.0604198 secs] [Times: user=0.17 sys=0.00, real=0.06 secs] 
2019-09-25T15:14:47.886-0530: 121.728: [Full GC (Ergonomics) [PSYoungGen: 11264K->11250K(22528K)] [ParOldGen: 68539K->68522K(68608K)] 79803K->79772K(91136K), [Metaspace: 60353K->60353K(1105920K)], 0.0644363 secs] [Times: user=0.20 sys=0.01, real=0.07 secs] 
2019-09-25T15:14:47.952-0530: 121.794: [Full GC (Ergonomics) [PSYoungGen: 11264K->11252K(22528K)] [ParOldGen: 68522K->68521K(68608K)] 79786K->79774K(91136K), [Metaspace: 60354K->60354K(1105920K)], 0.0601517 secs] [Times: user=0.18 sys=0.00, real=0.06 secs] 
2019-09-25T15:14:48.014-0530: 121.855: [Full GC (Ergonomics) [PSYoungGen: 11264K->11255K(22528K)] [ParOldGen: 68521K->68520K(68608K)] 79785K->79775K(91136K), [Metaspace: 60357K->60357K(1105920K)], 0.0544085 secs] [Times: user=0.18 sys=0.00, real=0.05 secs] 
2019-09-25T15:14:48.069-0530: 121.911: [Full GC (Ergonomics) [PSYoungGen: 11264K->11256K(22528K)] [ParOldGen: 68520K->68518K(68608K)] 79784K->79774K(91136K), [Metaspace: 60361K->60357K(1105920K)], 0.0628312 secs] [Times: user=0.18 sys=0.00, real=0.07 secs] 
2019-09-25T15:14:48.134-0530: 121.975: [Full GC (Ergonomics) [PSYoungGen: 11264K->11256K(22528K)] [ParOldGen: 68518K->68518K(68608K)] 79782K->79775K(91136K), [Metaspace: 60358K->60358K(1105920K)], 0.0628010 secs] [Times: user=0.17 sys=0.00, real=0.06 secs] 
2019-09-25T15:14:48.198-0530: 122.040: [Full GC (Ergonomics) [PSYoungGen: 11264K->11258K(22528K)] [ParOldGen: 68518K->68518K(68608K)] 79782K->79776K(91136K), [Metaspace: 60358K->60358K(1105920K)], 0.0825532 secs] [Times: user=0.19 sys=0.01, real=0.09 secs] 
2019-09-25T15:14:48.283-0530: 122.125: [Full GC (Ergonomics) [PSYoungGen: 11264K->11258K(22528K)] [ParOldGen: 68528K->68528K(68608K)] 79792K->79786K(91136K), [Metaspace: 60363K->60359K(1105920K)], 0.0695277 secs] [Times: user=0.21 sys=0.00, real=0.07 secs] 
2019-09-25T15:14:48.354-0530: 122.196: [Full GC (Ergonomics) [PSYoungGen: 11264K->11260K(22528K)] [ParOldGen: 68528K->68527K(68608K)] 79792K->79788K(91136K), [Metaspace: 60359K->60359K(1105920K)], 0.0586223 secs] [Times: user=0.19 sys=0.01, real=0.06 secs] 
2019-09-25T15:14:48.414-0530: 122.255: [Full GC (Ergonomics) [PSYoungGen: 11264K->11263K(22528K)] [ParOldGen: 68527K->68527K(68608K)] 79791K->79791K(91136K), [Metaspace: 60359K->60359K(1105920K)], 0.0534577 secs] [Times: user=0.17 sys=0.00, real=0.05 secs] 
2019-09-25T15:14:48.469-0530: 122.311: [Full GC (Ergonomics) [PSYoungGen: 11264K->11263K(22528K)] [ParOldGen: 68527K->68527K(68608K)] 79791K->79791K(91136K), [Metaspace: 60359K->60359K(1105920K)], 0.0569007 secs] [Times: user=0.17 sys=0.00, real=0.06 secs] 
2019-09-25T15:14:48.527-0530: 122.369: [Full GC (Ergonomics) [PSYoungGen: 11263K->11263K(22528K)] [ParOldGen: 68527K->68527K(68608K)] 79791K->79791K(91136K), [Metaspace: 60359K->60359K(1105920K)], 0.0616099 secs] [Times: user=0.17 sys=0.00, real=0.06 secs] 
2019-09-25T15:14:48.590-0530: 122.432: [Full GC (Ergonomics) [PSYoungGen: 11264K->11261K(22528K)] [ParOldGen: 68534K->68529K(68608K)] 79798K->79790K(91136K), [Metaspace: 60359K->60359K(1105920K)], 0.0681202 secs] [Times: user=0.20 sys=0.01, real=0.06 secs] 
2019-09-25T15:14:48.659-0530: 122.501: [Full GC (Ergonomics) [PSYoungGen: 11264K->11261K(22528K)] [ParOldGen: 68529K->68529K(68608K)] 79793K->79791K(91136K), [Metaspace: 60359K->60359K(1105920K)], 0.0622978 secs] [Times: user=0.17 sys=0.00, real=0.07 secs] 
2019-09-25T15:14:48.723-0530: 122.565: [Full GC (Ergonomics) [PSYoungGen: 11263K->11262K(22528K)] [ParOldGen: 68529K->68529K(68608K)] 79793K->79791K(91136K), [Metaspace: 60359K->60359K(1105920K)], 0.0600458 secs] [Times: user=0.17 sys=0.00, real=0.06 secs] 
2019-09-25T15:14:48.784-0530: 122.626: [Full GC (Ergonomics) [PSYoungGen: 11264K->11263K(22528K)] [ParOldGen: 68529K->68529K(68608K)] 79793K->79792K(91136K), [Metaspace: 60359K->60359K(1105920K)], 0.0610362 secs] [Times: user=0.17 sys=0.00, real=0.06 secs] 
2019-09-25T15:14:48.847-0530: 122.688: [Full GC (Ergonomics) [PSYoungGen: 11264K->11263K(22528K)] [ParOldGen: 68529K->68529K(68608K)] 79793K->79792K(91136K), [Metaspace: 60359K->60359K(1105920K)], 0.0588204 secs] [Times: user=0.17 sys=0.00, real=0.06 secs] 
2019-09-25T15:14:48.907-0530: 122.749: [Full GC (Ergonomics) [PSYoungGen: 11264K->11263K(22528K)] [ParOldGen: 68529K->68529K(68608K)] 79793K->79792K(91136K), [Metaspace: 60359K->60359K(1105920K)], 0.0575756 secs] [Times: user=0.17 sys=0.00, real=0.06 secs] 
2019-09-25T15:14:48.965-0530: 122.807: [Full GC (Ergonomics) [PSYoungGen: 11264K->11263K(22528K)] [ParOldGen: 68529K->68529K(68608K)] 79793K->79792K(91136K), [Metaspace: 60359K->60359K(1105920K)], 0.0572114 secs] [Times: user=0.17 sys=0.00, real=0.06 secs] 
2019-09-25T15:14:49.024-0530: 122.866: [Full GC (Ergonomics) [PSYoungGen: 11264K->11263K(22528K)] [ParOldGen: 68529K->68529K(68608K)] 79793K->79793K(91136K), [Metaspace: 60359K->60359K(1105920K)], 0.0592227 secs] [Times: user=0.17 sys=0.00, real=0.06 secs] 
2019-09-25T15:14:49.084-0530: 122.926: [Full GC (Ergonomics) [PSYoungGen: 11263K->11263K(22528K)] [ParOldGen: 68548K->68538K(68608K)] 79812K->79802K(91136K), [Metaspace: 60359K->60359K(1105920K)], 0.0639196 secs] [Times: user=0.21 sys=0.00, real=0.06 secs] 
2019-09-25T15:14:49.150-0530: 122.992: [Full GC (Ergonomics) [PSYoungGen: 11264K->11263K(22528K)] [ParOldGen: 68538K->68538K(68608K)] 79802K->79802K(91136K), [Metaspace: 60359K->60359K(1105920K)], 0.0612333 secs] [Times: user=0.20 sys=0.00, real=0.06 secs] 
2019-09-25T15:14:49.212-0530: 123.054: [Full GC (Ergonomics) [PSYoungGen: 11264K->11262K(22528K)] [ParOldGen: 68538K->68538K(68608K)] 79802K->79800K(91136K), [Metaspace: 60359K->60359K(1105920K)], 0.0588692 secs] [Times: user=0.17 sys=0.00, real=0.06 secs] 
2019-09-25T15:14:49.273-0530: 123.115: [Full GC (Ergonomics) [PSYoungGen: 11264K->11263K(22528K)] [ParOldGen: 68538K->68538K(68608K)] 79802K->79801K(91136K), [Metaspace: 60359K->60359K(1105920K)], 0.0553580 secs] [Times: user=0.18 sys=0.00, real=0.05 secs] 
2019-09-25T15:14:49.329-0530: 123.171: [Full GC (Ergonomics) [PSYoungGen: 11264K->11263K(22528K)] [ParOldGen: 68538K->68538K(68608K)] 79802K->79801K(91136K), [Metaspace: 60359K->60359K(1105920K)], 0.0620308 secs] [Times: user=0.17 sys=0.00, real=0.07 secs] 
2019-09-25T15:14:49.393-0530: 123.235: [Full GC (Ergonomics) [PSYoungGen: 11264K->11263K(22528K)] [ParOldGen: 68538K->68538K(68608K)] 79802K->79801K(91136K), [Metaspace: 60359K->60359K(1105920K)], 0.0562598 secs] [Times: user=0.18 sys=0.00, real=0.05 secs] 
2019-09-25T15:14:49.450-0530: 123.292: [Full GC (Ergonomics) [PSYoungGen: 11264K->11260K(22528K)] [ParOldGen: 68538K->68529K(68608K)] 79802K->79790K(91136K), [Metaspace: 60359K->60359K(1105920K)], 0.0585387 secs] [Times: user=0.18 sys=0.00, real=0.05 secs] 
2019-09-25T15:14:49.511-0530: 123.352: [Full GC (Ergonomics) [PSYoungGen: 11264K->11260K(22528K)] [ParOldGen: 68529K->68529K(68608K)] 79793K->79790K(91136K), [Metaspace: 60359K->60359K(1105920K)], 0.0624725 secs] [Times: user=0.21 sys=0.00, real=0.06 secs] 
2019-09-25T15:14:49.574-0530: 123.416: [Full GC (Ergonomics) [PSYoungGen: 11264K->11261K(22528K)] [ParOldGen: 68529K->68529K(68608K)] 79793K->79790K(91136K), [Metaspace: 60359K->60359K(1105920K)], 0.0631719 secs] [Times: user=0.20 sys=0.01, real=0.06 secs] 
2019-09-25T15:14:49.639-0530: 123.481: [Full GC (Ergonomics) [PSYoungGen: 11264K->11261K(22528K)] [ParOldGen: 68529K->68529K(68608K)] 79793K->79791K(91136K), [Metaspace: 60359K->60359K(1105920K)], 0.0570729 secs] [Times: user=0.18 sys=0.00, real=0.06 secs] 
2019-09-25T15:14:49.697-0530: 123.539: [Full GC (Ergonomics) [PSYoungGen: 11264K->11262K(22528K)] [ParOldGen: 68539K->68539K(68608K)] 79803K->79801K(91136K), [Metaspace: 60359K->60359K(1105920K)], 0.0572756 secs] [Times: user=0.17 sys=0.00, real=0.06 secs] 
2019-09-25T15:14:49.756-0530: 123.597: [Full GC (Ergonomics) [PSYoungGen: 11264K->11262K(22528K)] [ParOldGen: 68539K->68539K(68608K)] 79803K->79801K(91136K), [Metaspace: 60359K->60359K(1105920K)], 0.0561128 secs] [Times: user=0.19 sys=0.00, real=0.06 secs] 
2019-09-25T15:14:49.813-0530: 123.655: [Full GC (Ergonomics) [PSYoungGen: 11264K->11261K(22528K)] [ParOldGen: 68539K->68538K(68608K)] 79803K->79800K(91136K), [Metaspace: 60359K->60359K(1105920K)], 0.0607031 secs] [Times: user=0.19 sys=0.01, real=0.06 secs] 
2019-09-25T15:14:49.875-0530: 123.717: [Full GC (Ergonomics) [PSYoungGen: 11264K->11262K(22528K)] [ParOldGen: 68538K->68537K(68608K)] 79802K->79800K(91136K), [Metaspace: 60360K->60360K(1105920K)], 0.0917774 secs] [Times: user=0.42 sys=0.00, real=0.09 secs] 
2019-09-25T15:14:49.968-0530: 123.810: [Full GC (Ergonomics) [PSYoungGen: 11264K->11262K(22528K)] [ParOldGen: 68537K->68537K(68608K)] 79801K->79800K(91136K), [Metaspace: 60360K->60360K(1105920K)], 0.0592663 secs] [Times: user=0.18 sys=0.00, real=0.06 secs] 
2019-09-25T15:14:50.028-0530: 123.870: [Full GC (Ergonomics) [PSYoungGen: 11264K->11262K(22528K)] [ParOldGen: 68537K->68537K(68608K)] 79801K->79800K(91136K), [Metaspace: 60360K->60360K(1105920K)], 0.0627345 secs] [Times: user=0.22 sys=0.01, real=0.07 secs] 
2019-09-25T15:14:50.092-0530: 123.934: [Full GC (Ergonomics) [PSYoungGen: 11264K->11262K(22528K)] [ParOldGen: 68537K->68537K(68608K)] 79801K->79800K(91136K), [Metaspace: 60360K->60360K(1105920K)], 0.0577300 secs] [Times: user=0.18 sys=0.00, real=0.06 secs] 
2019-09-25T15:14:50.151-0530: 123.993: [Full GC (Ergonomics) [PSYoungGen: 11264K->11260K(22528K)] [ParOldGen: 68543K->68542K(68608K)] 79807K->79802K(91136K), [Metaspace: 60360K->60360K(1105920K)], 0.0605670 secs] [Times: user=0.17 sys=0.00, real=0.06 secs] 
2019-09-25T15:14:50.213-0530: 124.055: [Full GC (Ergonomics) [PSYoungGen: 11264K->11262K(22528K)] [ParOldGen: 68542K->68542K(68608K)] 79806K->79804K(91136K), [Metaspace: 60360K->60360K(1105920K)], 0.0644996 secs] [Times: user=0.19 sys=0.00, real=0.06 secs] 
2019-09-25T15:14:50.279-0530: 124.121: [Full GC (Ergonomics) [PSYoungGen: 11264K->11263K(22528K)] [ParOldGen: 68542K->68542K(68608K)] 79806K->79805K(91136K), [Metaspace: 60360K->60360K(1105920K)], 0.0607830 secs] [Times: user=0.19 sys=0.01, real=0.07 secs] 
2019-09-25T15:14:50.341-0530: 124.183: [Full GC (Ergonomics) [PSYoungGen: 11264K->11263K(22528K)] [ParOldGen: 68542K->68542K(68608K)] 79806K->79805K(91136K), [Metaspace: 60360K->60360K(1105920K)], 0.0596792 secs] [Times: user=0.17 sys=0.00, real=0.06 secs] 
2019-09-25T15:14:50.402-0530: 124.244: [Full GC (Ergonomics) [PSYoungGen: 11264K->11263K(22528K)] [ParOldGen: 68542K->68541K(68608K)] 79806K->79805K(91136K), [Metaspace: 60361K->60361K(1105920K)], 0.0639067 secs] [Times: user=0.21 sys=0.00, real=0.06 secs] 
2019-09-25T15:14:50.467-0530: 124.309: [Full GC (Ergonomics) [PSYoungGen: 11264K->11263K(22528K)] [ParOldGen: 68541K->68541K(68608K)] 79805K->79805K(91136K), [Metaspace: 60361K->60361K(1105920K)], 0.0615170 secs] [Times: user=0.17 sys=0.00, real=0.06 secs] 
2019-09-25T15:14:50.530-0530: 124.372: [Full GC (Ergonomics) [PSYoungGen: 11264K->11263K(22528K)] [ParOldGen: 68541K->68541K(68608K)] 79805K->79805K(91136K), [Metaspace: 60361K->60361K(1105920K)], 0.0718200 secs] [Times: user=0.24 sys=0.01, real=0.07 secs] 
2019-09-25T15:14:50.603-0530: 124.445: [Full GC (Ergonomics) [PSYoungGen: 11264K->11263K(22528K)] [ParOldGen: 68541K->68541K(68608K)] 79805K->79805K(91136K), [Metaspace: 60361K->60361K(1105920K)], 0.0603916 secs] [Times: user=0.19 sys=0.00, real=0.06 secs] 
2019-09-25T15:14:50.665-0530: 124.507: [Full GC (Ergonomics) [PSYoungGen: 11264K->11263K(22528K)] [ParOldGen: 68541K->68541K(68608K)] 79805K->79805K(91136K), [Metaspace: 60361K->60361K(1105920K)], 0.0606741 secs] [Times: user=0.19 sys=0.00, real=0.06 secs] 
2019-09-25T15:14:50.727-0530: 124.569: [Full GC (Ergonomics) [PSYoungGen: 11264K->11263K(22528K)] [ParOldGen: 68541K->68541K(68608K)] 79805K->79805K(91136K), [Metaspace: 60361K->60361K(1105920K)], 0.0635520 secs] [Times: user=0.21 sys=0.00, real=0.07 secs] 
2019-09-25T15:14:50.792-0530: 124.633: [Full GC (Ergonomics) [PSYoungGen: 11264K->11263K(22528K)] [ParOldGen: 68541K->68541K(68608K)] 79805K->79805K(91136K), [Metaspace: 60361K->60361K(1105920K)], 0.0715242 secs] [Times: user=0.25 sys=0.01, real=0.07 secs] 
2019-09-25T15:14:50.865-0530: 124.707: [Full GC (Ergonomics) [PSYoungGen: 11264K->11263K(22528K)] [ParOldGen: 68541K->68541K(68608K)] 79805K->79805K(91136K), [Metaspace: 60361K->60361K(1105920K)], 0.0648405 secs] [Times: user=0.20 sys=0.00, real=0.07 secs] 
2019-09-25T15:14:50.931-0530: 124.773: [Full GC (Ergonomics) [PSYoungGen: 11264K->11263K(22528K)] [ParOldGen: 68541K->68541K(68608K)] 79805K->79805K(91136K), [Metaspace: 60361K->60361K(1105920K)], 0.0639575 secs] [Times: user=0.21 sys=0.01, real=0.06 secs] 
2019-09-25T15:14:50.997-0530: 124.839: [Full GC (Ergonomics) [PSYoungGen: 11264K->11263K(22528K)] [ParOldGen: 68547K->68543K(68608K)] 79811K->79807K(91136K), [Metaspace: 60364K->60364K(1105920K)], 0.0639340 secs] [Times: user=0.20 sys=0.00, real=0.07 secs] 
2019-09-25T15:14:51.062-0530: 124.904: [Full GC (Ergonomics) [PSYoungGen: 11264K->11263K(22528K)] [ParOldGen: 68543K->68543K(68608K)] 79807K->79807K(91136K), [Metaspace: 60365K->60365K(1105920K)], 0.0608756 secs] [Times: user=0.17 sys=0.00, real=0.06 secs] 
2019-09-25T15:14:51.125-0530: 124.966: [Full GC (Ergonomics) [PSYoungGen: 11264K->11260K(22528K)] [ParOldGen: 68543K->68542K(68608K)] 79807K->79802K(91136K), [Metaspace: 60365K->60365K(1105920K)], 0.0700952 secs] [Times: user=0.21 sys=0.00, real=0.07 secs] 
2019-09-25T15:14:51.196-0530: 125.038: [Full GC (Ergonomics) [PSYoungGen: 11264K->11261K(22528K)] [ParOldGen: 68542K->68542K(68608K)] 79806K->79804K(91136K), [Metaspace: 60365K->60365K(1105920K)], 0.0630069 secs] [Times: user=0.19 sys=0.01, real=0.06 secs] 
2019-09-25T15:14:51.260-0530: 125.102: [Full GC (Ergonomics) [PSYoungGen: 11264K->11262K(22528K)] [ParOldGen: 68542K->68542K(68608K)] 79806K->79804K(91136K), [Metaspace: 60365K->60365K(1105920K)], 0.0579536 secs] [Times: user=0.17 sys=0.00, real=0.05 secs] 
2019-09-25T15:14:51.319-0530: 125.161: [Full GC (Ergonomics) [PSYoungGen: 11264K->11262K(22528K)] [ParOldGen: 68542K->68542K(68608K)] 79806K->79804K(91136K), [Metaspace: 60365K->60365K(1105920K)], 0.0594590 secs] [Times: user=0.18 sys=0.00, real=0.06 secs] 
2019-09-25T15:14:51.380-0530: 125.222: [Full GC (Ergonomics) [PSYoungGen: 11264K->11262K(22528K)] [ParOldGen: 68542K->68542K(68608K)] 79806K->79805K(91136K), [Metaspace: 60365K->60365K(1105920K)], 0.0647840 secs] [Times: user=0.18 sys=0.00, real=0.06 secs] 
2019-09-25T15:14:51.446-0530: 125.288: [Full GC (Ergonomics) [PSYoungGen: 11264K->11263K(22528K)] [ParOldGen: 68542K->68542K(68608K)] 79806K->79805K(91136K), [Metaspace: 60365K->60365K(1105920K)], 0.0568031 secs] [Times: user=0.17 sys=0.01, real=0.06 secs] 
2019-09-25T15:14:51.504-0530: 125.346: [Full GC (Ergonomics) [PSYoungGen: 11264K->11263K(22528K)] [ParOldGen: 68542K->68542K(68608K)] 79806K->79806K(91136K), [Metaspace: 60365K->60365K(1105920K)], 0.0618536 secs] [Times: user=0.19 sys=0.00, real=0.06 secs] 
2019-09-25T15:14:51.568-0530: 125.410: [Full GC (Ergonomics) [PSYoungGen: 11264K->11256K(22528K)] [ParOldGen: 68544K->68534K(68608K)] 79808K->79791K(91136K), [Metaspace: 60365K->60365K(1105920K)], 0.0628625 secs] [Times: user=0.21 sys=0.00, real=0.07 secs] 
2019-09-25T15:14:51.632-0530: 125.474: [Full GC (Ergonomics) [PSYoungGen: 11264K->11258K(22528K)] [ParOldGen: 68534K->68534K(68608K)] 79798K->79793K(91136K), [Metaspace: 60365K->60365K(1105920K)], 0.0626998 secs] [Times: user=0.18 sys=0.01, real=0.06 secs] 
2019-09-25T15:14:51.696-0530: 125.538: [Full GC (Ergonomics) [PSYoungGen: 11264K->11254K(22528K)] [ParOldGen: 68534K->68533K(68608K)] 79798K->79788K(91136K), [Metaspace: 60365K->60365K(1105920K)], 0.0952484 secs] [Times: user=0.41 sys=0.01, real=0.10 secs] 
2019-09-25T15:14:51.792-0530: 125.634: [Full GC (Ergonomics) [PSYoungGen: 11264K->11256K(22528K)] [ParOldGen: 68533K->68533K(68608K)] 79797K->79789K(91136K), [Metaspace: 60365K->60365K(1105920K)], 0.0606054 secs] [Times: user=0.20 sys=0.00, real=0.06 secs] 
2019-09-25T15:14:51.854-0530: 125.696: [Full GC (Ergonomics) [PSYoungGen: 11264K->11250K(22528K)] [ParOldGen: 68533K->68532K(68608K)] 79797K->79783K(91136K), [Metaspace: 60366K->60366K(1105920K)], 0.0613949 secs] [Times: user=0.17 sys=0.00, real=0.06 secs] 
2019-09-25T15:14:51.918-0530: 125.759: [Full GC (Ergonomics) [PSYoungGen: 11264K->11251K(22528K)] [ParOldGen: 68532K->68532K(68608K)] 79796K->79784K(91136K), [Metaspace: 60366K->60366K(1105920K)], 0.0687780 secs] [Times: user=0.19 sys=0.00, real=0.07 secs] 
2019-09-25T15:14:51.988-0530: 125.829: [Full GC (Ergonomics) [PSYoungGen: 11264K->11255K(22528K)] [ParOldGen: 68532K->68532K(68608K)] 79796K->79787K(91136K), [Metaspace: 60366K->60366K(1105920K)], 0.0608375 secs] [Times: user=0.18 sys=0.01, real=0.06 secs] 
2019-09-25T15:14:52.050-0530: 125.892: [Full GC (Ergonomics) [PSYoungGen: 11264K->11253K(22528K)] [ParOldGen: 68532K->68532K(68608K)] 79796K->79786K(91136K), [Metaspace: 60366K->60366K(1105920K)], 0.0595183 secs] [Times: user=0.18 sys=0.00, real=0.05 secs] 
2019-09-25T15:14:52.111-0530: 125.953: [Full GC (Ergonomics) [PSYoungGen: 11264K->11255K(22528K)] [ParOldGen: 68532K->68532K(68608K)] 79796K->79787K(91136K), [Metaspace: 60366K->60366K(1105920K)], 0.0634388 secs] [Times: user=0.18 sys=0.00, real=0.06 secs] 
2019-09-25T15:14:52.176-0530: 126.018: [Full GC (Ergonomics) [PSYoungGen: 11264K->11257K(22528K)] [ParOldGen: 68532K->68531K(68608K)] 79796K->79789K(91136K), [Metaspace: 60366K->60366K(1105920K)], 0.0625626 secs] [Times: user=0.18 sys=0.00, real=0.06 secs] 
2019-09-25T15:14:52.239-0530: 126.081: [Full GC (Ergonomics) [PSYoungGen: 11264K->11257K(22528K)] [ParOldGen: 68531K->68531K(68608K)] 79795K->79789K(91136K), [Metaspace: 60366K->60366K(1105920K)], 0.0657915 secs] [Times: user=0.18 sys=0.01, real=0.07 secs] 
2019-09-25T15:14:52.307-0530: 126.148: [Full GC (Ergonomics) [PSYoungGen: 11264K->11259K(22528K)] [ParOldGen: 68531K->68531K(68608K)] 79795K->79791K(91136K), [Metaspace: 60366K->60366K(1105920K)], 0.0605999 secs] [Times: user=0.18 sys=0.00, real=0.06 secs] 
2019-09-25T15:14:52.369-0530: 126.211: [Full GC (Ergonomics) [PSYoungGen: 11264K->11258K(22528K)] [ParOldGen: 68531K->68531K(68608K)] 79795K->79790K(91136K), [Metaspace: 60366K->60366K(1105920K)], 0.0692185 secs] [Times: user=0.22 sys=0.00, real=0.07 secs] 
2019-09-25T15:14:52.440-0530: 126.282: [Full GC (Ergonomics) [PSYoungGen: 11264K->11260K(22528K)] [ParOldGen: 68531K->68531K(68608K)] 79795K->79792K(91136K), [Metaspace: 60367K->60367K(1105920K)], 0.0629685 secs] [Times: user=0.19 sys=0.01, real=0.06 secs] 
2019-09-25T15:14:52.504-0530: 126.346: [Full GC (Ergonomics) [PSYoungGen: 11264K->11260K(22528K)] [ParOldGen: 68531K->68531K(68608K)] 79795K->79792K(91136K), [Metaspace: 60370K->60370K(1105920K)], 0.0605892 secs] [Times: user=0.18 sys=0.00, real=0.06 secs] 
2019-09-25T15:14:52.566-0530: 126.408: [Full GC (Ergonomics) [PSYoungGen: 11264K->11261K(22528K)] [ParOldGen: 68531K->68531K(68608K)] 79795K->79793K(91136K), [Metaspace: 60371K->60371K(1105920K)], 0.0609517 secs] [Times: user=0.20 sys=0.00, real=0.06 secs] 
2019-09-25T15:14:52.628-0530: 126.470: [Full GC (Ergonomics) [PSYoungGen: 11264K->11258K(22528K)] [ParOldGen: 68544K->68542K(68608K)] 79808K->79801K(91136K), [Metaspace: 60371K->60367K(1105920K)], 0.0639960 secs] [Times: user=0.18 sys=0.00, real=0.07 secs] 
2019-09-25T15:14:52.694-0530: 126.536: [Full GC (Ergonomics) [PSYoungGen: 11264K->11260K(22528K)] [ParOldGen: 68542K->68541K(68608K)] 79806K->79802K(91136K), [Metaspace: 60367K->60367K(1105920K)], 0.0602472 secs] [Times: user=0.18 sys=0.01, real=0.06 secs] 
2019-09-25T15:14:52.755-0530: 126.597: [Full GC (Ergonomics) [PSYoungGen: 11264K->11261K(22528K)] [ParOldGen: 68541K->68541K(68608K)] 79805K->79802K(91136K), [Metaspace: 60367K->60367K(1105920K)], 0.0635853 secs] [Times: user=0.21 sys=0.00, real=0.06 secs] 
2019-09-25T15:14:52.820-0530: 126.662: [Full GC (Ergonomics) [PSYoungGen: 11264K->11262K(22528K)] [ParOldGen: 68541K->68541K(68608K)] 79805K->79803K(91136K), [Metaspace: 60367K->60367K(1105920K)], 0.0599444 secs] [Times: user=0.19 sys=0.00, real=0.06 secs] 
2019-09-25T15:14:52.881-0530: 126.723: [Full GC (Ergonomics) [PSYoungGen: 11264K->11262K(22528K)] [ParOldGen: 68541K->68541K(68608K)] 79805K->79804K(91136K), [Metaspace: 60367K->60367K(1105920K)], 0.0601172 secs] [Times: user=0.18 sys=0.01, real=0.06 secs] 
2019-09-25T15:14:52.943-0530: 126.785: [Full GC (Ergonomics) [PSYoungGen: 11264K->11263K(22528K)] [ParOldGen: 68541K->68541K(68608K)] 79805K->79804K(91136K), [Metaspace: 60367K->60367K(1105920K)], 0.0628584 secs] [Times: user=0.19 sys=0.00, real=0.06 secs] 
2019-09-25T15:14:53.007-0530: 126.849: [Full GC (Ergonomics) [PSYoungGen: 11264K->11260K(22528K)] [ParOldGen: 68541K->68541K(68608K)] 79805K->79801K(91136K), [Metaspace: 60367K->60367K(1105920K)], 0.0599898 secs] [Times: user=0.19 sys=0.00, real=0.06 secs] 
2019-09-25T15:14:53.069-0530: 126.911: [Full GC (Ergonomics) [PSYoungGen: 11264K->11260K(22528K)] [ParOldGen: 68541K->68541K(68608K)] 79805K->79801K(91136K), [Metaspace: 60367K->60367K(1105920K)], 0.0604083 secs] [Times: user=0.18 sys=0.00, real=0.06 secs] 
2019-09-25T15:14:53.130-0530: 126.972: [Full GC (Ergonomics) [PSYoungGen: 11264K->11261K(22528K)] [ParOldGen: 68541K->68541K(68608K)] 79805K->79802K(91136K), [Metaspace: 60367K->60367K(1105920K)], 0.0578118 secs] [Times: user=0.17 sys=0.00, real=0.05 secs] 
2019-09-25T15:14:53.189-0530: 127.031: [Full GC (Ergonomics) [PSYoungGen: 11264K->11262K(22528K)] [ParOldGen: 68541K->68541K(68608K)] 79805K->79803K(91136K), [Metaspace: 60367K->60367K(1105920K)], 0.0601497 secs] [Times: user=0.18 sys=0.00, real=0.07 secs] 
2019-09-25T15:14:53.251-0530: 127.093: [Full GC (Ergonomics) [PSYoungGen: 11264K->11262K(22528K)] [ParOldGen: 68541K->68541K(68608K)] 79805K->79803K(91136K), [Metaspace: 60367K->60367K(1105920K)], 0.0608584 secs] [Times: user=0.18 sys=0.00, real=0.06 secs] 
2019-09-25T15:14:53.313-0530: 127.155: [Full GC (Ergonomics) [PSYoungGen: 11264K->11260K(22528K)] [ParOldGen: 68541K->68540K(68608K)] 79805K->79801K(91136K), [Metaspace: 60367K->60367K(1105920K)], 0.0591293 secs] [Times: user=0.18 sys=0.00, real=0.06 secs] 
2019-09-25T15:14:53.373-0530: 127.215: [Full GC (Ergonomics) [PSYoungGen: 11264K->11260K(22528K)] [ParOldGen: 68540K->68540K(68608K)] 79804K->79800K(91136K), [Metaspace: 60367K->60367K(1105920K)], 0.0627598 secs] [Times: user=0.18 sys=0.01, real=0.06 secs] 
2019-09-25T15:14:53.438-0530: 127.280: [Full GC (Ergonomics) [PSYoungGen: 11264K->11261K(22528K)] [ParOldGen: 68540K->68540K(68608K)] 79804K->79801K(91136K), [Metaspace: 60367K->60367K(1105920K)], 0.0580131 secs] [Times: user=0.18 sys=0.00, real=0.06 secs] 
2019-09-25T15:14:53.497-0530: 127.339: [Full GC (Ergonomics) [PSYoungGen: 11264K->11261K(22528K)] [ParOldGen: 68540K->68531K(68608K)] 79804K->79792K(91136K), [Metaspace: 60367K->60367K(1105920K)], 0.0601862 secs] [Times: user=0.18 sys=0.00, real=0.06 secs] 
2019-09-25T15:14:53.559-0530: 127.401: [Full GC (Ergonomics) [PSYoungGen: 11264K->11255K(22528K)] [ParOldGen: 68531K->68531K(68608K)] 79795K->79786K(91136K), [Metaspace: 60367K->60367K(1105920K)], 0.0981267 secs] [Times: user=0.42 sys=0.01, real=0.10 secs] 
2019-09-25T15:14:53.658-0530: 127.500: [Full GC (Ergonomics) [PSYoungGen: 11264K->11256K(22528K)] [ParOldGen: 68531K->68530K(68608K)] 79795K->79787K(91136K), [Metaspace: 60367K->60367K(1105920K)], 0.0596656 secs] [Times: user=0.18 sys=0.00, real=0.06 secs] 
2019-09-25T15:14:53.719-0530: 127.561: [Full GC (Ergonomics) [PSYoungGen: 11264K->11258K(22528K)] [ParOldGen: 68530K->68530K(68608K)] 79794K->79789K(91136K), [Metaspace: 60367K->60367K(1105920K)], 0.0609149 secs] [Times: user=0.18 sys=0.00, real=0.07 secs] 
2019-09-25T15:14:53.781-0530: 127.623: [Full GC (Ergonomics) [PSYoungGen: 11264K->11260K(22528K)] [ParOldGen: 68530K->68530K(68608K)] 79794K->79790K(91136K), [Metaspace: 60367K->60367K(1105920K)], 0.0567806 secs] [Times: user=0.17 sys=0.01, real=0.05 secs] 
2019-09-25T15:14:53.839-0530: 127.681: [Full GC (Ergonomics) [PSYoungGen: 11264K->11258K(22528K)] [ParOldGen: 68530K->68528K(68608K)] 79794K->79787K(91136K), [Metaspace: 60367K->60363K(1105920K)], 0.0622751 secs] [Times: user=0.19 sys=0.00, real=0.07 secs] 
2019-09-25T15:14:53.903-0530: 127.745: [Full GC (Ergonomics) [PSYoungGen: 11264K->11259K(22528K)] [ParOldGen: 68528K->68528K(68608K)] 79792K->79788K(91136K), [Metaspace: 60365K->60365K(1105920K)], 0.0614846 secs] [Times: user=0.19 sys=0.00, real=0.06 secs] 
2019-09-25T15:14:53.965-0530: 127.808: [Full GC (Ergonomics) [PSYoungGen: 11264K->11261K(22528K)] [ParOldGen: 68528K->68527K(68608K)] 79792K->79789K(91136K), [Metaspace: 60365K->60365K(1105920K)], 0.0598461 secs] [Times: user=0.18 sys=0.00, real=0.06 secs] 
2019-09-25T15:14:54.027-0530: 127.869: [Full GC (Ergonomics) [PSYoungGen: 11263K->11262K(22528K)] [ParOldGen: 68527K->68527K(68608K)] 79791K->79789K(91136K), [Metaspace: 60365K->60365K(1105920K)], 0.0586971 secs] [Times: user=0.17 sys=0.01, real=0.06 secs] 
2019-09-25T15:14:54.087-0530: 127.929: [Full GC (Ergonomics) [PSYoungGen: 11264K->11261K(22528K)] [ParOldGen: 68527K->68527K(68608K)] 79791K->79789K(91136K), [Metaspace: 60365K->60365K(1105920K)], 0.0570156 secs] [Times: user=0.18 sys=0.00, real=0.06 secs] 
2019-09-25T15:14:54.145-0530: 127.987: [Full GC (Ergonomics) [PSYoungGen: 11264K->11263K(22528K)] [ParOldGen: 68527K->68527K(68608K)] 79791K->79791K(91136K), [Metaspace: 60365K->60365K(1105920K)], 0.0569434 secs] [Times: user=0.18 sys=0.00, real=0.06 secs] 
2019-09-25T15:14:54.203-0530: 128.045: [Full GC (Ergonomics) [PSYoungGen: 11264K->11263K(22528K)] [ParOldGen: 68527K->68527K(68608K)] 79791K->79791K(91136K), [Metaspace: 60365K->60365K(1105920K)], 0.0559342 secs] [Times: user=0.18 sys=0.00, real=0.05 secs] 
2019-09-25T15:14:54.260-0530: 128.102: [Full GC (Ergonomics) [PSYoungGen: 11264K->11263K(22528K)] [ParOldGen: 68527K->68526K(68608K)] 79791K->79790K(91136K), [Metaspace: 60365K->60365K(1105920K)], 0.0556509 secs] [Times: user=0.18 sys=0.01, real=0.05 secs] 
2019-09-25T15:14:54.317-0530: 128.159: [Full GC (Ergonomics) [PSYoungGen: 11264K->11263K(22528K)] [ParOldGen: 68526K->68526K(68608K)] 79790K->79790K(91136K), [Metaspace: 60365K->60365K(1105920K)], 0.0552257 secs] [Times: user=0.18 sys=0.00, real=0.06 secs] 
2019-09-25T15:14:54.374-0530: 128.216: [Full GC (Ergonomics) [PSYoungGen: 11263K->11262K(22528K)] [ParOldGen: 68530K->68528K(68608K)] 79794K->79791K(91136K), [Metaspace: 60366K->60366K(1105920K)], 0.0581153 secs] [Times: user=0.20 sys=0.00, real=0.06 secs] 
2019-09-25T15:14:54.433-0530: 128.275: [Full GC (Ergonomics) [PSYoungGen: 11264K->11262K(22528K)] [ParOldGen: 68528K->68528K(68608K)] 79792K->79791K(91136K), [Metaspace: 60366K->60366K(1105920K)], 0.0559662 secs] [Times: user=0.18 sys=0.00, real=0.05 secs] 
2019-09-25T15:14:54.491-0530: 128.333: [Full GC (Ergonomics) [PSYoungGen: 11264K->11263K(22528K)] [ParOldGen: 68528K->68528K(68608K)] 79792K->79791K(91136K), [Metaspace: 60366K->60366K(1105920K)], 0.0555963 secs] [Times: user=0.18 sys=0.01, real=0.05 secs] 
2019-09-25T15:14:54.548-0530: 128.390: [Full GC (Ergonomics) [PSYoungGen: 11264K->11263K(22528K)] [ParOldGen: 68528K->68528K(68608K)] 79792K->79791K(91136K), [Metaspace: 60366K->60366K(1105920K)], 0.0548006 secs] [Times: user=0.18 sys=0.00, real=0.06 secs] 
2019-09-25T15:14:54.604-0530: 128.446: [Full GC (Ergonomics) [PSYoungGen: 11264K->11261K(22528K)] [ParOldGen: 68528K->68528K(68608K)] 79792K->79790K(91136K), [Metaspace: 60366K->60366K(1105920K)], 0.0564842 secs] [Times: user=0.18 sys=0.00, real=0.06 secs] 
2019-09-25T15:14:54.661-0530: 128.503: [Full GC (Ergonomics) [PSYoungGen: 11264K->11262K(22528K)] [ParOldGen: 68528K->68528K(68608K)] 79792K->79790K(91136K), [Metaspace: 60366K->60366K(1105920K)], 0.0556514 secs] [Times: user=0.17 sys=0.00, real=0.05 secs] 
2019-09-25T15:14:54.718-0530: 128.560: [Full GC (Ergonomics) [PSYoungGen: 11264K->11262K(22528K)] [ParOldGen: 68528K->68528K(68608K)] 79792K->79790K(91136K), [Metaspace: 60366K->60366K(1105920K)], 0.0544876 secs] [Times: user=0.18 sys=0.00, real=0.06 secs] 
2019-09-25T15:14:54.774-0530: 128.616: [Full GC (Ergonomics) [PSYoungGen: 11264K->11262K(22528K)] [ParOldGen: 68528K->68528K(68608K)] 79792K->79790K(91136K), [Metaspace: 60366K->60366K(1105920K)], 0.0590442 secs] [Times: user=0.18 sys=0.01, real=0.06 secs] 
2019-09-25T15:14:54.834-0530: 128.677: [Full GC (Ergonomics) [PSYoungGen: 11264K->11262K(22528K)] [ParOldGen: 68528K->68528K(68608K)] 79792K->79791K(91136K), [Metaspace: 60366K->60366K(1105920K)], 0.0556795 secs] [Times: user=0.18 sys=0.00, real=0.06 secs] 
2019-09-25T15:14:54.891-0530: 128.733: [Full GC (Ergonomics) [PSYoungGen: 11264K->11262K(22528K)] [ParOldGen: 68528K->68528K(68608K)] 79792K->79790K(91136K), [Metaspace: 60366K->60366K(1105920K)], 0.0566911 secs] [Times: user=0.17 sys=0.00, real=0.05 secs] 
2019-09-25T15:14:54.949-0530: 128.791: [Full GC (Ergonomics) [PSYoungGen: 11264K->11262K(22528K)] [ParOldGen: 68528K->68528K(68608K)] 79792K->79790K(91136K), [Metaspace: 60366K->60366K(1105920K)], 0.0545380 secs] [Times: user=0.18 sys=0.00, real=0.06 secs] 
2019-09-25T15:14:55.005-0530: 128.847: [Full GC (Ergonomics) [PSYoungGen: 11264K->11262K(22528K)] [ParOldGen: 68528K->68528K(68608K)] 79792K->79790K(91136K), [Metaspace: 60366K->60366K(1105920K)], 0.0600771 secs] [Times: user=0.18 sys=0.01, real=0.06 secs] 
2019-09-25T15:14:55.067-0530: 128.909: [Full GC (Ergonomics) [PSYoungGen: 11264K->11263K(22528K)] [ParOldGen: 68528K->68528K(68608K)] 79792K->79791K(91136K), [Metaspace: 60366K->60366K(1105920K)], 0.0540796 secs] [Times: user=0.18 sys=0.00, real=0.06 secs] 
2019-09-25T15:14:55.122-0530: 128.964: [Full GC (Ergonomics) [PSYoungGen: 11264K->11260K(22528K)] [ParOldGen: 68528K->68528K(68608K)] 79792K->79788K(91136K), [Metaspace: 60366K->60366K(1105920K)], 0.0611889 secs] [Times: user=0.18 sys=0.00, real=0.06 secs] 
2019-09-25T15:14:55.184-0530: 129.026: [Full GC (Ergonomics) [PSYoungGen: 11264K->11261K(22528K)] [ParOldGen: 68528K->68528K(68608K)] 79792K->79789K(91136K), [Metaspace: 60366K->60366K(1105920K)], 0.0514121 secs] [Times: user=0.17 sys=0.00, real=0.05 secs] 
2019-09-25T15:14:55.237-0530: 129.079: [Full GC (Ergonomics) [PSYoungGen: 11264K->11261K(22528K)] [ParOldGen: 68528K->68528K(68608K)] 79792K->79789K(91136K), [Metaspace: 60368K->60368K(1105920K)], 0.0600087 secs] [Times: user=0.18 sys=0.00, real=0.06 secs] 
2019-09-25T15:14:55.298-0530: 129.140: [Full GC (Ergonomics) [PSYoungGen: 11264K->11261K(22528K)] [ParOldGen: 68528K->68528K(68608K)] 79792K->79789K(91136K), [Metaspace: 60368K->60368K(1105920K)], 0.0574694 secs] [Times: user=0.16 sys=0.01, real=0.06 secs] 
2019-09-25T15:14:55.357-0530: 129.199: [Full GC (Ergonomics) [PSYoungGen: 11263K->11261K(22528K)] [ParOldGen: 68528K->68528K(68608K)] 79791K->79789K(91136K), [Metaspace: 60368K->60368K(1105920K)], 0.0560069 secs] [Times: user=0.18 sys=0.00, real=0.06 secs] 
2019-09-25T15:14:55.414-0530: 129.256: [Full GC (Ergonomics) [PSYoungGen: 11264K->11261K(22528K)] [ParOldGen: 68536K->68532K(68608K)] 79800K->79793K(91136K), [Metaspace: 60368K->60368K(1105920K)], 0.0573154 secs] [Times: user=0.18 sys=0.00, real=0.06 secs] 
2019-09-25T15:14:55.473-0530: 129.315: [Full GC (Ergonomics) [PSYoungGen: 11263K->11261K(22528K)] [ParOldGen: 68532K->68531K(68608K)] 79795K->79793K(91136K), [Metaspace: 60368K->60368K(1105920K)], 0.0570746 secs] [Times: user=0.17 sys=0.00, real=0.06 secs] 
2019-09-25T15:14:55.531-0530: 129.373: [Full GC (Ergonomics) [PSYoungGen: 11264K->11261K(22528K)] [ParOldGen: 68543K->68542K(68608K)] 79807K->79804K(91136K), [Metaspace: 60368K->60368K(1105920K)], 0.0589061 secs] [Times: user=0.19 sys=0.01, real=0.06 secs] 
2019-09-25T15:14:55.591-0530: 129.433: [Full GC (Ergonomics) [PSYoungGen: 11264K->11261K(22528K)] [ParOldGen: 68542K->68542K(68608K)] 79806K->79804K(91136K), [Metaspace: 60368K->60368K(1105920K)], 0.0542792 secs] [Times: user=0.18 sys=0.00, real=0.05 secs] 
2019-09-25T15:14:55.647-0530: 129.489: [Full GC (Ergonomics) [PSYoungGen: 11264K->11262K(22528K)] [ParOldGen: 68542K->68542K(68608K)] 79806K->79804K(91136K), [Metaspace: 60368K->60368K(1105920K)], 0.0571146 secs] [Times: user=0.18 sys=0.00, real=0.06 secs] 
2019-09-25T15:14:55.705-0530: 129.547: [Full GC (Ergonomics) [PSYoungGen: 11264K->11260K(22528K)] [ParOldGen: 68554K->68537K(68608K)] 79818K->79797K(91136K), [Metaspace: 60369K->60369K(1105920K)], 0.0567702 secs] [Times: user=0.18 sys=0.00, real=0.06 secs] 
2019-09-25T15:14:55.763-0530: 129.605: [Full GC (Ergonomics) [PSYoungGen: 11264K->11260K(22528K)] [ParOldGen: 68537K->68537K(68608K)] 79801K->79797K(91136K), [Metaspace: 60369K->60369K(1105920K)], 0.0568950 secs] [Times: user=0.18 sys=0.00, real=0.06 secs] 
2019-09-25T15:14:55.821-0530: 129.663: [Full GC (Ergonomics) [PSYoungGen: 11264K->11261K(22528K)] [ParOldGen: 68537K->68537K(68608K)] 79801K->79798K(91136K), [Metaspace: 60369K->60369K(1105920K)], 0.0585426 secs] [Times: user=0.18 sys=0.01, real=0.06 secs] 
2019-09-25T15:14:55.881-0530: 129.723: [Full GC (Ergonomics) [PSYoungGen: 11264K->11262K(22528K)] [ParOldGen: 68537K->68537K(68608K)] 79801K->79799K(91136K), [Metaspace: 60369K->60369K(1105920K)], 0.0555447 secs] [Times: user=0.18 sys=0.00, real=0.05 secs] 
2019-09-25T15:14:55.938-0530: 129.780: [Full GC (Ergonomics) [PSYoungGen: 11264K->11262K(22528K)] [ParOldGen: 68537K->68537K(68608K)] 79801K->79800K(91136K), [Metaspace: 60370K->60370K(1105920K)], 0.0621449 secs] [Times: user=0.20 sys=0.00, real=0.07 secs] 
2019-09-25T15:14:56.001-0530: 129.843: [Full GC (Ergonomics) [PSYoungGen: 11264K->11259K(22528K)] [ParOldGen: 68537K->68536K(68608K)] 79801K->79795K(91136K), [Metaspace: 60370K->60370K(1105920K)], 0.0614503 secs] [Times: user=0.19 sys=0.00, real=0.06 secs] 
2019-09-25T15:14:56.064-0530: 129.906: [Full GC (Ergonomics) [PSYoungGen: 11264K->11258K(22528K)] [ParOldGen: 68547K->68545K(68608K)] 79811K->79804K(91136K), [Metaspace: 60371K->60371K(1105920K)], 0.0574205 secs] [Times: user=0.18 sys=0.00, real=0.06 secs] 
2019-09-25T15:14:56.123-0530: 129.965: [Full GC (Ergonomics) [PSYoungGen: 11264K->11259K(22528K)] [ParOldGen: 68545K->68545K(68608K)] 79809K->79805K(91136K), [Metaspace: 60371K->60371K(1105920K)], 0.0547169 secs] [Times: user=0.18 sys=0.01, real=0.05 secs] 
2019-09-25T15:14:56.179-0530: 130.021: [Full GC (Ergonomics) [PSYoungGen: 11264K->11260K(22528K)] [ParOldGen: 68545K->68545K(68608K)] 79809K->79806K(91136K), [Metaspace: 60371K->60371K(1105920K)], 0.0580966 secs] [Times: user=0.18 sys=0.00, real=0.06 secs] 
2019-09-25T15:14:56.238-0530: 130.080: [Full GC (Ergonomics) [PSYoungGen: 11264K->11260K(22528K)] [ParOldGen: 68545K->68545K(68608K)] 79809K->79806K(91136K), [Metaspace: 60371K->60371K(1105920K)], 0.0572689 secs] [Times: user=0.18 sys=0.00, real=0.06 secs] 
2019-09-25T15:14:56.297-0530: 130.139: [Full GC (Ergonomics) [PSYoungGen: 11264K->11262K(22528K)] [ParOldGen: 68545K->68545K(68608K)] 79809K->79807K(91136K), [Metaspace: 60371K->60371K(1105920K)], 0.0510621 secs] [Times: user=0.14 sys=0.00, real=0.05 secs] 
2019-09-25T15:14:56.349-0530: 130.191: [Full GC (Ergonomics) [PSYoungGen: 11264K->11262K(22528K)] [ParOldGen: 68545K->68544K(68608K)] 79809K->79807K(91136K), [Metaspace: 60371K->60371K(1105920K)], 0.0628195 secs] [Times: user=0.19 sys=0.01, real=0.07 secs] 
2019-09-25T15:14:56.413-0530: 130.255: [Full GC (Ergonomics) [PSYoungGen: 11264K->11262K(22528K)] [ParOldGen: 68544K->68544K(68608K)] 79808K->79806K(91136K), [Metaspace: 60371K->60371K(1105920K)], 0.0621635 secs] [Times: user=0.19 sys=0.00, real=0.06 secs] 
2019-09-25T15:14:56.477-0530: 130.319: [Full GC (Ergonomics) [PSYoungGen: 11264K->11262K(22528K)] [ParOldGen: 68544K->68544K(68608K)] 79808K->79807K(91136K), [Metaspace: 60371K->60371K(1105920K)], 0.0563367 secs] [Times: user=0.18 sys=0.00, real=0.06 secs] 
2019-09-25T15:14:56.534-0530: 130.377: [Full GC (Ergonomics) [PSYoungGen: 11264K->11262K(22528K)] [ParOldGen: 68544K->68544K(68608K)] 79808K->79807K(91136K), [Metaspace: 60371K->60371K(1105920K)], 0.0558748 secs] [Times: user=0.17 sys=0.00, real=0.06 secs] 
2019-09-25T15:14:56.591-0530: 130.434: [Full GC (Ergonomics) [PSYoungGen: 11264K->11262K(22528K)] [ParOldGen: 68544K->68544K(68608K)] 79808K->79807K(91136K), [Metaspace: 60371K->60371K(1105920K)], 0.0548026 secs] [Times: user=0.18 sys=0.01, real=0.05 secs] 
2019-09-25T15:14:56.648-0530: 130.490: [Full GC (Ergonomics) [PSYoungGen: 11264K->11262K(22528K)] [ParOldGen: 68544K->68544K(68608K)] 79808K->79807K(91136K), [Metaspace: 60371K->60371K(1105920K)], 0.0564401 secs] [Times: user=0.18 sys=0.00, real=0.06 secs] 
2019-09-25T15:14:56.705-0530: 130.547: [Full GC (Ergonomics) [PSYoungGen: 11264K->11262K(22528K)] [ParOldGen: 68544K->68544K(68608K)] 79808K->79807K(91136K), [Metaspace: 60371K->60371K(1105920K)], 0.0548621 secs] [Times: user=0.18 sys=0.00, real=0.06 secs] 
2019-09-25T15:14:56.762-0530: 130.604: [Full GC (Ergonomics) [PSYoungGen: 11264K->11262K(22528K)] [ParOldGen: 68544K->68544K(68608K)] 79808K->79807K(91136K), [Metaspace: 60371K->60371K(1105920K)], 0.0609848 secs] [Times: user=0.18 sys=0.00, real=0.06 secs] 
2019-09-25T15:14:56.824-0530: 130.666: [Full GC (Ergonomics) [PSYoungGen: 11264K->11261K(22528K)] [ParOldGen: 68544K->68544K(68608K)] 79808K->79806K(91136K), [Metaspace: 60371K->60371K(1105920K)], 0.0556203 secs] [Times: user=0.18 sys=0.00, real=0.05 secs] 
2019-09-25T15:14:56.880-0530: 130.723: [Full GC (Ergonomics) [PSYoungGen: 11264K->11260K(22528K)] [ParOldGen: 68544K->68527K(68608K)] 79808K->79788K(91136K), [Metaspace: 60371K->60371K(1105920K)], 0.0653329 secs] [Times: user=0.26 sys=0.00, real=0.06 secs] 
2019-09-25T15:14:56.947-0530: 130.789: [Full GC (Ergonomics) [PSYoungGen: 11264K->11261K(22528K)] [ParOldGen: 68527K->68527K(68608K)] 79791K->79788K(91136K), [Metaspace: 60371K->60371K(1105920K)], 0.0511931 secs] [Times: user=0.17 sys=0.00, real=0.05 secs] 
2019-09-25T15:14:56.999-0530: 130.842: [Full GC (Ergonomics) [PSYoungGen: 11264K->11259K(22528K)] [ParOldGen: 68527K->68518K(68608K)] 79791K->79778K(91136K), [Metaspace: 60371K->60371K(1105920K)], 0.0545577 secs] [Times: user=0.17 sys=0.00, real=0.06 secs] 
2019-09-25T15:14:57.055-0530: 130.897: [Full GC (Ergonomics) [PSYoungGen: 11264K->11259K(22528K)] [ParOldGen: 68518K->68518K(68608K)] 79782K->79778K(91136K), [Metaspace: 60371K->60371K(1105920K)], 0.0522357 secs] [Times: user=0.15 sys=0.01, real=0.05 secs] 
2019-09-25T15:14:57.109-0530: 130.951: [Full GC (Ergonomics) [PSYoungGen: 11264K->11261K(22528K)] [ParOldGen: 68518K->68518K(68608K)] 79782K->79780K(91136K), [Metaspace: 60371K->60371K(1105920K)], 0.0500338 secs] [Times: user=0.15 sys=0.00, real=0.05 secs] 
2019-09-25T15:14:57.160-0530: 131.002: [Full GC (Ergonomics) [PSYoungGen: 11264K->11258K(22528K)] [ParOldGen: 68518K->68518K(68608K)] 79782K->79776K(91136K), [Metaspace: 60371K->60371K(1105920K)], 0.0531493 secs] [Times: user=0.18 sys=0.00, real=0.05 secs] 
2019-09-25T15:14:57.214-0530: 131.056: [Full GC (Ergonomics) [PSYoungGen: 11264K->11261K(22528K)] [ParOldGen: 68518K->68518K(68608K)] 79782K->79780K(91136K), [Metaspace: 60371K->60371K(1105920K)], 0.0479581 secs] [Times: user=0.14 sys=0.00, real=0.05 secs] 
2019-09-25T15:14:57.263-0530: 131.105: [Full GC (Ergonomics) [PSYoungGen: 11264K->11261K(22528K)] [ParOldGen: 68518K->68518K(68608K)] 79782K->79780K(91136K), [Metaspace: 60371K->60371K(1105920K)], 0.0452570 secs] [Times: user=0.16 sys=0.00, real=0.04 secs] 
2019-09-25T15:14:57.310-0530: 131.152: [Full GC (Ergonomics) [PSYoungGen: 11264K->11261K(22528K)] [ParOldGen: 68518K->68518K(68608K)] 79782K->79780K(91136K), [Metaspace: 60371K->60371K(1105920K)], 0.0504254 secs] [Times: user=0.16 sys=0.00, real=0.05 secs] 
2019-09-25T15:14:57.361-0530: 131.203: [Full GC (Ergonomics) [PSYoungGen: 11264K->11262K(22528K)] [ParOldGen: 68518K->68518K(68608K)] 79782K->79780K(91136K), [Metaspace: 60371K->60371K(1105920K)], 0.0479267 secs] [Times: user=0.15 sys=0.00, real=0.04 secs] 
2019-09-25T15:14:57.411-0530: 131.253: [Full GC (Ergonomics) [PSYoungGen: 11264K->11258K(22528K)] [ParOldGen: 68518K->68510K(68608K)] 79782K->79768K(91136K), [Metaspace: 60371K->60371K(1105920K)], 0.0500099 secs] [Times: user=0.17 sys=0.00, real=0.05 secs] 
2019-09-25T15:14:57.462-0530: 131.304: [Full GC (Ergonomics) [PSYoungGen: 11264K->11258K(22528K)] [ParOldGen: 68510K->68504K(68608K)] 79774K->79763K(91136K), [Metaspace: 60374K->60374K(1105920K)], 0.0651584 secs] [Times: user=0.26 sys=0.00, real=0.06 secs] 
2019-09-25T15:14:57.529-0530: 131.371: [Full GC (Ergonomics) [PSYoungGen: 11264K->11258K(22528K)] [ParOldGen: 68504K->68504K(68608K)] 79768K->79763K(91136K), [Metaspace: 60375K->60375K(1105920K)], 0.0647885 secs] [Times: user=0.25 sys=0.00, real=0.07 secs] 
2019-09-25T15:14:57.595-0530: 131.437: [Full GC (Ergonomics) [PSYoungGen: 11264K->11259K(22528K)] [ParOldGen: 68504K->68503K(68608K)] 79768K->79763K(91136K), [Metaspace: 60375K->60375K(1105920K)], 0.0610981 secs] [Times: user=0.19 sys=0.00, real=0.06 secs] 
2019-09-25T15:14:57.658-0530: 131.500: [Full GC (Ergonomics) [PSYoungGen: 11264K->11259K(22528K)] [ParOldGen: 68503K->68503K(68608K)] 79767K->79763K(91136K), [Metaspace: 60375K->60375K(1105920K)], 0.0559338 secs] [Times: user=0.19 sys=0.00, real=0.06 secs] 
2019-09-25T15:14:57.715-0530: 131.557: [Full GC (Ergonomics) [PSYoungGen: 11264K->11249K(22528K)] [ParOldGen: 68503K->68503K(68608K)] 79767K->79752K(91136K), [Metaspace: 60375K->60375K(1105920K)], 0.0580929 secs] [Times: user=0.19 sys=0.00, real=0.06 secs] 
2019-09-25T15:14:57.775-0530: 131.617: [Full GC (Ergonomics) [PSYoungGen: 11264K->11250K(22528K)] [ParOldGen: 68503K->68503K(68608K)] 79767K->79753K(91136K), [Metaspace: 60376K->60376K(1105920K)], 0.0558687 secs] [Times: user=0.18 sys=0.01, real=0.06 secs] 
2019-09-25T15:14:57.832-0530: 131.674: [Full GC (Ergonomics) [PSYoungGen: 11264K->11252K(22528K)] [ParOldGen: 68503K->68503K(68608K)] 79767K->79755K(91136K), [Metaspace: 60376K->60376K(1105920K)], 0.0681156 secs] [Times: user=0.22 sys=0.00, real=0.07 secs] 
2019-09-25T15:14:57.901-0530: 131.743: [Full GC (Ergonomics) [PSYoungGen: 11264K->11259K(22528K)] [ParOldGen: 68503K->68503K(68608K)] 79767K->79762K(91136K), [Metaspace: 60376K->60376K(1105920K)], 0.0717987 secs] [Times: user=0.24 sys=0.00, real=0.07 secs] 
2019-09-25T15:14:57.975-0530: 131.817: [Full GC (Ergonomics) [PSYoungGen: 11264K->11260K(22528K)] [ParOldGen: 68503K->68503K(68608K)] 79767K->79763K(91136K), [Metaspace: 60376K->60376K(1105920K)], 0.0577415 secs] [Times: user=0.18 sys=0.01, real=0.06 secs] 
2019-09-25T15:14:58.034-0530: 131.876: [Full GC (Ergonomics) [PSYoungGen: 11264K->11262K(22528K)] [ParOldGen: 68503K->68503K(68608K)] 79767K->79765K(91136K), [Metaspace: 60376K->60376K(1105920K)], 0.0622991 secs] [Times: user=0.18 sys=0.00, real=0.06 secs] 
2019-09-25T15:14:58.097-0530: 131.940: [Full GC (Ergonomics) [PSYoungGen: 11264K->11262K(22528K)] [ParOldGen: 68503K->68503K(68608K)] 79767K->79765K(91136K), [Metaspace: 60376K->60376K(1105920K)], 0.0585594 secs] [Times: user=0.18 sys=0.00, real=0.06 secs] 
2019-09-25T15:14:58.157-0530: 131.999: [Full GC (Ergonomics) [PSYoungGen: 11263K->11263K(22528K)] [ParOldGen: 68503K->68502K(68608K)] 79767K->79766K(91136K), [Metaspace: 60376K->60376K(1105920K)], 0.0598930 secs] [Times: user=0.18 sys=0.00, real=0.06 secs] 
2019-09-25T15:14:58.218-0530: 132.061: [Full GC (Ergonomics) [PSYoungGen: 11264K->11263K(22528K)] [ParOldGen: 68505K->68504K(68608K)] 79769K->79768K(91136K), [Metaspace: 60376K->60376K(1105920K)], 0.0606066 secs] [Times: user=0.18 sys=0.01, real=0.06 secs] 
2019-09-25T15:14:58.281-0530: 132.123: [Full GC (Ergonomics) [PSYoungGen: 11264K->11263K(22528K)] [ParOldGen: 68504K->68504K(68608K)] 79768K->79768K(91136K), [Metaspace: 60376K->60376K(1105920K)], 0.0618915 secs] [Times: user=0.17 sys=0.00, real=0.06 secs] 
2019-09-25T15:14:58.344-0530: 132.186: [Full GC (Ergonomics) [PSYoungGen: 11264K->11263K(22528K)] [ParOldGen: 68504K->68504K(68608K)] 79768K->79768K(91136K), [Metaspace: 60376K->60376K(1105920K)], 0.0600302 secs] [Times: user=0.20 sys=0.00, real=0.06 secs] 
2019-09-25T15:14:58.405-0530: 132.247: [Full GC (Ergonomics) [PSYoungGen: 11264K->11263K(22528K)] [ParOldGen: 68504K->68504K(68608K)] 79768K->79768K(91136K), [Metaspace: 60376K->60376K(1105920K)], 0.0623057 secs] [Times: user=0.18 sys=0.00, real=0.06 secs] 
2019-09-25T15:14:58.469-0530: 132.311: [Full GC (Ergonomics) [PSYoungGen: 11264K->11263K(22528K)] [ParOldGen: 68516K->68514K(68608K)] 79780K->79778K(91136K), [Metaspace: 60376K->60376K(1105920K)], 0.0580301 secs] [Times: user=0.18 sys=0.01, real=0.06 secs] 
2019-09-25T15:14:58.528-0530: 132.370: [Full GC (Ergonomics) [PSYoungGen: 11264K->11263K(22528K)] [ParOldGen: 68514K->68514K(68608K)] 79778K->79778K(91136K), [Metaspace: 60376K->60376K(1105920K)], 0.0614304 secs] [Times: user=0.19 sys=0.00, real=0.06 secs] 
2019-09-25T15:14:58.590-0530: 132.433: [Full GC (Ergonomics) [PSYoungGen: 11263K->11263K(22528K)] [ParOldGen: 68514K->68514K(68608K)] 79778K->79778K(91136K), [Metaspace: 60376K->60376K(1105920K)], 0.0582270 secs] [Times: user=0.18 sys=0.00, real=0.05 secs] 
2019-09-25T15:14:58.650-0530: 132.492: [Full GC (Ergonomics) [PSYoungGen: 11264K->11261K(22528K)] [ParOldGen: 68520K->68516K(68608K)] 79784K->79778K(91136K), [Metaspace: 60376K->60376K(1105920K)], 0.0619896 secs] [Times: user=0.21 sys=0.00, real=0.06 secs] 
2019-09-25T15:14:58.714-0530: 132.556: [Full GC (Ergonomics) [PSYoungGen: 11264K->11260K(22528K)] [ParOldGen: 68516K->68507K(68608K)] 79780K->79768K(91136K), [Metaspace: 60376K->60376K(1105920K)], 0.0590205 secs] [Times: user=0.18 sys=0.00, real=0.06 secs] 
2019-09-25T15:14:58.774-0530: 132.616: [Full GC (Ergonomics) [PSYoungGen: 11264K->11261K(22528K)] [ParOldGen: 68507K->68507K(68608K)] 79771K->79769K(91136K), [Metaspace: 60376K->60376K(1105920K)], 0.0623870 secs] [Times: user=0.19 sys=0.00, real=0.06 secs] 
2019-09-25T15:14:58.837-0530: 132.679: [Full GC (Ergonomics) [PSYoungGen: 11264K->11262K(22528K)] [ParOldGen: 68507K->68507K(68608K)] 79771K->79769K(91136K), [Metaspace: 60376K->60376K(1105920K)], 0.0600920 secs] [Times: user=0.18 sys=0.00, real=0.06 secs] 
2019-09-25T15:14:58.899-0530: 132.741: [Full GC (Ergonomics) [PSYoungGen: 11264K->11261K(22528K)] [ParOldGen: 68543K->68541K(68608K)] 79807K->79803K(91136K), [Metaspace: 60376K->60376K(1105920K)], 0.0615209 secs] [Times: user=0.18 sys=0.00, real=0.07 secs] 
2019-09-25T15:14:58.962-0530: 132.804: [Full GC (Ergonomics) [PSYoungGen: 11264K->11261K(22528K)] [ParOldGen: 68541K->68541K(68608K)] 79805K->79802K(91136K), [Metaspace: 60376K->60376K(1105920K)], 0.0561175 secs] [Times: user=0.18 sys=0.00, real=0.05 secs] 
2019-09-25T15:14:59.019-0530: 132.861: [Full GC (Ergonomics) [PSYoungGen: 11264K->11261K(22528K)] [ParOldGen: 68541K->68541K(68608K)] 79805K->79802K(91136K), [Metaspace: 60376K->60376K(1105920K)], 0.0589540 secs] [Times: user=0.19 sys=0.01, real=0.06 secs] 
2019-09-25T15:14:59.079-0530: 132.921: [Full GC (Ergonomics) [PSYoungGen: 11264K->11260K(22528K)] [ParOldGen: 68541K->68541K(68608K)] 79805K->79802K(91136K), [Metaspace: 60377K->60377K(1105920K)], 0.0555635 secs] [Times: user=0.19 sys=0.00, real=0.06 secs] 
2019-09-25T15:14:59.136-0530: 132.978: [Full GC (Ergonomics) [PSYoungGen: 11264K->11261K(22528K)] [ParOldGen: 68541K->68541K(68608K)] 79805K->79802K(91136K), [Metaspace: 60377K->60377K(1105920K)], 0.0647694 secs] [Times: user=0.18 sys=0.00, real=0.07 secs] 
2019-09-25T15:14:59.202-0530: 133.044: [Full GC (Ergonomics) [PSYoungGen: 11264K->11259K(22528K)] [ParOldGen: 68568K->68567K(68608K)] 79832K->79826K(91136K), [Metaspace: 60377K->60374K(1105920K)], 0.0632467 secs] [Times: user=0.19 sys=0.01, real=0.06 secs] 
2019-09-25T15:14:59.267-0530: 133.109: [Full GC (Ergonomics) [PSYoungGen: 11264K->11258K(22528K)] [ParOldGen: 68567K->68557K(68608K)] 79831K->79816K(91136K), [Metaspace: 60374K->60374K(1105920K)], 0.0601998 secs] [Times: user=0.18 sys=0.00, real=0.06 secs] 
2019-09-25T15:14:59.328-0530: 133.170: [Full GC (Ergonomics) [PSYoungGen: 11264K->11259K(22528K)] [ParOldGen: 68557K->68557K(68608K)] 79821K->79817K(91136K), [Metaspace: 60374K->60374K(1105920K)], 0.0632945 secs] [Times: user=0.18 sys=0.00, real=0.07 secs] 
2019-09-25T15:14:59.393-0530: 133.235: [Full GC (Ergonomics) [PSYoungGen: 11264K->11261K(22528K)] [ParOldGen: 68557K->68557K(68608K)] 79821K->79819K(91136K), [Metaspace: 60374K->60374K(1105920K)], 0.0667308 secs] [Times: user=0.21 sys=0.00, real=0.07 secs] 
2019-09-25T15:14:59.461-0530: 133.303: [Full GC (Ergonomics) [PSYoungGen: 11264K->11261K(22528K)] [ParOldGen: 68577K->68575K(68608K)] 79841K->79836K(91136K), [Metaspace: 60374K->60374K(1105920K)], 0.0642111 secs] [Times: user=0.18 sys=0.01, real=0.06 secs] 
2019-09-25T15:14:59.526-0530: 133.368: [Full GC (Ergonomics) [PSYoungGen: 11264K->11261K(22528K)] [ParOldGen: 68575K->68574K(68608K)] 79839K->79836K(91136K), [Metaspace: 60374K->60374K(1105920K)], 0.0675574 secs] [Times: user=0.18 sys=0.00, real=0.07 secs] 
2019-09-25T15:14:59.595-0530: 133.438: [Full GC (Ergonomics) [PSYoungGen: 11264K->11262K(22528K)] [ParOldGen: 68574K->68574K(68608K)] 79838K->79837K(91136K), [Metaspace: 60374K->60374K(1105920K)], 0.0631523 secs] [Times: user=0.19 sys=0.00, real=0.06 secs] 
2019-09-25T15:14:59.660-0530: 133.502: [Full GC (Ergonomics) [PSYoungGen: 11264K->11263K(22528K)] [ParOldGen: 68574K->68574K(68608K)] 79838K->79837K(91136K), [Metaspace: 60374K->60374K(1105920K)], 0.0751457 secs] [Times: user=0.25 sys=0.01, real=0.07 secs] 
2019-09-25T15:14:59.737-0530: 133.579: [Full GC (Ergonomics) [PSYoungGen: 11264K->11263K(22528K)] [ParOldGen: 68574K->68573K(68608K)] 79838K->79837K(91136K), [Metaspace: 60374K->60374K(1105920K)], 0.0673205 secs] [Times: user=0.20 sys=0.00, real=0.07 secs] 
2019-09-25T15:14:59.805-0530: 133.647: [Full GC (Ergonomics) [PSYoungGen: 11263K->11263K(22528K)] [ParOldGen: 68573K->68573K(68608K)] 79837K->79837K(91136K), [Metaspace: 60374K->60374K(1105920K)], 0.0638597 secs] [Times: user=0.17 sys=0.00, real=0.06 secs] 
2019-09-25T15:14:59.870-0530: 133.712: [Full GC (Ergonomics) [PSYoungGen: 11264K->11263K(22528K)] [ParOldGen: 68573K->68573K(68608K)] 79837K->79837K(91136K), [Metaspace: 60374K->60374K(1105920K)], 0.0619219 secs] [Times: user=0.20 sys=0.00, real=0.06 secs] 
2019-09-25T15:14:59.933-0530: 133.776: [Full GC (Ergonomics) [PSYoungGen: 11264K->11261K(22528K)] [ParOldGen: 68592K->68583K(68608K)] 79856K->79844K(91136K), [Metaspace: 60374K->60374K(1105920K)], 0.0561411 secs] [Times: user=0.18 sys=0.01, real=0.06 secs] 
2019-09-25T15:14:59.991-0530: 133.833: [Full GC (Ergonomics) [PSYoungGen: 11264K->11262K(22528K)] [ParOldGen: 68583K->68583K(68608K)] 79847K->79845K(91136K), [Metaspace: 60374K->60374K(1105920K)], 0.0571981 secs] [Times: user=0.18 sys=0.00, real=0.05 secs] 
2019-09-25T15:15:00.049-0530: 133.891: [Full GC (Ergonomics) [PSYoungGen: 11264K->11262K(22528K)] [ParOldGen: 68583K->68583K(68608K)] 79847K->79845K(91136K), [Metaspace: 60374K->60374K(1105920K)], 0.0593097 secs] [Times: user=0.18 sys=0.00, real=0.06 secs] 
2019-09-25T15:15:00.110-0530: 133.952: [Full GC (Ergonomics) [PSYoungGen: 11264K->11263K(22528K)] [ParOldGen: 68583K->68583K(68608K)] 79847K->79846K(91136K), [Metaspace: 60374K->60374K(1105920K)], 0.0597003 secs] [Times: user=0.19 sys=0.00, real=0.06 secs] 
2019-09-25T15:15:00.171-0530: 134.013: [Full GC (Ergonomics) [PSYoungGen: 11264K->11262K(22528K)] [ParOldGen: 68583K->68582K(68608K)] 79847K->79845K(91136K), [Metaspace: 60374K->60374K(1105920K)], 0.0594600 secs] [Times: user=0.18 sys=0.01, real=0.06 secs] 
2019-09-25T15:15:00.232-0530: 134.074: [Full GC (Ergonomics) [PSYoungGen: 11264K->11263K(22528K)] [ParOldGen: 68582K->68582K(68608K)] 79846K->79846K(91136K), [Metaspace: 60374K->60374K(1105920K)], 0.0533918 secs] [Times: user=0.17 sys=0.00, real=0.05 secs] 
2019-09-25T15:15:00.286-0530: 134.129: [Full GC (Ergonomics) [PSYoungGen: 11264K->11263K(22528K)] [ParOldGen: 68582K->68582K(68608K)] 79846K->79846K(91136K), [Metaspace: 60374K->60374K(1105920K)], 0.0562693 secs] [Times: user=0.18 sys=0.00, real=0.06 secs] 
2019-09-25T15:15:00.344-0530: 134.186: [Full GC (Ergonomics) [PSYoungGen: 11264K->11263K(22528K)] [ParOldGen: 68582K->68582K(68608K)] 79846K->79846K(91136K), [Metaspace: 60374K->60374K(1105920K)], 0.0539137 secs] [Times: user=0.17 sys=0.00, real=0.05 secs] 
2019-09-25T15:15:00.399-0530: 134.241: [Full GC (Ergonomics) [PSYoungGen: 11264K->11263K(22528K)] [ParOldGen: 68582K->68582K(68608K)] 79846K->79846K(91136K), [Metaspace: 60374K->60374K(1105920K)], 0.0556143 secs] [Times: user=0.18 sys=0.00, real=0.06 secs] 
2019-09-25T15:15:00.456-0530: 134.298: [Full GC (Ergonomics) [PSYoungGen: 11264K->11263K(22528K)] [ParOldGen: 68587K->68583K(68608K)] 79851K->79847K(91136K), [Metaspace: 60374K->60374K(1105920K)], 0.0972598 secs] [Times: user=0.42 sys=0.01, real=0.10 secs] 
2019-09-25T15:15:00.554-0530: 134.397: [Full GC (Ergonomics) [PSYoungGen: 11264K->11262K(22528K)] [ParOldGen: 68583K->68582K(68608K)] 79847K->79845K(91136K), [Metaspace: 60374K->60374K(1105920K)], 0.0626776 secs] [Times: user=0.20 sys=0.01, real=0.06 secs] 
2019-09-25T15:15:00.618-0530: 134.460: [Full GC (Ergonomics) [PSYoungGen: 11264K->11263K(22528K)] [ParOldGen: 68582K->68581K(68608K)] 79846K->79844K(91136K), [Metaspace: 60374K->60374K(1105920K)], 0.0581078 secs] [Times: user=0.18 sys=0.00, real=0.06 secs] 
2019-09-25T15:15:00.678-0530: 134.520: [Full GC (Ergonomics) [PSYoungGen: 11264K->11257K(22528K)] [ParOldGen: 68581K->68572K(68608K)] 79845K->79829K(91136K), [Metaspace: 60374K->60374K(1105920K)], 0.0629073 secs] [Times: user=0.20 sys=0.00, real=0.07 secs] 
2019-09-25T15:15:00.742-0530: 134.584: [Full GC (Ergonomics) [PSYoungGen: 11264K->11259K(22528K)] [ParOldGen: 68572K->68572K(68608K)] 79836K->79831K(91136K), [Metaspace: 60374K->60374K(1105920K)], 0.0578459 secs] [Times: user=0.18 sys=0.00, real=0.08 secs] 
2019-09-25T15:15:00.836-0530: 134.678: [Full GC (Ergonomics) [PSYoungGen: 11264K->11257K(22528K)] [ParOldGen: 68572K->68563K(68608K)] 79836K->79820K(91136K), [Metaspace: 60374K->60374K(1105920K)], 0.0680835 secs] [Times: user=0.19 sys=0.00, real=0.07 secs] 
2019-09-25T15:15:00.905-0530: 134.747: [Full GC (Ergonomics) [PSYoungGen: 11264K->11258K(22528K)] [ParOldGen: 68563K->68561K(68608K)] 79827K->79820K(91136K), [Metaspace: 60374K->60374K(1105920K)], 0.0574966 secs] [Times: user=0.17 sys=0.00, real=0.06 secs] 
2019-09-25T15:15:00.964-0530: 134.806: [Full GC (Ergonomics) [PSYoungGen: 11264K->11260K(22528K)] [ParOldGen: 68561K->68561K(68608K)] 79825K->79822K(91136K), [Metaspace: 60374K->60374K(1105920K)], 0.0616203 secs] [Times: user=0.18 sys=0.00, real=0.06 secs] 
2019-09-25T15:15:01.027-0530: 134.870: [Full GC (Ergonomics) [PSYoungGen: 11264K->11261K(22528K)] [ParOldGen: 68561K->68561K(68608K)] 79825K->79823K(91136K), [Metaspace: 60374K->60374K(1105920K)], 0.0582381 secs] [Times: user=0.18 sys=0.01, real=0.06 secs] 
2019-09-25T15:15:01.087-0530: 134.929: [Full GC (Ergonomics) [PSYoungGen: 11264K->11260K(22528K)] [ParOldGen: 68561K->68561K(68608K)] 79825K->79822K(91136K), [Metaspace: 60374K->60374K(1105920K)], 0.0615435 secs] [Times: user=0.18 sys=0.00, real=0.06 secs] 
2019-09-25T15:15:01.150-0530: 134.992: [Full GC (Ergonomics) [PSYoungGen: 11264K->11261K(22528K)] [ParOldGen: 68561K->68561K(68608K)] 79825K->79823K(91136K), [Metaspace: 60374K->60374K(1105920K)], 0.0565204 secs] [Times: user=0.18 sys=0.00, real=0.05 secs] 
2019-09-25T15:15:01.208-0530: 135.050: [Full GC (Ergonomics) [PSYoungGen: 11264K->11260K(22528K)] [ParOldGen: 68561K->68560K(68608K)] 79825K->79821K(91136K), [Metaspace: 60374K->60374K(1105920K)], 0.0804149 secs] [Times: user=0.37 sys=0.00, real=0.08 secs] 
2019-09-25T15:15:01.289-0530: 135.132: [Full GC (Ergonomics) [PSYoungGen: 11264K->11262K(22528K)] [ParOldGen: 68560K->68560K(68608K)] 79824K->79823K(91136K), [Metaspace: 60374K->60374K(1105920K)], 0.0576153 secs] [Times: user=0.19 sys=0.01, real=0.06 secs] 
2019-09-25T15:15:01.348-0530: 135.191: [Full GC (Ergonomics) [PSYoungGen: 11264K->11263K(22528K)] [ParOldGen: 68560K->68560K(68608K)] 79824K->79824K(91136K), [Metaspace: 60374K->60374K(1105920K)], 0.0576870 secs] [Times: user=0.17 sys=0.00, real=0.06 secs] 
2019-09-25T15:15:01.407-0530: 135.250: [Full GC (Ergonomics) [PSYoungGen: 11264K->11263K(22528K)] [ParOldGen: 68560K->68560K(68608K)] 79824K->79824K(91136K), [Metaspace: 60374K->60374K(1105920K)], 0.0543086 secs] [Times: user=0.18 sys=0.00, real=0.06 secs] 
2019-09-25T15:15:01.463-0530: 135.305: [Full GC (Ergonomics) [PSYoungGen: 11264K->11263K(22528K)] [ParOldGen: 68560K->68560K(68608K)] 79824K->79824K(91136K), [Metaspace: 60374K->60374K(1105920K)], 0.0569810 secs] [Times: user=0.18 sys=0.00, real=0.06 secs] 
2019-09-25T15:15:01.521-0530: 135.363: [Full GC (Ergonomics) [PSYoungGen: 11264K->11263K(22528K)] [ParOldGen: 68560K->68560K(68608K)] 79824K->79824K(91136K), [Metaspace: 60374K->60374K(1105920K)], 0.0575854 secs] [Times: user=0.18 sys=0.00, real=0.05 secs] 
2019-09-25T15:15:01.580-0530: 135.422: [Full GC (Ergonomics) [PSYoungGen: 11264K->11261K(22528K)] [ParOldGen: 68560K->68560K(68608K)] 79824K->79821K(91136K), [Metaspace: 60374K->60370K(1105920K)], 0.0590381 secs] [Times: user=0.18 sys=0.00, real=0.05 secs] 
2019-09-25T15:15:01.640-0530: 135.483: [Full GC (Ergonomics) [PSYoungGen: 11264K->11261K(22528K)] [ParOldGen: 68560K->68560K(68608K)] 79824K->79821K(91136K), [Metaspace: 60370K->60370K(1105920K)], 0.0577011 secs] [Times: user=0.18 sys=0.00, real=0.05 secs] 
2019-09-25T15:15:01.699-0530: 135.542: [Full GC (Ergonomics) [PSYoungGen: 11264K->11261K(22528K)] [ParOldGen: 68560K->68560K(68608K)] 79824K->79822K(91136K), [Metaspace: 60370K->60370K(1105920K)], 0.0564186 secs] [Times: user=0.17 sys=0.00, real=0.06 secs] 
2019-09-25T15:15:01.757-0530: 135.599: [Full GC (Ergonomics) [PSYoungGen: 11264K->11261K(22528K)] [ParOldGen: 68560K->68560K(68608K)] 79824K->79822K(91136K), [Metaspace: 60370K->60370K(1105920K)], 0.0562697 secs] [Times: user=0.18 sys=0.00, real=0.06 secs] 
2019-09-25T15:15:01.815-0530: 135.657: [Full GC (Ergonomics) [PSYoungGen: 11264K->11261K(22528K)] [ParOldGen: 68560K->68560K(68608K)] 79824K->79822K(91136K), [Metaspace: 60371K->60371K(1105920K)], 0.0555407 secs] [Times: user=0.18 sys=0.01, real=0.06 secs] 
2019-09-25T15:15:01.871-0530: 135.714: [Full GC (Ergonomics) [PSYoungGen: 11264K->11261K(22528K)] [ParOldGen: 68560K->68560K(68608K)] 79824K->79822K(91136K), [Metaspace: 60371K->60371K(1105920K)], 0.0599532 secs] [Times: user=0.18 sys=0.00, real=0.06 secs] 
2019-09-25T15:15:01.932-0530: 135.775: [Full GC (Ergonomics) [PSYoungGen: 11264K->11262K(22528K)] [ParOldGen: 68560K->68560K(68608K)] 79824K->79822K(91136K), [Metaspace: 60371K->60371K(1105920K)], 0.0546608 secs] [Times: user=0.17 sys=0.00, real=0.05 secs] 
2019-09-25T15:15:01.988-0530: 135.831: [Full GC (Ergonomics) [PSYoungGen: 11264K->11262K(22528K)] [ParOldGen: 68560K->68560K(68608K)] 79824K->79822K(91136K), [Metaspace: 60371K->60371K(1105920K)], 0.0669202 secs] [Times: user=0.18 sys=0.00, real=0.07 secs] 
2019-09-25T15:15:02.057-0530: 135.899: [Full GC (Ergonomics) [PSYoungGen: 11264K->11262K(22528K)] [ParOldGen: 68560K->68560K(68608K)] 79824K->79822K(91136K), [Metaspace: 60371K->60371K(1105920K)], 0.0581175 secs] [Times: user=0.17 sys=0.00, real=0.06 secs] 
2019-09-25T15:15:02.116-0530: 135.958: [Full GC (Ergonomics) [PSYoungGen: 11264K->11261K(22528K)] [ParOldGen: 68560K->68555K(68608K)] 79824K->79816K(91136K), [Metaspace: 60371K->60371K(1105920K)], 0.0701241 secs] [Times: user=0.25 sys=0.00, real=0.07 secs] 
2019-09-25T15:15:02.188-0530: 136.030: [Full GC (Ergonomics) [PSYoungGen: 11264K->11261K(22528K)] [ParOldGen: 68555K->68554K(68608K)] 79819K->79816K(91136K), [Metaspace: 60371K->60371K(1105920K)], 0.0760228 secs] [Times: user=0.24 sys=0.01, real=0.08 secs] 
2019-09-25T15:15:02.265-0530: 136.108: [Full GC (Ergonomics) [PSYoungGen: 11264K->11262K(22528K)] [ParOldGen: 68554K->68554K(68608K)] 79818K->79817K(91136K), [Metaspace: 60371K->60371K(1105920K)], 0.0632306 secs] [Times: user=0.19 sys=0.00, real=0.06 secs] 
2019-09-25T15:15:02.330-0530: 136.172: [Full GC (Ergonomics) [PSYoungGen: 11264K->11262K(22528K)] [ParOldGen: 68554K->68554K(68608K)] 79818K->79817K(91136K), [Metaspace: 60371K->60371K(1105920K)], 0.0606897 secs] [Times: user=0.17 sys=0.00, real=0.06 secs] 
2019-09-25T15:15:02.392-0530: 136.234: [Full GC (Ergonomics) [PSYoungGen: 11264K->11263K(22528K)] [ParOldGen: 68554K->68554K(68608K)] 79818K->79817K(91136K), [Metaspace: 60371K->60371K(1105920K)], 0.0633904 secs] [Times: user=0.17 sys=0.01, real=0.06 secs] 
2019-09-25T15:15:02.456-0530: 136.298: [Full GC (Ergonomics) [PSYoungGen: 11264K->11262K(22528K)] [ParOldGen: 68554K->68554K(68608K)] 79818K->79817K(91136K), [Metaspace: 60371K->60371K(1105920K)], 0.0584502 secs] [Times: user=0.18 sys=0.00, real=0.06 secs] 
2019-09-25T15:15:02.516-0530: 136.358: [Full GC (Ergonomics) [PSYoungGen: 11264K->11262K(22528K)] [ParOldGen: 68554K->68554K(68608K)] 79818K->79817K(91136K), [Metaspace: 60371K->60371K(1105920K)], 0.0637998 secs] [Times: user=0.19 sys=0.00, real=0.07 secs] 
2019-09-25T15:15:02.581-0530: 136.423: [Full GC (Ergonomics) [PSYoungGen: 11264K->11263K(22528K)] [ParOldGen: 68554K->68554K(68608K)] 79818K->79817K(91136K), [Metaspace: 60371K->60371K(1105920K)], 0.0609799 secs] [Times: user=0.18 sys=0.00, real=0.06 secs] 
2019-09-25T15:15:02.643-0530: 136.485: [Full GC (Ergonomics) [PSYoungGen: 11264K->11262K(22528K)] [ParOldGen: 68554K->68554K(68608K)] 79818K->79816K(91136K), [Metaspace: 60371K->60371K(1105920K)], 0.0558811 secs] [Times: user=0.18 sys=0.01, real=0.05 secs] 
2019-09-25T15:15:02.700-0530: 136.542: [Full GC (Ergonomics) [PSYoungGen: 11264K->11262K(22528K)] [ParOldGen: 68554K->68554K(68608K)] 79818K->79816K(91136K), [Metaspace: 60371K->60371K(1105920K)], 0.0588925 secs] [Times: user=0.18 sys=0.00, real=0.05 secs] 
2019-09-25T15:15:02.760-0530: 136.603: [Full GC (Ergonomics) [PSYoungGen: 11264K->11262K(22528K)] [ParOldGen: 68554K->68554K(68608K)] 79818K->79816K(91136K), [Metaspace: 60371K->60371K(1105920K)], 0.0587976 secs] [Times: user=0.20 sys=0.00, real=0.05 secs] 
2019-09-25T15:15:02.820-0530: 136.663: [Full GC (Ergonomics) [PSYoungGen: 11264K->11262K(22528K)] [ParOldGen: 68554K->68554K(68608K)] 79818K->79816K(91136K), [Metaspace: 60371K->60371K(1105920K)], 0.0579507 secs] [Times: user=0.19 sys=0.00, real=0.05 secs] 
2019-09-25T15:15:02.879-0530: 136.722: [Full GC (Ergonomics) [PSYoungGen: 11264K->11262K(22528K)] [ParOldGen: 68554K->68554K(68608K)] 79818K->79816K(91136K), [Metaspace: 60371K->60371K(1105920K)], 0.0551021 secs] [Times: user=0.19 sys=0.01, real=0.06 secs] 
2019-09-25T15:15:02.936-0530: 136.778: [Full GC (Ergonomics) [PSYoungGen: 11264K->11262K(22528K)] [ParOldGen: 68554K->68554K(68608K)] 79818K->79816K(91136K), [Metaspace: 60371K->60371K(1105920K)], 0.0511934 secs] [Times: user=0.17 sys=0.00, real=0.05 secs] 
2019-09-25T15:15:02.988-0530: 136.830: [Full GC (Ergonomics) [PSYoungGen: 11264K->11262K(22528K)] [ParOldGen: 68554K->68554K(68608K)] 79818K->79817K(91136K), [Metaspace: 60371K->60371K(1105920K)], 0.0551110 secs] [Times: user=0.19 sys=0.00, real=0.06 secs] 
2019-09-25T15:15:03.044-0530: 136.887: [Full GC (Ergonomics) [PSYoungGen: 11264K->11263K(22528K)] [ParOldGen: 68554K->68554K(68608K)] 79818K->79817K(91136K), [Metaspace: 60371K->60371K(1105920K)], 0.0565865 secs] [Times: user=0.19 sys=0.00, real=0.06 secs] 
2019-09-25T15:15:03.102-0530: 136.944: [Full GC (Ergonomics) [PSYoungGen: 11264K->11262K(22528K)] [ParOldGen: 68554K->68554K(68608K)] 79818K->79816K(91136K), [Metaspace: 60371K->60371K(1105920K)], 0.0562414 secs] [Times: user=0.17 sys=0.00, real=0.05 secs] 
2019-09-25T15:15:03.160-0530: 137.002: [Full GC (Ergonomics) [PSYoungGen: 11264K->11261K(22528K)] [ParOldGen: 68554K->68553K(68608K)] 79818K->79815K(91136K), [Metaspace: 60371K->60371K(1105920K)], 0.0531221 secs] [Times: user=0.19 sys=0.01, real=0.05 secs] 
2019-09-25T15:15:03.215-0530: 137.057: [Full GC (Ergonomics) [PSYoungGen: 11264K->11262K(22528K)] [ParOldGen: 68553K->68553K(68608K)] 79817K->79815K(91136K), [Metaspace: 60371K->60371K(1105920K)], 0.0589839 secs] [Times: user=0.18 sys=0.00, real=0.06 secs] 
2019-09-25T15:15:03.275-0530: 137.117: [Full GC (Ergonomics) [PSYoungGen: 11264K->11262K(22528K)] [ParOldGen: 68553K->68553K(68608K)] 79817K->79815K(91136K), [Metaspace: 60371K->60371K(1105920K)], 0.0590264 secs] [Times: user=0.18 sys=0.00, real=0.06 secs] 
2019-09-25T15:15:03.335-0530: 137.178: [Full GC (Ergonomics) [PSYoungGen: 11264K->11261K(22528K)] [ParOldGen: 68553K->68553K(68608K)] 79817K->79815K(91136K), [Metaspace: 60371K->60371K(1105920K)], 0.0534021 secs] [Times: user=0.18 sys=0.00, real=0.05 secs] 
2019-09-25T15:15:03.390-0530: 137.232: [Full GC (Ergonomics) [PSYoungGen: 11264K->11261K(22528K)] [ParOldGen: 68553K->68553K(68608K)] 79817K->79815K(91136K), [Metaspace: 60371K->60371K(1105920K)], 0.0547663 secs] [Times: user=0.18 sys=0.01, real=0.05 secs] 
2019-09-25T15:15:03.446-0530: 137.288: [Full GC (Ergonomics) [PSYoungGen: 11264K->11261K(22528K)] [ParOldGen: 68553K->68553K(68608K)] 79817K->79815K(91136K), [Metaspace: 60371K->60371K(1105920K)], 0.0532987 secs] [Times: user=0.18 sys=0.00, real=0.05 secs] 
2019-09-25T15:15:03.500-0530: 137.343: [Full GC (Ergonomics) [PSYoungGen: 11264K->11261K(22528K)] [ParOldGen: 68553K->68553K(68608K)] 79817K->79814K(91136K), [Metaspace: 60371K->60371K(1105920K)], 0.0614837 secs] [Times: user=0.17 sys=0.00, real=0.06 secs] 
2019-09-25T15:15:03.563-0530: 137.405: [Full GC (Ergonomics) [PSYoungGen: 11264K->11261K(22528K)] [ParOldGen: 68553K->68553K(68608K)] 79817K->79815K(91136K), [Metaspace: 60371K->60371K(1105920K)], 0.0659482 secs] [Times: user=0.21 sys=0.00, real=0.06 secs] 
2019-09-25T15:15:03.630-0530: 137.472: [Full GC (Ergonomics) [PSYoungGen: 11264K->11255K(22528K)] [ParOldGen: 68553K->68553K(68608K)] 79817K->79808K(91136K), [Metaspace: 60371K->60371K(1105920K)], 0.0646286 secs] [Times: user=0.20 sys=0.01, real=0.06 secs] 
2019-09-25T15:15:03.696-0530: 137.538: [Full GC (Ergonomics) [PSYoungGen: 11264K->11247K(22528K)] [ParOldGen: 68553K->68552K(68608K)] 79817K->79800K(91136K), [Metaspace: 60371K->60371K(1105920K)], 0.0676700 secs] [Times: user=0.19 sys=0.00, real=0.07 secs] 
2019-09-25T15:15:03.765-0530: 137.607: [Full GC (Ergonomics) [PSYoungGen: 11264K->11251K(22528K)] [ParOldGen: 68552K->68552K(68608K)] 79816K->79804K(91136K), [Metaspace: 60371K->60371K(1105920K)], 0.0591912 secs] [Times: user=0.17 sys=0.00, real=0.06 secs] 
2019-09-25T15:15:03.825-0530: 137.668: [Full GC (Ergonomics) [PSYoungGen: 11264K->11251K(22528K)] [ParOldGen: 68552K->68552K(68608K)] 79816K->79804K(91136K), [Metaspace: 60371K->60371K(1105920K)], 0.0579391 secs] [Times: user=0.17 sys=0.01, real=0.06 secs] 
2019-09-25T15:15:03.885-0530: 137.727: [Full GC (Ergonomics) [PSYoungGen: 11264K->11250K(22528K)] [ParOldGen: 68552K->68552K(68608K)] 79816K->79803K(91136K), [Metaspace: 60371K->60371K(1105920K)], 0.0593463 secs] [Times: user=0.18 sys=0.00, real=0.06 secs] 
2019-09-25T15:15:03.945-0530: 137.788: [Full GC (Ergonomics) [PSYoungGen: 11264K->11245K(22528K)] [ParOldGen: 68552K->68551K(68608K)] 79816K->79796K(91136K), [Metaspace: 60371K->60371K(1105920K)], 0.0569070 secs] [Times: user=0.19 sys=0.00, real=0.06 secs] 
2019-09-25T15:15:04.004-0530: 137.846: [Full GC (Ergonomics) [PSYoungGen: 11264K->11249K(22528K)] [ParOldGen: 68551K->68551K(68608K)] 79815K->79800K(91136K), [Metaspace: 60373K->60373K(1105920K)], 0.0581798 secs] [Times: user=0.18 sys=0.00, real=0.06 secs] 
2019-09-25T15:15:04.063-0530: 137.906: [Full GC (Ergonomics) [PSYoungGen: 11264K->11251K(22528K)] [ParOldGen: 68551K->68551K(68608K)] 79815K->79802K(91136K), [Metaspace: 60373K->60373K(1105920K)], 0.0606409 secs] [Times: user=0.18 sys=0.01, real=0.06 secs] 
2019-09-25T15:15:04.125-0530: 137.968: [Full GC (Ergonomics) [PSYoungGen: 11264K->11252K(22528K)] [ParOldGen: 68551K->68545K(68608K)] 79815K->79798K(91136K), [Metaspace: 60373K->60373K(1105920K)], 0.0780448 secs] [Times: user=0.20 sys=0.00, real=0.08 secs] 
2019-09-25T15:15:04.205-0530: 138.047: [Full GC (Ergonomics) [PSYoungGen: 11264K->11255K(22528K)] [ParOldGen: 68545K->68544K(68608K)] 79809K->79799K(91136K), [Metaspace: 60373K->60373K(1105920K)], 0.0723066 secs] [Times: user=0.21 sys=0.00, real=0.08 secs] 
2019-09-25T15:15:04.288-0530: 138.130: [Full GC (Ergonomics) [PSYoungGen: 11264K->11254K(22528K)] [ParOldGen: 68544K->68543K(68608K)] 79808K->79797K(91136K), [Metaspace: 60373K->60373K(1105920K)], 0.0720007 secs] [Times: user=0.22 sys=0.01, real=0.08 secs] 
2019-09-25T15:15:04.361-0530: 138.204: [Full GC (Ergonomics) [PSYoungGen: 11264K->11255K(22528K)] [ParOldGen: 68543K->68543K(68608K)] 79807K->79798K(91136K), [Metaspace: 60373K->60373K(1105920K)], 0.0626789 secs] [Times: user=0.21 sys=0.00, real=0.06 secs] 
2019-09-25T15:15:04.425-0530: 138.268: [Full GC (Ergonomics) [PSYoungGen: 11264K->11257K(22528K)] [ParOldGen: 68543K->68543K(68608K)] 79807K->79800K(91136K), [Metaspace: 60373K->60373K(1105920K)], 0.0683333 secs] [Times: user=0.19 sys=0.00, real=0.07 secs] 
2019-09-25T15:15:04.497-0530: 138.339: [Full GC (Ergonomics) [PSYoungGen: 11264K->11257K(22528K)] [ParOldGen: 68543K->68543K(68608K)] 79807K->79800K(91136K), [Metaspace: 60373K->60373K(1105920K)], 0.0904356 secs] [Times: user=0.19 sys=0.01, real=0.09 secs] 
2019-09-25T15:15:04.589-0530: 138.432: [Full GC (Ergonomics) [PSYoungGen: 11264K->11260K(22528K)] [ParOldGen: 68543K->68543K(68608K)] 79807K->79803K(91136K), [Metaspace: 60373K->60373K(1105920K)], 0.0911953 secs] [Times: user=0.22 sys=0.00, real=0.10 secs] 
2019-09-25T15:15:04.682-0530: 138.524: [Full GC (Ergonomics) [PSYoungGen: 11264K->11253K(22528K)] [ParOldGen: 68543K->68527K(68608K)] 79807K->79780K(91136K), [Metaspace: 60373K->60373K(1105920K)], 0.0720646 secs] [Times: user=0.21 sys=0.00, real=0.07 secs] 
2019-09-25T15:15:04.756-0530: 138.598: [Full GC (Ergonomics) [PSYoungGen: 11264K->11256K(22528K)] [ParOldGen: 68527K->68519K(68608K)] 79791K->79775K(91136K), [Metaspace: 60374K->60374K(1105920K)], 0.0883501 secs] [Times: user=0.23 sys=0.01, real=0.09 secs] 
2019-09-25T15:15:04.846-0530: 138.688: [Full GC (Ergonomics) [PSYoungGen: 11264K->11256K(22528K)] [ParOldGen: 68519K->68519K(68608K)] 79783K->79776K(91136K), [Metaspace: 60375K->60375K(1105920K)], 0.0787054 secs] [Times: user=0.21 sys=0.00, real=0.08 secs] 
2019-09-25T15:15:04.926-0530: 138.769: [Full GC (Ergonomics) [PSYoungGen: 11264K->11257K(22528K)] [ParOldGen: 68519K->68519K(68608K)] 79783K->79776K(91136K), [Metaspace: 60375K->60375K(1105920K)], 0.0778173 secs] [Times: user=0.21 sys=0.00, real=0.08 secs] 
2019-09-25T15:15:05.006-0530: 138.848: [Full GC (Ergonomics) [PSYoungGen: 11264K->11258K(22528K)] [ParOldGen: 68519K->68519K(68608K)] 79783K->79777K(91136K), [Metaspace: 60375K->60375K(1105920K)], 0.0740123 secs] [Times: user=0.20 sys=0.00, real=0.08 secs] 
2019-09-25T15:15:05.081-0530: 138.923: [Full GC (Ergonomics) [PSYoungGen: 11264K->11257K(22528K)] [ParOldGen: 68519K->68519K(68608K)] 79783K->79776K(91136K), [Metaspace: 60375K->60375K(1105920K)], 0.0727184 secs] [Times: user=0.19 sys=0.01, real=0.07 secs] 
2019-09-25T15:15:05.156-0530: 138.998: [Full GC (Ergonomics) [PSYoungGen: 11264K->11261K(22528K)] [ParOldGen: 68519K->68519K(68608K)] 79783K->79780K(91136K), [Metaspace: 60375K->60375K(1105920K)], 0.0719388 secs] [Times: user=0.18 sys=0.00, real=0.08 secs] 
2019-09-25T15:15:05.240-0530: 139.083: [Full GC (Ergonomics) [PSYoungGen: 11264K->11256K(22528K)] [ParOldGen: 68519K->68516K(68608K)] 79783K->79773K(91136K), [Metaspace: 60375K->60375K(1105920K)], 0.0592520 secs] [Times: user=0.19 sys=0.00, real=0.06 secs] 
2019-09-25T15:15:05.301-0530: 139.143: [Full GC (Ergonomics) [PSYoungGen: 11264K->11257K(22528K)] [ParOldGen: 68516K->68516K(68608K)] 79780K->79774K(91136K), [Metaspace: 60375K->60375K(1105920K)], 0.0628414 secs] [Times: user=0.20 sys=0.01, real=0.06 secs] 
2019-09-25T15:15:05.366-0530: 139.208: [Full GC (Ergonomics) [PSYoungGen: 11264K->11259K(22528K)] [ParOldGen: 68516K->68516K(68608K)] 79780K->79776K(91136K), [Metaspace: 60375K->60375K(1105920K)], 0.0579660 secs] [Times: user=0.17 sys=0.00, real=0.06 secs] 
2019-09-25T15:15:05.427-0530: 139.269: [Full GC (Ergonomics) [PSYoungGen: 11264K->11258K(22528K)] [ParOldGen: 68516K->68516K(68608K)] 79780K->79775K(91136K), [Metaspace: 60375K->60375K(1105920K)], 0.0590813 secs] [Times: user=0.17 sys=0.00, real=0.06 secs] 
2019-09-25T15:15:05.487-0530: 139.329: [Full GC (Ergonomics) [PSYoungGen: 11264K->11260K(22528K)] [ParOldGen: 68516K->68516K(68608K)] 79780K->79777K(91136K), [Metaspace: 60375K->60375K(1105920K)], 0.0570756 secs] [Times: user=0.18 sys=0.00, real=0.06 secs] 
2019-09-25T15:15:05.545-0530: 139.388: [Full GC (Ergonomics) [PSYoungGen: 11264K->11256K(22528K)] [ParOldGen: 68537K->68535K(68608K)] 79801K->79792K(91136K), [Metaspace: 60375K->60375K(1105920K)], 0.0580118 secs] [Times: user=0.17 sys=0.00, real=0.06 secs] 
2019-09-25T15:15:05.605-0530: 139.447: [Full GC (Ergonomics) [PSYoungGen: 11264K->11256K(22528K)] [ParOldGen: 68535K->68535K(68608K)] 79799K->79792K(91136K), [Metaspace: 60375K->60375K(1105920K)], 0.0575904 secs] [Times: user=0.17 sys=0.00, real=0.06 secs] 
2019-09-25T15:15:05.663-0530: 139.506: [Full GC (Ergonomics) [PSYoungGen: 11264K->11257K(22528K)] [ParOldGen: 68535K->68535K(68608K)] 79799K->79792K(91136K), [Metaspace: 60375K->60375K(1105920K)], 0.0666105 secs] [Times: user=0.20 sys=0.00, real=0.07 secs] 
2019-09-25T15:15:05.731-0530: 139.573: [Full GC (Ergonomics) [PSYoungGen: 11264K->11258K(22528K)] [ParOldGen: 68535K->68534K(68608K)] 79799K->79792K(91136K), [Metaspace: 60375K->60375K(1105920K)], 0.0557830 secs] [Times: user=0.17 sys=0.00, real=0.05 secs] 
2019-09-25T15:15:05.788-0530: 139.631: [Full GC (Ergonomics) [PSYoungGen: 11264K->11260K(22528K)] [ParOldGen: 68534K->68534K(68608K)] 79798K->79794K(91136K), [Metaspace: 60375K->60375K(1105920K)], 0.0557205 secs] [Times: user=0.19 sys=0.00, real=0.06 secs] 
2019-09-25T15:15:05.845-0530: 139.687: [Full GC (Ergonomics) [PSYoungGen: 11264K->11260K(22528K)] [ParOldGen: 68534K->68534K(68608K)] 79798K->79794K(91136K), [Metaspace: 60375K->60375K(1105920K)], 0.0535913 secs] [Times: user=0.17 sys=0.01, real=0.05 secs] 
2019-09-25T15:15:05.900-0530: 139.742: [Full GC (Ergonomics) [PSYoungGen: 11262K->11261K(22528K)] [ParOldGen: 68534K->68534K(68608K)] 79797K->79795K(91136K), [Metaspace: 60375K->60375K(1105920K)], 0.0563916 secs] [Times: user=0.18 sys=0.00, real=0.05 secs] 
2019-09-25T15:15:05.958-0530: 139.800: [Full GC (Ergonomics) [PSYoungGen: 11264K->11261K(22528K)] [ParOldGen: 68556K->68555K(68608K)] 79820K->79816K(91136K), [Metaspace: 60375K->60375K(1105920K)], 0.0567479 secs] [Times: user=0.18 sys=0.00, real=0.06 secs] 
2019-09-25T15:15:06.016-0530: 139.858: [Full GC (Ergonomics) [PSYoungGen: 11264K->11259K(22528K)] [ParOldGen: 68555K->68555K(68608K)] 79819K->79814K(91136K), [Metaspace: 60375K->60375K(1105920K)], 0.0534976 secs] [Times: user=0.18 sys=0.00, real=0.05 secs] 
2019-09-25T15:15:06.071-0530: 139.913: [Full GC (Ergonomics) [PSYoungGen: 11264K->11259K(22528K)] [ParOldGen: 68555K->68555K(68608K)] 79819K->79814K(91136K), [Metaspace: 60375K->60375K(1105920K)], 0.0542925 secs] [Times: user=0.18 sys=0.01, real=0.05 secs] 
2019-09-25T15:15:06.126-0530: 139.968: [Full GC (Ergonomics) [PSYoungGen: 11264K->11260K(22528K)] [ParOldGen: 68555K->68555K(68608K)] 79819K->79815K(91136K), [Metaspace: 60375K->60375K(1105920K)], 0.0547100 secs] [Times: user=0.17 sys=0.00, real=0.06 secs] 
2019-09-25T15:15:06.182-0530: 140.024: [Full GC (Ergonomics) [PSYoungGen: 11264K->11260K(22528K)] [ParOldGen: 68555K->68555K(68608K)] 79819K->79815K(91136K), [Metaspace: 60375K->60375K(1105920K)], 0.0546979 secs] [Times: user=0.18 sys=0.00, real=0.05 secs] 
2019-09-25T15:15:06.238-0530: 140.080: [Full GC (Ergonomics) [PSYoungGen: 11264K->11261K(22528K)] [ParOldGen: 68555K->68555K(68608K)] 79819K->79816K(91136K), [Metaspace: 60375K->60375K(1105920K)], 0.0572973 secs] [Times: user=0.19 sys=0.00, real=0.06 secs] 
2019-09-25T15:15:06.296-0530: 140.139: [Full GC (Ergonomics) [PSYoungGen: 11264K->11258K(22528K)] [ParOldGen: 68555K->68555K(68608K)] 79819K->79814K(91136K), [Metaspace: 60375K->60375K(1105920K)], 0.0623940 secs] [Times: user=0.21 sys=0.00, real=0.06 secs] 
2019-09-25T15:15:06.360-0530: 140.202: [Full GC (Ergonomics) [PSYoungGen: 11264K->11260K(22528K)] [ParOldGen: 68555K->68555K(68608K)] 79819K->79816K(91136K), [Metaspace: 60375K->60375K(1105920K)], 0.0582889 secs] [Times: user=0.18 sys=0.00, real=0.05 secs] 
2019-09-25T15:15:06.419-0530: 140.261: [Full GC (Ergonomics) [PSYoungGen: 11264K->11262K(22528K)] [ParOldGen: 68555K->68555K(68608K)] 79819K->79818K(91136K), [Metaspace: 60375K->60375K(1105920K)], 0.0631912 secs] [Times: user=0.19 sys=0.00, real=0.07 secs] 
2019-09-25T15:15:06.484-0530: 140.326: [Full GC (Ergonomics) [PSYoungGen: 11264K->11263K(22528K)] [ParOldGen: 68555K->68555K(68608K)] 79819K->79818K(91136K), [Metaspace: 60375K->60375K(1105920K)], 0.0549574 secs] [Times: user=0.18 sys=0.00, real=0.05 secs] 
2019-09-25T15:15:06.540-0530: 140.382: [Full GC (Ergonomics) [PSYoungGen: 11264K->11263K(22528K)] [ParOldGen: 68555K->68555K(68608K)] 79819K->79819K(91136K), [Metaspace: 60375K->60375K(1105920K)], 0.0554808 secs] [Times: user=0.17 sys=0.00, real=0.05 secs] 
2019-09-25T15:15:06.596-0530: 140.439: [Full GC (Ergonomics) [PSYoungGen: 11263K->11254K(22528K)] [ParOldGen: 68555K->68539K(68608K)] 79819K->79793K(91136K), [Metaspace: 60375K->60375K(1105920K)], 0.0590108 secs] [Times: user=0.18 sys=0.01, real=0.06 secs] 
2019-09-25T15:15:06.657-0530: 140.499: [Full GC (Ergonomics) [PSYoungGen: 11264K->11257K(22528K)] [ParOldGen: 68539K->68539K(68608K)] 79803K->79796K(91136K), [Metaspace: 60377K->60377K(1105920K)], 0.0573033 secs] [Times: user=0.19 sys=0.00, real=0.06 secs] 
2019-09-25T15:15:06.716-0530: 140.558: [Full GC (Ergonomics) [PSYoungGen: 11264K->11259K(22528K)] [ParOldGen: 68539K->68539K(68608K)] 79803K->79798K(91136K), [Metaspace: 60377K->60377K(1105920K)], 0.0527585 secs] [Times: user=0.18 sys=0.00, real=0.05 secs] 
2019-09-25T15:15:06.770-0530: 140.612: [Full GC (Ergonomics) [PSYoungGen: 11263K->11261K(22528K)] [ParOldGen: 68539K->68539K(68608K)] 79802K->79800K(91136K), [Metaspace: 60380K->60380K(1105920K)], 0.0598426 secs] [Times: user=0.18 sys=0.00, real=0.06 secs] 
2019-09-25T15:15:06.832-0530: 140.674: [Full GC (Ergonomics) [PSYoungGen: 11264K->11263K(22528K)] [ParOldGen: 68539K->68539K(68608K)] 79803K->79803K(91136K), [Metaspace: 60380K->60380K(1105920K)], 0.0627469 secs] [Times: user=0.18 sys=0.01, real=0.06 secs] 
2019-09-25T15:15:06.896-0530: 140.739: [Full GC (Ergonomics) [PSYoungGen: 11264K->11264K(22528K)] [ParOldGen: 68541K->68541K(68608K)] 79805K->79805K(91136K), [Metaspace: 60380K->60380K(1105920K)], 0.0693818 secs] [Times: user=0.21 sys=0.00, real=0.07 secs] 
2019-09-25T15:15:06.968-0530: 140.810: [Full GC (Ergonomics) [PSYoungGen: 11264K->11264K(22528K)] [ParOldGen: 68543K->68543K(68608K)] 79807K->79807K(91136K), [Metaspace: 60380K->60380K(1105920K)], 0.0609794 secs] [Times: user=0.19 sys=0.00, real=0.06 secs] 
2019-09-25T15:15:07.031-0530: 140.873: [Full GC (Ergonomics) [PSYoungGen: 11264K->11263K(22528K)] [ParOldGen: 68544K->68544K(68608K)] 79808K->79808K(91136K), [Metaspace: 60384K->60384K(1105920K)], 0.0657518 secs] [Times: user=0.19 sys=0.00, real=0.06 secs] 
2019-09-25T15:15:07.098-0530: 140.940: [Full GC (Ergonomics) [PSYoungGen: 11264K->11263K(22528K)] [ParOldGen: 68544K->68544K(68608K)] 79808K->79808K(91136K), [Metaspace: 60384K->60384K(1105920K)], 0.0637556 secs] [Times: user=0.20 sys=0.01, real=0.07 secs] 
2019-09-25T15:15:07.163-0530: 141.005: [Full GC (Ergonomics) [PSYoungGen: 11264K->11263K(22528K)] [ParOldGen: 68544K->68544K(68608K)] 79808K->79808K(91136K), [Metaspace: 60384K->60384K(1105920K)], 0.0599723 secs] [Times: user=0.18 sys=0.00, real=0.06 secs] 
2019-09-25T15:15:07.224-0530: 141.067: [Full GC (Ergonomics) [PSYoungGen: 11264K->11254K(22528K)] [ParOldGen: 68544K->68524K(68608K)] 79808K->79778K(91136K), [Metaspace: 60384K->60384K(1105920K)], 0.0586536 secs] [Times: user=0.18 sys=0.00, real=0.06 secs] 
2019-09-25T15:15:07.284-0530: 141.127: [Full GC (Ergonomics) [PSYoungGen: 11262K->11253K(22528K)] [ParOldGen: 68524K->68515K(68608K)] 79787K->79769K(91136K), [Metaspace: 60384K->60384K(1105920K)], 0.0660279 secs] [Times: user=0.23 sys=0.01, real=0.07 secs] 
2019-09-25T15:15:07.352-0530: 141.194: [Full GC (Ergonomics) [PSYoungGen: 11264K->11263K(22528K)] [ParOldGen: 68515K->68515K(68608K)] 79779K->79779K(91136K), [Metaspace: 60384K->60384K(1105920K)], 0.0773210 secs] [Times: user=0.19 sys=0.00, real=0.07 secs] 
2019-09-25T15:15:07.431-0530: 141.273: [Full GC (Ergonomics) [PSYoungGen: 11264K->11263K(22528K)] [ParOldGen: 68515K->68515K(68608K)] 79779K->79779K(91136K), [Metaspace: 60384K->60384K(1105920K)], 0.0660295 secs] [Times: user=0.21 sys=0.00, real=0.06 secs] 
2019-09-25T15:15:07.498-0530: 141.341: [Full GC (Ergonomics) [PSYoungGen: 11263K->11263K(22528K)] [ParOldGen: 68515K->68515K(68608K)] 79779K->79779K(91136K), [Metaspace: 60384K->60384K(1105920K)], 0.0601197 secs] [Times: user=0.19 sys=0.00, real=0.06 secs] 
2019-09-25T15:15:07.560-0530: 141.402: [Full GC (Ergonomics) [PSYoungGen: 11263K->11262K(22528K)] [ParOldGen: 68529K->68524K(68608K)] 79793K->79786K(91136K), [Metaspace: 60385K->60385K(1105920K)], 0.0735416 secs] [Times: user=0.19 sys=0.01, real=0.07 secs] 
2019-09-25T15:15:07.635-0530: 141.477: [Full GC (Ergonomics) [PSYoungGen: 11264K->11262K(22528K)] [ParOldGen: 68524K->68523K(68608K)] 79788K->79786K(91136K), [Metaspace: 60385K->60385K(1105920K)], 0.0648841 secs] [Times: user=0.20 sys=0.00, real=0.07 secs] 
2019-09-25T15:15:07.701-0530: 141.543: [Full GC (Ergonomics) [PSYoungGen: 11264K->11263K(22528K)] [ParOldGen: 68523K->68523K(68608K)] 79787K->79787K(91136K), [Metaspace: 60385K->60385K(1105920K)], 0.0806868 secs] [Times: user=0.20 sys=0.00, real=0.08 secs] 
2019-09-25T15:15:07.783-0530: 141.626: [Full GC (Ergonomics) [PSYoungGen: 11264K->11263K(22528K)] [ParOldGen: 68542K->68541K(68608K)] 79806K->79805K(91136K), [Metaspace: 60385K->60385K(1105920K)], 0.0624899 secs] [Times: user=0.20 sys=0.00, real=0.06 secs] 
2019-09-25T15:15:07.847-0530: 141.690: [Full GC (Ergonomics) [PSYoungGen: 11263K->11263K(22528K)] [ParOldGen: 68552K->68552K(68608K)] 79816K->79815K(91136K), [Metaspace: 60385K->60385K(1105920K)], 0.0643682 secs] [Times: user=0.22 sys=0.00, real=0.07 secs] 
2019-09-25T15:15:07.913-0530: 141.755: [Full GC (Ergonomics) [PSYoungGen: 11264K->11260K(22528K)] [ParOldGen: 68552K->68536K(68608K)] 79816K->79796K(91136K), [Metaspace: 60385K->60385K(1105920K)], 0.0635401 secs] [Times: user=0.18 sys=0.01, real=0.06 secs] 
2019-09-25T15:15:07.978-0530: 141.821: [Full GC (Ergonomics) [PSYoungGen: 11264K->11263K(22528K)] [ParOldGen: 68536K->68536K(68608K)] 79800K->79800K(91136K), [Metaspace: 60385K->60385K(1105920K)], 0.0663909 secs] [Times: user=0.20 sys=0.00, real=0.07 secs] 
2019-09-25T15:15:08.046-0530: 141.888: [Full GC (Ergonomics) [PSYoungGen: 11263K->11263K(22528K)] [ParOldGen: 68536K->68536K(68608K)] 79800K->79800K(91136K), [Metaspace: 60385K->60385K(1105920K)], 0.0541580 secs] [Times: user=0.18 sys=0.00, real=0.06 secs] 
2019-09-25T15:15:08.101-0530: 141.944: [Full GC (Ergonomics) [PSYoungGen: 11263K->11263K(22528K)] [ParOldGen: 68540K->68532K(68608K)] 79804K->79795K(91136K), [Metaspace: 60385K->60385K(1105920K)], 0.0662510 secs] [Times: user=0.22 sys=0.00, real=0.06 secs] 
2019-09-25T15:15:08.169-0530: 142.011: [Full GC (Ergonomics) [PSYoungGen: 11264K->11263K(22528K)] [ParOldGen: 68539K->68538K(68608K)] 79803K->79801K(91136K), [Metaspace: 60386K->60386K(1105920K)], 0.0576271 secs] [Times: user=0.19 sys=0.01, real=0.06 secs] 
2019-09-25T15:15:08.228-0530: 142.070: [Full GC (Ergonomics) [PSYoungGen: 11263K->11260K(22528K)] [ParOldGen: 68538K->68521K(68608K)] 79802K->79782K(91136K), [Metaspace: 60386K->60386K(1105920K)], 0.0590841 secs] [Times: user=0.21 sys=0.00, real=0.06 secs] 
2019-09-25T15:15:08.288-0530: 142.130: [Full GC (Ergonomics) [PSYoungGen: 11264K->11262K(22528K)] [ParOldGen: 68521K->68521K(68608K)] 79785K->79783K(91136K), [Metaspace: 60386K->60386K(1105920K)], 0.0531227 secs] [Times: user=0.19 sys=0.00, real=0.06 secs] 
2019-09-25T15:15:08.342-0530: 142.185: [Full GC (Ergonomics) [PSYoungGen: 11264K->11262K(22528K)] [ParOldGen: 68521K->68521K(68608K)] 79785K->79783K(91136K), [Metaspace: 60386K->60386K(1105920K)], 0.0529091 secs] [Times: user=0.17 sys=0.00, real=0.05 secs] 
2019-09-25T15:15:08.397-0530: 142.239: [Full GC (Ergonomics) [PSYoungGen: 11264K->11262K(22528K)] [ParOldGen: 68521K->68521K(68608K)] 79785K->79783K(91136K), [Metaspace: 60386K->60386K(1105920K)], 0.0567409 secs] [Times: user=0.18 sys=0.01, real=0.06 secs] 
2019-09-25T15:15:08.455-0530: 142.297: [Full GC (Ergonomics) [PSYoungGen: 11264K->11262K(22528K)] [ParOldGen: 68521K->68520K(68608K)] 79785K->79783K(91136K), [Metaspace: 60386K->60386K(1105920K)], 0.0574625 secs] [Times: user=0.19 sys=0.00, real=0.06 secs] 
2019-09-25T15:15:08.513-0530: 142.356: [Full GC (Ergonomics) [PSYoungGen: 11264K->11260K(22528K)] [ParOldGen: 68520K->68504K(68608K)] 79784K->79764K(91136K), [Metaspace: 60386K->60386K(1105920K)], 0.0590072 secs] [Times: user=0.18 sys=0.00, real=0.06 secs] 
2019-09-25T15:15:08.573-0530: 142.416: [Full GC (Ergonomics) [PSYoungGen: 11264K->11261K(22528K)] [ParOldGen: 68504K->68504K(68608K)] 79768K->79765K(91136K), [Metaspace: 60386K->60386K(1105920K)], 0.0579840 secs] [Times: user=0.19 sys=0.00, real=0.06 secs] 
2019-09-25T15:15:08.633-0530: 142.475: [Full GC (Ergonomics) [PSYoungGen: 11264K->11262K(22528K)] [ParOldGen: 68504K->68504K(68608K)] 79768K->79766K(91136K), [Metaspace: 60386K->60386K(1105920K)], 0.0562310 secs] [Times: user=0.18 sys=0.00, real=0.05 secs] 
2019-09-25T15:15:08.690-0530: 142.532: [Full GC (Ergonomics) [PSYoungGen: 11264K->11262K(22528K)] [ParOldGen: 68504K->68504K(68608K)] 79768K->79766K(91136K), [Metaspace: 60386K->60386K(1105920K)], 0.0523694 secs] [Times: user=0.18 sys=0.01, real=0.05 secs] 
2019-09-25T15:15:08.744-0530: 142.586: [Full GC (Ergonomics) [PSYoungGen: 11264K->11262K(22528K)] [ParOldGen: 68504K->68504K(68608K)] 79768K->79766K(91136K), [Metaspace: 60386K->60386K(1105920K)], 0.0566137 secs] [Times: user=0.17 sys=0.00, real=0.06 secs] 
2019-09-25T15:15:08.801-0530: 142.644: [Full GC (Ergonomics) [PSYoungGen: 11264K->11262K(22528K)] [ParOldGen: 68504K->68503K(68608K)] 79768K->79766K(91136K), [Metaspace: 60386K->60386K(1105920K)], 0.0587650 secs] [Times: user=0.20 sys=0.00, real=0.06 secs] 
2019-09-25T15:15:08.861-0530: 142.704: [Full GC (Ergonomics) [PSYoungGen: 11264K->11263K(22528K)] [ParOldGen: 68503K->68503K(68608K)] 79767K->79767K(91136K), [Metaspace: 60386K->60386K(1105920K)], 0.0619419 secs] [Times: user=0.25 sys=0.00, real=0.06 secs] 
2019-09-25T15:15:08.924-0530: 142.767: [Full GC (Ergonomics) [PSYoungGen: 11264K->11263K(22528K)] [ParOldGen: 68503K->68503K(68608K)] 79767K->79767K(91136K), [Metaspace: 60386K->60386K(1105920K)], 0.0600729 secs] [Times: user=0.21 sys=0.01, real=0.06 secs] 
2019-09-25T15:15:08.986-0530: 142.829: [Full GC (Ergonomics) [PSYoungGen: 11264K->11263K(22528K)] [ParOldGen: 68522K->68520K(68608K)] 79786K->79784K(91136K), [Metaspace: 60386K->60386K(1105920K)], 0.0538014 secs] [Times: user=0.17 sys=0.00, real=0.06 secs] 
2019-09-25T15:15:09.041-0530: 142.884: [Full GC (Ergonomics) [PSYoungGen: 11263K->11263K(22528K)] [ParOldGen: 68520K->68520K(68608K)] 79784K->79784K(91136K), [Metaspace: 60386K->60386K(1105920K)], 0.0550127 secs] [Times: user=0.19 sys=0.00, real=0.05 secs] 
2019-09-25T15:15:09.098-0530: 142.940: [Full GC (Ergonomics) [PSYoungGen: 11263K->11259K(22528K)] [ParOldGen: 68524K->68506K(68608K)] 79788K->79765K(91136K), [Metaspace: 60386K->60386K(1105920K)], 0.0564669 secs] [Times: user=0.19 sys=0.00, real=0.06 secs] 
2019-09-25T15:15:09.156-0530: 142.998: [Full GC (Ergonomics) [PSYoungGen: 11264K->11260K(22528K)] [ParOldGen: 68506K->68505K(68608K)] 79770K->79765K(91136K), [Metaspace: 60386K->60386K(1105920K)], 0.0604473 secs] [Times: user=0.18 sys=0.01, real=0.06 secs] 
2019-09-25T15:15:09.218-0530: 143.060: [Full GC (Ergonomics) [PSYoungGen: 11264K->11259K(22528K)] [ParOldGen: 68515K->68515K(68608K)] 79779K->79775K(91136K), [Metaspace: 60386K->60386K(1105920K)], 0.0589577 secs] [Times: user=0.20 sys=0.00, real=0.06 secs] 
2019-09-25T15:15:09.278-0530: 143.120: [Full GC (Ergonomics) [PSYoungGen: 11264K->11261K(22528K)] [ParOldGen: 68515K->68514K(68608K)] 79779K->79775K(91136K), [Metaspace: 60386K->60386K(1105920K)], 0.0706386 secs] [Times: user=0.21 sys=0.00, real=0.07 secs] 
2019-09-25T15:15:09.350-0530: 143.193: [Full GC (Ergonomics) [PSYoungGen: 11264K->11261K(22528K)] [ParOldGen: 68514K->68514K(68608K)] 79778K->79776K(91136K), [Metaspace: 60387K->60387K(1105920K)], 0.0707792 secs] [Times: user=0.23 sys=0.01, real=0.07 secs] 
2019-09-25T15:15:09.423-0530: 143.265: [Full GC (Ergonomics) [PSYoungGen: 11264K->11261K(22528K)] [ParOldGen: 68514K->68514K(68608K)] 79778K->79775K(91136K), [Metaspace: 60387K->60387K(1105920K)], 0.0625190 secs] [Times: user=0.21 sys=0.00, real=0.06 secs] 
2019-09-25T15:15:09.489-0530: 143.331: [Full GC (Ergonomics) [PSYoungGen: 11264K->11263K(22528K)] [ParOldGen: 68514K->68514K(68608K)] 79778K->79778K(91136K), [Metaspace: 60387K->60387K(1105920K)], 0.0615674 secs] [Times: user=0.19 sys=0.00, real=0.07 secs] 
2019-09-25T15:15:09.551-0530: 143.394: [Full GC (Ergonomics) [PSYoungGen: 11264K->11263K(22528K)] [ParOldGen: 68514K->68514K(68608K)] 79778K->79778K(91136K), [Metaspace: 60387K->60387K(1105920K)], 0.0608823 secs] [Times: user=0.18 sys=0.00, real=0.06 secs] 
2019-09-25T15:15:09.613-0530: 143.456: [Full GC (Ergonomics) [PSYoungGen: 11264K->11263K(22528K)] [ParOldGen: 68514K->68514K(68608K)] 79778K->79778K(91136K), [Metaspace: 60387K->60387K(1105920K)], 0.0591453 secs] [Times: user=0.18 sys=0.01, real=0.07 secs] 
2019-09-25T15:15:09.694-0530: 143.537: [Full GC (Ergonomics) [PSYoungGen: 11264K->11263K(22528K)] [ParOldGen: 68524K->68520K(68608K)] 79788K->79783K(91136K), [Metaspace: 60387K->60387K(1105920K)], 0.0614682 secs] [Times: user=0.19 sys=0.00, real=0.06 secs] 
2019-09-25T15:15:09.757-0530: 143.599: [Full GC (Ergonomics) [PSYoungGen: 11264K->11263K(22528K)] [ParOldGen: 68520K->68520K(68608K)] 79784K->79783K(91136K), [Metaspace: 60387K->60387K(1105920K)], 0.0538034 secs] [Times: user=0.18 sys=0.00, real=0.06 secs] 
2019-09-25T15:15:09.814-0530: 143.656: [Full GC (Ergonomics) [PSYoungGen: 11264K->11263K(22528K)] [ParOldGen: 68520K->68520K(68608K)] 79784K->79783K(91136K), [Metaspace: 60387K->60387K(1105920K)], 0.0535086 secs] [Times: user=0.19 sys=0.01, real=0.06 secs] 
2019-09-25T15:15:09.881-0530: 143.724: [Full GC (Ergonomics) [PSYoungGen: 11264K->11263K(22528K)] [ParOldGen: 68520K->68520K(68608K)] 79784K->79783K(91136K), [Metaspace: 60387K->60387K(1105920K)], 0.0598266 secs] [Times: user=0.22 sys=0.00, real=0.06 secs] 
2019-09-25T15:15:09.945-0530: 143.787: [Full GC (Ergonomics) [PSYoungGen: 11263K->11263K(22528K)] [ParOldGen: 68520K->68520K(68608K)] 79783K->79783K(91136K), [Metaspace: 60387K->60387K(1105920K)], 0.0561674 secs] [Times: user=0.18 sys=0.00, real=0.06 secs] 
2019-09-25T15:15:10.002-0530: 143.845: [Full GC (Ergonomics) [PSYoungGen: 11263K->11262K(22528K)] [ParOldGen: 68523K->68520K(68608K)] 79787K->79783K(91136K), [Metaspace: 60388K->60388K(1105920K)], 0.0579425 secs] [Times: user=0.18 sys=0.00, real=0.06 secs] 
2019-09-25T15:15:10.062-0530: 143.904: [Full GC (Ergonomics) [PSYoungGen: 11264K->11262K(22528K)] [ParOldGen: 68520K->68520K(68608K)] 79784K->79783K(91136K), [Metaspace: 60388K->60388K(1105920K)], 0.0591319 secs] [Times: user=0.17 sys=0.01, real=0.06 secs] 
2019-09-25T15:15:10.122-0530: 143.964: [Full GC (Ergonomics) [PSYoungGen: 11264K->11262K(22528K)] [ParOldGen: 68520K->68520K(68608K)] 79784K->79783K(91136K), [Metaspace: 60388K->60388K(1105920K)], 0.0575748 secs] [Times: user=0.18 sys=0.00, real=0.05 secs] 
2019-09-25T15:15:10.181-0530: 144.023: [Full GC (Ergonomics) [PSYoungGen: 11264K->11262K(22528K)] [ParOldGen: 68520K->68520K(68608K)] 79784K->79783K(91136K), [Metaspace: 60388K->60388K(1105920K)], 0.0569379 secs] [Times: user=0.18 sys=0.00, real=0.05 secs] 
2019-09-25T15:15:10.239-0530: 144.081: [Full GC (Ergonomics) [PSYoungGen: 11264K->11263K(22528K)] [ParOldGen: 68520K->68520K(68608K)] 79784K->79783K(91136K), [Metaspace: 60388K->60388K(1105920K)], 0.0547861 secs] [Times: user=0.18 sys=0.00, real=0.06 secs] 
2019-09-25T15:15:10.295-0530: 144.137: [Full GC (Ergonomics) [PSYoungGen: 11264K->11263K(22528K)] [ParOldGen: 68520K->68520K(68608K)] 79784K->79783K(91136K), [Metaspace: 60388K->60388K(1105920K)], 0.0573640 secs] [Times: user=0.18 sys=0.00, real=0.06 secs] 
2019-09-25T15:15:10.353-0530: 144.196: [Full GC (Ergonomics) [PSYoungGen: 11264K->11263K(22528K)] [ParOldGen: 68520K->68519K(68608K)] 79784K->79783K(91136K), [Metaspace: 60388K->60388K(1105920K)], 0.0570768 secs] [Times: user=0.19 sys=0.01, real=0.06 secs] 
2019-09-25T15:15:10.412-0530: 144.254: [Full GC (Ergonomics) [PSYoungGen: 11264K->11263K(22528K)] [ParOldGen: 68519K->68519K(68608K)] 79783K->79783K(91136K), [Metaspace: 60390K->60390K(1105920K)], 0.0567455 secs] [Times: user=0.18 sys=0.00, real=0.05 secs] 
2019-09-25T15:15:10.470-0530: 144.312: [Full GC (Ergonomics) [PSYoungGen: 11264K->11263K(22528K)] [ParOldGen: 68519K->68519K(68608K)] 79783K->79783K(91136K), [Metaspace: 60390K->60390K(1105920K)], 0.0561938 secs] [Times: user=0.17 sys=0.00, real=0.05 secs] 
2019-09-25T15:15:10.527-0530: 144.369: [Full GC (Ergonomics) [PSYoungGen: 11264K->11263K(22528K)] [ParOldGen: 68519K->68519K(68608K)] 79783K->79783K(91136K), [Metaspace: 60390K->60390K(1105920K)], 0.0595225 secs] [Times: user=0.19 sys=0.00, real=0.06 secs] 
2019-09-25T15:15:10.588-0530: 144.430: [Full GC (Ergonomics) [PSYoungGen: 11264K->11262K(22528K)] [ParOldGen: 68522K->68521K(68608K)] 79786K->79784K(91136K), [Metaspace: 60390K->60390K(1105920K)], 0.0567533 secs] [Times: user=0.18 sys=0.01, real=0.06 secs] 
2019-09-25T15:15:10.646-0530: 144.488: [Full GC (Ergonomics) [PSYoungGen: 11264K->11262K(22528K)] [ParOldGen: 68521K->68520K(68608K)] 79785K->79782K(91136K), [Metaspace: 60390K->60390K(1105920K)], 0.0555587 secs] [Times: user=0.19 sys=0.00, real=0.06 secs] 
2019-09-25T15:15:10.703-0530: 144.545: [Full GC (Ergonomics) [PSYoungGen: 11264K->11263K(22528K)] [ParOldGen: 68520K->68520K(68608K)] 79784K->79784K(91136K), [Metaspace: 60390K->60390K(1105920K)], 0.0564454 secs] [Times: user=0.17 sys=0.00, real=0.05 secs] 
2019-09-25T15:15:10.761-0530: 144.604: [Full GC (Ergonomics) [PSYoungGen: 11264K->11263K(22528K)] [ParOldGen: 68525K->68522K(68608K)] 79789K->79785K(91136K), [Metaspace: 60390K->60390K(1105920K)], 0.0563162 secs] [Times: user=0.18 sys=0.00, real=0.05 secs] 
2019-09-25T15:15:10.819-0530: 144.661: [Full GC (Ergonomics) [PSYoungGen: 11264K->11263K(22528K)] [ParOldGen: 68522K->68522K(68608K)] 79786K->79786K(91136K), [Metaspace: 60390K->60390K(1105920K)], 0.0645591 secs] [Times: user=0.18 sys=0.01, real=0.07 secs] 
2019-09-25T15:15:10.884-0530: 144.727: [Full GC (Ergonomics) [PSYoungGen: 11264K->11263K(22528K)] [ParOldGen: 68527K->68522K(68608K)] 79791K->79785K(91136K), [Metaspace: 60390K->60390K(1105920K)], 0.0617722 secs] [Times: user=0.20 sys=0.00, real=0.06 secs] 
2019-09-25T15:15:10.947-0530: 144.790: [Full GC (Ergonomics) [PSYoungGen: 11264K->11263K(22528K)] [ParOldGen: 68522K->68522K(68608K)] 79786K->79785K(91136K), [Metaspace: 60390K->60390K(1105920K)], 0.0560680 secs] [Times: user=0.17 sys=0.00, real=0.06 secs] 
2019-09-25T15:15:11.005-0530: 144.847: [Full GC (Ergonomics) [PSYoungGen: 11264K->11263K(22528K)] [ParOldGen: 68522K->68513K(68608K)] 79786K->79777K(91136K), [Metaspace: 60390K->60390K(1105920K)], 0.0535990 secs] [Times: user=0.18 sys=0.00, real=0.05 secs] 
2019-09-25T15:15:11.060-0530: 144.902: [Full GC (Ergonomics) [PSYoungGen: 11264K->11263K(22528K)] [ParOldGen: 68513K->68513K(68608K)] 79777K->79777K(91136K), [Metaspace: 60390K->60390K(1105920K)], 0.0580121 secs] [Times: user=0.18 sys=0.01, real=0.05 secs] 
2019-09-25T15:15:11.119-0530: 144.961: [Full GC (Ergonomics) [PSYoungGen: 11263K->11263K(22528K)] [ParOldGen: 68513K->68513K(68608K)] 79777K->79777K(91136K), [Metaspace: 60390K->60390K(1105920K)], 0.0594451 secs] [Times: user=0.18 sys=0.00, real=0.06 secs] 
2019-09-25T15:15:11.179-0530: 145.022: [Full GC (Ergonomics) [PSYoungGen: 11264K->11262K(22528K)] [ParOldGen: 68516K->68515K(68608K)] 79780K->79777K(91136K), [Metaspace: 60392K->60392K(1105920K)], 0.0667774 secs] [Times: user=0.22 sys=0.00, real=0.07 secs] 
2019-09-25T15:15:11.247-0530: 145.090: [Full GC (Ergonomics) [PSYoungGen: 11264K->11262K(22528K)] [ParOldGen: 68515K->68514K(68608K)] 79779K->79776K(91136K), [Metaspace: 60392K->60392K(1105920K)], 0.0557241 secs] [Times: user=0.18 sys=0.01, real=0.06 secs] 
2019-09-25T15:15:11.304-0530: 145.147: [Full GC (Ergonomics) [PSYoungGen: 11264K->11262K(22528K)] [ParOldGen: 68514K->68514K(68608K)] 79778K->79777K(91136K), [Metaspace: 60392K->60392K(1105920K)], 0.0500067 secs] [Times: user=0.17 sys=0.00, real=0.05 secs] 
2019-09-25T15:15:11.355-0530: 145.198: [Full GC (Ergonomics) [PSYoungGen: 11264K->11262K(22528K)] [ParOldGen: 68514K->68514K(68608K)] 79778K->79777K(91136K), [Metaspace: 60392K->60392K(1105920K)], 0.0477181 secs] [Times: user=0.16 sys=0.00, real=0.05 secs] 
2019-09-25T15:15:11.404-0530: 145.246: [Full GC (Ergonomics) [PSYoungGen: 11264K->11262K(22528K)] [ParOldGen: 68514K->68514K(68608K)] 79778K->79776K(91136K), [Metaspace: 60392K->60392K(1105920K)], 0.0549493 secs] [Times: user=0.18 sys=0.00, real=0.05 secs] 
2019-09-25T15:15:11.460-0530: 145.303: [Full GC (Ergonomics) [PSYoungGen: 11264K->11262K(22528K)] [ParOldGen: 68514K->68514K(68608K)] 79778K->79776K(91136K), [Metaspace: 60392K->60392K(1105920K)], 0.0576717 secs] [Times: user=0.19 sys=0.00, real=0.05 secs] 
2019-09-25T15:15:11.519-0530: 145.362: [Full GC (Ergonomics) [PSYoungGen: 11264K->11262K(22528K)] [ParOldGen: 68514K->68514K(68608K)] 79778K->79777K(91136K), [Metaspace: 60392K->60392K(1105920K)], 0.0557154 secs] [Times: user=0.18 sys=0.01, real=0.06 secs] 
2019-09-25T15:15:11.576-0530: 145.419: [Full GC (Ergonomics) [PSYoungGen: 11264K->11262K(22528K)] [ParOldGen: 68514K->68498K(68608K)] 79778K->79760K(91136K), [Metaspace: 60394K->60394K(1105920K)], 0.0671253 secs] [Times: user=0.25 sys=0.00, real=0.07 secs] 
2019-09-25T15:15:11.644-0530: 145.487: [Full GC (Ergonomics) [PSYoungGen: 11264K->11262K(22528K)] [ParOldGen: 68498K->68498K(68608K)] 79762K->79760K(91136K), [Metaspace: 60394K->60394K(1105920K)], 0.0614081 secs] [Times: user=0.19 sys=0.00, real=0.06 secs] 
2019-09-25T15:15:11.707-0530: 145.549: [Full GC (Ergonomics) [PSYoungGen: 11264K->11263K(22528K)] [ParOldGen: 68498K->68498K(68608K)] 79762K->79761K(91136K), [Metaspace: 60394K->60394K(1105920K)], 0.0528470 secs] [Times: user=0.16 sys=0.00, real=0.06 secs] 
2019-09-25T15:15:11.761-0530: 145.603: [Full GC (Ergonomics) [PSYoungGen: 11264K->11260K(22528K)] [ParOldGen: 68498K->68498K(68608K)] 79762K->79758K(91136K), [Metaspace: 60394K->60390K(1105920K)], 0.0635046 secs] [Times: user=0.18 sys=0.01, real=0.06 secs] 
2019-09-25T15:15:11.825-0530: 145.668: [Full GC (Ergonomics) [PSYoungGen: 11264K->11263K(22528K)] [ParOldGen: 68498K->68498K(68608K)] 79762K->79761K(91136K), [Metaspace: 60390K->60390K(1105920K)], 0.0600533 secs] [Times: user=0.18 sys=0.00, real=0.06 secs] 
2019-09-25T15:15:11.887-0530: 145.729: [Full GC (Ergonomics) [PSYoungGen: 11263K->11263K(22528K)] [ParOldGen: 68498K->68493K(68608K)] 79761K->79756K(91136K), [Metaspace: 60390K->60390K(1105920K)], 0.0629962 secs] [Times: user=0.22 sys=0.00, real=0.07 secs] 
2019-09-25T15:15:11.951-0530: 145.793: [Full GC (Ergonomics) [PSYoungGen: 11264K->11263K(22528K)] [ParOldGen: 68493K->68492K(68608K)] 79757K->79756K(91136K), [Metaspace: 60390K->60390K(1105920K)], 0.0612417 secs] [Times: user=0.20 sys=0.00, real=0.06 secs] 
2019-09-25T15:15:12.013-0530: 145.856: [Full GC (Ergonomics) [PSYoungGen: 11264K->11264K(22528K)] [ParOldGen: 68492K->68492K(68608K)] 79756K->79756K(91136K), [Metaspace: 60390K->60390K(1105920K)], 0.0565939 secs] [Times: user=0.18 sys=0.01, real=0.06 secs] 
2019-09-25T15:15:12.071-0530: 145.914: [Full GC (Ergonomics) [PSYoungGen: 11264K->11263K(22528K)] [ParOldGen: 68494K->68492K(68608K)] 79758K->79756K(91136K), [Metaspace: 60390K->60390K(1105920K)], 0.0576512 secs] [Times: user=0.19 sys=0.00, real=0.05 secs] 
2019-09-25T15:15:12.130-0530: 145.973: [Full GC (Ergonomics) [PSYoungGen: 11264K->11263K(22528K)] [ParOldGen: 68492K->68492K(68608K)] 79756K->79756K(91136K), [Metaspace: 60390K->60390K(1105920K)], 0.0582527 secs] [Times: user=0.17 sys=0.00, real=0.05 secs] 
2019-09-25T15:15:12.190-0530: 146.032: [Full GC (Ergonomics) [PSYoungGen: 11264K->11263K(22528K)] [ParOldGen: 68492K->68492K(68608K)] 79756K->79756K(91136K), [Metaspace: 60390K->60390K(1105920K)], 0.0527096 secs] [Times: user=0.17 sys=0.00, real=0.05 secs] 
2019-09-25T15:15:12.244-0530: 146.086: [Full GC (Ergonomics) [PSYoungGen: 11263K->11263K(22528K)] [ParOldGen: 68492K->68492K(68608K)] 79756K->79756K(91136K), [Metaspace: 60390K->60390K(1105920K)], 0.0566822 secs] [Times: user=0.18 sys=0.01, real=0.06 secs] 
2019-09-25T15:15:12.302-0530: 146.144: [Full GC (Ergonomics) [PSYoungGen: 11263K->11263K(22528K)] [ParOldGen: 68492K->68492K(68608K)] 79756K->79756K(91136K), [Metaspace: 60390K->60390K(1105920K)], 0.0539174 secs] [Times: user=0.18 sys=0.00, real=0.05 secs] 
2019-09-25T15:15:12.357-0530: 146.199: [Full GC (Ergonomics) [PSYoungGen: 11263K->11263K(22528K)] [ParOldGen: 68494K->68494K(68608K)] 79758K->79758K(91136K), [Metaspace: 60390K->60390K(1105920K)], 0.0569673 secs] [Times: user=0.18 sys=0.00, real=0.06 secs] 
2019-09-25T15:15:12.415-0530: 146.258: [Full GC (Ergonomics) [PSYoungGen: 11264K->11263K(22528K)] [ParOldGen: 68494K->68494K(68608K)] 79758K->79758K(91136K), [Metaspace: 60390K->60390K(1105920K)], 0.0604482 secs] [Times: user=0.18 sys=0.00, real=0.06 secs] 
2019-09-25T15:15:12.477-0530: 146.319: [Full GC (Ergonomics) [PSYoungGen: 11263K->11263K(22528K)] [ParOldGen: 68494K->68494K(68608K)] 79758K->79758K(91136K), [Metaspace: 60390K->60390K(1105920K)], 0.0582602 secs] [Times: user=0.18 sys=0.01, real=0.06 secs] 
2019-09-25T15:15:12.536-0530: 146.379: [Full GC (Ergonomics) [PSYoungGen: 11263K->11263K(22528K)] [ParOldGen: 68494K->68494K(68608K)] 79758K->79758K(91136K), [Metaspace: 60390K->60390K(1105920K)], 0.0579667 secs] [Times: user=0.19 sys=0.00, real=0.06 secs] 
2019-09-25T15:15:12.596-0530: 146.438: [Full GC (Ergonomics) [PSYoungGen: 11263K->11263K(22528K)] [ParOldGen: 68494K->68494K(68608K)] 79758K->79758K(91136K), [Metaspace: 60390K->60390K(1105920K)], 0.0596823 secs] [Times: user=0.16 sys=0.00, real=0.06 secs] 
2019-09-25T15:15:12.657-0530: 146.499: [Full GC (Ergonomics) [PSYoungGen: 11263K->11263K(22528K)] [ParOldGen: 68498K->68497K(68608K)] 79762K->79760K(91136K), [Metaspace: 60390K->60390K(1105920K)], 0.0566411 secs] [Times: user=0.19 sys=0.00, real=0.06 secs] 
2019-09-25T15:15:12.714-0530: 146.557: [Full GC (Ergonomics) [PSYoungGen: 11264K->11263K(22528K)] [ParOldGen: 68497K->68496K(68608K)] 79761K->79760K(91136K), [Metaspace: 60390K->60390K(1105920K)], 0.0569720 secs] [Times: user=0.18 sys=0.01, real=0.06 secs] 
2019-09-25T15:15:12.773-0530: 146.615: [Full GC (Ergonomics) [PSYoungGen: 11264K->11263K(22528K)] [ParOldGen: 68501K->68497K(68608K)] 79765K->79760K(91136K), [Metaspace: 60391K->60391K(1105920K)], 0.0591730 secs] [Times: user=0.16 sys=0.00, real=0.06 secs] 
2019-09-25T15:15:12.833-0530: 146.676: [Full GC (Ergonomics) [PSYoungGen: 11264K->11263K(22528K)] [ParOldGen: 68497K->68497K(68608K)] 79761K->79761K(91136K), [Metaspace: 60391K->60391K(1105920K)], 0.0564062 secs] [Times: user=0.18 sys=0.00, real=0.05 secs] 
2019-09-25T15:15:12.891-0530: 146.733: [Full GC (Ergonomics) [PSYoungGen: 11264K->11263K(22528K)] [ParOldGen: 68500K->68497K(68608K)] 79764K->79761K(91136K), [Metaspace: 60392K->60392K(1105920K)], 0.0567167 secs] [Times: user=0.19 sys=0.00, real=0.05 secs] 
2019-09-25T15:15:12.949-0530: 146.791: [Full GC (Ergonomics) [PSYoungGen: 11264K->11263K(22528K)] [ParOldGen: 68497K->68497K(68608K)] 79761K->79761K(91136K), [Metaspace: 60392K->60392K(1105920K)], 0.0614903 secs] [Times: user=0.18 sys=0.00, real=0.07 secs] 
2019-09-25T15:15:13.011-0530: 146.854: [Full GC (Ergonomics) [PSYoungGen: 11264K->11252K(22528K)] [ParOldGen: 68497K->68479K(68608K)] 79761K->79732K(91136K), [Metaspace: 60392K->60392K(1105920K)], 0.0609144 secs] [Times: user=0.19 sys=0.00, real=0.06 secs] 
2019-09-25T15:15:13.074-0530: 146.916: [Full GC (Ergonomics) [PSYoungGen: 11264K->11255K(22528K)] [ParOldGen: 68479K->68478K(68608K)] 79743K->79733K(91136K), [Metaspace: 60392K->60392K(1105920K)], 0.0561623 secs] [Times: user=0.18 sys=0.00, real=0.06 secs] 
2019-09-25T15:15:13.131-0530: 146.974: [Full GC (Ergonomics) [PSYoungGen: 11263K->11253K(22528K)] [ParOldGen: 68478K->68478K(68608K)] 79742K->79731K(91136K), [Metaspace: 60392K->60388K(1105920K)], 0.0573343 secs] [Times: user=0.18 sys=0.00, real=0.05 secs] 
2019-09-25T15:15:13.190-0530: 147.032: [Full GC (Ergonomics) [PSYoungGen: 11264K->11255K(22528K)] [ParOldGen: 68478K->68478K(68608K)] 79742K->79734K(91136K), [Metaspace: 60388K->60388K(1105920K)], 0.0541177 secs] [Times: user=0.18 sys=0.00, real=0.05 secs] 
2019-09-25T15:15:13.245-0530: 147.088: [Full GC (Ergonomics) [PSYoungGen: 11264K->11257K(22528K)] [ParOldGen: 68478K->68478K(68608K)] 79742K->79735K(91136K), [Metaspace: 60388K->60388K(1105920K)], 0.0542395 secs] [Times: user=0.18 sys=0.01, real=0.05 secs] 
2019-09-25T15:15:13.301-0530: 147.143: [Full GC (Ergonomics) [PSYoungGen: 11264K->11247K(22528K)] [ParOldGen: 68478K->68468K(68608K)] 79742K->79715K(91136K), [Metaspace: 60388K->60388K(1105920K)], 0.0591403 secs] [Times: user=0.21 sys=0.00, real=0.06 secs] 
2019-09-25T15:15:13.361-0530: 147.203: [Full GC (Ergonomics) [PSYoungGen: 11264K->11253K(22528K)] [ParOldGen: 68468K->68468K(68608K)] 79732K->79722K(91136K), [Metaspace: 60388K->60388K(1105920K)], 0.0594862 secs] [Times: user=0.18 sys=0.00, real=0.06 secs] 
2019-09-25T15:15:13.422-0530: 147.264: [Full GC (Ergonomics) [PSYoungGen: 11264K->11252K(22528K)] [ParOldGen: 68468K->68468K(68608K)] 79732K->79721K(91136K), [Metaspace: 60388K->60384K(1105920K)], 0.0672484 secs] [Times: user=0.22 sys=0.00, real=0.06 secs] 
2019-09-25T15:15:13.491-0530: 147.333: [Full GC (Ergonomics) [PSYoungGen: 11264K->11255K(22528K)] [ParOldGen: 68468K->68468K(68608K)] 79732K->79723K(91136K), [Metaspace: 60384K->60384K(1105920K)], 0.0576715 secs] [Times: user=0.18 sys=0.01, real=0.05 secs] 
2019-09-25T15:15:13.549-0530: 147.392: [Full GC (Ergonomics) [PSYoungGen: 11264K->11255K(22528K)] [ParOldGen: 68468K->68467K(68608K)] 79732K->79723K(91136K), [Metaspace: 60384K->60384K(1105920K)], 0.0534886 secs] [Times: user=0.18 sys=0.00, real=0.06 secs] 
2019-09-25T15:15:13.604-0530: 147.447: [Full GC (Ergonomics) [PSYoungGen: 11264K->11255K(22528K)] [ParOldGen: 68467K->68465K(68608K)] 79731K->79721K(91136K), [Metaspace: 60384K->60384K(1105920K)], 0.0597012 secs] [Times: user=0.19 sys=0.00, real=0.06 secs] 
2019-09-25T15:15:13.665-0530: 147.508: [Full GC (Ergonomics) [PSYoungGen: 11264K->11255K(22528K)] [ParOldGen: 68465K->68460K(68608K)] 79729K->79715K(91136K), [Metaspace: 60385K->60385K(1105920K)], 0.0696380 secs] [Times: user=0.22 sys=0.01, real=0.07 secs] 
2019-09-25T15:15:13.736-0530: 147.579: [Full GC (Ergonomics) [PSYoungGen: 11264K->11260K(22528K)] [ParOldGen: 68460K->68460K(68608K)] 79724K->79720K(91136K), [Metaspace: 60385K->60385K(1105920K)], 0.0623210 secs] [Times: user=0.21 sys=0.00, real=0.06 secs] 
2019-09-25T15:15:13.800-0530: 147.643: [Full GC (Ergonomics) [PSYoungGen: 11260K->11260K(22528K)] [ParOldGen: 68460K->68460K(68608K)] 79720K->79720K(91136K), [Metaspace: 60385K->60385K(1105920K)], 0.0548858 secs] [Times: user=0.17 sys=0.00, real=0.05 secs] 
2019-09-25T15:15:13.856-0530: 147.699: [Full GC (Ergonomics) [PSYoungGen: 11264K->11261K(22528K)] [ParOldGen: 68481K->68478K(68608K)] 79745K->79740K(91136K), [Metaspace: 60385K->60385K(1105920K)], 0.0640415 secs] [Times: user=0.21 sys=0.01, real=0.07 secs] 
2019-09-25T15:15:13.921-0530: 147.764: [Full GC (Ergonomics) [PSYoungGen: 11264K->11253K(22528K)] [ParOldGen: 68478K->68469K(68608K)] 79742K->79722K(91136K), [Metaspace: 60385K->60385K(1105920K)], 0.0550853 secs] [Times: user=0.18 sys=0.00, real=0.05 secs] 
2019-09-25T15:15:13.978-0530: 147.820: [Full GC (Ergonomics) [PSYoungGen: 11264K->11255K(22528K)] [ParOldGen: 68469K->68468K(68608K)] 79733K->79724K(91136K), [Metaspace: 60385K->60385K(1105920K)], 0.0565834 secs] [Times: user=0.18 sys=0.00, real=0.06 secs] 
2019-09-25T15:15:14.035-0530: 147.878: [Full GC (Ergonomics) [PSYoungGen: 11258K->11256K(22528K)] [ParOldGen: 68468K->68468K(68608K)] 79727K->79725K(91136K), [Metaspace: 60385K->60385K(1105920K)], 0.0552559 secs] [Times: user=0.18 sys=0.00, real=0.06 secs] 
2019-09-25T15:15:14.092-0530: 147.935: [Full GC (Ergonomics) [PSYoungGen: 11264K->11255K(22528K)] [ParOldGen: 68487K->68485K(68608K)] 79751K->79741K(91136K), [Metaspace: 60385K->60385K(1105920K)], 0.0574246 secs] [Times: user=0.19 sys=0.00, real=0.06 secs] 
2019-09-25T15:15:14.151-0530: 147.993: [Full GC (Ergonomics) [PSYoungGen: 11264K->11259K(22528K)] [ParOldGen: 68485K->68485K(68608K)] 79749K->79745K(91136K), [Metaspace: 60385K->60385K(1105920K)], 0.0552025 secs] [Times: user=0.18 sys=0.01, real=0.05 secs] 
2019-09-25T15:15:14.207-0530: 148.050: [Full GC (Ergonomics) [PSYoungGen: 11264K->11241K(22528K)] [ParOldGen: 68485K->68477K(68608K)] 79749K->79718K(91136K), [Metaspace: 60385K->60385K(1105920K)], 0.0553161 secs] [Times: user=0.18 sys=0.00, real=0.06 secs] 
2019-09-25T15:15:14.264-0530: 148.107: [Full GC (Ergonomics) [PSYoungGen: 11264K->11248K(22528K)] [ParOldGen: 68477K->68476K(68608K)] 79741K->79725K(91136K), [Metaspace: 60386K->60386K(1105920K)], 0.0579465 secs] [Times: user=0.17 sys=0.00, real=0.06 secs] 
2019-09-25T15:15:14.323-0530: 148.166: [Full GC (Ergonomics) [PSYoungGen: 11264K->11257K(22528K)] [ParOldGen: 68476K->68476K(68608K)] 79740K->79734K(91136K), [Metaspace: 60386K->60386K(1105920K)], 0.0587624 secs] [Times: user=0.18 sys=0.00, real=0.06 secs] 
2019-09-25T15:15:14.383-0530: 148.226: [Full GC (Ergonomics) [PSYoungGen: 11264K->11262K(22528K)] [ParOldGen: 68476K->68476K(68608K)] 79740K->79738K(91136K), [Metaspace: 60387K->60387K(1105920K)], 0.0580354 secs] [Times: user=0.18 sys=0.01, real=0.06 secs] 
2019-09-25T15:15:14.442-0530: 148.285: [Full GC (Ergonomics) [PSYoungGen: 11264K->11263K(22528K)] [ParOldGen: 68476K->68476K(68608K)] 79740K->79739K(91136K), [Metaspace: 60387K->60387K(1105920K)], 0.0561720 secs] [Times: user=0.18 sys=0.00, real=0.05 secs] 
2019-09-25T15:15:14.500-0530: 148.342: [Full GC (Ergonomics) [PSYoungGen: 11264K->11263K(22528K)] [ParOldGen: 68476K->68476K(68608K)] 79740K->79740K(91136K), [Metaspace: 60387K->60387K(1105920K)], 0.0537490 secs] [Times: user=0.17 sys=0.00, real=0.05 secs] 
2019-09-25T15:15:14.554-0530: 148.397: [Full GC (Ergonomics) [PSYoungGen: 11263K->11263K(22528K)] [ParOldGen: 68476K->68476K(68608K)] 79740K->79740K(91136K), [Metaspace: 60387K->60387K(1105920K)], 0.0592768 secs] [Times: user=0.17 sys=0.00, real=0.06 secs] 
2019-09-25T15:15:14.616-0530: 148.458: [Full GC (Ergonomics) [PSYoungGen: 11264K->11262K(22528K)] [ParOldGen: 68476K->68476K(68608K)] 79740K->79738K(91136K), [Metaspace: 60387K->60387K(1105920K)], 0.0632666 secs] [Times: user=0.22 sys=0.01, real=0.06 secs] 
2019-09-25T15:15:14.680-0530: 148.523: [Full GC (Ergonomics) [PSYoungGen: 11264K->11263K(22528K)] [ParOldGen: 68476K->68476K(68608K)] 79740K->79739K(91136K), [Metaspace: 60387K->60387K(1105920K)], 0.0561016 secs] [Times: user=0.19 sys=0.00, real=0.05 secs] 
2019-09-25T15:15:14.737-0530: 148.580: [Full GC (Ergonomics) [PSYoungGen: 11264K->11263K(22528K)] [ParOldGen: 68476K->68476K(68608K)] 79740K->79739K(91136K), [Metaspace: 60387K->60387K(1105920K)], 0.0557770 secs] [Times: user=0.17 sys=0.00, real=0.06 secs] 
2019-09-25T15:15:14.794-0530: 148.637: [Full GC (Ergonomics) [PSYoungGen: 11264K->11263K(22528K)] [ParOldGen: 68476K->68476K(68608K)] 79740K->79740K(91136K), [Metaspace: 60387K->60387K(1105920K)], 0.0578439 secs] [Times: user=0.19 sys=0.00, real=0.06 secs] 
2019-09-25T15:15:14.853-0530: 148.696: [Full GC (Ergonomics) [PSYoungGen: 11264K->11263K(22528K)] [ParOldGen: 68476K->68476K(68608K)] 79740K->79740K(91136K), [Metaspace: 60387K->60387K(1105920K)], 0.0523338 secs] [Times: user=0.17 sys=0.00, real=0.05 secs] 
2019-09-25T15:15:14.907-0530: 148.749: [Full GC (Ergonomics) [PSYoungGen: 11264K->11263K(22528K)] [ParOldGen: 68484K->68481K(68608K)] 79748K->79745K(91136K), [Metaspace: 60387K->60387K(1105920K)], 0.0529555 secs] [Times: user=0.18 sys=0.00, real=0.06 secs] 
2019-09-25T15:15:14.961-0530: 148.804: [Full GC (Ergonomics) [PSYoungGen: 11264K->11263K(22528K)] [ParOldGen: 68481K->68481K(68608K)] 79745K->79745K(91136K), [Metaspace: 60387K->60387K(1105920K)], 0.0522893 secs] [Times: user=0.17 sys=0.00, real=0.05 secs] 
2019-09-25T15:15:15.014-0530: 148.857: [Full GC (Ergonomics) [PSYoungGen: 11263K->11263K(22528K)] [ParOldGen: 68492K->68491K(68608K)] 79756K->79754K(91136K), [Metaspace: 60387K->60387K(1105920K)], 0.0585910 secs] [Times: user=0.19 sys=0.00, real=0.06 secs] 
2019-09-25T15:15:15.074-0530: 148.917: [Full GC (Ergonomics) [PSYoungGen: 11264K->11253K(22528K)] [ParOldGen: 68491K->68473K(68608K)] 79755K->79726K(91136K), [Metaspace: 60387K->60387K(1105920K)], 0.0675601 secs] [Times: user=0.20 sys=0.00, real=0.07 secs] 
2019-09-25T15:15:15.143-0530: 148.986: [Full GC (Ergonomics) [PSYoungGen: 11264K->11262K(22528K)] [ParOldGen: 68473K->68473K(68608K)] 79737K->79735K(91136K), [Metaspace: 60387K->60387K(1105920K)], 0.0652831 secs] [Times: user=0.20 sys=0.01, real=0.06 secs] 
2019-09-25T15:15:15.210-0530: 149.052: [Full GC (Ergonomics) [PSYoungGen: 11264K->11262K(22528K)] [ParOldGen: 68473K->68473K(68608K)] 79737K->79735K(91136K), [Metaspace: 60387K->60387K(1105920K)], 0.0728106 secs] [Times: user=0.18 sys=0.00, real=0.07 secs] 
2019-09-25T15:15:15.284-0530: 149.127: [Full GC (Ergonomics) [PSYoungGen: 11264K->11262K(22528K)] [ParOldGen: 68473K->68473K(68608K)] 79737K->79735K(91136K), [Metaspace: 60387K->60387K(1105920K)], 0.0589010 secs] [Times: user=0.19 sys=0.00, real=0.06 secs] 
2019-09-25T15:15:15.344-0530: 149.187: [Full GC (Ergonomics) [PSYoungGen: 11264K->11261K(22528K)] [ParOldGen: 68473K->68473K(68608K)] 79737K->79734K(91136K), [Metaspace: 60387K->60387K(1105920K)], 0.0515340 secs] [Times: user=0.18 sys=0.00, real=0.05 secs] 
2019-09-25T15:15:15.397-0530: 149.239: [Full GC (Ergonomics) [PSYoungGen: 11264K->11261K(22528K)] [ParOldGen: 68473K->68473K(68608K)] 79737K->79734K(91136K), [Metaspace: 60387K->60387K(1105920K)], 0.0501216 secs] [Times: user=0.17 sys=0.01, real=0.05 secs] 
2019-09-25T15:15:15.448-0530: 149.291: [Full GC (Ergonomics) [PSYoungGen: 11264K->11261K(22528K)] [ParOldGen: 68473K->68473K(68608K)] 79737K->79734K(91136K), [Metaspace: 60387K->60387K(1105920K)], 0.0511804 secs] [Times: user=0.18 sys=0.00, real=0.05 secs] 
2019-09-25T15:15:15.500-0530: 149.343: [Full GC (Ergonomics) [PSYoungGen: 11264K->11262K(22528K)] [ParOldGen: 68473K->68473K(68608K)] 79737K->79735K(91136K), [Metaspace: 60387K->60387K(1105920K)], 0.0533209 secs] [Times: user=0.18 sys=0.00, real=0.05 secs] 
2019-09-25T15:15:15.555-0530: 149.397: [Full GC (Ergonomics) [PSYoungGen: 11264K->11262K(22528K)] [ParOldGen: 68484K->68482K(68608K)] 79748K->79744K(91136K), [Metaspace: 60387K->60387K(1105920K)], 0.0492210 secs] [Times: user=0.17 sys=0.00, real=0.05 secs] 
2019-09-25T15:15:15.605-0530: 149.448: [Full GC (Ergonomics) [PSYoungGen: 11264K->11262K(22528K)] [ParOldGen: 68482K->68482K(68608K)] 79746K->79745K(91136K), [Metaspace: 60387K->60387K(1105920K)], 0.0552996 secs] [Times: user=0.18 sys=0.00, real=0.06 secs] 
2019-09-25T15:15:15.662-0530: 149.504: [Full GC (Ergonomics) [PSYoungGen: 11264K->11262K(22528K)] [ParOldGen: 68482K->68482K(68608K)] 79746K->79745K(91136K), [Metaspace: 60387K->60387K(1105920K)], 0.0558993 secs] [Times: user=0.17 sys=0.00, real=0.05 secs] 
2019-09-25T15:15:15.719-0530: 149.562: [Full GC (Ergonomics) [PSYoungGen: 11264K->11262K(22528K)] [ParOldGen: 68482K->68482K(68608K)] 79746K->79745K(91136K), [Metaspace: 60387K->60387K(1105920K)], 0.0568909 secs] [Times: user=0.17 sys=0.00, real=0.06 secs] 
2019-09-25T15:15:15.777-0530: 149.620: [Full GC (Ergonomics) [PSYoungGen: 11264K->11263K(22528K)] [ParOldGen: 68482K->68482K(68608K)] 79746K->79745K(91136K), [Metaspace: 60387K->60387K(1105920K)], 0.0580667 secs] [Times: user=0.18 sys=0.00, real=0.06 secs] 
2019-09-25T15:15:15.836-0530: 149.679: [Full GC (Ergonomics) [PSYoungGen: 11264K->11263K(22528K)] [ParOldGen: 68482K->68482K(68608K)] 79746K->79746K(91136K), [Metaspace: 60387K->60387K(1105920K)], 0.0551578 secs] [Times: user=0.18 sys=0.00, real=0.06 secs] 
2019-09-25T15:15:15.893-0530: 149.735: [Full GC (Ergonomics) [PSYoungGen: 11263K->11263K(22528K)] [ParOldGen: 68482K->68482K(68608K)] 79746K->79746K(91136K), [Metaspace: 60387K->60387K(1105920K)], 0.0556632 secs] [Times: user=0.18 sys=0.01, real=0.05 secs] 
2019-09-25T15:15:15.950-0530: 149.792: [Full GC (Ergonomics) [PSYoungGen: 11263K->11240K(22528K)] [ParOldGen: 68488K->68459K(68608K)] 79752K->79699K(91136K), [Metaspace: 60387K->60387K(1105920K)], 0.0577956 secs] [Times: user=0.18 sys=0.00, real=0.05 secs] 
2019-09-25T15:15:16.009-0530: 149.851: [Full GC (Ergonomics) [PSYoungGen: 11264K->11245K(22528K)] [ParOldGen: 68459K->68459K(68608K)] 79723K->79704K(91136K), [Metaspace: 60387K->60387K(1105920K)], 0.0572183 secs] [Times: user=0.20 sys=0.00, real=0.06 secs] 
2019-09-25T15:15:16.067-0530: 149.910: [Full GC (Ergonomics) [PSYoungGen: 11264K->11253K(22528K)] [ParOldGen: 68459K->68459K(68608K)] 79723K->79713K(91136K), [Metaspace: 60387K->60387K(1105920K)], 0.0559180 secs] [Times: user=0.18 sys=0.00, real=0.06 secs] 
2019-09-25T15:15:16.124-0530: 149.966: [Full GC (Ergonomics) [PSYoungGen: 11264K->11262K(22528K)] [ParOldGen: 68459K->68459K(68608K)] 79723K->79721K(91136K), [Metaspace: 60387K->60387K(1105920K)], 0.0567539 secs] [Times: user=0.19 sys=0.01, real=0.06 secs] 
2019-09-25T15:15:16.182-0530: 150.024: [Full GC (Ergonomics) [PSYoungGen: 11264K->11262K(22528K)] [ParOldGen: 68459K->68459K(68608K)] 79723K->79721K(91136K), [Metaspace: 60387K->60387K(1105920K)], 0.0531702 secs] [Times: user=0.17 sys=0.00, real=0.05 secs] 
2019-09-25T15:15:16.236-0530: 150.079: [Full GC (Ergonomics) [PSYoungGen: 11264K->11262K(22528K)] [ParOldGen: 68459K->68459K(68608K)] 79723K->79721K(91136K), [Metaspace: 60387K->60387K(1105920K)], 0.0517271 secs] [Times: user=0.17 sys=0.00, real=0.05 secs] 
2019-09-25T15:15:16.289-0530: 150.132: [Full GC (Ergonomics) [PSYoungGen: 11264K->11261K(22528K)] [ParOldGen: 68459K->68459K(68608K)] 79723K->79720K(91136K), [Metaspace: 60387K->60387K(1105920K)], 0.0515908 secs] [Times: user=0.17 sys=0.00, real=0.06 secs] 
2019-09-25T15:15:16.342-0530: 150.184: [Full GC (Ergonomics) [PSYoungGen: 11264K->11261K(22528K)] [ParOldGen: 68459K->68459K(68608K)] 79723K->79720K(91136K), [Metaspace: 60387K->60387K(1105920K)], 0.0534290 secs] [Times: user=0.17 sys=0.00, real=0.05 secs] 
2019-09-25T15:15:16.396-0530: 150.239: [Full GC (Ergonomics) [PSYoungGen: 11264K->11262K(22528K)] [ParOldGen: 68459K->68459K(68608K)] 79723K->79721K(91136K), [Metaspace: 60387K->60387K(1105920K)], 0.0532904 secs] [Times: user=0.18 sys=0.01, real=0.06 secs] 
2019-09-25T15:15:16.451-0530: 150.293: [Full GC (Ergonomics) [PSYoungGen: 11264K->11262K(22528K)] [ParOldGen: 68459K->68459K(68608K)] 79723K->79721K(91136K), [Metaspace: 60387K->60387K(1105920K)], 0.0524781 secs] [Times: user=0.17 sys=0.00, real=0.05 secs] 
2019-09-25T15:15:16.505-0530: 150.347: [Full GC (Ergonomics) [PSYoungGen: 11264K->11260K(22528K)] [ParOldGen: 68459K->68458K(68608K)] 79723K->79719K(91136K), [Metaspace: 60387K->60387K(1105920K)], 0.0498313 secs] [Times: user=0.18 sys=0.00, real=0.05 secs] 
2019-09-25T15:15:16.555-0530: 150.398: [Full GC (Ergonomics) [PSYoungGen: 11264K->11262K(22528K)] [ParOldGen: 68458K->68458K(68608K)] 79722K->79720K(91136K), [Metaspace: 60387K->60387K(1105920K)], 0.0546791 secs] [Times: user=0.17 sys=0.00, real=0.06 secs] 
2019-09-25T15:15:16.611-0530: 150.454: [Full GC (Ergonomics) [PSYoungGen: 11264K->11262K(22528K)] [ParOldGen: 68458K->68458K(68608K)] 79722K->79720K(91136K), [Metaspace: 60387K->60387K(1105920K)], 0.0525122 secs] [Times: user=0.17 sys=0.00, real=0.05 secs] 
2019-09-25T15:15:16.665-0530: 150.507: [Full GC (Ergonomics) [PSYoungGen: 11264K->11262K(22528K)] [ParOldGen: 68458K->68458K(68608K)] 79722K->79720K(91136K), [Metaspace: 60387K->60387K(1105920K)], 0.0571290 secs] [Times: user=0.18 sys=0.01, real=0.06 secs] 
2019-09-25T15:15:16.723-0530: 150.566: [Full GC (Ergonomics) [PSYoungGen: 11264K->11262K(22528K)] [ParOldGen: 68458K->68449K(68608K)] 79722K->79711K(91136K), [Metaspace: 60387K->60387K(1105920K)], 0.0577204 secs] [Times: user=0.17 sys=0.00, real=0.06 secs] 
2019-09-25T15:15:16.782-0530: 150.625: [Full GC (Ergonomics) [PSYoungGen: 11264K->11251K(22528K)] [ParOldGen: 68449K->68440K(68608K)] 79713K->79692K(91136K), [Metaspace: 60387K->60387K(1105920K)], 0.0544838 secs] [Times: user=0.19 sys=0.00, real=0.05 secs] 
2019-09-25T15:15:16.838-0530: 150.681: [Full GC (Ergonomics) [PSYoungGen: 11264K->11242K(22528K)] [ParOldGen: 68440K->68440K(68608K)] 79704K->79682K(91136K), [Metaspace: 60388K->60388K(1105920K)], 0.0549571 secs] [Times: user=0.18 sys=0.00, real=0.06 secs] 
2019-09-25T15:15:16.894-0530: 150.737: [Full GC (Ergonomics) [PSYoungGen: 11264K->11246K(22528K)] [ParOldGen: 68440K->68435K(68608K)] 79704K->79682K(91136K), [Metaspace: 60390K->60390K(1105920K)], 0.0614216 secs] [Times: user=0.24 sys=0.00, real=0.06 secs] 
2019-09-25T15:15:16.957-0530: 150.800: [Full GC (Ergonomics) [PSYoungGen: 11264K->11250K(22528K)] [ParOldGen: 68435K->68435K(68608K)] 79699K->79685K(91136K), [Metaspace: 60390K->60390K(1105920K)], 0.0605083 secs] [Times: user=0.22 sys=0.01, real=0.06 secs] 
2019-09-25T15:15:17.019-0530: 150.861: [Full GC (Ergonomics) [PSYoungGen: 11264K->11251K(22528K)] [ParOldGen: 68435K->68435K(68608K)] 79699K->79686K(91136K), [Metaspace: 60390K->60390K(1105920K)], 0.0527876 secs] [Times: user=0.18 sys=0.00, real=0.06 secs] 
2019-09-25T15:15:17.073-0530: 150.916: [Full GC (Ergonomics) [PSYoungGen: 11264K->11250K(22528K)] [ParOldGen: 68435K->68430K(68608K)] 79699K->79680K(91136K), [Metaspace: 60390K->60390K(1105920K)], 0.0529293 secs] [Times: user=0.18 sys=0.00, real=0.05 secs] 
2019-09-25T15:15:17.127-0530: 150.970: [Full GC (Ergonomics) [PSYoungGen: 11264K->11258K(22528K)] [ParOldGen: 68430K->68430K(68608K)] 79694K->79688K(91136K), [Metaspace: 60390K->60390K(1105920K)], 0.0524979 secs] [Times: user=0.17 sys=0.00, real=0.05 secs] 
2019-09-25T15:15:17.181-0530: 151.023: [Full GC (Ergonomics) [PSYoungGen: 11264K->11259K(22528K)] [ParOldGen: 68430K->68430K(68608K)] 79694K->79689K(91136K), [Metaspace: 60390K->60390K(1105920K)], 0.0565183 secs] [Times: user=0.18 sys=0.01, real=0.05 secs] 
2019-09-25T15:15:17.238-0530: 151.081: [Full GC (Ergonomics) [PSYoungGen: 11264K->11262K(22528K)] [ParOldGen: 68430K->68430K(68608K)] 79694K->79692K(91136K), [Metaspace: 60390K->60390K(1105920K)], 0.0536173 secs] [Times: user=0.18 sys=0.00, real=0.06 secs] 
2019-09-25T15:15:17.293-0530: 151.136: [Full GC (Ergonomics) [PSYoungGen: 11264K->11262K(22528K)] [ParOldGen: 68430K->68430K(68608K)] 79694K->79692K(91136K), [Metaspace: 60390K->60390K(1105920K)], 0.0519074 secs] [Times: user=0.17 sys=0.00, real=0.05 secs] 
2019-09-25T15:15:17.346-0530: 151.189: [Full GC (Ergonomics) [PSYoungGen: 11264K->11262K(22528K)] [ParOldGen: 68430K->68430K(68608K)] 79694K->79692K(91136K), [Metaspace: 60390K->60390K(1105920K)], 0.0520667 secs] [Times: user=0.18 sys=0.00, real=0.05 secs] 
2019-09-25T15:15:17.399-0530: 151.242: [Full GC (Ergonomics) [PSYoungGen: 11264K->11262K(22528K)] [ParOldGen: 68430K->68430K(68608K)] 79694K->79692K(91136K), [Metaspace: 60390K->60390K(1105920K)], 0.0516709 secs] [Times: user=0.17 sys=0.00, real=0.06 secs] 
2019-09-25T15:15:17.452-0530: 151.295: [Full GC (Ergonomics) [PSYoungGen: 11264K->11263K(22528K)] [ParOldGen: 68430K->68413K(68608K)] 79694K->79677K(91136K), [Metaspace: 60390K->60390K(1105920K)], 0.0631362 secs] [Times: user=0.22 sys=0.01, real=0.06 secs] 
2019-09-25T15:15:17.517-0530: 151.359: [Full GC (Ergonomics) [PSYoungGen: 11264K->11263K(22528K)] [ParOldGen: 68413K->68413K(68608K)] 79677K->79677K(91136K), [Metaspace: 60390K->60390K(1105920K)], 0.0551252 secs] [Times: user=0.18 sys=0.00, real=0.06 secs] 
2019-09-25T15:15:17.573-0530: 151.416: [Full GC (Ergonomics) [PSYoungGen: 11264K->11263K(22528K)] [ParOldGen: 68413K->68413K(68608K)] 79677K->79677K(91136K), [Metaspace: 60390K->60390K(1105920K)], 0.0535514 secs] [Times: user=0.16 sys=0.00, real=0.05 secs] 
2019-09-25T15:15:17.628-0530: 151.470: [Full GC (Ergonomics) [PSYoungGen: 11264K->11263K(22528K)] [ParOldGen: 68413K->68413K(68608K)] 79677K->79677K(91136K), [Metaspace: 60390K->60390K(1105920K)], 0.0504048 secs] [Times: user=0.16 sys=0.00, real=0.05 secs] 
2019-09-25T15:15:17.679-0530: 151.522: [Full GC (Ergonomics) [PSYoungGen: 11264K->11263K(22528K)] [ParOldGen: 68413K->68413K(68608K)] 79677K->79677K(91136K), [Metaspace: 60390K->60390K(1105920K)], 0.0531314 secs] [Times: user=0.17 sys=0.01, real=0.06 secs] 
2019-09-25T15:15:17.733-0530: 151.576: [Full GC (Ergonomics) [PSYoungGen: 11264K->11263K(22528K)] [ParOldGen: 68413K->68413K(68608K)] 79677K->79677K(91136K), [Metaspace: 60390K->60390K(1105920K)], 0.0504829 secs] [Times: user=0.16 sys=0.00, real=0.05 secs] 
2019-09-25T15:15:17.785-0530: 151.627: [Full GC (Ergonomics) [PSYoungGen: 11264K->11263K(22528K)] [ParOldGen: 68413K->68413K(68608K)] 79677K->79677K(91136K), [Metaspace: 60390K->60390K(1105920K)], 0.0524782 secs] [Times: user=0.18 sys=0.00, real=0.05 secs] 
2019-09-25T15:15:17.838-0530: 151.681: [Full GC (Ergonomics) [PSYoungGen: 11264K->11262K(22528K)] [ParOldGen: 68417K->68417K(68608K)] 79681K->79679K(91136K), [Metaspace: 60390K->60390K(1105920K)], 0.0466100 secs] [Times: user=0.16 sys=0.00, real=0.05 secs] 
2019-09-25T15:15:17.886-0530: 151.729: [Full GC (Ergonomics) [PSYoungGen: 11264K->11261K(22528K)] [ParOldGen: 68417K->68416K(68608K)] 79681K->79677K(91136K), [Metaspace: 60390K->60390K(1105920K)], 0.0534868 secs] [Times: user=0.20 sys=0.00, real=0.06 secs] 
2019-09-25T15:15:17.941-0530: 151.783: [Full GC (Ergonomics) [PSYoungGen: 11264K->11262K(22528K)] [ParOldGen: 68416K->68416K(68608K)] 79680K->79678K(91136K), [Metaspace: 60390K->60390K(1105920K)], 0.0569830 secs] [Times: user=0.18 sys=0.01, real=0.05 secs] 
2019-09-25T15:15:17.999-0530: 151.842: [Full GC (Ergonomics) [PSYoungGen: 11264K->11261K(22528K)] [ParOldGen: 68423K->68422K(68608K)] 79687K->79684K(91136K), [Metaspace: 60390K->60390K(1105920K)], 0.0571872 secs] [Times: user=0.20 sys=0.00, real=0.06 secs] 
2019-09-25T15:15:18.057-0530: 151.900: [Full GC (Ergonomics) [PSYoungGen: 11264K->11261K(22528K)] [ParOldGen: 68422K->68422K(68608K)] 79686K->79684K(91136K), [Metaspace: 60390K->60390K(1105920K)], 0.0540095 secs] [Times: user=0.17 sys=0.00, real=0.06 secs] 
2019-09-25T15:15:18.113-0530: 151.955: [Full GC (Ergonomics) [PSYoungGen: 11264K->11261K(22528K)] [ParOldGen: 68422K->68422K(68608K)] 79686K->79683K(91136K), [Metaspace: 60390K->60390K(1105920K)], 0.0510302 secs] [Times: user=0.17 sys=0.00, real=0.05 secs] 
2019-09-25T15:15:18.165-0530: 152.008: [Full GC (Ergonomics) [PSYoungGen: 11264K->11260K(22528K)] [ParOldGen: 68422K->68422K(68608K)] 79686K->79683K(91136K), [Metaspace: 60390K->60390K(1105920K)], 0.0531102 secs] [Times: user=0.18 sys=0.01, real=0.05 secs] 
2019-09-25T15:15:18.219-0530: 152.062: [Full GC (Ergonomics) [PSYoungGen: 11264K->11262K(22528K)] [ParOldGen: 68422K->68421K(68608K)] 79686K->79684K(91136K), [Metaspace: 60390K->60390K(1105920K)], 0.0536582 secs] [Times: user=0.17 sys=0.00, real=0.06 secs] 
2019-09-25T15:15:18.274-0530: 152.117: [Full GC (Ergonomics) [PSYoungGen: 11264K->11262K(22528K)] [ParOldGen: 68421K->68417K(68608K)] 79685K->79679K(91136K), [Metaspace: 60390K->60390K(1105920K)], 0.0653130 secs] [Times: user=0.24 sys=0.00, real=0.06 secs] 
2019-09-25T15:15:18.341-0530: 152.183: [Full GC (Ergonomics) [PSYoungGen: 11264K->11262K(22528K)] [ParOldGen: 68417K->68416K(68608K)] 79681K->79679K(91136K), [Metaspace: 60390K->60390K(1105920K)], 0.0599888 secs] [Times: user=0.23 sys=0.00, real=0.06 secs] 
2019-09-25T15:15:18.402-0530: 152.244: [Full GC (Ergonomics) [PSYoungGen: 11264K->11263K(22528K)] [ParOldGen: 68416K->68416K(68608K)] 79680K->79680K(91136K), [Metaspace: 60390K->60390K(1105920K)], 0.0560321 secs] [Times: user=0.18 sys=0.01, real=0.05 secs] 
2019-09-25T15:15:18.459-0530: 152.302: [Full GC (Ergonomics) [PSYoungGen: 11264K->11262K(22528K)] [ParOldGen: 68416K->68416K(68608K)] 79680K->79678K(91136K), [Metaspace: 60390K->60390K(1105920K)], 0.0556067 secs] [Times: user=0.17 sys=0.00, real=0.06 secs] 
2019-09-25T15:15:18.516-0530: 152.358: [Full GC (Ergonomics) [PSYoungGen: 11264K->11263K(22528K)] [ParOldGen: 68416K->68416K(68608K)] 79680K->79680K(91136K), [Metaspace: 60390K->60390K(1105920K)], 0.0551430 secs] [Times: user=0.18 sys=0.00, real=0.06 secs] 
2019-09-25T15:15:18.572-0530: 152.415: [Full GC (Ergonomics) [PSYoungGen: 11264K->11263K(22528K)] [ParOldGen: 68416K->68416K(68608K)] 79680K->79680K(91136K), [Metaspace: 60390K->60390K(1105920K)], 0.0575972 secs] [Times: user=0.18 sys=0.00, real=0.06 secs] 
2019-09-25T15:15:18.631-0530: 152.474: [Full GC (Ergonomics) [PSYoungGen: 11264K->11263K(22528K)] [ParOldGen: 68416K->68416K(68608K)] 79680K->79680K(91136K), [Metaspace: 60390K->60390K(1105920K)], 0.0539177 secs] [Times: user=0.19 sys=0.00, real=0.05 secs] 
2019-09-25T15:15:18.686-0530: 152.529: [Full GC (Ergonomics) [PSYoungGen: 11264K->11263K(22528K)] [ParOldGen: 68416K->68416K(68608K)] 79680K->79680K(91136K), [Metaspace: 60390K->60390K(1105920K)], 0.0542433 secs] [Times: user=0.17 sys=0.01, real=0.06 secs] 
2019-09-25T15:15:18.742-0530: 152.584: [Full GC (Ergonomics) [PSYoungGen: 11264K->11263K(22528K)] [ParOldGen: 68416K->68416K(68608K)] 79680K->79680K(91136K), [Metaspace: 60390K->60390K(1105920K)], 0.0505196 secs] [Times: user=0.18 sys=0.00, real=0.05 secs] 
2019-09-25T15:15:18.793-0530: 152.636: [Full GC (Ergonomics) [PSYoungGen: 11264K->11263K(22528K)] [ParOldGen: 68416K->68416K(68608K)] 79680K->79680K(91136K), [Metaspace: 60390K->60390K(1105920K)], 0.0548691 secs] [Times: user=0.17 sys=0.00, real=0.05 secs] 
2019-09-25T15:15:18.850-0530: 152.692: [Full GC (Ergonomics) [PSYoungGen: 11264K->11263K(22528K)] [ParOldGen: 68416K->68416K(68608K)] 79680K->79680K(91136K), [Metaspace: 60390K->60390K(1105920K)], 0.0549385 secs] [Times: user=0.17 sys=0.00, real=0.05 secs] 
2019-09-25T15:15:18.906-0530: 152.748: [Full GC (Ergonomics) [PSYoungGen: 11263K->11263K(22528K)] [ParOldGen: 68416K->68416K(68608K)] 79680K->79680K(91136K), [Metaspace: 60390K->60390K(1105920K)], 0.0571404 secs] [Times: user=0.19 sys=0.00, real=0.06 secs] 
2019-09-25T15:15:18.964-0530: 152.807: [Full GC (Ergonomics) [PSYoungGen: 11264K->11263K(22528K)] [ParOldGen: 68419K->68418K(68608K)] 79683K->79682K(91136K), [Metaspace: 60390K->60390K(1105920K)], 0.0603574 secs] [Times: user=0.20 sys=0.01, real=0.06 secs] 
2019-09-25T15:15:19.025-0530: 152.868: [Full GC (Ergonomics) [PSYoungGen: 11264K->11263K(22528K)] [ParOldGen: 68418K->68418K(68608K)] 79682K->79682K(91136K), [Metaspace: 60390K->60390K(1105920K)], 0.0527797 secs] [Times: user=0.16 sys=0.00, real=0.05 secs] 
2019-09-25T15:15:19.080-0530: 152.922: [Full GC (Ergonomics) [PSYoungGen: 11264K->11253K(22528K)] [ParOldGen: 68426K->68423K(68608K)] 79690K->79677K(91136K), [Metaspace: 60391K->60391K(1105920K)], 0.0597175 secs] [Times: user=0.20 sys=0.00, real=0.05 secs] 
2019-09-25T15:15:19.141-0530: 152.983: [Full GC (Ergonomics) [PSYoungGen: 11264K->11254K(22528K)] [ParOldGen: 68423K->68423K(68608K)] 79687K->79677K(91136K), [Metaspace: 60392K->60392K(1105920K)], 0.0551876 secs] [Times: user=0.19 sys=0.00, real=0.05 secs] 
2019-09-25T15:15:19.197-0530: 153.040: [Full GC (Ergonomics) [PSYoungGen: 11264K->11257K(22528K)] [ParOldGen: 68423K->68423K(68608K)] 79687K->79680K(91136K), [Metaspace: 60392K->60392K(1105920K)], 0.0573976 secs] [Times: user=0.18 sys=0.01, real=0.06 secs] 
2019-09-25T15:15:19.256-0530: 153.098: [Full GC (Ergonomics) [PSYoungGen: 11264K->11259K(22528K)] [ParOldGen: 68423K->68422K(68608K)] 79687K->79682K(91136K), [Metaspace: 60392K->60392K(1105920K)], 0.0522410 secs] [Times: user=0.17 sys=0.00, real=0.05 secs] 
2019-09-25T15:15:19.309-0530: 153.152: [Full GC (Ergonomics) [PSYoungGen: 11264K->11257K(22528K)] [ParOldGen: 68422K->68422K(68608K)] 79686K->79680K(91136K), [Metaspace: 60392K->60392K(1105920K)], 0.0561487 secs] [Times: user=0.18 sys=0.00, real=0.06 secs] 
2019-09-25T15:15:19.367-0530: 153.209: [Full GC (Ergonomics) [PSYoungGen: 11264K->11258K(22528K)] [ParOldGen: 68422K->68422K(68608K)] 79686K->79680K(91136K), [Metaspace: 60392K->60392K(1105920K)], 0.0529774 secs] [Times: user=0.17 sys=0.00, real=0.06 secs] 
2019-09-25T15:15:19.421-0530: 153.263: [Full GC (Ergonomics) [PSYoungGen: 11264K->11258K(22528K)] [ParOldGen: 68422K->68422K(68608K)] 79686K->79681K(91136K), [Metaspace: 60392K->60392K(1105920K)], 0.0571433 secs] [Times: user=0.20 sys=0.00, real=0.05 secs] 
2019-09-25T15:15:19.479-0530: 153.322: [Full GC (Ergonomics) [PSYoungGen: 11264K->11261K(22528K)] [ParOldGen: 68422K->68422K(68608K)] 79686K->79684K(91136K), [Metaspace: 60393K->60393K(1105920K)], 0.0566641 secs] [Times: user=0.18 sys=0.01, real=0.06 secs] 
2019-09-25T15:15:19.537-0530: 153.380: [Full GC (Ergonomics) [PSYoungGen: 11264K->11262K(22528K)] [ParOldGen: 68422K->68422K(68608K)] 79686K->79685K(91136K), [Metaspace: 60393K->60393K(1105920K)], 0.0549783 secs] [Times: user=0.18 sys=0.00, real=0.06 secs] 
2019-09-25T15:15:19.593-0530: 153.436: [Full GC (Ergonomics) [PSYoungGen: 11264K->11263K(22528K)] [ParOldGen: 68422K->68422K(68608K)] 79686K->79685K(91136K), [Metaspace: 60393K->60393K(1105920K)], 0.0561723 secs] [Times: user=0.18 sys=0.00, real=0.06 secs] 
2019-09-25T15:15:19.651-0530: 153.493: [Full GC (Ergonomics) [PSYoungGen: 11264K->11263K(22528K)] [ParOldGen: 68422K->68405K(68608K)] 79686K->79668K(91136K), [Metaspace: 60394K->60394K(1105920K)], 0.0637493 secs] [Times: user=0.25 sys=0.00, real=0.06 secs] 
2019-09-25T15:15:19.715-0530: 153.558: [Full GC (Ergonomics) [PSYoungGen: 11264K->11263K(22528K)] [ParOldGen: 68405K->68405K(68608K)] 79669K->79669K(91136K), [Metaspace: 60394K->60394K(1105920K)], 0.0581919 secs] [Times: user=0.20 sys=0.00, real=0.06 secs] 
2019-09-25T15:15:19.775-0530: 153.617: [Full GC (Ergonomics) [PSYoungGen: 11264K->11263K(22528K)] [ParOldGen: 68405K->68405K(68608K)] 79669K->79669K(91136K), [Metaspace: 60394K->60394K(1105920K)], 0.0549770 secs] [Times: user=0.17 sys=0.01, real=0.06 secs] 
2019-09-25T15:15:19.831-0530: 153.674: [Full GC (Ergonomics) [PSYoungGen: 11263K->11263K(22528K)] [ParOldGen: 68405K->68405K(68608K)] 79669K->79669K(91136K), [Metaspace: 60394K->60394K(1105920K)], 0.0542720 secs] [Times: user=0.18 sys=0.00, real=0.05 secs] 
2019-09-25T15:15:19.886-0530: 153.729: [Full GC (Ergonomics) [PSYoungGen: 11264K->11261K(22528K)] [ParOldGen: 68412K->68406K(68608K)] 79676K->79668K(91136K), [Metaspace: 60394K->60394K(1105920K)], 0.0559738 secs] [Times: user=0.17 sys=0.00, real=0.06 secs] 
2019-09-25T15:15:19.944-0530: 153.786: [Full GC (Ergonomics) [PSYoungGen: 11264K->11260K(22528K)] [ParOldGen: 68406K->68406K(68608K)] 79670K->79667K(91136K), [Metaspace: 60394K->60394K(1105920K)], 0.0580722 secs] [Times: user=0.17 sys=0.00, real=0.06 secs] 
2019-09-25T15:15:20.003-0530: 153.846: [Full GC (Ergonomics) [PSYoungGen: 11264K->11260K(22528K)] [ParOldGen: 68406K->68406K(68608K)] 79670K->79667K(91136K), [Metaspace: 60394K->60394K(1105920K)], 0.0529996 secs] [Times: user=0.17 sys=0.00, real=0.05 secs] 
2019-09-25T15:15:20.057-0530: 153.900: [Full GC (Ergonomics) [PSYoungGen: 11264K->11257K(22528K)] [ParOldGen: 68406K->68405K(68608K)] 79670K->79662K(91136K), [Metaspace: 60394K->60394K(1105920K)], 0.0500678 secs] [Times: user=0.17 sys=0.00, real=0.05 secs] 
2019-09-25T15:15:20.108-0530: 153.951: [Full GC (Ergonomics) [PSYoungGen: 11264K->11257K(22528K)] [ParOldGen: 68405K->68405K(68608K)] 79669K->79662K(91136K), [Metaspace: 60394K->60394K(1105920K)], 0.0553447 secs] [Times: user=0.18 sys=0.00, real=0.06 secs] 
2019-09-25T15:15:20.165-0530: 154.008: [Full GC (Ergonomics) [PSYoungGen: 11264K->11258K(22528K)] [ParOldGen: 68405K->68405K(68608K)] 79669K->79663K(91136K), [Metaspace: 60395K->60395K(1105920K)], 0.0539660 secs] [Times: user=0.18 sys=0.00, real=0.05 secs] 
2019-09-25T15:15:20.221-0530: 154.063: [Full GC (Ergonomics) [PSYoungGen: 11264K->11251K(22528K)] [ParOldGen: 68405K->68404K(68608K)] 79669K->79656K(91136K), [Metaspace: 60395K->60395K(1105920K)], 0.0600689 secs] [Times: user=0.19 sys=0.00, real=0.06 secs] 
2019-09-25T15:15:20.282-0530: 154.125: [Full GC (Ergonomics) [PSYoungGen: 11264K->11252K(22528K)] [ParOldGen: 68404K->68404K(68608K)] 79668K->79657K(91136K), [Metaspace: 60395K->60395K(1105920K)], 0.0575087 secs] [Times: user=0.20 sys=0.01, real=0.06 secs] 
2019-09-25T15:15:20.341-0530: 154.184: [Full GC (Ergonomics) [PSYoungGen: 11264K->11252K(22528K)] [ParOldGen: 68404K->68404K(68608K)] 79668K->79656K(91136K), [Metaspace: 60395K->60395K(1105920K)], 0.0530928 secs] [Times: user=0.17 sys=0.00, real=0.05 secs] 
2019-09-25T15:15:20.395-0530: 154.238: [Full GC (Ergonomics) [PSYoungGen: 11264K->11256K(22528K)] [ParOldGen: 68404K->68404K(68608K)] 79668K->79660K(91136K), [Metaspace: 60395K->60395K(1105920K)], 0.0559227 secs] [Times: user=0.19 sys=0.00, real=0.06 secs] 
2019-09-25T15:15:20.452-0530: 154.295: [Full GC (Ergonomics) [PSYoungGen: 11264K->11257K(22528K)] [ParOldGen: 68404K->68404K(68608K)] 79668K->79661K(91136K), [Metaspace: 60395K->60395K(1105920K)], 0.0519044 secs] [Times: user=0.18 sys=0.00, real=0.05 secs] 
2019-09-25T15:15:20.505-0530: 154.348: [Full GC (Ergonomics) [PSYoungGen: 11264K->11259K(22528K)] [ParOldGen: 68404K->68404K(68608K)] 79668K->79663K(91136K), [Metaspace: 60395K->60395K(1105920K)], 0.0500081 secs] [Times: user=0.16 sys=0.00, real=0.05 secs] 
2019-09-25T15:15:20.556-0530: 154.399: [Full GC (Ergonomics) [PSYoungGen: 11264K->11259K(22528K)] [ParOldGen: 68404K->68404K(68608K)] 79668K->79663K(91136K), [Metaspace: 60395K->60395K(1105920K)], 0.0460081 secs] [Times: user=0.16 sys=0.01, real=0.05 secs] 
2019-09-25T15:15:20.604-0530: 154.446: [Full GC (Ergonomics) [PSYoungGen: 11264K->11258K(22528K)] [ParOldGen: 68404K->68403K(68608K)] 79668K->79662K(91136K), [Metaspace: 60395K->60395K(1105920K)], 0.0528208 secs] [Times: user=0.17 sys=0.00, real=0.05 secs] 
2019-09-25T15:15:20.658-0530: 154.500: [Full GC (Ergonomics) [PSYoungGen: 11264K->11255K(22528K)] [ParOldGen: 68403K->68402K(68608K)] 79667K->79658K(91136K), [Metaspace: 60395K->60395K(1105920K)], 0.0527741 secs] [Times: user=0.18 sys=0.00, real=0.06 secs] 
2019-09-25T15:15:20.712-0530: 154.554: [Full GC (Ergonomics) [PSYoungGen: 11264K->11236K(22528K)] [ParOldGen: 68402K->68401K(68608K)] 79666K->79638K(91136K), [Metaspace: 60395K->60395K(1105920K)], 0.0528890 secs] [Times: user=0.18 sys=0.00, real=0.05 secs] 
2019-09-25T15:15:20.766-0530: 154.609: [Full GC (Ergonomics) [PSYoungGen: 11264K->11242K(22528K)] [ParOldGen: 68401K->68401K(68608K)] 79665K->79643K(91136K), [Metaspace: 60395K->60395K(1105920K)], 0.0525178 secs] [Times: user=0.17 sys=0.00, real=0.05 secs] 
2019-09-25T15:15:20.820-0530: 154.662: [Full GC (Ergonomics) [PSYoungGen: 11264K->11243K(22528K)] [ParOldGen: 68401K->68401K(68608K)] 79665K->79644K(91136K), [Metaspace: 60395K->60395K(1105920K)], 0.0508808 secs] [Times: user=0.17 sys=0.01, real=0.05 secs] 
2019-09-25T15:15:20.872-0530: 154.715: [Full GC (Ergonomics) [PSYoungGen: 11264K->11244K(22528K)] [ParOldGen: 68401K->68401K(68608K)] 79665K->79645K(91136K), [Metaspace: 60396K->60396K(1105920K)], 0.0509934 secs] [Times: user=0.19 sys=0.00, real=0.05 secs] 
2019-09-25T15:15:20.924-0530: 154.767: [Full GC (Ergonomics) [PSYoungGen: 11264K->11245K(22528K)] [ParOldGen: 68401K->68401K(68608K)] 79665K->79646K(91136K), [Metaspace: 60396K->60396K(1105920K)], 0.0558462 secs] [Times: user=0.17 sys=0.00, real=0.06 secs] 
2019-09-25T15:15:20.981-0530: 154.824: [Full GC (Ergonomics) [PSYoungGen: 11264K->11245K(22528K)] [ParOldGen: 68401K->68400K(68608K)] 79665K->79646K(91136K), [Metaspace: 60397K->60397K(1105920K)], 0.0610800 secs] [Times: user=0.23 sys=0.00, real=0.06 secs] 
2019-09-25T15:15:21.043-0530: 154.886: [Full GC (Ergonomics) [PSYoungGen: 11264K->11246K(22528K)] [ParOldGen: 68400K->68400K(68608K)] 79664K->79647K(91136K), [Metaspace: 60397K->60397K(1105920K)], 0.0616362 secs] [Times: user=0.21 sys=0.01, real=0.06 secs] 
2019-09-25T15:15:21.107-0530: 154.949: [Full GC (Ergonomics) [PSYoungGen: 11264K->11245K(22528K)] [ParOldGen: 68400K->68396K(68608K)] 79664K->79641K(91136K), [Metaspace: 60398K->60398K(1105920K)], 0.0587274 secs] [Times: user=0.20 sys=0.00, real=0.06 secs] 
2019-09-25T15:15:21.167-0530: 155.009: [Full GC (Ergonomics) [PSYoungGen: 11264K->11245K(22528K)] [ParOldGen: 68396K->68396K(68608K)] 79660K->79641K(91136K), [Metaspace: 60404K->60404K(1105920K)], 0.0511230 secs] [Times: user=0.17 sys=0.00, real=0.05 secs] 
2019-09-25T15:15:21.219-0530: 155.062: [Full GC (Ergonomics) [PSYoungGen: 11264K->11244K(22528K)] [ParOldGen: 68396K->68396K(68608K)] 79660K->79641K(91136K), [Metaspace: 60404K->60404K(1105920K)], 0.0561926 secs] [Times: user=0.18 sys=0.00, real=0.06 secs] 
2019-09-25T15:15:21.276-0530: 155.119: [Full GC (Ergonomics) [PSYoungGen: 11264K->11226K(22528K)] [ParOldGen: 68396K->68396K(68608K)] 79660K->79623K(91136K), [Metaspace: 60404K->60404K(1105920K)], 0.0598898 secs] [Times: user=0.18 sys=0.00, real=0.06 secs] 
2019-09-25T15:15:21.338-0530: 155.181: [Full GC (Ergonomics) [PSYoungGen: 11264K->11233K(22528K)] [ParOldGen: 68396K->68396K(68608K)] 79660K->79629K(91136K), [Metaspace: 60404K->60404K(1105920K)], 0.0555895 secs] [Times: user=0.19 sys=0.00, real=0.06 secs] 
2019-09-25T15:15:21.395-0530: 155.238: [Full GC (Ergonomics) [PSYoungGen: 11264K->11251K(22528K)] [ParOldGen: 68396K->68390K(68608K)] 79660K->79641K(91136K), [Metaspace: 60404K->60404K(1105920K)], 0.0816795 secs] [Times: user=0.34 sys=0.00, real=0.08 secs] 
2019-09-25T15:15:21.478-0530: 155.321: [Full GC (Ergonomics) [PSYoungGen: 11264K->11252K(22528K)] [ParOldGen: 68390K->68389K(68608K)] 79654K->79641K(91136K), [Metaspace: 60404K->60404K(1105920K)], 0.0588366 secs] [Times: user=0.23 sys=0.00, real=0.06 secs] 
2019-09-25T15:15:21.538-0530: 155.381: [Full GC (Ergonomics) [PSYoungGen: 11264K->11254K(22528K)] [ParOldGen: 68389K->68384K(68608K)] 79653K->79639K(91136K), [Metaspace: 60404K->60404K(1105920K)], 0.0624696 secs] [Times: user=0.22 sys=0.01, real=0.07 secs] 
2019-09-25T15:15:21.602-0530: 155.445: [Full GC (Ergonomics) [PSYoungGen: 11264K->11251K(22528K)] [ParOldGen: 68384K->68384K(68608K)] 79648K->79635K(91136K), [Metaspace: 60404K->60404K(1105920K)], 0.0535854 secs] [Times: user=0.20 sys=0.00, real=0.05 secs] 
2019-09-25T15:15:21.657-0530: 155.499: [Full GC (Ergonomics) [PSYoungGen: 11259K->11259K(22528K)] [ParOldGen: 68384K->68384K(68608K)] 79643K->79643K(91136K), [Metaspace: 60404K->60404K(1105920K)], 0.0524307 secs] [Times: user=0.17 sys=0.00, real=0.05 secs] 
2019-09-25T15:15:21.710-0530: 155.553: [Full GC (Ergonomics) [PSYoungGen: 11263K->11259K(22528K)] [ParOldGen: 68434K->68432K(68608K)] 79698K->79692K(91136K), [Metaspace: 60404K->60404K(1105920K)], 0.0520736 secs] [Times: user=0.19 sys=0.00, real=0.05 secs] 
2019-09-25T15:15:21.764-0530: 155.606: [Full GC (Ergonomics) [PSYoungGen: 11264K->11262K(22528K)] [ParOldGen: 68432K->68432K(68608K)] 79696K->79694K(91136K), [Metaspace: 60404K->60404K(1105920K)], 0.0509949 secs] [Times: user=0.17 sys=0.01, real=0.05 secs] 
2019-09-25T15:15:21.816-0530: 155.659: [Full GC (Ergonomics) [PSYoungGen: 11264K->11262K(22528K)] [ParOldGen: 68432K->68432K(68608K)] 79696K->79694K(91136K), [Metaspace: 60404K->60404K(1105920K)], 0.0512796 secs] [Times: user=0.17 sys=0.00, real=0.05 secs] 
2019-09-25T15:15:21.868-0530: 155.711: [Full GC (Ergonomics) [PSYoungGen: 11264K->11258K(22528K)] [ParOldGen: 68432K->68432K(68608K)] 79696K->79690K(91136K), [Metaspace: 60404K->60404K(1105920K)], 0.0521627 secs] [Times: user=0.17 sys=0.00, real=0.06 secs] 
2019-09-25T15:15:21.922-0530: 155.764: [Full GC (Ergonomics) [PSYoungGen: 11264K->11259K(22528K)] [ParOldGen: 68432K->68432K(68608K)] 79696K->79691K(91136K), [Metaspace: 60404K->60404K(1105920K)], 0.0572229 secs] [Times: user=0.19 sys=0.00, real=0.05 secs] 
2019-09-25T15:15:21.980-0530: 155.823: [Full GC (Ergonomics) [PSYoungGen: 11264K->11258K(22528K)] [ParOldGen: 68432K->68432K(68608K)] 79696K->79690K(91136K), [Metaspace: 60404K->60404K(1105920K)], 0.0608366 secs] [Times: user=0.18 sys=0.00, real=0.06 secs] 
2019-09-25T15:15:22.042-0530: 155.885: [Full GC (Ergonomics) [PSYoungGen: 11264K->11261K(22528K)] [ParOldGen: 68432K->68432K(68608K)] 79696K->79693K(91136K), [Metaspace: 60404K->60404K(1105920K)], 0.0505368 secs] [Times: user=0.17 sys=0.01, real=0.05 secs] 
2019-09-25T15:15:22.094-0530: 155.937: [Full GC (Ergonomics) [PSYoungGen: 11264K->11262K(22528K)] [ParOldGen: 68432K->68432K(68608K)] 79696K->79694K(91136K), [Metaspace: 60404K->60404K(1105920K)], 0.0537397 secs] [Times: user=0.17 sys=0.00, real=0.05 secs] 
2019-09-25T15:15:22.149-0530: 155.992: [Full GC (Ergonomics) [PSYoungGen: 11264K->11255K(22528K)] [ParOldGen: 68442K->68418K(68608K)] 79706K->79673K(91136K), [Metaspace: 60404K->60404K(1105920K)], 0.0552722 secs] [Times: user=0.21 sys=0.00, real=0.06 secs] 
2019-09-25T15:15:22.206-0530: 156.049: [Full GC (Ergonomics) [PSYoungGen: 11264K->11255K(22528K)] [ParOldGen: 68418K->68417K(68608K)] 79682K->79673K(91136K), [Metaspace: 60404K->60404K(1105920K)], 0.0572482 secs] [Times: user=0.19 sys=0.00, real=0.06 secs] 
2019-09-25T15:15:22.264-0530: 156.107: [Full GC (Ergonomics) [PSYoungGen: 11263K->11263K(22528K)] [ParOldGen: 68417K->68417K(68608K)] 79681K->79681K(91136K), [Metaspace: 60404K->60404K(1105920K)], 0.0553326 secs] [Times: user=0.17 sys=0.01, real=0.06 secs] 
2019-09-25T15:15:22.321-0530: 156.164: [Full GC (Ergonomics) [PSYoungGen: 11263K->11263K(22528K)] [ParOldGen: 68417K->68417K(68608K)] 79681K->79681K(91136K), [Metaspace: 60404K->60404K(1105920K)], 0.0542224 secs] [Times: user=0.18 sys=0.00, real=0.05 secs] 
2019-09-25T15:15:22.376-0530: 156.219: [Full GC (Ergonomics) [PSYoungGen: 11263K->11263K(22528K)] [ParOldGen: 68420K->68417K(68608K)] 79684K->79680K(91136K), [Metaspace: 60404K->60404K(1105920K)], 0.0565606 secs] [Times: user=0.17 sys=0.00, real=0.06 secs] 
2019-09-25T15:15:22.434-0530: 156.277: [Full GC (Ergonomics) [PSYoungGen: 11264K->11263K(22528K)] [ParOldGen: 68417K->68417K(68608K)] 79681K->79681K(91136K), [Metaspace: 60404K->60404K(1105920K)], 0.0561579 secs] [Times: user=0.18 sys=0.00, real=0.06 secs] 
2019-09-25T15:15:22.492-0530: 156.334: [Full GC (Ergonomics) [PSYoungGen: 11264K->11263K(22528K)] [ParOldGen: 68417K->68417K(68608K)] 79681K->79681K(91136K), [Metaspace: 60404K->60404K(1105920K)], 0.0518613 secs] [Times: user=0.17 sys=0.00, real=0.05 secs] 
2019-09-25T15:15:22.545-0530: 156.388: [Full GC (Ergonomics) [PSYoungGen: 11264K->11263K(22528K)] [ParOldGen: 68417K->68417K(68608K)] 79681K->79681K(91136K), [Metaspace: 60404K->60404K(1105920K)], 0.0536919 secs] [Times: user=0.18 sys=0.00, real=0.05 secs] 
2019-09-25T15:15:22.600-0530: 156.442: [Full GC (Ergonomics) [PSYoungGen: 11264K->11263K(22528K)] [ParOldGen: 68417K->68417K(68608K)] 79681K->79681K(91136K), [Metaspace: 60404K->60404K(1105920K)], 0.0560551 secs] [Times: user=0.17 sys=0.00, real=0.05 secs] 
2019-09-25T15:15:22.657-0530: 156.500: [Full GC (Ergonomics) [PSYoungGen: 11263K->11261K(22528K)] [ParOldGen: 68421K->68419K(68608K)] 79685K->79681K(91136K), [Metaspace: 60404K->60404K(1105920K)], 0.0529683 secs] [Times: user=0.18 sys=0.00, real=0.06 secs] 
2019-09-25T15:15:22.711-0530: 156.554: [Full GC (Ergonomics) [PSYoungGen: 11264K->11261K(22528K)] [ParOldGen: 68419K->68419K(68608K)] 79683K->79681K(91136K), [Metaspace: 60404K->60404K(1105920K)], 0.0520779 secs] [Times: user=0.17 sys=0.00, real=0.05 secs] 
2019-09-25T15:15:22.765-0530: 156.607: [Full GC (Ergonomics) [PSYoungGen: 11263K->11262K(22528K)] [ParOldGen: 68419K->68419K(68608K)] 79683K->79682K(91136K), [Metaspace: 60404K->60404K(1105920K)], 0.0516711 secs] [Times: user=0.17 sys=0.01, real=0.05 secs] 
2019-09-25T15:15:22.817-0530: 156.660: [Full GC (Ergonomics) [PSYoungGen: 11264K->11262K(22528K)] [ParOldGen: 68419K->68419K(68608K)] 79683K->79682K(91136K), [Metaspace: 60404K->60404K(1105920K)], 0.0544335 secs] [Times: user=0.17 sys=0.00, real=0.06 secs] 
2019-09-25T15:15:22.873-0530: 156.716: [Full GC (Ergonomics) [PSYoungGen: 11264K->11262K(22528K)] [ParOldGen: 68419K->68419K(68608K)] 79683K->79682K(91136K), [Metaspace: 60404K->60404K(1105920K)], 0.0595899 secs] [Times: user=0.18 sys=0.00, real=0.06 secs] 
2019-09-25T15:15:22.934-0530: 156.777: [Full GC (Ergonomics) [PSYoungGen: 11264K->11262K(22528K)] [ParOldGen: 68419K->68419K(68608K)] 79683K->79682K(91136K), [Metaspace: 60404K->60404K(1105920K)], 0.0566232 secs] [Times: user=0.18 sys=0.00, real=0.06 secs] 
2019-09-25T15:15:22.992-0530: 156.834: [Full GC (Ergonomics) [PSYoungGen: 11264K->11262K(22528K)] [ParOldGen: 68419K->68419K(68608K)] 79683K->79682K(91136K), [Metaspace: 60404K->60404K(1105920K)], 0.0541783 secs] [Times: user=0.19 sys=0.00, real=0.05 secs] 
2019-09-25T15:15:23.047-0530: 156.890: [Full GC (Ergonomics) [PSYoungGen: 11264K->11263K(22528K)] [ParOldGen: 68419K->68419K(68608K)] 79683K->79683K(91136K), [Metaspace: 60404K->60404K(1105920K)], 0.0538677 secs] [Times: user=0.18 sys=0.01, real=0.06 secs] 
2019-09-25T15:15:23.102-0530: 156.945: [Full GC (Ergonomics) [PSYoungGen: 11264K->11263K(22528K)] [ParOldGen: 68419K->68419K(68608K)] 79683K->79683K(91136K), [Metaspace: 60404K->60404K(1105920K)], 0.0532837 secs] [Times: user=0.17 sys=0.00, real=0.05 secs] 
2019-09-25T15:15:23.157-0530: 156.999: [Full GC (Ergonomics) [PSYoungGen: 11264K->11262K(22528K)] [ParOldGen: 68419K->68419K(68608K)] 79683K->79682K(91136K), [Metaspace: 60404K->60404K(1105920K)], 0.0509374 secs] [Times: user=0.17 sys=0.00, real=0.05 secs] 
2019-09-25T15:15:23.209-0530: 157.051: [Full GC (Ergonomics) [PSYoungGen: 11264K->11262K(22528K)] [ParOldGen: 68419K->68419K(68608K)] 79683K->79682K(91136K), [Metaspace: 60407K->60407K(1105920K)], 0.0505550 secs] [Times: user=0.17 sys=0.00, real=0.05 secs] 
2019-09-25T15:15:23.260-0530: 157.103: [Full GC (Ergonomics) [PSYoungGen: 11264K->11263K(22528K)] [ParOldGen: 68419K->68419K(68608K)] 79683K->79682K(91136K), [Metaspace: 60407K->60407K(1105920K)], 0.0524933 secs] [Times: user=0.17 sys=0.00, real=0.05 secs] 
2019-09-25T15:15:23.314-0530: 157.157: [Full GC (Ergonomics) [PSYoungGen: 11264K->11262K(22528K)] [ParOldGen: 68419K->68419K(68608K)] 79683K->79681K(91136K), [Metaspace: 60407K->60407K(1105920K)], 0.0544287 secs] [Times: user=0.19 sys=0.01, real=0.05 secs] 
2019-09-25T15:15:23.369-0530: 157.212: [Full GC (Ergonomics) [PSYoungGen: 11264K->11262K(22528K)] [ParOldGen: 68419K->68419K(68608K)] 79683K->79681K(91136K), [Metaspace: 60407K->60407K(1105920K)], 0.0591131 secs] [Times: user=0.20 sys=0.00, real=0.06 secs] 
2019-09-25T15:15:23.430-0530: 157.273: [Full GC (Ergonomics) [PSYoungGen: 11264K->11262K(22528K)] [ParOldGen: 68419K->68419K(68608K)] 79683K->79681K(91136K), [Metaspace: 60407K->60407K(1105920K)], 0.0597974 secs] [Times: user=0.19 sys=0.00, real=0.06 secs] 
2019-09-25T15:15:23.491-0530: 157.334: [Full GC (Ergonomics) [PSYoungGen: 11264K->11262K(22528K)] [ParOldGen: 68419K->68419K(68608K)] 79683K->79681K(91136K), [Metaspace: 60407K->60407K(1105920K)], 0.0527502 secs] [Times: user=0.17 sys=0.00, real=0.05 secs] 
2019-09-25T15:15:23.545-0530: 157.387: [Full GC (Ergonomics) [PSYoungGen: 11264K->11260K(22528K)] [ParOldGen: 68419K->68419K(68608K)] 79683K->79680K(91136K), [Metaspace: 60407K->60407K(1105920K)], 0.0513733 secs] [Times: user=0.17 sys=0.01, real=0.05 secs] 
2019-09-25T15:15:23.597-0530: 157.440: [Full GC (Ergonomics) [PSYoungGen: 11264K->11261K(22528K)] [ParOldGen: 68419K->68419K(68608K)] 79683K->79680K(91136K), [Metaspace: 60407K->60407K(1105920K)], 0.0531562 secs] [Times: user=0.17 sys=0.00, real=0.06 secs] 
2019-09-25T15:15:23.652-0530: 157.494: [Full GC (Ergonomics) [PSYoungGen: 11264K->11261K(22528K)] [ParOldGen: 68419K->68419K(68608K)] 79683K->79680K(91136K), [Metaspace: 60407K->60407K(1105920K)], 0.0559729 secs] [Times: user=0.17 sys=0.00, real=0.05 secs] 
2019-09-25T15:15:23.709-0530: 157.552: [Full GC (Ergonomics) [PSYoungGen: 11264K->11261K(22528K)] [ParOldGen: 68419K->68419K(68608K)] 79683K->79680K(91136K), [Metaspace: 60407K->60407K(1105920K)], 0.0533404 secs] [Times: user=0.17 sys=0.00, real=0.06 secs] 
2019-09-25T15:15:23.764-0530: 157.606: [Full GC (Ergonomics) [PSYoungGen: 11264K->11262K(22528K)] [ParOldGen: 68419K->68418K(68608K)] 79683K->79681K(91136K), [Metaspace: 60407K->60407K(1105920K)], 0.0550743 secs] [Times: user=0.18 sys=0.00, real=0.05 secs] 
2019-09-25T15:15:23.820-0530: 157.663: [Full GC (Ergonomics) [PSYoungGen: 11264K->11262K(22528K)] [ParOldGen: 68418K->68418K(68608K)] 79682K->79681K(91136K), [Metaspace: 60407K->60407K(1105920K)], 0.0595883 secs] [Times: user=0.19 sys=0.01, real=0.06 secs] 
2019-09-25T15:15:23.881-0530: 157.724: [Full GC (Ergonomics) [PSYoungGen: 11264K->11263K(22528K)] [ParOldGen: 68418K->68418K(68608K)] 79682K->79682K(91136K), [Metaspace: 60407K->60407K(1105920K)], 0.0573064 secs] [Times: user=0.19 sys=0.00, real=0.05 secs] 
2019-09-25T15:15:23.940-0530: 157.783: [Full GC (Ergonomics) [PSYoungGen: 11264K->11263K(22528K)] [ParOldGen: 68418K->68418K(68608K)] 79682K->79682K(91136K), [Metaspace: 60407K->60407K(1105920K)], 0.0534875 secs] [Times: user=0.18 sys=0.00, real=0.05 secs] 
2019-09-25T15:15:23.994-0530: 157.837: [Full GC (Ergonomics) [PSYoungGen: 11264K->11263K(22528K)] [ParOldGen: 68418K->68418K(68608K)] 79682K->79682K(91136K), [Metaspace: 60407K->60407K(1105920K)], 0.0530723 secs] [Times: user=0.18 sys=0.00, real=0.05 secs] 
2019-09-25T15:15:24.049-0530: 157.891: [Full GC (Ergonomics) [PSYoungGen: 11264K->11263K(22528K)] [ParOldGen: 68418K->68418K(68608K)] 79682K->79682K(91136K), [Metaspace: 60407K->60407K(1105920K)], 0.0527549 secs] [Times: user=0.17 sys=0.00, real=0.06 secs] 
2019-09-25T15:15:24.102-0530: 157.945: [Full GC (Ergonomics) [PSYoungGen: 11264K->11262K(22528K)] [ParOldGen: 68418K->68418K(68608K)] 79682K->79681K(91136K), [Metaspace: 60407K->60407K(1105920K)], 0.0554167 secs] [Times: user=0.17 sys=0.01, real=0.05 secs] 
2019-09-25T15:15:24.159-0530: 158.002: [Full GC (Ergonomics) [PSYoungGen: 11264K->11258K(22528K)] [ParOldGen: 68418K->68418K(68608K)] 79682K->79677K(91136K), [Metaspace: 60407K->60407K(1105920K)], 0.0538187 secs] [Times: user=0.18 sys=0.00, real=0.06 secs] 
2019-09-25T15:15:24.214-0530: 158.057: [Full GC (Ergonomics) [PSYoungGen: 11264K->11260K(22528K)] [ParOldGen: 68418K->68418K(68608K)] 79682K->79679K(91136K), [Metaspace: 60407K->60407K(1105920K)], 0.0554986 secs] [Times: user=0.18 sys=0.00, real=0.06 secs] 
2019-09-25T15:15:24.271-0530: 158.114: [Full GC (Ergonomics) [PSYoungGen: 11264K->11259K(22528K)] [ParOldGen: 68418K->68418K(68608K)] 79682K->79678K(91136K), [Metaspace: 60407K->60407K(1105920K)], 0.0584771 secs] [Times: user=0.19 sys=0.00, real=0.05 secs] 
2019-09-25T15:15:24.331-0530: 158.173: [Full GC (Ergonomics) [PSYoungGen: 11264K->11262K(22528K)] [ParOldGen: 68418K->68418K(68608K)] 79682K->79681K(91136K), [Metaspace: 60407K->60407K(1105920K)], 0.0582319 secs] [Times: user=0.19 sys=0.01, real=0.05 secs] 
2019-09-25T15:15:24.390-0530: 158.233: [Full GC (Ergonomics) [PSYoungGen: 11264K->11263K(22528K)] [ParOldGen: 68418K->68418K(68608K)] 79682K->79682K(91136K), [Metaspace: 60407K->60407K(1105920K)], 0.0590669 secs] [Times: user=0.21 sys=0.00, real=0.05 secs] 
2019-09-25T15:15:24.450-0530: 158.293: [Full GC (Ergonomics) [PSYoungGen: 11264K->11263K(22528K)] [ParOldGen: 68418K->68418K(68608K)] 79682K->79682K(91136K), [Metaspace: 60407K->60407K(1105920K)], 0.0570375 secs] [Times: user=0.18 sys=0.00, real=0.05 secs] 
2019-09-25T15:15:24.509-0530: 158.352: [Full GC (Ergonomics) [PSYoungGen: 11264K->11263K(22528K)] [ParOldGen: 68418K->68418K(68608K)] 79682K->79682K(91136K), [Metaspace: 60407K->60407K(1105920K)], 0.0557453 secs] [Times: user=0.18 sys=0.00, real=0.06 secs] 
2019-09-25T15:15:24.566-0530: 158.409: [Full GC (Ergonomics) [PSYoungGen: 11263K->11263K(22528K)] [ParOldGen: 68418K->68418K(68608K)] 79682K->79682K(91136K), [Metaspace: 60407K->60407K(1105920K)], 0.0524868 secs] [Times: user=0.17 sys=0.01, real=0.05 secs] 
2019-09-25T15:15:24.620-0530: 158.463: [Full GC (Ergonomics) [PSYoungGen: 11264K->11263K(22528K)] [ParOldGen: 68422K->68420K(68608K)] 79686K->79684K(91136K), [Metaspace: 60407K->60407K(1105920K)], 0.0569390 secs] [Times: user=0.19 sys=0.00, real=0.05 secs] 
2019-09-25T15:15:24.678-0530: 158.521: [Full GC (Ergonomics) [PSYoungGen: 11264K->11263K(22528K)] [ParOldGen: 68420K->68420K(68608K)] 79684K->79684K(91136K), [Metaspace: 60407K->60407K(1105920K)], 0.0588283 secs] [Times: user=0.19 sys=0.00, real=0.06 secs] 
2019-09-25T15:15:24.738-0530: 158.581: [Full GC (Ergonomics) [PSYoungGen: 11264K->11261K(22528K)] [ParOldGen: 68425K->68424K(68608K)] 79689K->79686K(91136K), [Metaspace: 60407K->60407K(1105920K)], 0.0592304 secs] [Times: user=0.21 sys=0.00, real=0.06 secs] 
2019-09-25T15:15:24.799-0530: 158.642: [Full GC (Ergonomics) [PSYoungGen: 11264K->11262K(22528K)] [ParOldGen: 68424K->68424K(68608K)] 79688K->79686K(91136K), [Metaspace: 60407K->60407K(1105920K)], 0.0561397 secs] [Times: user=0.17 sys=0.01, real=0.06 secs] 
2019-09-25T15:15:24.856-0530: 158.699: [Full GC (Ergonomics) [PSYoungGen: 11264K->11262K(22528K)] [ParOldGen: 68424K->68424K(68608K)] 79688K->79686K(91136K), [Metaspace: 60407K->60407K(1105920K)], 0.0533942 secs] [Times: user=0.17 sys=0.00, real=0.06 secs] 
2019-09-25T15:15:24.911-0530: 158.754: [Full GC (Ergonomics) [PSYoungGen: 11264K->11262K(22528K)] [ParOldGen: 68424K->68423K(68608K)] 79688K->79686K(91136K), [Metaspace: 60407K->60407K(1105920K)], 0.0531561 secs] [Times: user=0.18 sys=0.00, real=0.05 secs] 
2019-09-25T15:15:24.965-0530: 158.808: [Full GC (Ergonomics) [PSYoungGen: 11264K->11262K(22528K)] [ParOldGen: 68423K->68423K(68608K)] 79687K->79686K(91136K), [Metaspace: 60407K->60407K(1105920K)], 0.0560993 secs] [Times: user=0.18 sys=0.00, real=0.06 secs] 
2019-09-25T15:15:25.022-0530: 158.865: [Full GC (Ergonomics) [PSYoungGen: 11264K->11262K(22528K)] [ParOldGen: 68423K->68423K(68608K)] 79687K->79685K(91136K), [Metaspace: 60407K->60407K(1105920K)], 0.0613066 secs] [Times: user=0.20 sys=0.01, real=0.06 secs] 
2019-09-25T15:15:25.085-0530: 158.928: [Full GC (Ergonomics) [PSYoungGen: 11264K->11261K(22528K)] [ParOldGen: 68447K->68439K(68608K)] 79711K->79701K(91136K), [Metaspace: 60408K->60408K(1105920K)], 0.0570459 secs] [Times: user=0.18 sys=0.00, real=0.06 secs] 
2019-09-25T15:15:25.143-0530: 158.986: [Full GC (Ergonomics) [PSYoungGen: 11264K->11261K(22528K)] [ParOldGen: 68439K->68439K(68608K)] 79703K->79701K(91136K), [Metaspace: 60408K->60408K(1105920K)], 0.0553903 secs] [Times: user=0.19 sys=0.00, real=0.05 secs] 
2019-09-25T15:15:25.200-0530: 159.043: [Full GC (Ergonomics) [PSYoungGen: 11264K->11262K(22528K)] [ParOldGen: 68439K->68439K(68608K)] 79703K->79702K(91136K), [Metaspace: 60408K->60408K(1105920K)], 0.0552146 secs] [Times: user=0.16 sys=0.00, real=0.05 secs] 
2019-09-25T15:15:25.256-0530: 159.099: [Full GC (Ergonomics) [PSYoungGen: 11264K->11262K(22528K)] [ParOldGen: 68439K->68439K(68608K)] 79703K->79702K(91136K), [Metaspace: 60408K->60408K(1105920K)], 0.0544043 secs] [Times: user=0.17 sys=0.00, real=0.06 secs] 
2019-09-25T15:15:25.312-0530: 159.155: [Full GC (Ergonomics) [PSYoungGen: 11264K->11262K(22528K)] [ParOldGen: 68439K->68438K(68608K)] 79703K->79701K(91136K), [Metaspace: 60408K->60408K(1105920K)], 0.0550436 secs] [Times: user=0.18 sys=0.01, real=0.05 secs] 
2019-09-25T15:15:25.368-0530: 159.211: [Full GC (Ergonomics) [PSYoungGen: 11264K->11262K(22528K)] [ParOldGen: 68438K->68438K(68608K)] 79702K->79701K(91136K), [Metaspace: 60408K->60408K(1105920K)], 0.0545169 secs] [Times: user=0.16 sys=0.00, real=0.06 secs] 
2019-09-25T15:15:25.424-0530: 159.267: [Full GC (Ergonomics) [PSYoungGen: 11264K->11262K(22528K)] [ParOldGen: 68438K->68438K(68608K)] 79702K->79701K(91136K), [Metaspace: 60408K->60408K(1105920K)], 0.0636681 secs] [Times: user=0.17 sys=0.00, real=0.06 secs] 
2019-09-25T15:15:25.489-0530: 159.332: [Full GC (Ergonomics) [PSYoungGen: 11264K->11263K(22528K)] [ParOldGen: 68438K->68438K(68608K)] 79702K->79702K(91136K), [Metaspace: 60408K->60408K(1105920K)], 0.0544435 secs] [Times: user=0.18 sys=0.00, real=0.06 secs] 
2019-09-25T15:15:25.545-0530: 159.388: [Full GC (Ergonomics) [PSYoungGen: 11264K->11263K(22528K)] [ParOldGen: 68438K->68438K(68608K)] 79702K->79702K(91136K), [Metaspace: 60408K->60408K(1105920K)], 0.0552778 secs] [Times: user=0.17 sys=0.00, real=0.06 secs] 
2019-09-25T15:15:25.601-0530: 159.444: [Full GC (Ergonomics) [PSYoungGen: 11264K->11263K(22528K)] [ParOldGen: 68438K->68438K(68608K)] 79702K->79701K(91136K), [Metaspace: 60408K->60408K(1105920K)], 0.0538540 secs] [Times: user=0.17 sys=0.01, real=0.05 secs] 
2019-09-25T15:15:25.656-0530: 159.499: [Full GC (Ergonomics) [PSYoungGen: 11264K->11263K(22528K)] [ParOldGen: 68438K->68438K(68608K)] 79702K->79702K(91136K), [Metaspace: 60408K->60408K(1105920K)], 0.0541992 secs] [Times: user=0.19 sys=0.00, real=0.06 secs] 
2019-09-25T15:15:25.711-0530: 159.554: [Full GC (Ergonomics) [PSYoungGen: 11264K->11263K(22528K)] [ParOldGen: 68438K->68438K(68608K)] 79702K->79702K(91136K), [Metaspace: 60408K->60408K(1105920K)], 0.0559452 secs] [Times: user=0.17 sys=0.00, real=0.05 secs] 
2019-09-25T15:15:25.768-0530: 159.611: [Full GC (Ergonomics) [PSYoungGen: 11263K->11263K(22528K)] [ParOldGen: 68438K->68438K(68608K)] 79702K->79702K(91136K), [Metaspace: 60408K->60408K(1105920K)], 0.0511000 secs] [Times: user=0.16 sys=0.00, real=0.06 secs] 
2019-09-25T15:15:25.821-0530: 159.664: [Full GC (Ergonomics) [PSYoungGen: 11263K->11263K(22528K)] [ParOldGen: 68438K->68438K(68608K)] 79702K->79702K(91136K), [Metaspace: 60408K->60408K(1105920K)], 0.0509581 secs] [Times: user=0.17 sys=0.00, real=0.05 secs] 
2019-09-25T15:15:25.873-0530: 159.716: [Full GC (Ergonomics) [PSYoungGen: 11264K->11263K(22528K)] [ParOldGen: 68438K->68438K(68608K)] 79702K->79702K(91136K), [Metaspace: 60408K->60408K(1105920K)], 0.0570319 secs] [Times: user=0.17 sys=0.01, real=0.06 secs] 
2019-09-25T15:15:25.931-0530: 159.774: [Full GC (Ergonomics) [PSYoungGen: 11264K->11263K(22528K)] [ParOldGen: 68446K->68440K(68608K)] 79710K->79704K(91136K), [Metaspace: 60408K->60408K(1105920K)], 0.0570058 secs] [Times: user=0.19 sys=0.00, real=0.05 secs] 
2019-09-25T15:15:25.990-0530: 159.832: [Full GC (Ergonomics) [PSYoungGen: 11264K->11263K(22528K)] [ParOldGen: 68440K->68440K(68608K)] 79704K->79703K(91136K), [Metaspace: 60408K->60408K(1105920K)], 0.0510034 secs] [Times: user=0.17 sys=0.00, real=0.05 secs] 
2019-09-25T15:15:26.042-0530: 159.885: [Full GC (Ergonomics) [PSYoungGen: 11264K->11263K(22528K)] [ParOldGen: 68440K->68440K(68608K)] 79704K->79704K(91136K), [Metaspace: 60408K->60408K(1105920K)], 0.0534365 secs] [Times: user=0.17 sys=0.00, real=0.05 secs] 
2019-09-25T15:15:26.096-0530: 159.939: [Full GC (Ergonomics) [PSYoungGen: 11264K->11263K(22528K)] [ParOldGen: 68440K->68440K(68608K)] 79704K->79704K(91136K), [Metaspace: 60408K->60408K(1105920K)], 0.0528748 secs] [Times: user=0.17 sys=0.00, real=0.05 secs] 
2019-09-25T15:15:26.150-0530: 159.993: [Full GC (Ergonomics) [PSYoungGen: 11264K->11263K(22528K)] [ParOldGen: 68440K->68440K(68608K)] 79704K->79704K(91136K), [Metaspace: 60408K->60408K(1105920K)], 0.0535195 secs] [Times: user=0.17 sys=0.01, real=0.05 secs] 
2019-09-25T15:15:26.205-0530: 160.048: [Full GC (Ergonomics) [PSYoungGen: 11264K->11263K(22528K)] [ParOldGen: 68440K->68440K(68608K)] 79704K->79704K(91136K), [Metaspace: 60408K->60408K(1105920K)], 0.0514116 secs] [Times: user=0.17 sys=0.00, real=0.05 secs] 
2019-09-25T15:15:26.258-0530: 160.100: [Full GC (Ergonomics) [PSYoungGen: 11264K->11263K(22528K)] [ParOldGen: 68440K->68440K(68608K)] 79704K->79704K(91136K), [Metaspace: 60408K->60408K(1105920K)], 0.0528126 secs] [Times: user=0.17 sys=0.00, real=0.06 secs] 
2019-09-25T15:15:26.312-0530: 160.155: [Full GC (Ergonomics) [PSYoungGen: 11264K->11263K(22528K)] [ParOldGen: 68444K->68442K(68608K)] 79708K->79705K(91136K), [Metaspace: 60408K->60408K(1105920K)], 0.0524667 secs] [Times: user=0.16 sys=0.00, real=0.05 secs] 
2019-09-25T15:15:26.365-0530: 160.208: [Full GC (Ergonomics) [PSYoungGen: 11264K->11263K(22528K)] [ParOldGen: 68442K->68442K(68608K)] 79706K->79705K(91136K), [Metaspace: 60408K->60408K(1105920K)], 0.0558264 secs] [Times: user=0.18 sys=0.00, real=0.06 secs] 
2019-09-25T15:15:26.423-0530: 160.265: [Full GC (Ergonomics) [PSYoungGen: 11264K->11263K(22528K)] [ParOldGen: 68442K->68442K(68608K)] 79706K->79706K(91136K), [Metaspace: 60417K->60417K(1105920K)], 0.0532079 secs] [Times: user=0.19 sys=0.01, real=0.05 secs] 
2019-09-25T15:15:26.477-0530: 160.320: [Full GC (Ergonomics) [PSYoungGen: 11264K->11263K(22528K)] [ParOldGen: 68442K->68442K(68608K)] 79706K->79706K(91136K), [Metaspace: 60417K->60417K(1105920K)], 0.0524224 secs] [Times: user=0.16 sys=0.00, real=0.05 secs] 
2019-09-25T15:15:26.531-0530: 160.373: [Full GC (Ergonomics) [PSYoungGen: 11264K->11263K(22528K)] [ParOldGen: 68442K->68442K(68608K)] 79706K->79706K(91136K), [Metaspace: 60417K->60417K(1105920K)], 0.0572404 secs] [Times: user=0.18 sys=0.00, real=0.05 secs] 
2019-09-25T15:15:26.589-0530: 160.432: [Full GC (Ergonomics) [PSYoungGen: 11264K->11263K(22528K)] [ParOldGen: 68442K->68442K(68608K)] 79706K->79706K(91136K), [Metaspace: 60417K->60417K(1105920K)], 0.0545682 secs] [Times: user=0.18 sys=0.00, real=0.06 secs] 
2019-09-25T15:15:26.645-0530: 160.488: [Full GC (Ergonomics) [PSYoungGen: 11263K->11263K(22528K)] [ParOldGen: 68442K->68442K(68608K)] 79706K->79706K(91136K), [Metaspace: 60417K->60417K(1105920K)], 0.0514000 secs] [Times: user=0.17 sys=0.00, real=0.05 secs] 
2019-09-25T15:15:26.697-0530: 160.540: [Full GC (Ergonomics) [PSYoungGen: 11264K->11263K(22528K)] [ParOldGen: 68442K->68442K(68608K)] 79706K->79706K(91136K), [Metaspace: 60417K->60417K(1105920K)], 0.0515541 secs] [Times: user=0.17 sys=0.01, real=0.05 secs] 
2019-09-25T15:15:26.750-0530: 160.593: [Full GC (Ergonomics) [PSYoungGen: 11263K->11263K(22528K)] [ParOldGen: 68442K->68442K(68608K)] 79706K->79706K(91136K), [Metaspace: 60417K->60417K(1105920K)], 0.0501275 secs] [Times: user=0.18 sys=0.00, real=0.05 secs] 
2019-09-25T15:15:26.802-0530: 160.644: [Full GC (Ergonomics) [PSYoungGen: 11264K->11263K(22528K)] [ParOldGen: 68446K->68443K(68608K)] 79710K->79706K(91136K), [Metaspace: 60417K->60417K(1105920K)], 0.0513821 secs] [Times: user=0.18 sys=0.00, real=0.05 secs] 
2019-09-25T15:15:26.854-0530: 160.697: [Full GC (Ergonomics) [PSYoungGen: 11264K->11263K(22528K)] [ParOldGen: 68443K->68443K(68608K)] 79707K->79707K(91136K), [Metaspace: 60417K->60417K(1105920K)], 0.0519995 secs] [Times: user=0.17 sys=0.00, real=0.05 secs] 
2019-09-25T15:15:26.907-0530: 160.750: [Full GC (Ergonomics) [PSYoungGen: 11264K->11263K(22528K)] [ParOldGen: 68443K->68443K(68608K)] 79707K->79707K(91136K), [Metaspace: 60417K->60417K(1105920K)], 0.0508609 secs] [Times: user=0.18 sys=0.00, real=0.05 secs] 
2019-09-25T15:15:26.959-0530: 160.802: [Full GC (Ergonomics) [PSYoungGen: 11264K->11263K(22528K)] [ParOldGen: 68443K->68443K(68608K)] 79707K->79706K(91136K), [Metaspace: 60417K->60417K(1105920K)], 0.0508094 secs] [Times: user=0.16 sys=0.01, real=0.06 secs] 
2019-09-25T15:15:27.011-0530: 160.854: [Full GC (Ergonomics) [PSYoungGen: 11264K->11263K(22528K)] [ParOldGen: 68443K->68443K(68608K)] 79707K->79707K(91136K), [Metaspace: 60417K->60417K(1105920K)], 0.0520587 secs] [Times: user=0.17 sys=0.00, real=0.05 secs] 
2019-09-25T15:15:27.064-0530: 160.907: [Full GC (Ergonomics) [PSYoungGen: 11263K->11263K(22528K)] [ParOldGen: 68443K->68443K(68608K)] 79707K->79707K(91136K), [Metaspace: 60417K->60417K(1105920K)], 0.0513195 secs] [Times: user=0.18 sys=0.00, real=0.05 secs] 
2019-09-25T15:15:27.117-0530: 160.960: [Full GC (Ergonomics) [PSYoungGen: 11263K->11263K(22528K)] [ParOldGen: 68447K->68444K(68608K)] 79711K->79708K(91136K), [Metaspace: 60417K->60417K(1105920K)], 0.0595072 secs] [Times: user=0.17 sys=0.00, real=0.06 secs] 
2019-09-25T15:15:27.178-0530: 161.021: [Full GC (Ergonomics) [PSYoungGen: 11264K->11263K(22528K)] [ParOldGen: 68444K->68444K(68608K)] 79708K->79708K(91136K), [Metaspace: 60417K->60417K(1105920K)], 0.0641871 secs] [Times: user=0.22 sys=0.00, real=0.07 secs] 
2019-09-25T15:15:27.243-0530: 161.086: [Full GC (Ergonomics) [PSYoungGen: 11264K->11263K(22528K)] [ParOldGen: 68444K->68444K(68608K)] 79708K->79708K(91136K), [Metaspace: 60417K->60417K(1105920K)], 0.0555599 secs] [Times: user=0.17 sys=0.01, real=0.05 secs] 
2019-09-25T15:15:27.300-0530: 161.143: [Full GC (Ergonomics) [PSYoungGen: 11264K->11263K(22528K)] [ParOldGen: 68450K->68445K(68608K)] 79714K->79708K(91136K), [Metaspace: 60417K->60417K(1105920K)], 0.0515208 secs] [Times: user=0.16 sys=0.00, real=0.05 secs] 
2019-09-25T15:15:27.352-0530: 161.195: [Full GC (Ergonomics) [PSYoungGen: 11264K->11263K(22528K)] [ParOldGen: 68445K->68445K(68608K)] 79709K->79708K(91136K), [Metaspace: 60417K->60417K(1105920K)], 0.0515125 secs] [Times: user=0.17 sys=0.00, real=0.05 secs] 
2019-09-25T15:15:27.405-0530: 161.248: [Full GC (Ergonomics) [PSYoungGen: 11264K->11263K(22528K)] [ParOldGen: 68445K->68445K(68608K)] 79709K->79709K(91136K), [Metaspace: 60420K->60420K(1105920K)], 0.0548796 secs] [Times: user=0.17 sys=0.00, real=0.06 secs] 
2019-09-25T15:15:27.461-0530: 161.304: [Full GC (Ergonomics) [PSYoungGen: 11263K->11263K(22528K)] [ParOldGen: 68445K->68445K(68608K)] 79709K->79709K(91136K), [Metaspace: 60420K->60420K(1105920K)], 0.0542204 secs] [Times: user=0.17 sys=0.00, real=0.05 secs] 
2019-09-25T15:15:27.517-0530: 161.360: [Full GC (Ergonomics) [PSYoungGen: 11264K->11263K(22528K)] [ParOldGen: 68445K->68445K(68608K)] 79709K->79709K(91136K), [Metaspace: 60420K->60420K(1105920K)], 0.0606722 secs] [Times: user=0.18 sys=0.01, real=0.06 secs] 
2019-09-25T15:15:27.578-0530: 161.421: [Full GC (Ergonomics) [PSYoungGen: 11264K->11263K(22528K)] [ParOldGen: 68445K->68445K(68608K)] 79709K->79709K(91136K), [Metaspace: 60420K->60420K(1105920K)], 0.0589985 secs] [Times: user=0.18 sys=0.00, real=0.06 secs] 
2019-09-25T15:15:27.639-0530: 161.482: [Full GC (Ergonomics) [PSYoungGen: 11263K->11263K(22528K)] [ParOldGen: 68445K->68445K(68608K)] 79709K->79709K(91136K), [Metaspace: 60420K->60420K(1105920K)], 0.0556003 secs] [Times: user=0.18 sys=0.00, real=0.06 secs] 
2019-09-25T15:15:27.696-0530: 161.539: [Full GC (Ergonomics) [PSYoungGen: 11264K->11262K(22528K)] [ParOldGen: 68453K->68449K(68608K)] 79717K->79711K(91136K), [Metaspace: 60420K->60420K(1105920K)], 0.0518537 secs] [Times: user=0.18 sys=0.00, real=0.05 secs] 
2019-09-25T15:15:27.749-0530: 161.592: [Full GC (Ergonomics) [PSYoungGen: 11264K->11263K(22528K)] [ParOldGen: 68449K->68449K(68608K)] 79713K->79712K(91136K), [Metaspace: 60420K->60420K(1105920K)], 0.0546531 secs] [Times: user=0.17 sys=0.00, real=0.06 secs] 
2019-09-25T15:15:27.805-0530: 161.647: [Full GC (Ergonomics) [PSYoungGen: 11264K->11262K(22528K)] [ParOldGen: 68449K->68448K(68608K)] 79713K->79711K(91136K), [Metaspace: 60420K->60420K(1105920K)], 0.0547565 secs] [Times: user=0.18 sys=0.01, real=0.05 secs] 
2019-09-25T15:15:27.860-0530: 161.703: [Full GC (Ergonomics) [PSYoungGen: 11264K->11263K(22528K)] [ParOldGen: 68448K->68448K(68608K)] 79712K->79712K(91136K), [Metaspace: 60420K->60420K(1105920K)], 0.0621743 secs] [Times: user=0.21 sys=0.00, real=0.06 secs] 
2019-09-25T15:15:27.924-0530: 161.767: [Full GC (Ergonomics) [PSYoungGen: 11264K->11263K(22528K)] [ParOldGen: 68452K->68451K(68608K)] 79716K->79715K(91136K), [Metaspace: 60420K->60420K(1105920K)], 0.0523893 secs] [Times: user=0.16 sys=0.00, real=0.05 secs] 
2019-09-25T15:15:27.977-0530: 161.820: [Full GC (Ergonomics) [PSYoungGen: 11263K->11263K(22528K)] [ParOldGen: 68455K->68453K(68608K)] 79719K->79716K(91136K), [Metaspace: 60420K->60420K(1105920K)], 0.0510198 secs] [Times: user=0.16 sys=0.00, real=0.05 secs] 
2019-09-25T15:15:28.029-0530: 161.872: [Full GC (Ergonomics) [PSYoungGen: 11264K->11263K(22528K)] [ParOldGen: 68453K->68453K(68608K)] 79717K->79716K(91136K), [Metaspace: 60420K->60420K(1105920K)], 0.0555340 secs] [Times: user=0.18 sys=0.01, real=0.06 secs] 
2019-09-25T15:15:28.086-0530: 161.929: [Full GC (Ergonomics) [PSYoungGen: 11264K->11263K(22528K)] [ParOldGen: 68453K->68453K(68608K)] 79717K->79716K(91136K), [Metaspace: 60420K->60420K(1105920K)], 0.0499305 secs] [Times: user=0.17 sys=0.00, real=0.05 secs] 
2019-09-25T15:15:28.137-0530: 161.980: [Full GC (Ergonomics) [PSYoungGen: 11264K->11263K(22528K)] [ParOldGen: 68453K->68453K(68608K)] 79717K->79717K(91136K), [Metaspace: 60420K->60420K(1105920K)], 0.0512342 secs] [Times: user=0.17 sys=0.00, real=0.05 secs] 
2019-09-25T15:15:28.190-0530: 162.033: [Full GC (Ergonomics) [PSYoungGen: 11264K->11263K(22528K)] [ParOldGen: 68460K->68454K(68608K)] 79724K->79717K(91136K), [Metaspace: 60420K->60420K(1105920K)], 0.0484409 secs] [Times: user=0.17 sys=0.00, real=0.04 secs] 
2019-09-25T15:15:28.239-0530: 162.082: [Full GC (Ergonomics) [PSYoungGen: 11264K->11263K(22528K)] [ParOldGen: 68454K->68454K(68608K)] 79718K->79718K(91136K), [Metaspace: 60420K->60420K(1105920K)], 0.0475627 secs] [Times: user=0.16 sys=0.00, real=0.05 secs] 
2019-09-25T15:15:28.288-0530: 162.131: [Full GC (Ergonomics) [PSYoungGen: 11264K->11245K(22528K)] [ParOldGen: 68454K->68453K(68608K)] 79718K->79698K(91136K), [Metaspace: 60420K->60420K(1105920K)], 0.0515024 secs] [Times: user=0.19 sys=0.00, real=0.05 secs] 
2019-09-25T15:15:28.340-0530: 162.183: [Full GC (Ergonomics) [PSYoungGen: 11264K->11251K(22528K)] [ParOldGen: 68453K->68452K(68608K)] 79717K->79704K(91136K), [Metaspace: 60420K->60420K(1105920K)], 0.0558832 secs] [Times: user=0.21 sys=0.00, real=0.05 secs] 
2019-09-25T15:15:28.398-0530: 162.241: [Full GC (Ergonomics) [PSYoungGen: 11264K->11257K(22528K)] [ParOldGen: 68452K->68452K(68608K)] 79716K->79709K(91136K), [Metaspace: 60431K->60431K(1105920K)], 0.0519018 secs] [Times: user=0.17 sys=0.00, real=0.06 secs] 
2019-09-25T15:15:28.453-0530: 162.296: [Full GC (Ergonomics) [PSYoungGen: 11264K->11257K(22528K)] [ParOldGen: 68452K->68451K(68608K)] 79716K->79708K(91136K), [Metaspace: 60431K->60431K(1105920K)], 0.0526240 secs] [Times: user=0.17 sys=0.00, real=0.05 secs] 
2019-09-25T15:15:28.506-0530: 162.349: [Full GC (Ergonomics) [PSYoungGen: 11264K->11261K(22528K)] [ParOldGen: 68451K->68451K(68608K)] 79715K->79713K(91136K), [Metaspace: 60431K->60431K(1105920K)], 0.0537032 secs] [Times: user=0.17 sys=0.00, real=0.06 secs] 
2019-09-25T15:15:28.561-0530: 162.404: [Full GC (Ergonomics) [PSYoungGen: 11264K->11262K(22528K)] [ParOldGen: 68451K->68451K(68608K)] 79715K->79713K(91136K), [Metaspace: 60431K->60431K(1105920K)], 0.0545736 secs] [Times: user=0.19 sys=0.00, real=0.05 secs] 
2019-09-25T15:15:28.617-0530: 162.460: [Full GC (Ergonomics) [PSYoungGen: 11264K->11263K(22528K)] [ParOldGen: 68451K->68451K(68608K)] 79715K->79715K(91136K), [Metaspace: 60431K->60431K(1105920K)], 0.0517356 secs] [Times: user=0.17 sys=0.00, real=0.05 secs] 
2019-09-25T15:15:28.670-0530: 162.513: [Full GC (Ergonomics) [PSYoungGen: 11264K->11263K(22528K)] [ParOldGen: 68451K->68451K(68608K)] 79715K->79715K(91136K), [Metaspace: 60431K->60431K(1105920K)], 0.0564696 secs] [Times: user=0.18 sys=0.00, real=0.05 secs] 
2019-09-25T15:15:28.728-0530: 162.571: [Full GC (Ergonomics) [PSYoungGen: 11264K->11263K(22528K)] [ParOldGen: 68451K->68451K(68608K)] 79715K->79715K(91136K), [Metaspace: 60431K->60431K(1105920K)], 0.0542803 secs] [Times: user=0.18 sys=0.01, real=0.06 secs] 
2019-09-25T15:15:28.783-0530: 162.626: [Full GC (Ergonomics) [PSYoungGen: 11264K->11263K(22528K)] [ParOldGen: 68451K->68450K(68608K)] 79715K->79714K(91136K), [Metaspace: 60431K->60431K(1105920K)], 0.0544872 secs] [Times: user=0.17 sys=0.00, real=0.05 secs] 
2019-09-25T15:15:28.839-0530: 162.682: [Full GC (Ergonomics) [PSYoungGen: 11264K->11263K(22528K)] [ParOldGen: 68450K->68450K(68608K)] 79714K->79714K(91136K), [Metaspace: 60431K->60431K(1105920K)], 0.0509474 secs] [Times: user=0.17 sys=0.00, real=0.06 secs] 
2019-09-25T15:15:28.891-0530: 162.734: [Full GC (Ergonomics) [PSYoungGen: 11264K->11263K(22528K)] [ParOldGen: 68450K->68450K(68608K)] 79714K->79714K(91136K), [Metaspace: 60431K->60431K(1105920K)], 0.0543858 secs] [Times: user=0.17 sys=0.00, real=0.05 secs] 
2019-09-25T15:15:28.947-0530: 162.790: [Full GC (Ergonomics) [PSYoungGen: 11264K->11263K(22528K)] [ParOldGen: 68450K->68450K(68608K)] 79714K->79714K(91136K), [Metaspace: 60431K->60431K(1105920K)], 0.0538778 secs] [Times: user=0.19 sys=0.01, real=0.06 secs] 
2019-09-25T15:15:29.002-0530: 162.845: [Full GC (Ergonomics) [PSYoungGen: 11264K->11263K(22528K)] [ParOldGen: 68450K->68450K(68608K)] 79714K->79714K(91136K), [Metaspace: 60431K->60431K(1105920K)], 0.0558036 secs] [Times: user=0.17 sys=0.00, real=0.05 secs] 
2019-09-25T15:15:29.059-0530: 162.902: [Full GC (Ergonomics) [PSYoungGen: 11264K->11263K(22528K)] [ParOldGen: 68455K->68451K(68608K)] 79719K->79714K(91136K), [Metaspace: 60431K->60431K(1105920K)], 0.0623961 secs] [Times: user=0.20 sys=0.00, real=0.07 secs] 
2019-09-25T15:15:29.122-0530: 162.965: [Full GC (Ergonomics) [PSYoungGen: 11264K->11263K(22528K)] [ParOldGen: 68451K->68451K(68608K)] 79715K->79714K(91136K), [Metaspace: 60431K->60431K(1105920K)], 0.0528617 secs] [Times: user=0.18 sys=0.00, real=0.05 secs] 
2019-09-25T15:15:29.176-0530: 163.019: [Full GC (Ergonomics) [PSYoungGen: 11264K->11263K(22528K)] [ParOldGen: 68451K->68451K(68608K)] 79715K->79714K(91136K), [Metaspace: 60431K->60431K(1105920K)], 0.0549484 secs] [Times: user=0.17 sys=0.01, real=0.06 secs] 
2019-09-25T15:15:29.233-0530: 163.076: [Full GC (Ergonomics) [PSYoungGen: 11264K->11263K(22528K)] [ParOldGen: 68451K->68451K(68608K)] 79715K->79715K(91136K), [Metaspace: 60431K->60431K(1105920K)], 0.0579740 secs] [Times: user=0.19 sys=0.00, real=0.06 secs] 
2019-09-25T15:15:29.292-0530: 163.135: [Full GC (Ergonomics) [PSYoungGen: 11263K->11263K(22528K)] [ParOldGen: 68454K->68453K(68608K)] 79718K->79717K(91136K), [Metaspace: 60431K->60431K(1105920K)], 0.0524551 secs] [Times: user=0.18 sys=0.00, real=0.05 secs] 
2019-09-25T15:15:29.346-0530: 163.189: [Full GC (Ergonomics) [PSYoungGen: 11264K->11263K(22528K)] [ParOldGen: 68453K->68453K(68608K)] 79717K->79717K(91136K), [Metaspace: 60431K->60431K(1105920K)], 0.0567781 secs] [Times: user=0.18 sys=0.00, real=0.06 secs] 
2019-09-25T15:15:29.404-0530: 163.247: [Full GC (Ergonomics) [PSYoungGen: 11264K->11261K(22528K)] [ParOldGen: 68453K->68435K(68608K)] 79717K->79697K(91136K), [Metaspace: 60431K->60431K(1105920K)], 0.0530176 secs] [Times: user=0.17 sys=0.00, real=0.05 secs] 
2019-09-25T15:15:29.458-0530: 163.301: [Full GC (Ergonomics) [PSYoungGen: 11264K->11261K(22528K)] [ParOldGen: 68435K->68435K(68608K)] 79699K->79697K(91136K), [Metaspace: 60431K->60431K(1105920K)], 0.0527597 secs] [Times: user=0.17 sys=0.01, real=0.06 secs] 
2019-09-25T15:15:29.512-0530: 163.355: [Full GC (Ergonomics) [PSYoungGen: 11264K->11262K(22528K)] [ParOldGen: 68435K->68435K(68608K)] 79699K->79697K(91136K), [Metaspace: 60431K->60431K(1105920K)], 0.0583663 secs] [Times: user=0.18 sys=0.00, real=0.06 secs] 
2019-09-25T15:15:29.572-0530: 163.415: [Full GC (Ergonomics) [PSYoungGen: 11264K->11262K(22528K)] [ParOldGen: 68435K->68435K(68608K)] 79699K->79698K(91136K), [Metaspace: 60431K->60431K(1105920K)], 0.0565264 secs] [Times: user=0.19 sys=0.00, real=0.05 secs] 
2019-09-25T15:15:29.630-0530: 163.473: [Full GC (Ergonomics) [PSYoungGen: 11264K->11262K(22528K)] [ParOldGen: 68435K->68435K(68608K)] 79699K->79698K(91136K), [Metaspace: 60431K->60431K(1105920K)], 0.0589520 secs] [Times: user=0.17 sys=0.00, real=0.05 secs] 
2019-09-25T15:15:29.690-0530: 163.533: [Full GC (Ergonomics) [PSYoungGen: 11264K->11262K(22528K)] [ParOldGen: 68435K->68435K(68608K)] 79699K->79698K(91136K), [Metaspace: 60431K->60431K(1105920K)], 0.0558963 secs] [Times: user=0.16 sys=0.01, real=0.05 secs] 
2019-09-25T15:15:29.747-0530: 163.590: [Full GC (Ergonomics) [PSYoungGen: 11264K->11261K(22528K)] [ParOldGen: 68435K->68435K(68608K)] 79699K->79697K(91136K), [Metaspace: 60431K->60431K(1105920K)], 0.0554896 secs] [Times: user=0.18 sys=0.00, real=0.06 secs] 
2019-09-25T15:15:29.804-0530: 163.647: [Full GC (Ergonomics) [PSYoungGen: 11264K->11262K(22528K)] [ParOldGen: 68435K->68435K(68608K)] 79699K->79697K(91136K), [Metaspace: 60431K->60431K(1105920K)], 0.0551901 secs] [Times: user=0.16 sys=0.00, real=0.05 secs] 
2019-09-25T15:15:29.860-0530: 163.703: [Full GC (Ergonomics) [PSYoungGen: 11264K->11262K(22528K)] [ParOldGen: 68435K->68435K(68608K)] 79699K->79698K(91136K), [Metaspace: 60431K->60431K(1105920K)], 0.0547360 secs] [Times: user=0.17 sys=0.00, real=0.05 secs] 
2019-09-25T15:15:29.916-0530: 163.759: [Full GC (Ergonomics) [PSYoungGen: 11264K->11262K(22528K)] [ParOldGen: 68435K->68435K(68608K)] 79699K->79698K(91136K), [Metaspace: 60431K->60431K(1105920K)], 0.0535706 secs] [Times: user=0.17 sys=0.01, real=0.06 secs] 
2019-09-25T15:15:29.971-0530: 163.814: [Full GC (Ergonomics) [PSYoungGen: 11264K->11262K(22528K)] [ParOldGen: 68435K->68435K(68608K)] 79699K->79698K(91136K), [Metaspace: 60431K->60431K(1105920K)], 0.0581460 secs] [Times: user=0.17 sys=0.00, real=0.05 secs] 
2019-09-25T15:15:30.030-0530: 163.873: [Full GC (Ergonomics) [PSYoungGen: 11264K->11263K(22528K)] [ParOldGen: 68435K->68435K(68608K)] 79699K->79698K(91136K), [Metaspace: 60431K->60431K(1105920K)], 0.0544098 secs] [Times: user=0.19 sys=0.00, real=0.05 secs] 
2019-09-25T15:15:30.086-0530: 163.929: [Full GC (Ergonomics) [PSYoungGen: 11264K->11263K(22528K)] [ParOldGen: 68435K->68435K(68608K)] 79699K->79698K(91136K), [Metaspace: 60431K->60431K(1105920K)], 0.0580880 secs] [Times: user=0.17 sys=0.00, real=0.06 secs] 
2019-09-25T15:15:30.145-0530: 163.988: [Full GC (Ergonomics) [PSYoungGen: 11264K->11263K(22528K)] [ParOldGen: 68435K->68435K(68608K)] 79699K->79699K(91136K), [Metaspace: 60431K->60431K(1105920K)], 0.0555031 secs] [Times: user=0.17 sys=0.00, real=0.06 secs] 
2019-09-25T15:15:30.202-0530: 164.045: [Full GC (Ergonomics) [PSYoungGen: 11264K->11263K(22528K)] [ParOldGen: 68438K->68436K(68608K)] 79702K->79700K(91136K), [Metaspace: 60431K->60431K(1105920K)], 0.0587502 secs] [Times: user=0.20 sys=0.01, real=0.06 secs] 
2019-09-25T15:15:30.262-0530: 164.105: [Full GC (Ergonomics) [PSYoungGen: 11264K->11263K(22528K)] [ParOldGen: 68436K->68436K(68608K)] 79700K->79700K(91136K), [Metaspace: 60432K->60432K(1105920K)], 0.0534287 secs] [Times: user=0.17 sys=0.00, real=0.05 secs] 
2019-09-25T15:15:30.317-0530: 164.160: [Full GC (Ergonomics) [PSYoungGen: 11264K->11263K(22528K)] [ParOldGen: 68436K->68436K(68608K)] 79700K->79700K(91136K), [Metaspace: 60432K->60432K(1105920K)], 0.0601766 secs] [Times: user=0.20 sys=0.00, real=0.06 secs] 
2019-09-25T15:15:30.378-0530: 164.221: [Full GC (Ergonomics) [PSYoungGen: 11264K->11263K(22528K)] [ParOldGen: 68436K->68436K(68608K)] 79700K->79700K(91136K), [Metaspace: 60432K->60432K(1105920K)], 0.0544758 secs] [Times: user=0.18 sys=0.00, real=0.06 secs] 
2019-09-25T15:15:30.434-0530: 164.277: [Full GC (Ergonomics) [PSYoungGen: 11264K->11263K(22528K)] [ParOldGen: 68436K->68436K(68608K)] 79700K->79700K(91136K), [Metaspace: 60432K->60432K(1105920K)], 0.0554549 secs] [Times: user=0.18 sys=0.01, real=0.05 secs] 
2019-09-25T15:15:30.490-0530: 164.333: [Full GC (Ergonomics) [PSYoungGen: 11264K->11263K(22528K)] [ParOldGen: 68436K->68436K(68608K)] 79700K->79700K(91136K), [Metaspace: 60432K->60432K(1105920K)], 0.0511781 secs] [Times: user=0.17 sys=0.00, real=0.05 secs] 
2019-09-25T15:15:30.543-0530: 164.386: [Full GC (Ergonomics) [PSYoungGen: 11264K->11263K(22528K)] [ParOldGen: 68436K->68436K(68608K)] 79700K->79700K(91136K), [Metaspace: 60432K->60432K(1105920K)], 0.0575626 secs] [Times: user=0.17 sys=0.00, real=0.06 secs] 
2019-09-25T15:15:30.602-0530: 164.445: [Full GC (Ergonomics) [PSYoungGen: 11264K->11263K(22528K)] [ParOldGen: 68436K->68436K(68608K)] 79700K->79699K(91136K), [Metaspace: 60432K->60432K(1105920K)], 0.0536423 secs] [Times: user=0.17 sys=0.00, real=0.05 secs] 
2019-09-25T15:15:30.657-0530: 164.500: [Full GC (Ergonomics) [PSYoungGen: 11264K->11263K(22528K)] [ParOldGen: 68436K->68436K(68608K)] 79700K->79699K(91136K), [Metaspace: 60432K->60432K(1105920K)], 0.0509473 secs] [Times: user=0.17 sys=0.00, real=0.05 secs] 
2019-09-25T15:15:30.709-0530: 164.552: [Full GC (Ergonomics) [PSYoungGen: 11264K->11263K(22528K)] [ParOldGen: 68436K->68436K(68608K)] 79700K->79699K(91136K), [Metaspace: 60432K->60432K(1105920K)], 0.0556881 secs] [Times: user=0.18 sys=0.01, real=0.06 secs] 
2019-09-25T15:15:30.766-0530: 164.609: [Full GC (Ergonomics) [PSYoungGen: 11264K->11263K(22528K)] [ParOldGen: 68436K->68436K(68608K)] 79700K->79700K(91136K), [Metaspace: 60432K->60432K(1105920K)], 0.0552984 secs] [Times: user=0.17 sys=0.00, real=0.06 secs] 
2019-09-25T15:15:30.822-0530: 164.665: [Full GC (Ergonomics) [PSYoungGen: 11263K->11263K(22528K)] [ParOldGen: 68436K->68436K(68608K)] 79700K->79700K(91136K), [Metaspace: 60432K->60432K(1105920K)], 0.0646920 secs] [Times: user=0.19 sys=0.00, real=0.06 secs] 
2019-09-25T15:15:30.888-0530: 164.731: [Full GC (Ergonomics) [PSYoungGen: 11264K->11262K(22528K)] [ParOldGen: 68436K->68435K(68608K)] 79700K->79698K(91136K), [Metaspace: 60432K->60432K(1105920K)], 0.0523883 secs] [Times: user=0.17 sys=0.00, real=0.06 secs] 
2019-09-25T15:15:30.942-0530: 164.785: [Full GC (Ergonomics) [PSYoungGen: 11264K->11262K(22528K)] [ParOldGen: 68435K->68435K(68608K)] 79699K->79698K(91136K), [Metaspace: 60432K->60432K(1105920K)], 0.0597316 secs] [Times: user=0.24 sys=0.01, real=0.06 secs] 
2019-09-25T15:15:31.003-0530: 164.846: [Full GC (Ergonomics) [PSYoungGen: 11264K->11262K(22528K)] [ParOldGen: 68435K->68435K(68608K)] 79699K->79698K(91136K), [Metaspace: 60432K->60432K(1105920K)], 0.0531617 secs] [Times: user=0.17 sys=0.00, real=0.05 secs] 
2019-09-25T15:15:31.057-0530: 164.900: [Full GC (Ergonomics) [PSYoungGen: 11264K->11262K(22528K)] [ParOldGen: 68435K->68435K(68608K)] 79699K->79698K(91136K), [Metaspace: 60432K->60432K(1105920K)], 0.0534709 secs] [Times: user=0.17 sys=0.00, real=0.06 secs] 
2019-09-25T15:15:31.112-0530: 164.955: [Full GC (Ergonomics) [PSYoungGen: 11264K->11257K(22528K)] [ParOldGen: 68435K->68418K(68608K)] 79699K->79676K(91136K), [Metaspace: 60432K->60432K(1105920K)], 0.0598281 secs] [Times: user=0.19 sys=0.00, real=0.06 secs] 
2019-09-25T15:15:31.173-0530: 165.016: [Full GC (Ergonomics) [PSYoungGen: 11264K->11258K(22528K)] [ParOldGen: 68418K->68418K(68608K)] 79682K->79677K(91136K), [Metaspace: 60432K->60432K(1105920K)], 0.0599705 secs] [Times: user=0.21 sys=0.01, real=0.06 secs] 
2019-09-25T15:15:31.234-0530: 165.077: [Full GC (Ergonomics) [PSYoungGen: 11264K->11258K(22528K)] [ParOldGen: 68418K->68418K(68608K)] 79682K->79677K(91136K), [Metaspace: 60432K->60432K(1105920K)], 0.0559998 secs] [Times: user=0.18 sys=0.00, real=0.06 secs] 
2019-09-25T15:15:31.292-0530: 165.135: [Full GC (Ergonomics) [PSYoungGen: 11264K->11260K(22528K)] [ParOldGen: 68418K->68412K(68608K)] 79682K->79672K(91136K), [Metaspace: 60432K->60432K(1105920K)], 0.0656879 secs] [Times: user=0.27 sys=0.00, real=0.06 secs] 
2019-09-25T15:15:31.359-0530: 165.202: [Full GC (Ergonomics) [PSYoungGen: 11264K->11261K(22528K)] [ParOldGen: 68412K->68411K(68608K)] 79676K->79673K(91136K), [Metaspace: 60432K->60432K(1105920K)], 0.0620644 secs] [Times: user=0.24 sys=0.01, real=0.07 secs] 
2019-09-25T15:15:31.422-0530: 165.265: [Full GC (Ergonomics) [PSYoungGen: 11264K->11261K(22528K)] [ParOldGen: 68411K->68411K(68608K)] 79675K->79673K(91136K), [Metaspace: 60432K->60432K(1105920K)], 0.0532119 secs] [Times: user=0.17 sys=0.00, real=0.05 secs] 
2019-09-25T15:15:31.477-0530: 165.320: [Full GC (Ergonomics) [PSYoungGen: 11264K->11261K(22528K)] [ParOldGen: 68411K->68411K(68608K)] 79675K->79673K(91136K), [Metaspace: 60432K->60432K(1105920K)], 0.0520734 secs] [Times: user=0.16 sys=0.00, real=0.05 secs] 
2019-09-25T15:15:31.530-0530: 165.373: [Full GC (Ergonomics) [PSYoungGen: 11264K->11262K(22528K)] [ParOldGen: 68411K->68411K(68608K)] 79675K->79674K(91136K), [Metaspace: 60432K->60432K(1105920K)], 0.0567927 secs] [Times: user=0.20 sys=0.00, real=0.05 secs] 
2019-09-25T15:15:31.588-0530: 165.431: [Full GC (Ergonomics) [PSYoungGen: 11264K->11261K(22528K)] [ParOldGen: 68411K->68411K(68608K)] 79675K->79673K(91136K), [Metaspace: 60432K->60432K(1105920K)], 0.0508096 secs] [Times: user=0.17 sys=0.00, real=0.05 secs] 
2019-09-25T15:15:31.640-0530: 165.483: [Full GC (Ergonomics) [PSYoungGen: 11264K->11261K(22528K)] [ParOldGen: 68411K->68411K(68608K)] 79675K->79673K(91136K), [Metaspace: 60432K->60432K(1105920K)], 0.0521337 secs] [Times: user=0.17 sys=0.01, real=0.05 secs] 
2019-09-25T15:15:31.693-0530: 165.537: [Full GC (Ergonomics) [PSYoungGen: 11264K->11242K(22528K)] [ParOldGen: 68411K->68411K(68608K)] 79675K->79654K(91136K), [Metaspace: 60432K->60432K(1105920K)], 0.0599359 secs] [Times: user=0.21 sys=0.00, real=0.06 secs] 
2019-09-25T15:15:31.755-0530: 165.598: [Full GC (Ergonomics) [PSYoungGen: 11264K->11249K(22528K)] [ParOldGen: 68411K->68411K(68608K)] 79675K->79660K(91136K), [Metaspace: 60432K->60432K(1105920K)], 0.0505255 secs] [Times: user=0.17 sys=0.00, real=0.05 secs] 
2019-09-25T15:15:31.807-0530: 165.650: [Full GC (Ergonomics) [PSYoungGen: 11264K->11249K(22528K)] [ParOldGen: 68411K->68411K(68608K)] 79675K->79661K(91136K), [Metaspace: 60432K->60432K(1105920K)], 0.0498348 secs] [Times: user=0.17 sys=0.00, real=0.05 secs] 
2019-09-25T15:15:31.858-0530: 165.701: [Full GC (Ergonomics) [PSYoungGen: 11264K->11251K(22528K)] [ParOldGen: 68411K->68406K(68608K)] 79675K->79658K(91136K), [Metaspace: 60432K->60432K(1105920K)], 0.0629055 secs] [Times: user=0.26 sys=0.01, real=0.07 secs] 
2019-09-25T15:15:31.922-0530: 165.765: [Full GC (Ergonomics) [PSYoungGen: 11264K->11258K(22528K)] [ParOldGen: 68406K->68406K(68608K)] 79670K->79664K(91136K), [Metaspace: 60432K->60432K(1105920K)], 0.0687392 secs] [Times: user=0.26 sys=0.00, real=0.07 secs] 
2019-09-25T15:15:31.992-0530: 165.835: [Full GC (Ergonomics) [PSYoungGen: 11264K->11242K(22528K)] [ParOldGen: 68406K->68385K(68608K)] 79670K->79628K(91136K), [Metaspace: 60433K->60433K(1105920K)], 0.0578553 secs] [Times: user=0.21 sys=0.00, real=0.06 secs] 
2019-09-25T15:15:32.051-0530: 165.894: [Full GC (Ergonomics) [PSYoungGen: 11264K->11244K(22528K)] [ParOldGen: 68385K->68384K(68608K)] 79649K->79629K(91136K), [Metaspace: 60433K->60433K(1105920K)], 0.0532346 secs] [Times: user=0.18 sys=0.00, real=0.05 secs] 
2019-09-25T15:15:32.105-0530: 165.948: [Full GC (Ergonomics) [PSYoungGen: 11264K->11244K(22528K)] [ParOldGen: 68384K->68384K(68608K)] 79648K->79629K(91136K), [Metaspace: 60433K->60433K(1105920K)], 0.0514911 secs] [Times: user=0.19 sys=0.00, real=0.05 secs] 
2019-09-25T15:15:32.158-0530: 166.001: [Full GC (Ergonomics) [PSYoungGen: 11264K->11244K(22528K)] [ParOldGen: 68384K->68383K(68608K)] 79648K->79627K(91136K), [Metaspace: 60433K->60433K(1105920K)], 0.0611463 secs] [Times: user=0.22 sys=0.00, real=0.06 secs] 
2019-09-25T15:15:32.221-0530: 166.064: [Full GC (Ergonomics) [PSYoungGen: 11262K->11252K(22528K)] [ParOldGen: 68383K->68383K(68608K)] 79646K->79636K(91136K), [Metaspace: 60433K->60433K(1105920K)], 0.0542300 secs] [Times: user=0.17 sys=0.00, real=0.05 secs] 
2019-09-25T15:15:32.276-0530: 166.119: [Full GC (Ergonomics) [PSYoungGen: 11264K->11242K(22528K)] [ParOldGen: 68383K->68383K(68608K)] 79647K->79626K(91136K), [Metaspace: 60433K->60433K(1105920K)], 0.0568309 secs] [Times: user=0.16 sys=0.00, real=0.06 secs] 
2019-09-25T15:15:32.334-0530: 166.177: [Full GC (Ergonomics) [PSYoungGen: 11264K->11241K(22528K)] [ParOldGen: 68383K->68383K(68608K)] 79647K->79624K(91136K), [Metaspace: 60434K->60434K(1105920K)], 0.0614869 secs] [Times: user=0.23 sys=0.01, real=0.06 secs] 
2019-09-25T15:15:32.397-0530: 166.240: [Full GC (Ergonomics) [PSYoungGen: 11264K->11235K(22528K)] [ParOldGen: 68383K->68381K(68608K)] 79647K->79617K(91136K), [Metaspace: 60434K->60434K(1105920K)], 0.0513578 secs] [Times: user=0.17 sys=0.00, real=0.05 secs] 
2019-09-25T15:15:32.450-0530: 166.293: [Full GC (Ergonomics) [PSYoungGen: 11264K->11238K(22528K)] [ParOldGen: 68381K->68381K(68608K)] 79645K->79620K(91136K), [Metaspace: 60434K->60434K(1105920K)], 0.0543950 secs] [Times: user=0.19 sys=0.00, real=0.05 secs] 
2019-09-25T15:15:32.506-0530: 166.349: [Full GC (Ergonomics) [PSYoungGen: 11264K->11240K(22528K)] [ParOldGen: 68381K->68376K(68608K)] 79645K->79617K(91136K), [Metaspace: 60434K->60434K(1105920K)], 0.0512396 secs] [Times: user=0.19 sys=0.00, real=0.05 secs] 
2019-09-25T15:15:32.558-0530: 166.401: [Full GC (Ergonomics) [PSYoungGen: 11264K->11259K(22528K)] [ParOldGen: 68376K->68376K(68608K)] 79640K->79635K(91136K), [Metaspace: 60434K->60434K(1105920K)], 0.0552829 secs] [Times: user=0.18 sys=0.01, real=0.06 secs] 
2019-09-25T15:15:32.615-0530: 166.458: [Full GC (Ergonomics) [PSYoungGen: 11264K->11260K(22528K)] [ParOldGen: 68376K->68376K(68608K)] 79640K->79637K(91136K), [Metaspace: 60434K->60434K(1105920K)], 0.0651871 secs] [Times: user=0.24 sys=0.00, real=0.07 secs] 
2019-09-25T15:15:32.681-0530: 166.524: [Full GC (Ergonomics) [PSYoungGen: 11264K->11262K(22528K)] [ParOldGen: 68376K->68376K(68608K)] 79640K->79638K(91136K), [Metaspace: 60434K->60434K(1105920K)], 0.0536248 secs] [Times: user=0.18 sys=0.00, real=0.05 secs] 
2019-09-25T15:15:32.736-0530: 166.579: [Full GC (Ergonomics) [PSYoungGen: 11264K->11262K(22528K)] [ParOldGen: 68376K->68376K(68608K)] 79640K->79638K(91136K), [Metaspace: 60434K->60434K(1105920K)], 0.0543238 secs] [Times: user=0.18 sys=0.00, real=0.06 secs] 
2019-09-25T15:15:32.792-0530: 166.635: [Full GC (Ergonomics) [PSYoungGen: 11264K->11262K(22528K)] [ParOldGen: 68376K->68376K(68608K)] 79640K->79638K(91136K), [Metaspace: 60434K->60434K(1105920K)], 0.0565417 secs] [Times: user=0.18 sys=0.01, real=0.05 secs] 
2019-09-25T15:15:32.849-0530: 166.693: [Full GC (Ergonomics) [PSYoungGen: 11264K->11261K(22528K)] [ParOldGen: 68376K->68376K(68608K)] 79640K->79638K(91136K), [Metaspace: 60434K->60434K(1105920K)], 0.0539030 secs] [Times: user=0.16 sys=0.00, real=0.06 secs] 
2019-09-25T15:15:32.905-0530: 166.748: [Full GC (Ergonomics) [PSYoungGen: 11264K->11261K(22528K)] [ParOldGen: 68376K->68376K(68608K)] 79640K->79637K(91136K), [Metaspace: 60434K->60434K(1105920K)], 0.0515931 secs] [Times: user=0.16 sys=0.00, real=0.05 secs] 
2019-09-25T15:15:32.957-0530: 166.800: [Full GC (Ergonomics) [PSYoungGen: 11264K->11260K(22528K)] [ParOldGen: 68376K->68376K(68608K)] 79640K->79636K(91136K), [Metaspace: 60434K->60434K(1105920K)], 0.0550491 secs] [Times: user=0.16 sys=0.00, real=0.06 secs] 
2019-09-25T15:15:33.014-0530: 166.857: [Full GC (Ergonomics) [PSYoungGen: 11264K->11255K(22528K)] [ParOldGen: 68376K->68376K(68608K)] 79640K->79631K(91136K), [Metaspace: 60434K->60434K(1105920K)], 0.0594413 secs] [Times: user=0.19 sys=0.01, real=0.06 secs] 
2019-09-25T15:15:33.075-0530: 166.918: [Full GC (Ergonomics) [PSYoungGen: 11264K->11256K(22528K)] [ParOldGen: 68376K->68376K(68608K)] 79640K->79632K(91136K), [Metaspace: 60434K->60434K(1105920K)], 0.0519919 secs] [Times: user=0.18 sys=0.00, real=0.05 secs] 
2019-09-25T15:15:33.128-0530: 166.971: [Full GC (Ergonomics) [PSYoungGen: 11264K->11257K(22528K)] [ParOldGen: 68376K->68376K(68608K)] 79640K->79633K(91136K), [Metaspace: 60434K->60434K(1105920K)], 0.0576452 secs] [Times: user=0.18 sys=0.00, real=0.06 secs] 
2019-09-25T15:15:33.187-0530: 167.030: [Full GC (Ergonomics) [PSYoungGen: 11264K->11255K(22528K)] [ParOldGen: 68376K->68376K(68608K)] 79640K->79631K(91136K), [Metaspace: 60434K->60434K(1105920K)], 0.0554292 secs] [Times: user=0.17 sys=0.00, real=0.06 secs] 
2019-09-25T15:15:33.243-0530: 167.086: [Full GC (Ergonomics) [PSYoungGen: 11264K->11257K(22528K)] [ParOldGen: 68376K->68376K(68608K)] 79640K->79633K(91136K), [Metaspace: 60434K->60434K(1105920K)], 0.0564057 secs] [Times: user=0.19 sys=0.00, real=0.06 secs] 
2019-09-25T15:15:33.301-0530: 167.144: [Full GC (Ergonomics) [PSYoungGen: 11264K->11259K(22528K)] [ParOldGen: 68376K->68376K(68608K)] 79640K->79635K(91136K), [Metaspace: 60434K->60434K(1105920K)], 0.0536921 secs] [Times: user=0.17 sys=0.01, real=0.05 secs] 
2019-09-25T15:15:33.356-0530: 167.199: [Full GC (Ergonomics) [PSYoungGen: 11264K->11261K(22528K)] [ParOldGen: 68376K->68375K(68608K)] 79640K->79636K(91136K), [Metaspace: 60434K->60434K(1105920K)], 0.0552705 secs] [Times: user=0.18 sys=0.00, real=0.06 secs] 
2019-09-25T15:15:33.412-0530: 167.255: [Full GC (Ergonomics) [PSYoungGen: 11264K->11261K(22528K)] [ParOldGen: 68375K->68375K(68608K)] 79639K->79636K(91136K), [Metaspace: 60434K->60434K(1105920K)], 0.0553805 secs] [Times: user=0.17 sys=0.00, real=0.05 secs] 
2019-09-25T15:15:33.469-0530: 167.312: [Full GC (Ergonomics) [PSYoungGen: 11264K->11261K(22528K)] [ParOldGen: 68375K->68375K(68608K)] 79639K->79636K(91136K), [Metaspace: 60434K->60434K(1105920K)], 0.0549952 secs] [Times: user=0.17 sys=0.00, real=0.06 secs] 
2019-09-25T15:15:33.525-0530: 167.368: [Full GC (Ergonomics) [PSYoungGen: 11264K->11261K(22528K)] [ParOldGen: 68375K->68375K(68608K)] 79639K->79636K(91136K), [Metaspace: 60434K->60434K(1105920K)], 0.0544724 secs] [Times: user=0.17 sys=0.01, real=0.05 secs] 
2019-09-25T15:15:33.581-0530: 167.424: [Full GC (Ergonomics) [PSYoungGen: 11264K->11261K(22528K)] [ParOldGen: 68375K->68375K(68608K)] 79639K->79636K(91136K), [Metaspace: 60434K->60434K(1105920K)], 0.0538567 secs] [Times: user=0.18 sys=0.00, real=0.05 secs] 
2019-09-25T15:15:33.636-0530: 167.479: [Full GC (Ergonomics) [PSYoungGen: 11264K->11261K(22528K)] [ParOldGen: 68399K->68391K(68608K)] 79663K->79653K(91136K), [Metaspace: 60434K->60434K(1105920K)], 0.0532142 secs] [Times: user=0.18 sys=0.00, real=0.05 secs] 
2019-09-25T15:15:33.691-0530: 167.534: [Full GC (Ergonomics) [PSYoungGen: 11264K->11258K(22528K)] [ParOldGen: 68391K->68391K(68608K)] 79655K->79650K(91136K), [Metaspace: 60434K->60434K(1105920K)], 0.0510271 secs] [Times: user=0.17 sys=0.00, real=0.05 secs] 
2019-09-25T15:15:33.743-0530: 167.586: [Full GC (Ergonomics) [PSYoungGen: 11264K->11260K(22528K)] [ParOldGen: 68391K->68391K(68608K)] 79655K->79652K(91136K), [Metaspace: 60434K->60434K(1105920K)], 0.0514756 secs] [Times: user=0.17 sys=0.00, real=0.05 secs] 
2019-09-25T15:15:33.796-0530: 167.639: [Full GC (Ergonomics) [PSYoungGen: 11264K->11258K(22528K)] [ParOldGen: 68391K->68391K(68608K)] 79655K->79649K(91136K), [Metaspace: 60434K->60434K(1105920K)], 0.0526219 secs] [Times: user=0.17 sys=0.01, real=0.05 secs] 
2019-09-25T15:15:33.850-0530: 167.693: [Full GC (Ergonomics) [PSYoungGen: 11264K->11259K(22528K)] [ParOldGen: 68391K->68391K(68608K)] 79655K->79650K(91136K), [Metaspace: 60434K->60434K(1105920K)], 0.0557350 secs] [Times: user=0.17 sys=0.00, real=0.05 secs] 
2019-09-25T15:15:33.907-0530: 167.750: [Full GC (Ergonomics) [PSYoungGen: 11264K->11260K(22528K)] [ParOldGen: 68391K->68391K(68608K)] 79655K->79651K(91136K), [Metaspace: 60434K->60434K(1105920K)], 0.0536355 secs] [Times: user=0.18 sys=0.00, real=0.06 secs] 
2019-09-25T15:15:33.962-0530: 167.805: [Full GC (Ergonomics) [PSYoungGen: 11264K->11258K(22528K)] [ParOldGen: 68391K->68391K(68608K)] 79655K->79649K(91136K), [Metaspace: 60434K->60434K(1105920K)], 0.0534717 secs] [Times: user=0.17 sys=0.00, real=0.05 secs] 
2019-09-25T15:15:34.016-0530: 167.859: [Full GC (Ergonomics) [PSYoungGen: 11264K->11259K(22528K)] [ParOldGen: 68391K->68391K(68608K)] 79655K->79650K(91136K), [Metaspace: 60434K->60434K(1105920K)], 0.0556557 secs] [Times: user=0.17 sys=0.01, real=0.06 secs] 
2019-09-25T15:15:34.073-0530: 167.916: [Full GC (Ergonomics) [PSYoungGen: 11264K->11261K(22528K)] [ParOldGen: 68391K->68391K(68608K)] 79655K->79652K(91136K), [Metaspace: 60434K->60434K(1105920K)], 0.0628738 secs] [Times: user=0.22 sys=0.00, real=0.06 secs] 
2019-09-25T15:15:34.137-0530: 167.981: [Full GC (Ergonomics) [PSYoungGen: 11263K->11262K(22528K)] [ParOldGen: 68391K->68390K(68608K)] 79655K->79652K(91136K), [Metaspace: 60434K->60434K(1105920K)], 0.0507623 secs] [Times: user=0.18 sys=0.00, real=0.05 secs] 
2019-09-25T15:15:34.189-0530: 168.033: [Full GC (Ergonomics) [PSYoungGen: 11264K->11262K(22528K)] [ParOldGen: 68390K->68390K(68608K)] 79654K->79653K(91136K), [Metaspace: 60434K->60434K(1105920K)], 0.0550330 secs] [Times: user=0.17 sys=0.00, real=0.06 secs] 
2019-09-25T15:15:34.246-0530: 168.089: [Full GC (Ergonomics) [PSYoungGen: 11264K->11263K(22528K)] [ParOldGen: 68390K->68390K(68608K)] 79654K->79653K(91136K), [Metaspace: 60434K->60434K(1105920K)], 0.0538360 secs] [Times: user=0.16 sys=0.01, real=0.05 secs] 
2019-09-25T15:15:34.301-0530: 168.144: [Full GC (Ergonomics) [PSYoungGen: 11264K->11262K(22528K)] [ParOldGen: 68400K->68399K(68608K)] 79664K->79662K(91136K), [Metaspace: 60434K->60434K(1105920K)], 0.0517906 secs] [Times: user=0.18 sys=0.00, real=0.05 secs] 
2019-09-25T15:15:34.354-0530: 168.197: [Full GC (Ergonomics) [PSYoungGen: 11264K->11262K(22528K)] [ParOldGen: 68399K->68399K(68608K)] 79663K->79661K(91136K), [Metaspace: 60434K->60434K(1105920K)], 0.0543529 secs] [Times: user=0.17 sys=0.00, real=0.05 secs] 
2019-09-25T15:15:34.410-0530: 168.253: [Full GC (Ergonomics) [PSYoungGen: 11264K->11262K(22528K)] [ParOldGen: 68399K->68399K(68608K)] 79663K->79661K(91136K), [Metaspace: 60434K->60434K(1105920K)], 0.0540356 secs] [Times: user=0.17 sys=0.00, real=0.05 secs] 
2019-09-25T15:15:34.465-0530: 168.308: [Full GC (Ergonomics) [PSYoungGen: 11264K->11262K(22528K)] [ParOldGen: 68399K->68399K(68608K)] 79663K->79661K(91136K), [Metaspace: 60434K->60434K(1105920K)], 0.0527209 secs] [Times: user=0.17 sys=0.00, real=0.05 secs] 
2019-09-25T15:15:34.519-0530: 168.362: [Full GC (Ergonomics) [PSYoungGen: 11264K->11253K(22528K)] [ParOldGen: 68399K->68399K(68608K)] 79663K->79652K(91136K), [Metaspace: 60434K->60434K(1105920K)], 0.0580416 secs] [Times: user=0.18 sys=0.01, real=0.06 secs] 
2019-09-25T15:15:34.578-0530: 168.421: [Full GC (Ergonomics) [PSYoungGen: 11264K->11254K(22528K)] [ParOldGen: 68399K->68399K(68608K)] 79663K->79654K(91136K), [Metaspace: 60434K->60434K(1105920K)], 0.0568536 secs] [Times: user=0.18 sys=0.00, real=0.06 secs] 
2019-09-25T15:15:34.636-0530: 168.479: [Full GC (Ergonomics) [PSYoungGen: 11264K->11254K(22528K)] [ParOldGen: 68399K->68399K(68608K)] 79663K->79654K(91136K), [Metaspace: 60434K->60434K(1105920K)], 0.0531931 secs] [Times: user=0.16 sys=0.00, real=0.05 secs] 
2019-09-25T15:15:34.690-0530: 168.533: [Full GC (Ergonomics) [PSYoungGen: 11264K->11256K(22528K)] [ParOldGen: 68399K->68399K(68608K)] 79663K->79655K(91136K), [Metaspace: 60434K->60434K(1105920K)], 0.0527306 secs] [Times: user=0.18 sys=0.00, real=0.05 secs] 
2019-09-25T15:15:34.744-0530: 168.588: [Full GC (Ergonomics) [PSYoungGen: 11264K->11257K(22528K)] [ParOldGen: 68399K->68399K(68608K)] 79663K->79656K(91136K), [Metaspace: 60434K->60434K(1105920K)], 0.0542134 secs] [Times: user=0.17 sys=0.01, real=0.05 secs] 
2019-09-25T15:15:34.800-0530: 168.643: [Full GC (Ergonomics) [PSYoungGen: 11264K->11258K(22528K)] [ParOldGen: 68399K->68398K(68608K)] 79663K->79657K(91136K), [Metaspace: 60434K->60434K(1105920K)], 0.0512841 secs] [Times: user=0.17 sys=0.00, real=0.05 secs] 
2019-09-25T15:15:34.852-0530: 168.695: [Full GC (Ergonomics) [PSYoungGen: 11260K->11258K(22528K)] [ParOldGen: 68398K->68398K(68608K)] 79659K->79657K(91136K), [Metaspace: 60434K->60434K(1105920K)], 0.0544967 secs] [Times: user=0.17 sys=0.00, real=0.05 secs] 
2019-09-25T15:15:34.908-0530: 168.751: [Full GC (Ergonomics) [PSYoungGen: 11264K->11258K(22528K)] [ParOldGen: 68409K->68408K(68608K)] 79673K->79666K(91136K), [Metaspace: 60434K->60434K(1105920K)], 0.0541269 secs] [Times: user=0.18 sys=0.00, real=0.06 secs] 
2019-09-25T15:15:34.964-0530: 168.807: [Full GC (Ergonomics) [PSYoungGen: 11264K->11259K(22528K)] [ParOldGen: 68408K->68408K(68608K)] 79672K->79667K(91136K), [Metaspace: 60434K->60434K(1105920K)], 0.0567131 secs] [Times: user=0.18 sys=0.01, real=0.07 secs] 
2019-09-25T15:15:35.032-0530: 168.875: [Full GC (Ergonomics) [PSYoungGen: 11264K->11260K(22528K)] [ParOldGen: 68408K->68408K(68608K)] 79672K->79668K(91136K), [Metaspace: 60434K->60434K(1105920K)], 0.0577595 secs] [Times: user=0.17 sys=0.00, real=0.06 secs] 
2019-09-25T15:15:35.092-0530: 168.935: [Full GC (Ergonomics) [PSYoungGen: 11264K->11239K(22528K)] [ParOldGen: 68408K->68408K(68608K)] 79672K->79647K(91136K), [Metaspace: 60434K->60434K(1105920K)], 0.0534099 secs] [Times: user=0.17 sys=0.00, real=0.05 secs] 
2019-09-25T15:15:35.147-0530: 168.990: [Full GC (Ergonomics) [PSYoungGen: 11264K->11249K(22528K)] [ParOldGen: 68408K->68407K(68608K)] 79672K->79657K(91136K), [Metaspace: 60435K->60435K(1105920K)], 0.0529465 secs] [Times: user=0.18 sys=0.00, real=0.06 secs] 
2019-09-25T15:15:35.201-0530: 169.044: [Full GC (Ergonomics) [PSYoungGen: 11259K->11257K(22528K)] [ParOldGen: 68407K->68407K(68608K)] 79667K->79665K(91136K), [Metaspace: 60435K->60435K(1105920K)], 0.0520730 secs] [Times: user=0.17 sys=0.01, real=0.05 secs] 
2019-09-25T15:15:35.254-0530: 169.097: [Full GC (Ergonomics) [PSYoungGen: 11264K->11260K(22528K)] [ParOldGen: 68425K->68425K(68608K)] 79689K->79686K(91136K), [Metaspace: 60436K->60436K(1105920K)], 0.0546139 secs] [Times: user=0.19 sys=0.00, real=0.05 secs] 
2019-09-25T15:15:35.310-0530: 169.153: [Full GC (Ergonomics) [PSYoungGen: 11264K->11260K(22528K)] [ParOldGen: 68425K->68425K(68608K)] 79689K->79686K(91136K), [Metaspace: 60437K->60437K(1105920K)], 0.0528433 secs] [Times: user=0.17 sys=0.00, real=0.05 secs] 
2019-09-25T15:15:35.364-0530: 169.207: [Full GC (Ergonomics) [PSYoungGen: 11264K->11257K(22528K)] [ParOldGen: 68435K->68426K(68608K)] 79699K->79683K(91136K), [Metaspace: 60437K->60437K(1105920K)], 0.0471650 secs] [Times: user=0.16 sys=0.00, real=0.05 secs] 
2019-09-25T15:15:35.412-0530: 169.256: [Full GC (Ergonomics) [PSYoungGen: 11264K->11258K(22528K)] [ParOldGen: 68426K->68425K(68608K)] 79690K->79684K(91136K), [Metaspace: 60438K->60438K(1105920K)], 0.0557402 secs] [Times: user=0.17 sys=0.01, real=0.05 secs] 
2019-09-25T15:15:35.470-0530: 169.313: [Full GC (Ergonomics) [PSYoungGen: 11264K->11259K(22528K)] [ParOldGen: 68425K->68425K(68608K)] 79689K->79685K(91136K), [Metaspace: 60438K->60438K(1105920K)], 0.0583868 secs] [Times: user=0.18 sys=0.00, real=0.05 secs] 
2019-09-25T15:15:35.530-0530: 169.373: [Full GC (Ergonomics) [PSYoungGen: 11264K->11259K(22528K)] [ParOldGen: 68425K->68425K(68608K)] 79689K->79685K(91136K), [Metaspace: 60438K->60438K(1105920K)], 0.0576446 secs] [Times: user=0.18 sys=0.00, real=0.05 secs] 
2019-09-25T15:15:35.589-0530: 169.432: [Full GC (Ergonomics) [PSYoungGen: 11263K->11259K(22528K)] [ParOldGen: 68425K->68420K(68608K)] 79689K->79679K(91136K), [Metaspace: 60438K->60438K(1105920K)], 0.0633705 secs] [Times: user=0.24 sys=0.00, real=0.07 secs] 
2019-09-25T15:15:35.654-0530: 169.497: [Full GC (Ergonomics) [PSYoungGen: 11264K->11255K(22528K)] [ParOldGen: 68420K->68403K(68608K)] 79684K->79659K(91136K), [Metaspace: 60438K->60438K(1105920K)], 0.0587920 secs] [Times: user=0.24 sys=0.01, real=0.06 secs] 
2019-09-25T15:15:35.714-0530: 169.557: [Full GC (Ergonomics) [PSYoungGen: 11264K->11256K(22528K)] [ParOldGen: 68403K->68403K(68608K)] 79667K->79660K(91136K), [Metaspace: 60438K->60438K(1105920K)], 0.0508147 secs] [Times: user=0.17 sys=0.00, real=0.05 secs] 
2019-09-25T15:15:35.766-0530: 169.609: [Full GC (Ergonomics) [PSYoungGen: 11264K->11256K(22528K)] [ParOldGen: 68403K->68403K(68608K)] 79667K->79660K(91136K), [Metaspace: 60438K->60438K(1105920K)], 0.0534526 secs] [Times: user=0.17 sys=0.00, real=0.05 secs] 
2019-09-25T15:15:35.820-0530: 169.663: [Full GC (Ergonomics) [PSYoungGen: 11264K->11261K(22528K)] [ParOldGen: 68421K->68421K(68608K)] 79685K->79683K(91136K), [Metaspace: 60438K->60438K(1105920K)], 0.0566551 secs] [Times: user=0.17 sys=0.00, real=0.05 secs] 
2019-09-25T15:15:35.878-0530: 169.721: [Full GC (Ergonomics) [PSYoungGen: 11264K->11261K(22528K)] [ParOldGen: 68421K->68421K(68608K)] 79685K->79683K(91136K), [Metaspace: 60438K->60438K(1105920K)], 0.0565992 secs] [Times: user=0.18 sys=0.00, real=0.06 secs] 
2019-09-25T15:15:35.936-0530: 169.779: [Full GC (Ergonomics) [PSYoungGen: 11264K->11258K(22528K)] [ParOldGen: 68432K->68415K(68608K)] 79696K->79673K(91136K), [Metaspace: 60438K->60438K(1105920K)], 0.0568042 secs] [Times: user=0.18 sys=0.01, real=0.06 secs] 
2019-09-25T15:15:35.995-0530: 169.838: [Full GC (Ergonomics) [PSYoungGen: 11264K->11258K(22528K)] [ParOldGen: 68415K->68415K(68608K)] 79679K->79674K(91136K), [Metaspace: 60438K->60438K(1105920K)], 0.0530164 secs] [Times: user=0.18 sys=0.00, real=0.05 secs] 
2019-09-25T15:15:36.049-0530: 169.892: [Full GC (Ergonomics) [PSYoungGen: 11264K->11259K(22528K)] [ParOldGen: 68415K->68415K(68608K)] 79679K->79674K(91136K), [Metaspace: 60439K->60439K(1105920K)], 0.0541770 secs] [Times: user=0.17 sys=0.00, real=0.06 secs] 
2019-09-25T15:15:36.104-0530: 169.947: [Full GC (Ergonomics) [PSYoungGen: 11263K->11259K(22528K)] [ParOldGen: 68415K->68414K(68608K)] 79679K->79674K(91136K), [Metaspace: 60439K->60439K(1105920K)], 0.0529694 secs] [Times: user=0.18 sys=0.00, real=0.05 secs] 
2019-09-25T15:15:36.158-0530: 170.002: [Full GC (Ergonomics) [PSYoungGen: 11264K->11263K(22528K)] [ParOldGen: 68414K->68414K(68608K)] 79678K->79677K(91136K), [Metaspace: 60439K->60439K(1105920K)], 0.0515934 secs] [Times: user=0.17 sys=0.01, real=0.06 secs] 
2019-09-25T15:15:36.211-0530: 170.054: [Full GC (Ergonomics) [PSYoungGen: 11264K->11263K(22528K)] [ParOldGen: 68414K->68414K(68608K)] 79678K->79677K(91136K), [Metaspace: 60439K->60439K(1105920K)], 0.0573719 secs] [Times: user=0.18 sys=0.00, real=0.05 secs] 
2019-09-25T15:15:36.270-0530: 170.113: [Full GC (Ergonomics) [PSYoungGen: 11264K->11262K(22528K)] [ParOldGen: 68414K->68414K(68608K)] 79678K->79677K(91136K), [Metaspace: 60439K->60439K(1105920K)], 0.0577838 secs] [Times: user=0.17 sys=0.00, real=0.05 secs] 
2019-09-25T15:15:36.329-0530: 170.172: [Full GC (Ergonomics) [PSYoungGen: 11264K->11263K(22528K)] [ParOldGen: 68414K->68414K(68608K)] 79678K->79677K(91136K), [Metaspace: 60439K->60439K(1105920K)], 0.0537855 secs] [Times: user=0.18 sys=0.00, real=0.06 secs] 
2019-09-25T15:15:36.383-0530: 170.227: [Full GC (Ergonomics) [PSYoungGen: 11264K->11263K(22528K)] [ParOldGen: 68414K->68414K(68608K)] 79678K->79677K(91136K), [Metaspace: 60439K->60439K(1105920K)], 0.0513551 secs] [Times: user=0.17 sys=0.00, real=0.05 secs] 
2019-09-25T15:15:36.436-0530: 170.279: [Full GC (Ergonomics) [PSYoungGen: 11264K->11263K(22528K)] [ParOldGen: 68425K->68424K(68608K)] 79689K->79687K(91136K), [Metaspace: 60439K->60439K(1105920K)], 0.0787876 secs] [Times: user=0.34 sys=0.00, real=0.08 secs] 
2019-09-25T15:15:36.516-0530: 170.360: [Full GC (Ergonomics) [PSYoungGen: 11264K->11252K(22528K)] [ParOldGen: 68424K->68416K(68608K)] 79688K->79668K(91136K), [Metaspace: 60439K->60439K(1105920K)], 0.0798882 secs] [Times: user=0.33 sys=0.01, real=0.08 secs] 
2019-09-25T15:15:36.597-0530: 170.441: [Full GC (Ergonomics) [PSYoungGen: 11264K->11260K(22528K)] [ParOldGen: 68416K->68416K(68608K)] 79680K->79676K(91136K), [Metaspace: 60439K->60439K(1105920K)], 0.0547277 secs] [Times: user=0.17 sys=0.00, real=0.06 secs] 
2019-09-25T15:15:36.653-0530: 170.497: [Full GC (Ergonomics) [PSYoungGen: 11264K->11260K(22528K)] [ParOldGen: 68416K->68416K(68608K)] 79680K->79676K(91136K), [Metaspace: 60439K->60439K(1105920K)], 0.0546695 secs] [Times: user=0.17 sys=0.00, real=0.05 secs] 
2019-09-25T15:15:36.709-0530: 170.553: [Full GC (Ergonomics) [PSYoungGen: 11264K->11252K(22528K)] [ParOldGen: 68416K->68415K(68608K)] 79680K->79668K(91136K), [Metaspace: 60440K->60440K(1105920K)], 0.0562164 secs] [Times: user=0.18 sys=0.00, real=0.06 secs] 
2019-09-25T15:15:36.767-0530: 170.610: [Full GC (Ergonomics) [PSYoungGen: 11264K->11254K(22528K)] [ParOldGen: 68415K->68415K(68608K)] 79679K->79670K(91136K), [Metaspace: 60440K->60440K(1105920K)], 0.0560337 secs] [Times: user=0.17 sys=0.01, real=0.06 secs] 
2019-09-25T15:15:36.824-0530: 170.667: [Full GC (Ergonomics) [PSYoungGen: 11264K->11258K(22528K)] [ParOldGen: 68415K->68415K(68608K)] 79679K->79674K(91136K), [Metaspace: 60440K->60440K(1105920K)], 0.0609233 secs] [Times: user=0.18 sys=0.00, real=0.06 secs] 
2019-09-25T15:15:36.886-0530: 170.729: [Full GC (Ergonomics) [PSYoungGen: 11264K->11260K(22528K)] [ParOldGen: 68415K->68415K(68608K)] 79679K->79676K(91136K), [Metaspace: 60440K->60440K(1105920K)], 0.0681155 secs] [Times: user=0.18 sys=0.00, real=0.07 secs] 
2019-09-25T15:15:36.956-0530: 170.799: [Full GC (Ergonomics) [PSYoungGen: 11264K->11260K(22528K)] [ParOldGen: 68415K->68415K(68608K)] 79679K->79676K(91136K), [Metaspace: 60440K->60440K(1105920K)], 0.0504624 secs] [Times: user=0.17 sys=0.00, real=0.05 secs] 
2019-09-25T15:15:37.007-0530: 170.850: [Full GC (Ergonomics) [PSYoungGen: 11264K->11260K(22528K)] [ParOldGen: 68415K->68415K(68608K)] 79679K->79676K(91136K), [Metaspace: 60440K->60440K(1105920K)], 0.0545757 secs] [Times: user=0.17 sys=0.01, real=0.06 secs] 
2019-09-25T15:15:37.063-0530: 170.906: [Full GC (Ergonomics) [PSYoungGen: 11264K->11261K(22528K)] [ParOldGen: 68415K->68415K(68608K)] 79679K->79676K(91136K), [Metaspace: 60440K->60440K(1105920K)], 0.1206320 secs] [Times: user=0.32 sys=0.01, real=0.12 secs] 
2019-09-25T15:15:37.185-0530: 171.028: [Full GC (Ergonomics) [PSYoungGen: 11264K->11260K(22528K)] [ParOldGen: 68415K->68415K(68608K)] 79679K->79675K(91136K), [Metaspace: 60440K->60440K(1105920K)], 0.1164251 secs] [Times: user=0.19 sys=0.00, real=0.12 secs] 
2019-09-25T15:15:37.303-0530: 171.146: [Full GC (Ergonomics) [PSYoungGen: 11264K->11258K(22528K)] [ParOldGen: 68415K->68399K(68608K)] 79679K->79657K(91136K), [Metaspace: 60441K->60441K(1105920K)], 0.0820723 secs] [Times: user=0.20 sys=0.01, real=0.08 secs] 
2019-09-25T15:15:37.387-0530: 171.230: [Full GC (Ergonomics) [PSYoungGen: 11264K->11250K(22528K)] [ParOldGen: 68418K->68413K(68608K)] 79682K->79663K(91136K), [Metaspace: 60446K->60446K(1105920K)], 0.0640248 secs] [Times: user=0.19 sys=0.00, real=0.07 secs] 
2019-09-25T15:15:37.452-0530: 171.295: [Full GC (Ergonomics) [PSYoungGen: 11264K->11253K(22528K)] [ParOldGen: 68413K->68412K(68608K)] 79677K->79666K(91136K), [Metaspace: 60446K->60446K(1105920K)], 0.0537115 secs] [Times: user=0.18 sys=0.00, real=0.05 secs] 
2019-09-25T15:15:37.507-0530: 171.350: [Full GC (Ergonomics) [PSYoungGen: 11264K->11263K(22528K)] [ParOldGen: 68412K->68412K(68608K)] 79676K->79675K(91136K), [Metaspace: 60446K->60446K(1105920K)], 0.0554287 secs] [Times: user=0.19 sys=0.00, real=0.06 secs] 
2019-09-25T15:15:37.564-0530: 171.407: [Full GC (Ergonomics) [PSYoungGen: 11264K->11250K(22528K)] [ParOldGen: 68412K->68396K(68608K)] 79676K->79647K(91136K), [Metaspace: 60446K->60446K(1105920K)], 0.0539652 secs] [Times: user=0.18 sys=0.01, real=0.05 secs] 
2019-09-25T15:15:37.619-0530: 171.463: [Full GC (Ergonomics) [PSYoungGen: 11264K->11253K(22528K)] [ParOldGen: 68396K->68396K(68608K)] 79660K->79650K(91136K), [Metaspace: 60446K->60446K(1105920K)], 0.0628049 secs] [Times: user=0.21 sys=0.00, real=0.07 secs] 
2019-09-25T15:15:37.683-0530: 171.526: [Full GC (Ergonomics) [PSYoungGen: 11264K->11261K(22528K)] [ParOldGen: 68396K->68396K(68608K)] 79660K->79657K(91136K), [Metaspace: 60446K->60446K(1105920K)], 0.0538418 secs] [Times: user=0.18 sys=0.00, real=0.05 secs] 
2019-09-25T15:15:37.738-0530: 171.581: [Full GC (Ergonomics) [PSYoungGen: 11264K->11261K(22528K)] [ParOldGen: 68396K->68396K(68608K)] 79660K->79657K(91136K), [Metaspace: 60446K->60446K(1105920K)], 0.0524874 secs] [Times: user=0.17 sys=0.00, real=0.06 secs] 
2019-09-25T15:15:37.792-0530: 171.635: [Full GC (Ergonomics) [PSYoungGen: 11264K->11261K(22528K)] [ParOldGen: 68396K->68396K(68608K)] 79660K->79657K(91136K), [Metaspace: 60446K->60446K(1105920K)], 0.0518686 secs] [Times: user=0.17 sys=0.01, real=0.05 secs] 
2019-09-25T15:15:37.845-0530: 171.688: [Full GC (Ergonomics) [PSYoungGen: 11264K->11260K(22528K)] [ParOldGen: 68396K->68396K(68608K)] 79660K->79657K(91136K), [Metaspace: 60446K->60446K(1105920K)], 0.0531483 secs] [Times: user=0.17 sys=0.00, real=0.05 secs] 
2019-09-25T15:15:37.899-0530: 171.742: [Full GC (Ergonomics) [PSYoungGen: 11264K->11261K(22528K)] [ParOldGen: 68396K->68396K(68608K)] 79660K->79658K(91136K), [Metaspace: 60446K->60446K(1105920K)], 0.0537751 secs] [Times: user=0.18 sys=0.00, real=0.06 secs] 
2019-09-25T15:15:37.954-0530: 171.797: [Full GC (Ergonomics) [PSYoungGen: 11263K->11263K(22528K)] [ParOldGen: 68396K->68396K(68608K)] 79660K->79659K(91136K), [Metaspace: 60446K->60446K(1105920K)], 0.0535003 secs] [Times: user=0.17 sys=0.00, real=0.05 secs] 
2019-09-25T15:15:38.009-0530: 171.852: [Full GC (Ergonomics) [PSYoungGen: 11264K->11263K(22528K)] [ParOldGen: 68408K->68407K(68608K)] 79672K->79670K(91136K), [Metaspace: 60447K->60447K(1105920K)], 0.0564183 secs] [Times: user=0.17 sys=0.01, real=0.06 secs] 
2019-09-25T15:15:38.066-0530: 171.910: [Full GC (Ergonomics) [PSYoungGen: 11264K->11263K(22528K)] [ParOldGen: 68407K->68407K(68608K)] 79671K->79670K(91136K), [Metaspace: 60447K->60447K(1105920K)], 0.0579885 secs] [Times: user=0.17 sys=0.00, real=0.06 secs] 
2019-09-25T15:15:38.126-0530: 171.969: [Full GC (Ergonomics) [PSYoungGen: 11264K->11263K(22528K)] [ParOldGen: 68407K->68407K(68608K)] 79671K->79670K(91136K), [Metaspace: 60447K->60447K(1105920K)], 0.0557801 secs] [Times: user=0.17 sys=0.00, real=0.06 secs] 
2019-09-25T15:15:38.183-0530: 172.026: [Full GC (Ergonomics) [PSYoungGen: 11264K->11263K(22528K)] [ParOldGen: 68407K->68407K(68608K)] 79671K->79670K(91136K), [Metaspace: 60447K->60447K(1105920K)], 0.0541242 secs] [Times: user=0.18 sys=0.00, real=0.05 secs] 
2019-09-25T15:15:38.238-0530: 172.081: [Full GC (Ergonomics) [PSYoungGen: 11264K->11263K(22528K)] [ParOldGen: 68407K->68407K(68608K)] 79671K->79670K(91136K), [Metaspace: 60447K->60447K(1105920K)], 0.0491734 secs] [Times: user=0.17 sys=0.00, real=0.05 secs] 
2019-09-25T15:15:38.288-0530: 172.131: [Full GC (Ergonomics) [PSYoungGen: 11264K->11263K(22528K)] [ParOldGen: 68407K->68407K(68608K)] 79671K->79670K(91136K), [Metaspace: 60447K->60447K(1105920K)], 0.0516573 secs] [Times: user=0.16 sys=0.00, real=0.06 secs] 
2019-09-25T15:15:38.341-0530: 172.184: [Full GC (Ergonomics) [PSYoungGen: 11264K->11263K(22528K)] [ParOldGen: 68407K->68406K(68608K)] 79671K->79670K(91136K), [Metaspace: 60447K->60447K(1105920K)], 0.0506804 secs] [Times: user=0.16 sys=0.00, real=0.05 secs] 
2019-09-25T15:15:38.392-0530: 172.236: [Full GC (Ergonomics) [PSYoungGen: 11264K->11261K(22528K)] [ParOldGen: 68406K->68406K(68608K)] 79670K->79667K(91136K), [Metaspace: 60447K->60447K(1105920K)], 0.0509420 secs] [Times: user=0.17 sys=0.00, real=0.05 secs] 
2019-09-25T15:15:38.444-0530: 172.288: [Full GC (Ergonomics) [PSYoungGen: 11264K->11261K(22528K)] [ParOldGen: 68406K->68405K(68608K)] 79670K->79667K(91136K), [Metaspace: 60447K->60447K(1105920K)], 0.0485994 secs] [Times: user=0.16 sys=0.00, real=0.05 secs] 
2019-09-25T15:15:38.494-0530: 172.337: [Full GC (Ergonomics) [PSYoungGen: 11264K->11261K(22528K)] [ParOldGen: 68405K->68405K(68608K)] 79669K->79667K(91136K), [Metaspace: 60447K->60447K(1105920K)], 0.0553536 secs] [Times: user=0.20 sys=0.01, real=0.05 secs] 
2019-09-25T15:15:38.550-0530: 172.394: [Full GC (Ergonomics) [PSYoungGen: 11264K->11262K(22528K)] [ParOldGen: 68405K->68405K(68608K)] 79669K->79667K(91136K), [Metaspace: 60447K->60447K(1105920K)], 0.0458420 secs] [Times: user=0.15 sys=0.00, real=0.04 secs] 
2019-09-25T15:15:38.597-0530: 172.440: [Full GC (Ergonomics) [PSYoungGen: 11264K->11262K(22528K)] [ParOldGen: 68405K->68405K(68608K)] 79669K->79667K(91136K), [Metaspace: 60447K->60447K(1105920K)], 0.0458661 secs] [Times: user=0.17 sys=0.00, real=0.05 secs] 
2019-09-25T15:15:38.644-0530: 172.487: [Full GC (Ergonomics) [PSYoungGen: 11264K->11260K(22528K)] [ParOldGen: 68405K->68405K(68608K)] 79669K->79666K(91136K), [Metaspace: 60447K->60447K(1105920K)], 0.0502949 secs] [Times: user=0.17 sys=0.00, real=0.05 secs] 
2019-09-25T15:15:38.695-0530: 172.539: [Full GC (Ergonomics) [PSYoungGen: 11264K->11260K(22528K)] [ParOldGen: 68405K->68404K(68608K)] 79669K->79665K(91136K), [Metaspace: 60447K->60447K(1105920K)], 0.0500594 secs] [Times: user=0.16 sys=0.01, real=0.05 secs] 
2019-09-25T15:15:38.747-0530: 172.590: [Full GC (Ergonomics) [PSYoungGen: 11264K->11260K(22528K)] [ParOldGen: 68404K->68404K(68608K)] 79668K->79665K(91136K), [Metaspace: 60447K->60447K(1105920K)], 0.0504800 secs] [Times: user=0.16 sys=0.00, real=0.05 secs] 
2019-09-25T15:15:38.798-0530: 172.642: [Full GC (Ergonomics) [PSYoungGen: 11264K->11259K(22528K)] [ParOldGen: 68404K->68404K(68608K)] 79668K->79664K(91136K), [Metaspace: 60447K->60447K(1105920K)], 0.0541061 secs] [Times: user=0.16 sys=0.00, real=0.06 secs] 
2019-09-25T15:15:38.853-0530: 172.697: [Full GC (Ergonomics) [PSYoungGen: 11264K->11259K(22528K)] [ParOldGen: 68404K->68404K(68608K)] 79668K->79664K(91136K), [Metaspace: 60447K->60447K(1105920K)], 0.0503225 secs] [Times: user=0.16 sys=0.01, real=0.05 secs] 
2019-09-25T15:15:38.905-0530: 172.748: [Full GC (Ergonomics) [PSYoungGen: 11264K->11258K(22528K)] [ParOldGen: 68419K->68406K(68608K)] 79683K->79664K(91136K), [Metaspace: 60447K->60447K(1105920K)], 0.0583253 secs] [Times: user=0.20 sys=0.00, real=0.06 secs] 
2019-09-25T15:15:38.965-0530: 172.808: [Full GC (Ergonomics) [PSYoungGen: 11264K->11259K(22528K)] [ParOldGen: 68406K->68406K(68608K)] 79670K->79666K(91136K), [Metaspace: 60447K->60447K(1105920K)], 0.0573628 secs] [Times: user=0.17 sys=0.00, real=0.06 secs] 
2019-09-25T15:15:39.023-0530: 172.866: [Full GC (Ergonomics) [PSYoungGen: 11264K->11258K(22528K)] [ParOldGen: 68406K->68406K(68608K)] 79670K->79665K(91136K), [Metaspace: 60447K->60447K(1105920K)], 0.0568067 secs] [Times: user=0.16 sys=0.00, real=0.06 secs] 
2019-09-25T15:15:39.081-0530: 172.924: [Full GC (Ergonomics) [PSYoungGen: 11264K->11260K(22528K)] [ParOldGen: 68406K->68406K(68608K)] 79670K->79667K(91136K), [Metaspace: 60447K->60447K(1105920K)], 0.0506461 secs] [Times: user=0.16 sys=0.00, real=0.05 secs] 
2019-09-25T15:15:39.133-0530: 172.976: [Full GC (Ergonomics) [PSYoungGen: 11264K->11261K(22528K)] [ParOldGen: 68406K->68406K(68608K)] 79670K->79668K(91136K), [Metaspace: 60447K->60447K(1105920K)], 0.0488688 secs] [Times: user=0.15 sys=0.00, real=0.05 secs] 
2019-09-25T15:15:39.183-0530: 173.026: [Full GC (Ergonomics) [PSYoungGen: 11263K->11262K(22528K)] [ParOldGen: 68406K->68406K(68608K)] 79670K->79669K(91136K), [Metaspace: 60447K->60447K(1105920K)], 0.0536480 secs] [Times: user=0.17 sys=0.01, real=0.05 secs] 
2019-09-25T15:15:39.237-0530: 173.081: [Full GC (Ergonomics) [PSYoungGen: 11264K->11263K(22528K)] [ParOldGen: 68406K->68406K(68608K)] 79670K->79670K(91136K), [Metaspace: 60447K->60447K(1105920K)], 0.0492882 secs] [Times: user=0.16 sys=0.00, real=0.05 secs] 
2019-09-25T15:15:39.288-0530: 173.131: [Full GC (Ergonomics) [PSYoungGen: 11264K->11263K(22528K)] [ParOldGen: 68410K->68408K(68608K)] 79674K->79672K(91136K), [Metaspace: 60448K->60448K(1105920K)], 0.0513674 secs] [Times: user=0.17 sys=0.00, real=0.05 secs] 
2019-09-25T15:15:39.340-0530: 173.184: [Full GC (Ergonomics) [PSYoungGen: 11263K->11263K(22528K)] [ParOldGen: 68408K->68408K(68608K)] 79672K->79672K(91136K), [Metaspace: 60448K->60448K(1105920K)], 0.0494716 secs] [Times: user=0.16 sys=0.01, real=0.05 secs] 
2019-09-25T15:15:39.391-0530: 173.234: [Full GC (Ergonomics) [PSYoungGen: 11264K->11263K(22528K)] [ParOldGen: 68417K->68414K(68608K)] 79681K->79678K(91136K), [Metaspace: 60448K->60448K(1105920K)], 0.0660703 secs] [Times: user=0.28 sys=0.00, real=0.06 secs] 
2019-09-25T15:15:39.458-0530: 173.301: [Full GC (Ergonomics) [PSYoungGen: 11264K->11263K(22528K)] [ParOldGen: 68414K->68414K(68608K)] 79678K->79678K(91136K), [Metaspace: 60448K->60448K(1105920K)], 0.0530089 secs] [Times: user=0.16 sys=0.01, real=0.06 secs] 
2019-09-25T15:15:39.512-0530: 173.355: [Full GC (Ergonomics) [PSYoungGen: 11264K->11264K(22528K)] [ParOldGen: 68414K->68414K(68608K)] 79678K->79678K(91136K), [Metaspace: 60448K->60448K(1105920K)], 0.0546209 secs] [Times: user=0.17 sys=0.00, real=0.05 secs] 
2019-09-25T15:15:39.568-0530: 173.411: [Full GC (Ergonomics) [PSYoungGen: 11264K->11263K(22528K)] [ParOldGen: 68418K->68416K(68608K)] 79682K->79680K(91136K), [Metaspace: 60448K->60448K(1105920K)], 0.0616165 secs] [Times: user=0.18 sys=0.00, real=0.07 secs] 
2019-09-25T15:15:39.631-0530: 173.474: [Full GC (Ergonomics) [PSYoungGen: 11264K->11263K(22528K)] [ParOldGen: 68416K->68416K(68608K)] 79680K->79680K(91136K), [Metaspace: 60448K->60448K(1105920K)], 0.0947704 secs] [Times: user=0.31 sys=0.01, real=0.09 secs] 
2019-09-25T15:15:39.727-0530: 173.570: [Full GC (Ergonomics) [PSYoungGen: 11264K->11263K(22528K)] [ParOldGen: 68416K->68416K(68608K)] 79680K->79680K(91136K), [Metaspace: 60448K->60448K(1105920K)], 0.0637330 secs] [Times: user=0.18 sys=0.01, real=0.07 secs] 
2019-09-25T15:15:39.792-0530: 173.636: [Full GC (Ergonomics) [PSYoungGen: 11264K->11259K(22528K)] [ParOldGen: 68416K->68414K(68608K)] 79680K->79673K(91136K), [Metaspace: 60448K->60448K(1105920K)], 0.0577346 secs] [Times: user=0.18 sys=0.00, real=0.06 secs] 
2019-09-25T15:15:39.852-0530: 173.695: [Full GC (Ergonomics) [PSYoungGen: 11264K->11249K(22528K)] [ParOldGen: 68414K->68405K(68608K)] 79678K->79654K(91136K), [Metaspace: 60448K->60448K(1105920K)], 0.0588534 secs] [Times: user=0.19 sys=0.00, real=0.06 secs] 
2019-09-25T15:15:39.912-0530: 173.755: [Full GC (Ergonomics) [PSYoungGen: 11264K->11256K(22528K)] [ParOldGen: 68405K->68405K(68608K)] 79669K->79661K(91136K), [Metaspace: 60449K->60449K(1105920K)], 0.0618460 secs] [Times: user=0.19 sys=0.01, real=0.06 secs] 
2019-09-25T15:15:39.975-0530: 173.818: [Full GC (Ergonomics) [PSYoungGen: 11264K->11260K(22528K)] [ParOldGen: 68405K->68404K(68608K)] 79669K->79664K(91136K), [Metaspace: 60449K->60449K(1105920K)], 0.0567430 secs] [Times: user=0.18 sys=0.00, real=0.06 secs] 
2019-09-25T15:15:40.033-0530: 173.876: [Full GC (Ergonomics) [PSYoungGen: 11264K->11260K(22528K)] [ParOldGen: 68404K->68404K(68608K)] 79668K->79664K(91136K), [Metaspace: 60449K->60449K(1105920K)], 0.0564286 secs] [Times: user=0.16 sys=0.00, real=0.05 secs] 
2019-09-25T15:15:40.090-0530: 173.934: [Full GC (Ergonomics) [PSYoungGen: 11264K->11260K(22528K)] [ParOldGen: 68404K->68404K(68608K)] 79668K->79664K(91136K), [Metaspace: 60449K->60449K(1105920K)], 0.0540203 secs] [Times: user=0.17 sys=0.01, real=0.05 secs] 
2019-09-25T15:15:40.146-0530: 173.989: [Full GC (Ergonomics) [PSYoungGen: 11264K->11260K(22528K)] [ParOldGen: 68404K->68403K(68608K)] 79668K->79664K(91136K), [Metaspace: 60449K->60449K(1105920K)], 0.0629768 secs] [Times: user=0.20 sys=0.00, real=0.06 secs] 
2019-09-25T15:15:40.210-0530: 174.053: [Full GC (Ergonomics) [PSYoungGen: 11264K->11259K(22528K)] [ParOldGen: 68403K->68403K(68608K)] 79667K->79663K(91136K), [Metaspace: 60449K->60449K(1105920K)], 0.0640541 secs] [Times: user=0.22 sys=0.01, real=0.06 secs] 
2019-09-25T15:15:40.275-0530: 174.118: [Full GC (Ergonomics) [PSYoungGen: 11264K->11260K(22528K)] [ParOldGen: 68403K->68403K(68608K)] 79667K->79664K(91136K), [Metaspace: 60449K->60449K(1105920K)], 0.0564820 secs] [Times: user=0.17 sys=0.00, real=0.06 secs] 
2019-09-25T15:15:40.332-0530: 174.176: [Full GC (Ergonomics) [PSYoungGen: 11264K->11262K(22528K)] [ParOldGen: 68403K->68403K(68608K)] 79667K->79666K(91136K), [Metaspace: 60449K->60449K(1105920K)], 0.0582677 secs] [Times: user=0.18 sys=0.00, real=0.06 secs] 
2019-09-25T15:15:40.392-0530: 174.235: [Full GC (Ergonomics) [PSYoungGen: 11264K->11262K(22528K)] [ParOldGen: 68403K->68403K(68608K)] 79667K->79666K(91136K), [Metaspace: 60449K->60449K(1105920K)], 0.0557448 secs] [Times: user=0.17 sys=0.00, real=0.05 secs] 
2019-09-25T15:15:40.448-0530: 174.292: [Full GC (Ergonomics) [PSYoungGen: 11264K->11262K(22528K)] [ParOldGen: 68403K->68403K(68608K)] 79667K->79666K(91136K), [Metaspace: 60449K->60449K(1105920K)], 0.0540051 secs] [Times: user=0.17 sys=0.00, real=0.06 secs] 
2019-09-25T15:15:40.504-0530: 174.347: [Full GC (Ergonomics) [PSYoungGen: 11264K->11262K(22528K)] [ParOldGen: 68403K->68403K(68608K)] 79667K->79666K(91136K), [Metaspace: 60449K->60449K(1105920K)], 0.0541197 secs] [Times: user=0.17 sys=0.00, real=0.05 secs] 
2019-09-25T15:15:40.559-0530: 174.402: [Full GC (Ergonomics) [PSYoungGen: 11264K->11262K(22528K)] [ParOldGen: 68403K->68403K(68608K)] 79667K->79666K(91136K), [Metaspace: 60449K->60449K(1105920K)], 0.0488472 secs] [Times: user=0.16 sys=0.00, real=0.05 secs] 
2019-09-25T15:15:40.609-0530: 174.452: [Full GC (Ergonomics) [PSYoungGen: 11264K->11262K(22528K)] [ParOldGen: 68403K->68403K(68608K)] 79667K->79666K(91136K), [Metaspace: 60449K->60449K(1105920K)], 0.0461053 secs] [Times: user=0.15 sys=0.00, real=0.05 secs] 
2019-09-25T15:15:40.656-0530: 174.500: [Full GC (Ergonomics) [PSYoungGen: 11264K->11262K(22528K)] [ParOldGen: 68403K->68403K(68608K)] 79667K->79666K(91136K), [Metaspace: 60449K->60449K(1105920K)], 0.0474137 secs] [Times: user=0.16 sys=0.00, real=0.05 secs] 
2019-09-25T15:15:40.705-0530: 174.548: [Full GC (Ergonomics) [PSYoungGen: 11264K->11263K(22528K)] [ParOldGen: 68403K->68403K(68608K)] 79667K->79667K(91136K), [Metaspace: 60449K->60449K(1105920K)], 0.0446968 secs] [Times: user=0.16 sys=0.01, real=0.04 secs] 
2019-09-25T15:15:40.750-0530: 174.594: [Full GC (Ergonomics) [PSYoungGen: 11264K->11263K(22528K)] [ParOldGen: 68403K->68402K(68608K)] 79667K->79666K(91136K), [Metaspace: 60449K->60449K(1105920K)], 0.0838166 secs] [Times: user=0.43 sys=0.00, real=0.08 secs] 
2019-09-25T15:15:40.835-0530: 174.679: [Full GC (Ergonomics) [PSYoungGen: 11264K->11263K(22528K)] [ParOldGen: 68402K->68402K(68608K)] 79666K->79666K(91136K), [Metaspace: 60449K->60449K(1105920K)], 0.0514215 secs] [Times: user=0.18 sys=0.00, real=0.05 secs] 
2019-09-25T15:15:40.888-0530: 174.731: [Full GC (Ergonomics) [PSYoungGen: 11264K->11264K(22528K)] [ParOldGen: 68402K->68402K(68608K)] 79666K->79666K(91136K), [Metaspace: 60449K->60449K(1105920K)], 0.0612222 secs] [Times: user=0.23 sys=0.01, real=0.06 secs] 
2019-09-25T15:15:40.950-0530: 174.794: [Full GC (Ergonomics) [PSYoungGen: 11264K->11238K(22528K)] [ParOldGen: 68405K->68388K(68608K)] 79669K->79626K(91136K), [Metaspace: 60449K->60449K(1105920K)], 0.0559382 secs] [Times: user=0.20 sys=0.00, real=0.05 secs] 
2019-09-25T15:15:41.008-0530: 174.851: [Full GC (Ergonomics) [PSYoungGen: 11264K->11243K(22528K)] [ParOldGen: 68388K->68387K(68608K)] 79652K->79631K(91136K), [Metaspace: 60449K->60449K(1105920K)], 0.0526209 secs] [Times: user=0.16 sys=0.00, real=0.06 secs] 
2019-09-25T15:15:41.061-0530: 174.905: [Full GC (Ergonomics) [PSYoungGen: 11264K->11244K(22528K)] [ParOldGen: 68387K->68387K(68608K)] 79651K->79632K(91136K), [Metaspace: 60449K->60449K(1105920K)], 0.0574087 secs] [Times: user=0.17 sys=0.00, real=0.05 secs] 
2019-09-25T15:15:41.120-0530: 174.963: [Full GC (Ergonomics) [PSYoungGen: 11264K->11247K(22528K)] [ParOldGen: 68387K->68382K(68608K)] 79651K->79629K(91136K), [Metaspace: 60449K->60449K(1105920K)], 0.0733919 secs] [Times: user=0.28 sys=0.01, real=0.07 secs] 
2019-09-25T15:15:41.201-0530: 175.045: [Full GC (Ergonomics) [PSYoungGen: 11264K->11246K(22528K)] [ParOldGen: 68382K->68376K(68608K)] 79646K->79623K(91136K), [Metaspace: 60449K->60449K(1105920K)], 0.0660534 secs] [Times: user=0.27 sys=0.00, real=0.06 secs] 
2019-09-25T15:15:41.269-0530: 175.112: [Full GC (Ergonomics) [PSYoungGen: 11264K->11256K(22528K)] [ParOldGen: 68376K->68376K(68608K)] 79640K->79632K(91136K), [Metaspace: 60449K->60449K(1105920K)], 0.0579229 secs] [Times: user=0.20 sys=0.00, real=0.06 secs] 
2019-09-25T15:15:41.328-0530: 175.171: [Full GC (Ergonomics) [PSYoungGen: 11264K->11262K(22528K)] [ParOldGen: 68376K->68376K(68608K)] 79640K->79638K(91136K), [Metaspace: 60449K->60449K(1105920K)], 0.0632239 secs] [Times: user=0.22 sys=0.00, real=0.07 secs] 
2019-09-25T15:15:41.392-0530: 175.235: [Full GC (Ergonomics) [PSYoungGen: 11264K->11261K(22528K)] [ParOldGen: 68376K->68376K(68608K)] 79640K->79638K(91136K), [Metaspace: 60449K->60449K(1105920K)], 0.0537200 secs] [Times: user=0.17 sys=0.00, real=0.05 secs] 
2019-09-25T15:15:41.447-0530: 175.290: [Full GC (Ergonomics) [PSYoungGen: 11264K->11262K(22528K)] [ParOldGen: 68376K->68376K(68608K)] 79640K->79639K(91136K), [Metaspace: 60449K->60449K(1105920K)], 0.0533400 secs] [Times: user=0.17 sys=0.00, real=0.06 secs] 
2019-09-25T15:15:41.501-0530: 175.345: [Full GC (Ergonomics) [PSYoungGen: 11264K->11263K(22528K)] [ParOldGen: 68376K->68376K(68608K)] 79640K->79640K(91136K), [Metaspace: 60449K->60449K(1105920K)], 0.0541873 secs] [Times: user=0.17 sys=0.00, real=0.05 secs] 
2019-09-25T15:15:41.557-0530: 175.400: [Full GC (Ergonomics) [PSYoungGen: 11263K->11260K(22528K)] [ParOldGen: 68376K->68375K(68608K)] 79640K->79636K(91136K), [Metaspace: 60449K->60449K(1105920K)], 0.0518779 secs] [Times: user=0.16 sys=0.01, real=0.05 secs] 
2019-09-25T15:15:41.610-0530: 175.453: [Full GC (Ergonomics) [PSYoungGen: 11264K->11261K(22528K)] [ParOldGen: 68375K->68375K(68608K)] 79639K->79636K(91136K), [Metaspace: 60449K->60449K(1105920K)], 0.0548873 secs] [Times: user=0.16 sys=0.00, real=0.05 secs] 
2019-09-25T15:15:41.666-0530: 175.509: [Full GC (Ergonomics) [PSYoungGen: 11264K->11260K(22528K)] [ParOldGen: 68375K->68375K(68608K)] 79639K->79635K(91136K), [Metaspace: 60449K->60449K(1105920K)], 0.0588358 secs] [Times: user=0.18 sys=0.00, real=0.06 secs] 
2019-09-25T15:15:41.726-0530: 175.569: [Full GC (Ergonomics) [PSYoungGen: 11264K->11261K(22528K)] [ParOldGen: 68375K->68375K(68608K)] 79639K->79636K(91136K), [Metaspace: 60449K->60449K(1105920K)], 0.0572499 secs] [Times: user=0.17 sys=0.00, real=0.06 secs] 
2019-09-25T15:15:41.784-0530: 175.628: [Full GC (Ergonomics) [PSYoungGen: 11264K->11262K(22528K)] [ParOldGen: 68375K->68375K(68608K)] 79639K->79637K(91136K), [Metaspace: 60449K->60449K(1105920K)], 0.0589866 secs] [Times: user=0.19 sys=0.01, real=0.06 secs] 
2019-09-25T15:15:41.844-0530: 175.688: [Full GC (Ergonomics) [PSYoungGen: 11264K->11261K(22528K)] [ParOldGen: 68375K->68375K(68608K)] 79639K->79636K(91136K), [Metaspace: 60449K->60449K(1105920K)], 0.0537529 secs] [Times: user=0.18 sys=0.00, real=0.05 secs] 
2019-09-25T15:15:41.899-0530: 175.743: [Full GC (Ergonomics) [PSYoungGen: 11264K->11263K(22528K)] [ParOldGen: 68375K->68375K(68608K)] 79639K->79638K(91136K), [Metaspace: 60450K->60450K(1105920K)], 0.0520436 secs] [Times: user=0.18 sys=0.00, real=0.06 secs] 
2019-09-25T15:15:41.952-0530: 175.796: [Full GC (Ergonomics) [PSYoungGen: 11264K->11263K(22528K)] [ParOldGen: 68375K->68375K(68608K)] 79639K->79638K(91136K), [Metaspace: 60450K->60450K(1105920K)], 0.0541133 secs] [Times: user=0.17 sys=0.00, real=0.05 secs] 
2019-09-25T15:15:42.008-0530: 175.851: [Full GC (Ergonomics) [PSYoungGen: 11264K->11263K(22528K)] [ParOldGen: 68375K->68375K(68608K)] 79639K->79639K(91136K), [Metaspace: 60450K->60450K(1105920K)], 0.0521093 secs] [Times: user=0.17 sys=0.01, real=0.06 secs] 
2019-09-25T15:15:42.061-0530: 175.904: [Full GC (Ergonomics) [PSYoungGen: 11264K->11264K(22528K)] [ParOldGen: 68375K->68375K(68608K)] 79639K->79639K(91136K), [Metaspace: 60450K->60450K(1105920K)], 0.0567526 secs] [Times: user=0.18 sys=0.00, real=0.05 secs] 
2019-09-25T15:15:42.119-0530: 175.962: [Full GC (Ergonomics) [PSYoungGen: 11264K->11240K(22528K)] [ParOldGen: 68379K->68358K(68608K)] 79643K->79599K(91136K), [Metaspace: 60450K->60450K(1105920K)], 0.0581439 secs] [Times: user=0.17 sys=0.00, real=0.06 secs] 
2019-09-25T15:15:42.178-0530: 176.022: [Full GC (Ergonomics) [PSYoungGen: 11264K->11244K(22528K)] [ParOldGen: 68358K->68358K(68608K)] 79622K->79602K(91136K), [Metaspace: 60450K->60450K(1105920K)], 0.0589023 secs] [Times: user=0.19 sys=0.00, real=0.06 secs] 
2019-09-25T15:15:42.239-0530: 176.082: [Full GC (Ergonomics) [PSYoungGen: 11264K->11253K(22528K)] [ParOldGen: 68358K->68358K(68608K)] 79622K->79612K(91136K), [Metaspace: 60450K->60450K(1105920K)], 0.0568996 secs] [Times: user=0.19 sys=0.01, real=0.06 secs] 
2019-09-25T15:15:42.297-0530: 176.140: [Full GC (Ergonomics) [PSYoungGen: 11264K->11251K(22528K)] [ParOldGen: 68358K->68357K(68608K)] 79622K->79609K(91136K), [Metaspace: 60450K->60450K(1105920K)], 0.0581460 secs] [Times: user=0.19 sys=0.00, real=0.06 secs] 
2019-09-25T15:15:42.356-0530: 176.200: [Full GC (Ergonomics) [PSYoungGen: 11264K->11252K(22528K)] [ParOldGen: 68357K->68357K(68608K)] 79621K->79610K(91136K), [Metaspace: 60450K->60450K(1105920K)], 0.0511850 secs] [Times: user=0.18 sys=0.00, real=0.05 secs] 
2019-09-25T15:15:42.409-0530: 176.252: [Full GC (Ergonomics) [PSYoungGen: 11264K->11249K(22528K)] [ParOldGen: 68357K->68357K(68608K)] 79621K->79606K(91136K), [Metaspace: 60450K->60450K(1105920K)], 0.0540062 secs] [Times: user=0.17 sys=0.00, real=0.06 secs] 
2019-09-25T15:15:42.464-0530: 176.307: [Full GC (Ergonomics) [PSYoungGen: 11264K->11251K(22528K)] [ParOldGen: 68357K->68357K(68608K)] 79621K->79608K(91136K), [Metaspace: 60450K->60450K(1105920K)], 0.0518911 secs] [Times: user=0.17 sys=0.00, real=0.05 secs] 
2019-09-25T15:15:42.517-0530: 176.360: [Full GC (Ergonomics) [PSYoungGen: 11264K->11253K(22528K)] [ParOldGen: 68357K->68357K(68608K)] 79621K->79610K(91136K), [Metaspace: 60450K->60450K(1105920K)], 0.0632029 secs] [Times: user=0.20 sys=0.00, real=0.07 secs] 
2019-09-25T15:15:42.581-0530: 176.425: [Full GC (Ergonomics) [PSYoungGen: 11264K->11252K(22528K)] [ParOldGen: 68357K->68356K(68608K)] 79621K->79609K(91136K), [Metaspace: 60450K->60450K(1105920K)], 0.0550973 secs] [Times: user=0.16 sys=0.00, real=0.05 secs] 
2019-09-25T15:15:42.637-0530: 176.481: [Full GC (Ergonomics) [PSYoungGen: 11264K->11246K(22528K)] [ParOldGen: 68356K->68356K(68608K)] 79620K->79603K(91136K), [Metaspace: 60450K->60450K(1105920K)], 0.0563997 secs] [Times: user=0.21 sys=0.00, real=0.06 secs] 
2019-09-25T15:15:42.695-0530: 176.538: [Full GC (Ergonomics) [PSYoungGen: 11264K->11247K(22528K)] [ParOldGen: 68356K->68356K(68608K)] 79620K->79603K(91136K), [Metaspace: 60451K->60451K(1105920K)], 0.0599794 secs] [Times: user=0.19 sys=0.00, real=0.06 secs] 
2019-09-25T15:15:42.756-0530: 176.600: [Full GC (Ergonomics) [PSYoungGen: 11264K->11249K(22528K)] [ParOldGen: 68356K->68356K(68608K)] 79620K->79605K(91136K), [Metaspace: 60451K->60451K(1105920K)], 0.0535563 secs] [Times: user=0.17 sys=0.00, real=0.06 secs] 
2019-09-25T15:15:42.811-0530: 176.655: [Full GC (Ergonomics) [PSYoungGen: 11264K->11253K(22528K)] [ParOldGen: 68356K->68356K(68608K)] 79620K->79609K(91136K), [Metaspace: 60451K->60451K(1105920K)], 0.0560305 secs] [Times: user=0.17 sys=0.00, real=0.05 secs] 
2019-09-25T15:15:42.868-0530: 176.712: [Full GC (Ergonomics) [PSYoungGen: 11264K->11261K(22528K)] [ParOldGen: 68356K->68356K(68608K)] 79620K->79617K(91136K), [Metaspace: 60451K->60451K(1105920K)], 0.0645976 secs] [Times: user=0.20 sys=0.00, real=0.07 secs] 
2019-09-25T15:15:42.934-0530: 176.777: [Full GC (Ergonomics) [PSYoungGen: 11264K->11260K(22528K)] [ParOldGen: 68377K->68362K(68608K)] 79641K->79622K(91136K), [Metaspace: 60451K->60451K(1105920K)], 0.0586338 secs] [Times: user=0.20 sys=0.01, real=0.06 secs] 
2019-09-25T15:15:42.994-0530: 176.837: [Full GC (Ergonomics) [PSYoungGen: 11264K->11247K(22528K)] [ParOldGen: 68362K->68360K(68608K)] 79626K->79607K(91136K), [Metaspace: 60451K->60451K(1105920K)], 0.0582820 secs] [Times: user=0.18 sys=0.00, real=0.06 secs] 
2019-09-25T15:15:43.054-0530: 176.897: [Full GC (Ergonomics) [PSYoungGen: 11264K->11248K(22528K)] [ParOldGen: 68360K->68359K(68608K)] 79624K->79608K(91136K), [Metaspace: 60451K->60451K(1105920K)], 0.0509664 secs] [Times: user=0.16 sys=0.00, real=0.05 secs] 
2019-09-25T15:15:43.106-0530: 176.950: [Full GC (Ergonomics) [PSYoungGen: 11264K->11255K(22528K)] [ParOldGen: 68359K->68359K(68608K)] 79623K->79614K(91136K), [Metaspace: 60456K->60456K(1105920K)], 0.0495602 secs] [Times: user=0.17 sys=0.00, real=0.05 secs] 
2019-09-25T15:15:43.157-0530: 177.000: [Full GC (Ergonomics) [PSYoungGen: 11264K->11255K(22528K)] [ParOldGen: 68359K->68354K(68608K)] 79623K->79610K(91136K), [Metaspace: 60456K->60456K(1105920K)], 0.0537732 secs] [Times: user=0.17 sys=0.00, real=0.06 secs] 
2019-09-25T15:15:43.212-0530: 177.055: [Full GC (Ergonomics) [PSYoungGen: 11264K->11256K(22528K)] [ParOldGen: 68354K->68354K(68608K)] 79618K->79611K(91136K), [Metaspace: 60457K->60457K(1105920K)], 0.0546498 secs] [Times: user=0.18 sys=0.00, real=0.05 secs] 
2019-09-25T15:15:43.268-0530: 177.111: [Full GC (Ergonomics) [PSYoungGen: 11264K->11256K(22528K)] [ParOldGen: 68354K->68354K(68608K)] 79618K->79611K(91136K), [Metaspace: 60457K->60457K(1105920K)], 0.0553961 secs] [Times: user=0.19 sys=0.00, real=0.06 secs] 
2019-09-25T15:15:43.324-0530: 177.168: [Full GC (Ergonomics) [PSYoungGen: 11264K->11259K(22528K)] [ParOldGen: 68354K->68354K(68608K)] 79618K->79614K(91136K), [Metaspace: 60457K->60457K(1105920K)], 0.0543851 secs] [Times: user=0.18 sys=0.00, real=0.05 secs] 
2019-09-25T15:15:43.380-0530: 177.223: [Full GC (Ergonomics) [PSYoungGen: 11264K->11262K(22528K)] [ParOldGen: 68354K->68354K(68608K)] 79618K->79616K(91136K), [Metaspace: 60460K->60460K(1105920K)], 0.0746073 secs] [Times: user=0.31 sys=0.00, real=0.07 secs] 
2019-09-25T15:15:43.456-0530: 177.299: [Full GC (Ergonomics) [PSYoungGen: 11264K->11262K(22528K)] [ParOldGen: 68354K->68354K(68608K)] 79618K->79616K(91136K), [Metaspace: 60460K->60460K(1105920K)], 0.0526090 secs] [Times: user=0.18 sys=0.01, real=0.05 secs] 
2019-09-25T15:15:43.510-0530: 177.353: [Full GC (Ergonomics) [PSYoungGen: 11264K->11263K(22528K)] [ParOldGen: 68354K->68354K(68608K)] 79618K->79618K(91136K), [Metaspace: 60460K->60460K(1105920K)], 0.0533826 secs] [Times: user=0.17 sys=0.00, real=0.05 secs] 
2019-09-25T15:15:43.564-0530: 177.407: [Full GC (Ergonomics) [PSYoungGen: 11263K->11240K(22528K)] [ParOldGen: 68354K->68338K(68608K)] 79618K->79578K(91136K), [Metaspace: 60460K->60460K(1105920K)], 0.0544113 secs] [Times: user=0.17 sys=0.00, real=0.05 secs] 
2019-09-25T15:15:43.620-0530: 177.463: [Full GC (Ergonomics) [PSYoungGen: 11264K->11237K(22528K)] [ParOldGen: 68338K->68337K(68608K)] 79602K->79575K(91136K), [Metaspace: 60462K->60462K(1105920K)], 0.0543780 secs] [Times: user=0.16 sys=0.00, real=0.05 secs] 
2019-09-25T15:15:43.675-0530: 177.519: [Full GC (Ergonomics) [PSYoungGen: 11264K->11235K(22528K)] [ParOldGen: 68337K->68337K(68608K)] 79601K->79573K(91136K), [Metaspace: 60462K->60462K(1105920K)], 0.0890399 secs] [Times: user=0.43 sys=0.01, real=0.09 secs] 
2019-09-25T15:15:43.765-0530: 177.609: [Full GC (Ergonomics) [PSYoungGen: 11264K->11238K(22528K)] [ParOldGen: 68337K->68337K(68608K)] 79601K->79576K(91136K), [Metaspace: 60462K->60462K(1105920K)], 0.0513298 secs] [Times: user=0.17 sys=0.00, real=0.05 secs] 
2019-09-25T15:15:43.818-0530: 177.661: [Full GC (Ergonomics) [PSYoungGen: 11264K->11240K(22528K)] [ParOldGen: 68337K->68337K(68608K)] 79601K->79577K(91136K), [Metaspace: 60462K->60462K(1105920K)], 0.0569726 secs] [Times: user=0.18 sys=0.00, real=0.06 secs] 
2019-09-25T15:15:43.876-0530: 177.719: [Full GC (Ergonomics) [PSYoungGen: 11264K->11239K(22528K)] [ParOldGen: 68337K->68337K(68608K)] 79601K->79577K(91136K), [Metaspace: 60462K->60462K(1105920K)], 0.0590068 secs] [Times: user=0.20 sys=0.00, real=0.06 secs] 
2019-09-25T15:15:43.936-0530: 177.780: [Full GC (Ergonomics) [PSYoungGen: 11264K->11244K(22528K)] [ParOldGen: 68337K->68337K(68608K)] 79601K->79582K(91136K), [Metaspace: 60462K->60462K(1105920K)], 0.0532802 secs] [Times: user=0.18 sys=0.00, real=0.05 secs] 
2019-09-25T15:15:43.990-0530: 177.834: [Full GC (Ergonomics) [PSYoungGen: 11264K->11245K(22528K)] [ParOldGen: 68337K->68337K(68608K)] 79601K->79583K(91136K), [Metaspace: 60462K->60462K(1105920K)], 0.0553070 secs] [Times: user=0.17 sys=0.00, real=0.05 secs] 
2019-09-25T15:15:44.047-0530: 177.890: [Full GC (Ergonomics) [PSYoungGen: 11264K->11245K(22528K)] [ParOldGen: 68337K->68337K(68608K)] 79601K->79583K(91136K), [Metaspace: 60462K->60462K(1105920K)], 0.0568945 secs] [Times: user=0.20 sys=0.00, real=0.06 secs] 
2019-09-25T15:15:44.105-0530: 177.949: [Full GC (Ergonomics) [PSYoungGen: 11264K->11244K(22528K)] [ParOldGen: 68337K->68337K(68608K)] 79601K->79582K(91136K), [Metaspace: 60462K->60462K(1105920K)], 0.0584516 secs] [Times: user=0.19 sys=0.00, real=0.06 secs] 
2019-09-25T15:15:44.165-0530: 178.008: [Full GC (Ergonomics) [PSYoungGen: 11264K->11245K(22528K)] [ParOldGen: 68337K->68337K(68608K)] 79601K->79583K(91136K), [Metaspace: 60462K->60462K(1105920K)], 0.0529248 secs] [Times: user=0.17 sys=0.01, real=0.05 secs] 
2019-09-25T15:15:44.220-0530: 178.063: [Full GC (Ergonomics) [PSYoungGen: 11264K->11247K(22528K)] [ParOldGen: 68337K->68337K(68608K)] 79601K->79584K(91136K), [Metaspace: 60462K->60462K(1105920K)], 0.0574787 secs] [Times: user=0.19 sys=0.00, real=0.05 secs] 
2019-09-25T15:15:44.278-0530: 178.122: [Full GC (Ergonomics) [PSYoungGen: 11264K->11250K(22528K)] [ParOldGen: 68337K->68337K(68608K)] 79601K->79587K(91136K), [Metaspace: 60462K->60462K(1105920K)], 0.0561715 secs] [Times: user=0.19 sys=0.00, real=0.06 secs] 
2019-09-25T15:15:44.336-0530: 178.179: [Full GC (Ergonomics) [PSYoungGen: 11264K->11251K(22528K)] [ParOldGen: 68337K->68337K(68608K)] 79601K->79588K(91136K), [Metaspace: 60462K->60462K(1105920K)], 0.0523459 secs] [Times: user=0.17 sys=0.00, real=0.05 secs] 
2019-09-25T15:15:44.389-0530: 178.233: [Full GC (Ergonomics) [PSYoungGen: 11264K->11251K(22528K)] [ParOldGen: 68337K->68337K(68608K)] 79601K->79588K(91136K), [Metaspace: 60462K->60462K(1105920K)], 0.0585262 secs] [Times: user=0.20 sys=0.01, real=0.06 secs] 
2019-09-25T15:15:44.449-0530: 178.292: [Full GC (Ergonomics) [PSYoungGen: 11264K->11251K(22528K)] [ParOldGen: 68337K->68337K(68608K)] 79601K->79588K(91136K), [Metaspace: 60462K->60462K(1105920K)], 0.0559541 secs] [Times: user=0.19 sys=0.00, real=0.06 secs] 
2019-09-25T15:15:44.506-0530: 178.350: [Full GC (Ergonomics) [PSYoungGen: 11264K->11249K(22528K)] [ParOldGen: 68337K->68337K(68608K)] 79601K->79587K(91136K), [Metaspace: 60462K->60462K(1105920K)], 0.0525469 secs] [Times: user=0.17 sys=0.00, real=0.05 secs] 
2019-09-25T15:15:44.560-0530: 178.403: [Full GC (Ergonomics) [PSYoungGen: 11264K->11249K(22528K)] [ParOldGen: 68337K->68337K(68608K)] 79601K->79586K(91136K), [Metaspace: 60462K->60462K(1105920K)], 0.0532469 secs] [Times: user=0.19 sys=0.00, real=0.05 secs] 
2019-09-25T15:15:44.614-0530: 178.458: [Full GC (Ergonomics) [PSYoungGen: 11264K->11241K(22528K)] [ParOldGen: 68337K->68337K(68608K)] 79601K->79578K(91136K), [Metaspace: 60462K->60462K(1105920K)], 0.0563639 secs] [Times: user=0.18 sys=0.00, real=0.06 secs] 
2019-09-25T15:15:44.672-0530: 178.515: [Full GC (Ergonomics) [PSYoungGen: 11264K->11243K(22528K)] [ParOldGen: 68337K->68337K(68608K)] 79601K->79580K(91136K), [Metaspace: 60462K->60462K(1105920K)], 0.0603094 secs] [Times: user=0.18 sys=0.01, real=0.06 secs] 
2019-09-25T15:15:44.733-0530: 178.577: [Full GC (Ergonomics) [PSYoungGen: 11264K->11239K(22528K)] [ParOldGen: 68337K->68337K(68608K)] 79601K->79576K(91136K), [Metaspace: 60462K->60462K(1105920K)], 0.0557973 secs] [Times: user=0.19 sys=0.00, real=0.05 secs] 
2019-09-25T15:15:44.790-0530: 178.634: [Full GC (Ergonomics) [PSYoungGen: 11264K->11239K(22528K)] [ParOldGen: 68337K->68337K(68608K)] 79601K->79576K(91136K), [Metaspace: 60462K->60462K(1105920K)], 0.0529603 secs] [Times: user=0.18 sys=0.00, real=0.05 secs] 
2019-09-25T15:15:44.844-0530: 178.688: [Full GC (Ergonomics) [PSYoungGen: 11264K->11244K(22528K)] [ParOldGen: 68337K->68337K(68608K)] 79601K->79581K(91136K), [Metaspace: 60462K->60462K(1105920K)], 0.0555394 secs] [Times: user=0.17 sys=0.00, real=0.06 secs] 
2019-09-25T15:15:44.901-0530: 178.745: [Full GC (Ergonomics) [PSYoungGen: 11264K->11245K(22528K)] [ParOldGen: 68337K->68337K(68608K)] 79601K->79582K(91136K), [Metaspace: 60462K->60462K(1105920K)], 0.0530844 secs] [Times: user=0.16 sys=0.00, real=0.05 secs] 
2019-09-25T15:15:44.956-0530: 178.799: [Full GC (Ergonomics) [PSYoungGen: 11264K->11253K(22528K)] [ParOldGen: 68337K->68337K(68608K)] 79601K->79591K(91136K), [Metaspace: 60462K->60462K(1105920K)], 0.0528965 secs] [Times: user=0.18 sys=0.00, real=0.05 secs] 
2019-09-25T15:15:45.010-0530: 178.853: [Full GC (Ergonomics) [PSYoungGen: 11264K->11243K(22528K)] [ParOldGen: 68337K->68337K(68608K)] 79601K->79580K(91136K), [Metaspace: 60462K->60462K(1105920K)], 0.0524816 secs] [Times: user=0.17 sys=0.00, real=0.05 secs] 
2019-09-25T15:15:45.064-0530: 178.907: [Full GC (Ergonomics) [PSYoungGen: 11264K->11242K(22528K)] [ParOldGen: 68337K->68337K(68608K)] 79601K->79579K(91136K), [Metaspace: 60462K->60462K(1105920K)], 0.0587077 secs] [Times: user=0.20 sys=0.01, real=0.06 secs] 
2019-09-25T15:15:45.123-0530: 178.967: [Full GC (Ergonomics) [PSYoungGen: 11264K->11244K(22528K)] [ParOldGen: 68337K->68337K(68608K)] 79601K->79581K(91136K), [Metaspace: 60462K->60462K(1105920K)], 0.0610227 secs] [Times: user=0.20 sys=0.00, real=0.06 secs] 
2019-09-25T15:15:45.185-0530: 179.029: [Full GC (Ergonomics) [PSYoungGen: 11264K->11247K(22528K)] [ParOldGen: 68337K->68337K(68608K)] 79601K->79584K(91136K), [Metaspace: 60462K->60462K(1105920K)], 0.0533627 secs] [Times: user=0.18 sys=0.00, real=0.05 secs] 
2019-09-25T15:15:45.240-0530: 179.083: [Full GC (Ergonomics) [PSYoungGen: 11264K->11247K(22528K)] [ParOldGen: 68337K->68337K(68608K)] 79601K->79584K(91136K), [Metaspace: 60462K->60462K(1105920K)], 0.0538979 secs] [Times: user=0.17 sys=0.00, real=0.05 secs] 
2019-09-25T15:15:45.295-0530: 179.139: [Full GC (Ergonomics) [PSYoungGen: 11264K->11246K(22528K)] [ParOldGen: 68337K->68337K(68608K)] 79601K->79584K(91136K), [Metaspace: 60462K->60462K(1105920K)], 0.0547402 secs] [Times: user=0.18 sys=0.01, real=0.06 secs] 
2019-09-25T15:15:45.351-0530: 179.195: [Full GC (Ergonomics) [PSYoungGen: 11264K->11247K(22528K)] [ParOldGen: 68337K->68331K(68608K)] 79601K->79579K(91136K), [Metaspace: 60462K->60462K(1105920K)], 0.0597378 secs] [Times: user=0.21 sys=0.00, real=0.06 secs] 
2019-09-25T15:15:45.412-0530: 179.256: [Full GC (Ergonomics) [PSYoungGen: 11263K->11252K(22528K)] [ParOldGen: 68331K->68331K(68608K)] 79595K->79584K(91136K), [Metaspace: 60462K->60462K(1105920K)], 0.0576269 secs] [Times: user=0.19 sys=0.00, real=0.06 secs] 
2019-09-25T15:15:45.471-0530: 179.314: [Full GC (Ergonomics) [PSYoungGen: 11264K->11253K(22528K)] [ParOldGen: 68331K->68331K(68608K)] 79595K->79585K(91136K), [Metaspace: 60462K->60462K(1105920K)], 0.0535391 secs] [Times: user=0.18 sys=0.00, real=0.05 secs] 
2019-09-25T15:15:45.526-0530: 179.369: [Full GC (Ergonomics) [PSYoungGen: 11264K->11253K(22528K)] [ParOldGen: 68331K->68331K(68608K)] 79595K->79585K(91136K), [Metaspace: 60462K->60462K(1105920K)], 0.0542519 secs] [Times: user=0.18 sys=0.01, real=0.06 secs] 
2019-09-25T15:15:45.581-0530: 179.425: [Full GC (Ergonomics) [PSYoungGen: 11264K->11255K(22528K)] [ParOldGen: 68331K->68331K(68608K)] 79595K->79587K(91136K), [Metaspace: 60462K->60462K(1105920K)], 0.0546295 secs] [Times: user=0.18 sys=0.00, real=0.05 secs] 
2019-09-25T15:15:45.637-0530: 179.480: [Full GC (Ergonomics) [PSYoungGen: 11264K->11260K(22528K)] [ParOldGen: 68331K->68331K(68608K)] 79595K->79591K(91136K), [Metaspace: 60462K->60462K(1105920K)], 0.0549976 secs] [Times: user=0.18 sys=0.00, real=0.06 secs] 
2019-09-25T15:15:45.693-0530: 179.537: [Full GC (Ergonomics) [PSYoungGen: 11264K->11260K(22528K)] [ParOldGen: 68331K->68331K(68608K)] 79595K->79592K(91136K), [Metaspace: 60462K->60462K(1105920K)], 0.0580732 secs] [Times: user=0.18 sys=0.00, real=0.06 secs] 
2019-09-25T15:15:45.752-0530: 179.596: [Full GC (Ergonomics) [PSYoungGen: 11264K->11260K(22528K)] [ParOldGen: 68331K->68331K(68608K)] 79595K->79591K(91136K), [Metaspace: 60462K->60462K(1105920K)], 0.0502891 secs] [Times: user=0.18 sys=0.01, real=0.05 secs] 
2019-09-25T15:15:45.804-0530: 179.647: [Full GC (Ergonomics) [PSYoungGen: 11264K->11261K(22528K)] [ParOldGen: 68331K->68331K(68608K)] 79595K->79592K(91136K), [Metaspace: 60462K->60462K(1105920K)], 0.0566707 secs] [Times: user=0.18 sys=0.00, real=0.06 secs] 
2019-09-25T15:15:45.862-0530: 179.705: [Full GC (Ergonomics) [PSYoungGen: 11264K->11259K(22528K)] [ParOldGen: 68331K->68331K(68608K)] 79595K->79590K(91136K), [Metaspace: 60462K->60462K(1105920K)], 0.0610635 secs] [Times: user=0.21 sys=0.00, real=0.06 secs] 
2019-09-25T15:15:45.924-0530: 179.767: [Full GC (Ergonomics) [PSYoungGen: 11264K->11261K(22528K)] [ParOldGen: 68331K->68331K(68608K)] 79595K->79592K(91136K), [Metaspace: 60462K->60462K(1105920K)], 0.0542989 secs] [Times: user=0.17 sys=0.00, real=0.05 secs] 
2019-09-25T15:15:45.979-0530: 179.822: [Full GC (Ergonomics) [PSYoungGen: 11264K->11261K(22528K)] [ParOldGen: 68331K->68331K(68608K)] 79595K->79592K(91136K), [Metaspace: 60462K->60462K(1105920K)], 0.0582481 secs] [Times: user=0.18 sys=0.01, real=0.06 secs] 
2019-09-25T15:15:46.038-0530: 179.882: [Full GC (Ergonomics) [PSYoungGen: 11264K->11261K(22528K)] [ParOldGen: 68331K->68331K(68608K)] 79595K->79592K(91136K), [Metaspace: 60462K->60462K(1105920K)], 0.0518352 secs] [Times: user=0.17 sys=0.00, real=0.06 secs] 
2019-09-25T15:15:46.091-0530: 179.935: [Full GC (Ergonomics) [PSYoungGen: 11264K->11261K(22528K)] [ParOldGen: 68331K->68331K(68608K)] 79595K->79592K(91136K), [Metaspace: 60462K->60462K(1105920K)], 0.0575556 secs] [Times: user=0.17 sys=0.00, real=0.05 secs] 
2019-09-25T15:15:46.150-0530: 179.993: [Full GC (Ergonomics) [PSYoungGen: 11264K->11237K(22528K)] [ParOldGen: 68331K->68322K(68608K)] 79595K->79559K(91136K), [Metaspace: 60462K->60462K(1105920K)], 0.0489555 secs] [Times: user=0.17 sys=0.00, real=0.04 secs] 
2019-09-25T15:15:46.200-0530: 180.044: [Full GC (Ergonomics) [PSYoungGen: 11264K->11238K(22528K)] [ParOldGen: 68322K->68321K(68608K)] 79586K->79560K(91136K), [Metaspace: 60462K->60462K(1105920K)], 0.0526281 secs] [Times: user=0.18 sys=0.01, real=0.05 secs] 
2019-09-25T15:15:46.254-0530: 180.097: [Full GC (Ergonomics) [PSYoungGen: 11264K->11238K(22528K)] [ParOldGen: 68321K->68321K(68608K)] 79585K->79560K(91136K), [Metaspace: 60462K->60462K(1105920K)], 0.0523091 secs] [Times: user=0.17 sys=0.00, real=0.05 secs] 
2019-09-25T15:15:46.307-0530: 180.151: [Full GC (Ergonomics) [PSYoungGen: 11264K->11239K(22528K)] [ParOldGen: 68321K->68321K(68608K)] 79585K->79561K(91136K), [Metaspace: 60462K->60462K(1105920K)], 0.0524653 secs] [Times: user=0.18 sys=0.00, real=0.06 secs] 
2019-09-25T15:15:46.361-0530: 180.204: [Full GC (Ergonomics) [PSYoungGen: 11264K->11240K(22528K)] [ParOldGen: 68321K->68321K(68608K)] 79585K->79562K(91136K), [Metaspace: 60462K->60462K(1105920K)], 0.0562261 secs] [Times: user=0.17 sys=0.00, real=0.05 secs] 
2019-09-25T15:15:46.418-0530: 180.262: [Full GC (Ergonomics) [PSYoungGen: 11264K->11237K(22528K)] [ParOldGen: 68321K->68321K(68608K)] 79585K->79558K(91136K), [Metaspace: 60462K->60462K(1105920K)], 0.0631728 secs] [Times: user=0.21 sys=0.01, real=0.07 secs] 
2019-09-25T15:15:46.483-0530: 180.326: [Full GC (Ergonomics) [PSYoungGen: 11264K->11241K(22528K)] [ParOldGen: 68321K->68321K(68608K)] 79585K->79563K(91136K), [Metaspace: 60462K->60462K(1105920K)], 0.0780801 secs] [Times: user=0.35 sys=0.00, real=0.08 secs] 
2019-09-25T15:15:46.562-0530: 180.406: [Full GC (Ergonomics) [PSYoungGen: 11264K->11240K(22528K)] [ParOldGen: 68321K->68321K(68608K)] 79585K->79561K(91136K), [Metaspace: 60464K->60464K(1105920K)], 0.0529794 secs] [Times: user=0.17 sys=0.00, real=0.05 secs] 
2019-09-25T15:15:46.617-0530: 180.460: [Full GC (Ergonomics) [PSYoungGen: 11264K->11238K(22528K)] [ParOldGen: 68321K->68321K(68608K)] 79585K->79559K(91136K), [Metaspace: 60464K->60464K(1105920K)], 0.0576667 secs] [Times: user=0.19 sys=0.01, real=0.06 secs] 
2019-09-25T15:15:46.675-0530: 180.519: [Full GC (Ergonomics) [PSYoungGen: 11264K->11242K(22528K)] [ParOldGen: 68321K->68321K(68608K)] 79585K->79563K(91136K), [Metaspace: 60464K->60464K(1105920K)], 0.0667587 secs] [Times: user=0.20 sys=0.00, real=0.07 secs] 
2019-09-25T15:15:46.743-0530: 180.587: [Full GC (Ergonomics) [PSYoungGen: 11264K->11241K(22528K)] [ParOldGen: 68321K->68321K(68608K)] 79585K->79562K(91136K), [Metaspace: 60464K->60464K(1105920K)], 0.0520405 secs] [Times: user=0.18 sys=0.00, real=0.05 secs] 
2019-09-25T15:15:46.797-0530: 180.640: [Full GC (Ergonomics) [PSYoungGen: 11264K->11241K(22528K)] [ParOldGen: 68321K->68321K(68608K)] 79585K->79563K(91136K), [Metaspace: 60464K->60464K(1105920K)], 0.0519434 secs] [Times: user=0.18 sys=0.00, real=0.05 secs] 
2019-09-25T15:15:46.850-0530: 180.693: [Full GC (Ergonomics) [PSYoungGen: 11264K->11252K(22528K)] [ParOldGen: 68321K->68321K(68608K)] 79585K->79573K(91136K), [Metaspace: 60464K->60464K(1105920K)], 0.0566544 secs] [Times: user=0.19 sys=0.00, real=0.05 secs] 
2019-09-25T15:15:46.908-0530: 180.751: [Full GC (Ergonomics) [PSYoungGen: 11264K->11252K(22528K)] [ParOldGen: 68321K->68321K(68608K)] 79585K->79573K(91136K), [Metaspace: 60464K->60464K(1105920K)], 0.0539636 secs] [Times: user=0.19 sys=0.00, real=0.06 secs] 
2019-09-25T15:15:46.963-0530: 180.806: [Full GC (Ergonomics) [PSYoungGen: 11264K->11252K(22528K)] [ParOldGen: 68321K->68321K(68608K)] 79585K->79574K(91136K), [Metaspace: 60464K->60464K(1105920K)], 0.0587083 secs] [Times: user=0.17 sys=0.00, real=0.06 secs] 
2019-09-25T15:15:47.023-0530: 180.866: [Full GC (Ergonomics) [PSYoungGen: 11264K->11249K(22528K)] [ParOldGen: 68321K->68320K(68608K)] 79585K->79570K(91136K), [Metaspace: 60465K->60465K(1105920K)], 0.0799095 secs] [Times: user=0.35 sys=0.01, real=0.08 secs] 
2019-09-25T15:15:47.104-0530: 180.947: [Full GC (Ergonomics) [PSYoungGen: 11264K->11250K(22528K)] [ParOldGen: 68320K->68320K(68608K)] 79584K->79571K(91136K), [Metaspace: 60465K->60465K(1105920K)], 0.0758926 secs] [Times: user=0.33 sys=0.00, real=0.08 secs] 
2019-09-25T15:15:47.181-0530: 181.025: [Full GC (Ergonomics) [PSYoungGen: 11264K->11252K(22528K)] [ParOldGen: 68320K->68320K(68608K)] 79584K->79573K(91136K), [Metaspace: 60465K->60465K(1105920K)], 0.0604003 secs] [Times: user=0.23 sys=0.01, real=0.06 secs] 
2019-09-25T15:15:47.243-0530: 181.086: [Full GC (Ergonomics) [PSYoungGen: 11264K->11252K(22528K)] [ParOldGen: 68320K->68315K(68608K)] 79584K->79567K(91136K), [Metaspace: 60465K->60465K(1105920K)], 0.0597983 secs] [Times: user=0.20 sys=0.00, real=0.06 secs] 
2019-09-25T15:15:47.304-0530: 181.147: [Full GC (Ergonomics) [PSYoungGen: 11264K->11253K(22528K)] [ParOldGen: 68315K->68314K(68608K)] 79579K->79567K(91136K), [Metaspace: 60465K->60465K(1105920K)], 0.0548929 secs] [Times: user=0.18 sys=0.00, real=0.05 secs] 
2019-09-25T15:15:47.360-0530: 181.203: [Full GC (Ergonomics) [PSYoungGen: 11264K->11255K(22528K)] [ParOldGen: 68314K->68314K(68608K)] 79578K->79570K(91136K), [Metaspace: 60465K->60465K(1105920K)], 0.0574824 secs] [Times: user=0.18 sys=0.01, real=0.05 secs] 
2019-09-25T15:15:47.418-0530: 181.262: [Full GC (Ergonomics) [PSYoungGen: 11264K->11254K(22528K)] [ParOldGen: 68314K->68314K(68608K)] 79578K->79568K(91136K), [Metaspace: 60465K->60465K(1105920K)], 0.0572545 secs] [Times: user=0.19 sys=0.00, real=0.06 secs] 
2019-09-25T15:15:47.477-0530: 181.320: [Full GC (Ergonomics) [PSYoungGen: 11264K->11254K(22528K)] [ParOldGen: 68344K->68339K(68608K)] 79608K->79594K(91136K), [Metaspace: 60466K->60466K(1105920K)], 0.0554329 secs] [Times: user=0.18 sys=0.00, real=0.06 secs] 
2019-09-25T15:15:47.533-0530: 181.377: [Full GC (Ergonomics) [PSYoungGen: 11264K->11256K(22528K)] [ParOldGen: 68339K->68339K(68608K)] 79603K->79595K(91136K), [Metaspace: 60466K->60466K(1105920K)], 0.0550459 secs] [Times: user=0.17 sys=0.00, real=0.05 secs] 
2019-09-25T15:15:47.590-0530: 181.433: [Full GC (Ergonomics) [PSYoungGen: 11264K->11255K(22528K)] [ParOldGen: 68339K->68339K(68608K)] 79603K->79595K(91136K), [Metaspace: 60466K->60466K(1105920K)], 0.0499379 secs] [Times: user=0.17 sys=0.01, real=0.05 secs] 
2019-09-25T15:15:47.641-0530: 181.484: [Full GC (Ergonomics) [PSYoungGen: 11264K->11257K(22528K)] [ParOldGen: 68339K->68338K(68608K)] 79603K->79596K(91136K), [Metaspace: 60466K->60466K(1105920K)], 0.0542523 secs] [Times: user=0.18 sys=0.00, real=0.05 secs] 
2019-09-25T15:15:47.696-0530: 181.540: [Full GC (Ergonomics) [PSYoungGen: 11264K->11257K(22528K)] [ParOldGen: 68338K->68338K(68608K)] 79602K->79596K(91136K), [Metaspace: 60466K->60466K(1105920K)], 0.0518500 secs] [Times: user=0.17 sys=0.00, real=0.05 secs] 
2019-09-25T15:15:47.749-0530: 181.593: [Full GC (Ergonomics) [PSYoungGen: 11264K->11257K(22528K)] [ParOldGen: 68338K->68338K(68608K)] 79602K->79596K(91136K), [Metaspace: 60466K->60466K(1105920K)], 0.0529274 secs] [Times: user=0.18 sys=0.00, real=0.06 secs] 
2019-09-25T15:15:47.803-0530: 181.647: [Full GC (Ergonomics) [PSYoungGen: 11264K->11257K(22528K)] [ParOldGen: 68338K->68338K(68608K)] 79602K->79596K(91136K), [Metaspace: 60466K->60466K(1105920K)], 0.0563788 secs] [Times: user=0.18 sys=0.01, real=0.06 secs] 
2019-09-25T15:15:47.861-0530: 181.704: [Full GC (Ergonomics) [PSYoungGen: 11264K->11256K(22528K)] [ParOldGen: 68338K->68338K(68608K)] 79602K->79594K(91136K), [Metaspace: 60466K->60466K(1105920K)], 0.0579261 secs] [Times: user=0.20 sys=0.00, real=0.05 secs] 
2019-09-25T15:15:47.920-0530: 181.764: [Full GC (Ergonomics) [PSYoungGen: 11264K->11257K(22528K)] [ParOldGen: 68338K->68338K(68608K)] 79602K->79595K(91136K), [Metaspace: 60466K->60466K(1105920K)], 0.0612457 secs] [Times: user=0.20 sys=0.00, real=0.06 secs] 
2019-09-25T15:15:47.982-0530: 181.826: [Full GC (Ergonomics) [PSYoungGen: 11263K->11257K(22528K)] [ParOldGen: 68338K->68338K(68608K)] 79602K->79596K(91136K), [Metaspace: 60466K->60466K(1105920K)], 0.0560981 secs] [Times: user=0.19 sys=0.00, real=0.05 secs] 
2019-09-25T15:15:48.040-0530: 181.883: [Full GC (Ergonomics) [PSYoungGen: 11264K->11257K(22528K)] [ParOldGen: 68338K->68338K(68608K)] 79602K->79595K(91136K), [Metaspace: 60466K->60466K(1105920K)], 0.0535374 secs] [Times: user=0.18 sys=0.01, real=0.05 secs] 
2019-09-25T15:15:48.094-0530: 181.938: [Full GC (Ergonomics) [PSYoungGen: 11264K->11257K(22528K)] [ParOldGen: 68338K->68338K(68608K)] 79602K->79596K(91136K), [Metaspace: 60466K->60466K(1105920K)], 0.0530317 secs] [Times: user=0.17 sys=0.00, real=0.05 secs] 
2019-09-25T15:15:48.149-0530: 181.992: [Full GC (Ergonomics) [PSYoungGen: 11264K->11258K(22528K)] [ParOldGen: 68338K->68338K(68608K)] 79602K->79596K(91136K), [Metaspace: 60466K->60466K(1105920K)], 0.0499355 secs] [Times: user=0.17 sys=0.00, real=0.05 secs] 
2019-09-25T15:15:48.200-0530: 182.043: [Full GC (Ergonomics) [PSYoungGen: 11264K->11257K(22528K)] [ParOldGen: 68338K->68338K(68608K)] 79602K->79595K(91136K), [Metaspace: 60466K->60466K(1105920K)], 0.0527984 secs] [Times: user=0.17 sys=0.00, real=0.05 secs] 
2019-09-25T15:15:48.254-0530: 182.097: [Full GC (Ergonomics) [PSYoungGen: 11264K->11261K(22528K)] [ParOldGen: 68357K->68355K(68608K)] 79621K->79617K(91136K), [Metaspace: 60466K->60466K(1105920K)], 0.0521349 secs] [Times: user=0.19 sys=0.01, real=0.05 secs] 
2019-09-25T15:15:48.307-0530: 182.150: [Full GC (Ergonomics) [PSYoungGen: 11264K->11261K(22528K)] [ParOldGen: 68355K->68355K(68608K)] 79619K->79617K(91136K), [Metaspace: 60466K->60466K(1105920K)], 0.0559971 secs] [Times: user=0.17 sys=0.00, real=0.06 secs] 
2019-09-25T15:15:48.364-0530: 182.207: [Full GC (Ergonomics) [PSYoungGen: 11264K->11261K(22528K)] [ParOldGen: 68355K->68355K(68608K)] 79619K->79617K(91136K), [Metaspace: 60466K->60466K(1105920K)], 0.0544538 secs] [Times: user=0.17 sys=0.00, real=0.05 secs] 
2019-09-25T15:15:48.420-0530: 182.263: [Full GC (Ergonomics) [PSYoungGen: 11264K->11261K(22528K)] [ParOldGen: 68355K->68355K(68608K)] 79619K->79617K(91136K), [Metaspace: 60466K->60466K(1105920K)], 0.0588539 secs] [Times: user=0.19 sys=0.00, real=0.05 secs] 
2019-09-25T15:15:48.480-0530: 182.323: [Full GC (Ergonomics) [PSYoungGen: 11264K->11261K(22528K)] [ParOldGen: 68355K->68355K(68608K)] 79619K->79617K(91136K), [Metaspace: 60466K->60466K(1105920K)], 0.0562973 secs] [Times: user=0.17 sys=0.00, real=0.05 secs] 
2019-09-25T15:15:48.537-0530: 182.381: [Full GC (Ergonomics) [PSYoungGen: 11264K->11261K(22528K)] [ParOldGen: 68355K->68355K(68608K)] 79619K->79616K(91136K), [Metaspace: 60466K->60466K(1105920K)], 0.0550664 secs] [Times: user=0.18 sys=0.00, real=0.06 secs] 
2019-09-25T15:15:48.593-0530: 182.437: [Full GC (Ergonomics) [PSYoungGen: 11264K->11261K(22528K)] [ParOldGen: 68355K->68355K(68608K)] 79619K->79616K(91136K), [Metaspace: 60466K->60466K(1105920K)], 0.0494934 secs] [Times: user=0.16 sys=0.00, real=0.05 secs] 
2019-09-25T15:15:48.644-0530: 182.487: [Full GC (Ergonomics) [PSYoungGen: 11264K->11261K(22528K)] [ParOldGen: 68355K->68355K(68608K)] 79619K->79616K(91136K), [Metaspace: 60466K->60466K(1105920K)], 0.0498638 secs] [Times: user=0.16 sys=0.00, real=0.05 secs] 
2019-09-25T15:15:48.696-0530: 182.539: [Full GC (Ergonomics) [PSYoungGen: 11264K->11261K(22528K)] [ParOldGen: 68355K->68354K(68608K)] 79619K->79616K(91136K), [Metaspace: 60466K->60466K(1105920K)], 0.0548653 secs] [Times: user=0.16 sys=0.00, real=0.06 secs] 
2019-09-25T15:15:48.751-0530: 182.595: [Full GC (Ergonomics) [PSYoungGen: 11264K->11261K(22528K)] [ParOldGen: 68354K->68354K(68608K)] 79618K->79615K(91136K), [Metaspace: 60466K->60466K(1105920K)], 0.0512369 secs] [Times: user=0.16 sys=0.01, real=0.05 secs] 
2019-09-25T15:15:48.804-0530: 182.647: [Full GC (Ergonomics) [PSYoungGen: 11264K->11262K(22528K)] [ParOldGen: 68354K->68354K(68608K)] 79618K->79616K(91136K), [Metaspace: 60466K->60466K(1105920K)], 0.0686456 secs] [Times: user=0.18 sys=0.00, real=0.07 secs] 
2019-09-25T15:15:48.874-0530: 182.718: [Full GC (Ergonomics) [PSYoungGen: 11264K->11263K(22528K)] [ParOldGen: 68354K->68354K(68608K)] 79618K->79618K(91136K), [Metaspace: 60466K->60466K(1105920K)], 0.0570800 secs] [Times: user=0.17 sys=0.00, real=0.06 secs] 
2019-09-25T15:15:48.932-0530: 182.776: [Full GC (Ergonomics) [PSYoungGen: 11264K->11263K(22528K)] [ParOldGen: 68354K->68354K(68608K)] 79618K->79618K(91136K), [Metaspace: 60466K->60466K(1105920K)], 0.0568326 secs] [Times: user=0.17 sys=0.00, real=0.05 secs] 
2019-09-25T15:15:48.990-0530: 182.834: [Full GC (Ergonomics) [PSYoungGen: 11263K->11263K(22528K)] [ParOldGen: 68354K->68354K(68608K)] 79618K->79618K(91136K), [Metaspace: 60466K->60466K(1105920K)], 0.0593399 secs] [Times: user=0.17 sys=0.01, real=0.06 secs] 
2019-09-25T15:15:49.051-0530: 182.894: [Full GC (Ergonomics) [PSYoungGen: 11264K->11262K(22528K)] [ParOldGen: 68358K->68356K(68608K)] 79622K->79618K(91136K), [Metaspace: 60466K->60466K(1105920K)], 0.0635772 secs] [Times: user=0.18 sys=0.00, real=0.06 secs] 
2019-09-25T15:15:49.116-0530: 182.960: [Full GC (Ergonomics) [PSYoungGen: 11264K->11262K(22528K)] [ParOldGen: 68356K->68356K(68608K)] 79620K->79618K(91136K), [Metaspace: 60466K->60466K(1105920K)], 0.0657650 secs] [Times: user=0.17 sys=0.00, real=0.07 secs] 
2019-09-25T15:15:49.183-0530: 183.026: [Full GC (Ergonomics) [PSYoungGen: 11264K->11262K(22528K)] [ParOldGen: 68356K->68356K(68608K)] 79620K->79619K(91136K), [Metaspace: 60466K->60466K(1105920K)], 0.0624951 secs] [Times: user=0.17 sys=0.00, real=0.06 secs] 
2019-09-25T15:15:49.247-0530: 183.090: [Full GC (Ergonomics) [PSYoungGen: 11264K->11263K(22528K)] [ParOldGen: 68356K->68356K(68608K)] 79620K->79619K(91136K), [Metaspace: 60466K->60466K(1105920K)], 0.0597079 secs] [Times: user=0.17 sys=0.01, real=0.06 secs] 
2019-09-25T15:15:49.307-0530: 183.151: [Full GC (Ergonomics) [PSYoungGen: 11264K->11263K(22528K)] [ParOldGen: 68356K->68356K(68608K)] 79620K->79619K(91136K), [Metaspace: 60466K->60466K(1105920K)], 0.0560551 secs] [Times: user=0.17 sys=0.00, real=0.06 secs] 
2019-09-25T15:15:49.365-0530: 183.208: [Full GC (Ergonomics) [PSYoungGen: 11264K->11261K(22528K)] [ParOldGen: 68356K->68356K(68608K)] 79620K->79617K(91136K), [Metaspace: 60466K->60466K(1105920K)], 0.0601845 secs] [Times: user=0.18 sys=0.00, real=0.06 secs] 
2019-09-25T15:15:49.426-0530: 183.270: [Full GC (Ergonomics) [PSYoungGen: 11264K->11262K(22528K)] [ParOldGen: 68356K->68356K(68608K)] 79620K->79618K(91136K), [Metaspace: 60466K->60466K(1105920K)], 0.0567441 secs] [Times: user=0.16 sys=0.00, real=0.06 secs] 
2019-09-25T15:15:49.484-0530: 183.327: [Full GC (Ergonomics) [PSYoungGen: 11264K->11262K(22528K)] [ParOldGen: 68356K->68356K(68608K)] 79620K->79618K(91136K), [Metaspace: 60466K->60466K(1105920K)], 0.0599362 secs] [Times: user=0.18 sys=0.00, real=0.06 secs] 
2019-09-25T15:15:49.545-0530: 183.389: [Full GC (Ergonomics) [PSYoungGen: 11264K->11262K(22528K)] [ParOldGen: 68356K->68355K(68608K)] 79620K->79617K(91136K), [Metaspace: 60466K->60466K(1105920K)], 0.0565597 secs] [Times: user=0.16 sys=0.00, real=0.06 secs] 
2019-09-25T15:15:49.603-0530: 183.446: [Full GC (Ergonomics) [PSYoungGen: 11264K->11261K(22528K)] [ParOldGen: 68355K->68355K(68608K)] 79619K->79617K(91136K), [Metaspace: 60466K->60466K(1105920K)], 0.0539109 secs] [Times: user=0.17 sys=0.00, real=0.05 secs] 
2019-09-25T15:15:49.658-0530: 183.501: [Full GC (Ergonomics) [PSYoungGen: 11264K->11261K(22528K)] [ParOldGen: 68355K->68355K(68608K)] 79619K->79617K(91136K), [Metaspace: 60466K->60466K(1105920K)], 0.0602346 secs] [Times: user=0.17 sys=0.00, real=0.06 secs] 
2019-09-25T15:15:49.719-0530: 183.563: [Full GC (Ergonomics) [PSYoungGen: 11264K->11261K(22528K)] [ParOldGen: 68355K->68355K(68608K)] 79619K->79617K(91136K), [Metaspace: 60466K->60466K(1105920K)], 0.0700052 secs] [Times: user=0.19 sys=0.01, real=0.07 secs] 
2019-09-25T15:15:49.790-0530: 183.634: [Full GC (Ergonomics) [PSYoungGen: 11263K->11262K(22528K)] [ParOldGen: 68355K->68355K(68608K)] 79619K->79618K(91136K), [Metaspace: 60466K->60466K(1105920K)], 0.0547477 secs] [Times: user=0.17 sys=0.00, real=0.05 secs] 
2019-09-25T15:15:49.846-0530: 183.690: [Full GC (Ergonomics) [PSYoungGen: 11264K->11262K(22528K)] [ParOldGen: 68355K->68355K(68608K)] 79619K->79618K(91136K), [Metaspace: 60466K->60466K(1105920K)], 0.0514739 secs] [Times: user=0.17 sys=0.00, real=0.05 secs] 
2019-09-25T15:15:49.899-0530: 183.742: [Full GC (Ergonomics) [PSYoungGen: 11264K->11263K(22528K)] [ParOldGen: 68355K->68355K(68608K)] 79619K->79618K(91136K), [Metaspace: 60466K->60466K(1105920K)], 0.0467063 secs] [Times: user=0.16 sys=0.00, real=0.05 secs] 
2019-09-25T15:15:49.946-0530: 183.790: [Full GC (Ergonomics) [PSYoungGen: 11264K->11263K(22528K)] [ParOldGen: 68355K->68355K(68608K)] 79619K->79619K(91136K), [Metaspace: 60466K->60466K(1105920K)], 0.0503903 secs] [Times: user=0.17 sys=0.00, real=0.05 secs] 
2019-09-25T15:15:49.998-0530: 183.842: [Full GC (Ergonomics) [PSYoungGen: 11264K->11263K(22528K)] [ParOldGen: 68355K->68355K(68608K)] 79619K->79618K(91136K), [Metaspace: 60466K->60466K(1105920K)], 0.0476537 secs] [Times: user=0.16 sys=0.00, real=0.05 secs] 
2019-09-25T15:15:50.047-0530: 183.890: [Full GC (Ergonomics) [PSYoungGen: 11264K->11263K(22528K)] [ParOldGen: 68355K->68355K(68608K)] 79619K->79618K(91136K), [Metaspace: 60466K->60466K(1105920K)], 0.0460375 secs] [Times: user=0.16 sys=0.00, real=0.05 secs] 
2019-09-25T15:15:50.094-0530: 183.937: [Full GC (Ergonomics) [PSYoungGen: 11264K->11263K(22528K)] [ParOldGen: 68355K->68355K(68608K)] 79619K->79618K(91136K), [Metaspace: 60466K->60466K(1105920K)], 0.0451713 secs] [Times: user=0.16 sys=0.00, real=0.04 secs] 
2019-09-25T15:15:50.140-0530: 183.983: [Full GC (Ergonomics) [PSYoungGen: 11264K->11263K(22528K)] [ParOldGen: 68355K->68355K(68608K)] 79619K->79618K(91136K), [Metaspace: 60466K->60466K(1105920K)], 0.0467778 secs] [Times: user=0.16 sys=0.01, real=0.04 secs] 
2019-09-25T15:15:50.188-0530: 184.031: [Full GC (Ergonomics) [PSYoungGen: 11264K->11262K(22528K)] [ParOldGen: 68355K->68355K(68608K)] 79619K->79618K(91136K), [Metaspace: 60466K->60466K(1105920K)], 0.0485331 secs] [Times: user=0.16 sys=0.00, real=0.05 secs] 
2019-09-25T15:15:50.237-0530: 184.081: [Full GC (Ergonomics) [PSYoungGen: 11264K->11262K(22528K)] [ParOldGen: 68355K->68355K(68608K)] 79619K->79618K(91136K), [Metaspace: 60466K->60466K(1105920K)], 0.0473471 secs] [Times: user=0.16 sys=0.00, real=0.05 secs] 
2019-09-25T15:15:50.285-0530: 184.129: [Full GC (Ergonomics) [PSYoungGen: 11264K->11262K(22528K)] [ParOldGen: 68355K->68355K(68608K)] 79619K->79618K(91136K), [Metaspace: 60466K->60466K(1105920K)], 0.0468056 secs] [Times: user=0.16 sys=0.00, real=0.05 secs] 
2019-09-25T15:15:50.333-0530: 184.177: [Full GC (Ergonomics) [PSYoungGen: 11264K->11263K(22528K)] [ParOldGen: 68355K->68355K(68608K)] 79619K->79618K(91136K), [Metaspace: 60466K->60466K(1105920K)], 0.0491463 secs] [Times: user=0.17 sys=0.00, real=0.05 secs] 
2019-09-25T15:15:50.383-0530: 184.227: [Full GC (Ergonomics) [PSYoungGen: 11264K->11263K(22528K)] [ParOldGen: 68355K->68355K(68608K)] 79619K->79619K(91136K), [Metaspace: 60466K->60466K(1105920K)], 0.0464898 secs] [Times: user=0.17 sys=0.01, real=0.05 secs] 
2019-09-25T15:15:50.431-0530: 184.274: [Full GC (Ergonomics) [PSYoungGen: 11264K->11263K(22528K)] [ParOldGen: 68355K->68355K(68608K)] 79619K->79618K(91136K), [Metaspace: 60466K->60466K(1105920K)], 0.0545121 secs] [Times: user=0.17 sys=0.00, real=0.05 secs] 
2019-09-25T15:15:50.486-0530: 184.330: [Full GC (Ergonomics) [PSYoungGen: 11264K->11263K(22528K)] [ParOldGen: 68355K->68355K(68608K)] 79619K->79619K(91136K), [Metaspace: 60466K->60466K(1105920K)], 0.0533503 secs] [Times: user=0.17 sys=0.00, real=0.06 secs] 
2019-09-25T15:15:50.541-0530: 184.384: [Full GC (Ergonomics) [PSYoungGen: 11263K->11263K(22528K)] [ParOldGen: 68355K->68355K(68608K)] 79619K->79619K(91136K), [Metaspace: 60466K->60466K(1105920K)], 0.0445701 secs] [Times: user=0.16 sys=0.00, real=0.04 secs] 
2019-09-25T15:15:50.586-0530: 184.430: [Full GC (Ergonomics) [PSYoungGen: 11263K->11262K(22528K)] [ParOldGen: 68359K->68357K(68608K)] 79623K->79620K(91136K), [Metaspace: 60466K->60466K(1105920K)], 0.0435356 secs] [Times: user=0.16 sys=0.01, real=0.05 secs] 
2019-09-25T15:15:50.631-0530: 184.474: [Full GC (Ergonomics) [PSYoungGen: 11264K->11263K(22528K)] [ParOldGen: 68357K->68357K(68608K)] 79621K->79621K(91136K), [Metaspace: 60466K->60466K(1105920K)], 0.0461800 secs] [Times: user=0.16 sys=0.00, real=0.04 secs] 
2019-09-25T15:15:50.678-0530: 184.522: [Full GC (Ergonomics) [PSYoungGen: 11264K->11260K(22528K)] [ParOldGen: 68357K->68357K(68608K)] 79621K->79617K(91136K), [Metaspace: 60466K->60466K(1105920K)], 0.0566799 secs] [Times: user=0.20 sys=0.00, real=0.06 secs] 
2019-09-25T15:15:50.736-0530: 184.579: [Full GC (Ergonomics) [PSYoungGen: 11264K->11258K(22528K)] [ParOldGen: 68357K->68357K(68608K)] 79621K->79616K(91136K), [Metaspace: 60466K->60466K(1105920K)], 0.0560390 secs] [Times: user=0.19 sys=0.00, real=0.06 secs] 
2019-09-25T15:15:50.793-0530: 184.637: [Full GC (Ergonomics) [PSYoungGen: 11264K->11258K(22528K)] [ParOldGen: 68357K->68357K(68608K)] 79621K->79616K(91136K), [Metaspace: 60466K->60466K(1105920K)], 0.0556814 secs] [Times: user=0.18 sys=0.01, real=0.05 secs] 
2019-09-25T15:15:50.851-0530: 184.694: [Full GC (Ergonomics) [PSYoungGen: 11264K->11258K(22528K)] [ParOldGen: 68357K->68357K(68608K)] 79621K->79616K(91136K), [Metaspace: 60466K->60466K(1105920K)], 0.0539632 secs] [Times: user=0.16 sys=0.00, real=0.05 secs] 
2019-09-25T15:15:50.906-0530: 184.749: [Full GC (Ergonomics) [PSYoungGen: 11264K->11259K(22528K)] [ParOldGen: 68357K->68357K(68608K)] 79621K->79616K(91136K), [Metaspace: 60466K->60466K(1105920K)], 0.0537861 secs] [Times: user=0.17 sys=0.00, real=0.06 secs] 
2019-09-25T15:15:50.961-0530: 184.804: [Full GC (Ergonomics) [PSYoungGen: 11264K->11258K(22528K)] [ParOldGen: 68357K->68356K(68608K)] 79621K->79615K(91136K), [Metaspace: 60466K->60466K(1105920K)], 0.0601681 secs] [Times: user=0.20 sys=0.01, real=0.06 secs] 
2019-09-25T15:15:51.022-0530: 184.865: [Full GC (Ergonomics) [PSYoungGen: 11264K->11259K(22528K)] [ParOldGen: 68356K->68356K(68608K)] 79620K->79616K(91136K), [Metaspace: 60466K->60466K(1105920K)], 0.0602054 secs] [Times: user=0.18 sys=0.00, real=0.06 secs] 
2019-09-25T15:15:51.083-0530: 184.927: [Full GC (Ergonomics) [PSYoungGen: 11264K->11260K(22528K)] [ParOldGen: 68356K->68356K(68608K)] 79620K->79616K(91136K), [Metaspace: 60466K->60466K(1105920K)], 0.0549218 secs] [Times: user=0.18 sys=0.00, real=0.05 secs] 
2019-09-25T15:15:51.140-0530: 184.983: [Full GC (Ergonomics) [PSYoungGen: 11264K->11260K(22528K)] [ParOldGen: 68356K->68356K(68608K)] 79620K->79617K(91136K), [Metaspace: 60466K->60466K(1105920K)], 0.0540175 secs] [Times: user=0.17 sys=0.00, real=0.05 secs] 
2019-09-25T15:15:51.195-0530: 185.039: [Full GC (Ergonomics) [PSYoungGen: 11264K->11262K(22528K)] [ParOldGen: 68356K->68356K(68608K)] 79620K->79618K(91136K), [Metaspace: 60466K->60466K(1105920K)], 0.0623051 secs] [Times: user=0.18 sys=0.01, real=0.06 secs] 
2019-09-25T15:15:51.259-0530: 185.102: [Full GC (Ergonomics) [PSYoungGen: 11264K->11262K(22528K)] [ParOldGen: 68356K->68356K(68608K)] 79620K->79619K(91136K), [Metaspace: 60466K->60466K(1105920K)], 0.0594825 secs] [Times: user=0.17 sys=0.00, real=0.06 secs] 
2019-09-25T15:15:51.319-0530: 185.163: [Full GC (Ergonomics) [PSYoungGen: 11264K->11263K(22528K)] [ParOldGen: 68356K->68356K(68608K)] 79620K->79619K(91136K), [Metaspace: 60466K->60466K(1105920K)], 0.0582203 secs] [Times: user=0.18 sys=0.00, real=0.06 secs] 
2019-09-25T15:15:51.379-0530: 185.223: [Full GC (Ergonomics) [PSYoungGen: 11264K->11263K(22528K)] [ParOldGen: 68356K->68356K(68608K)] 79620K->79620K(91136K), [Metaspace: 60466K->60466K(1105920K)], 0.0581957 secs] [Times: user=0.17 sys=0.00, real=0.06 secs] 
2019-09-25T15:15:51.439-0530: 185.282: [Full GC (Ergonomics) [PSYoungGen: 11264K->11262K(22528K)] [ParOldGen: 68356K->68356K(68608K)] 79620K->79619K(91136K), [Metaspace: 60466K->60466K(1105920K)], 0.0629980 secs] [Times: user=0.21 sys=0.01, real=0.07 secs] 
2019-09-25T15:15:51.503-0530: 185.346: [Full GC (Ergonomics) [PSYoungGen: 11264K->11262K(22528K)] [ParOldGen: 68356K->68356K(68608K)] 79620K->79618K(91136K), [Metaspace: 60466K->60466K(1105920K)], 0.0593975 secs] [Times: user=0.18 sys=0.00, real=0.06 secs] 
2019-09-25T15:15:51.563-0530: 185.407: [Full GC (Ergonomics) [PSYoungGen: 11264K->11261K(22528K)] [ParOldGen: 68356K->68355K(68608K)] 79620K->79617K(91136K), [Metaspace: 60466K->60466K(1105920K)], 0.0849288 secs] [Times: user=0.26 sys=0.01, real=0.08 secs] 
2019-09-25T15:15:51.649-0530: 185.493: [Full GC (Ergonomics) [PSYoungGen: 11264K->11263K(22528K)] [ParOldGen: 68355K->68355K(68608K)] 79619K->79618K(91136K), [Metaspace: 60466K->60466K(1105920K)], 0.0629776 secs] [Times: user=0.18 sys=0.00, real=0.07 secs] 
2019-09-25T15:15:51.714-0530: 185.557: [Full GC (Ergonomics) [PSYoungGen: 11264K->11263K(22528K)] [ParOldGen: 68355K->68355K(68608K)] 79619K->79619K(91136K), [Metaspace: 60466K->60466K(1105920K)], 0.0580146 secs] [Times: user=0.17 sys=0.00, real=0.06 secs] 
2019-09-25T15:15:51.773-0530: 185.617: [Full GC (Ergonomics) [PSYoungGen: 11264K->11263K(22528K)] [ParOldGen: 68355K->68355K(68608K)] 79619K->79619K(91136K), [Metaspace: 60466K->60466K(1105920K)], 0.0626843 secs] [Times: user=0.16 sys=0.01, real=0.06 secs] 
2019-09-25T15:15:51.837-0530: 185.681: [Full GC (Ergonomics) [PSYoungGen: 11264K->11263K(22528K)] [ParOldGen: 68355K->68355K(68608K)] 79619K->79619K(91136K), [Metaspace: 60466K->60466K(1105920K)], 0.0521565 secs] [Times: user=0.16 sys=0.00, real=0.05 secs] 
2019-09-25T15:15:51.890-0530: 185.734: [Full GC (Ergonomics) [PSYoungGen: 11264K->11263K(22528K)] [ParOldGen: 68355K->68355K(68608K)] 79619K->79619K(91136K), [Metaspace: 60466K->60466K(1105920K)], 0.0530690 secs] [Times: user=0.16 sys=0.00, real=0.05 secs] 
2019-09-25T15:15:51.944-0530: 185.788: [Full GC (Ergonomics) [PSYoungGen: 11263K->11260K(22528K)] [ParOldGen: 68360K->68356K(68608K)] 79624K->79617K(91136K), [Metaspace: 60466K->60466K(1105920K)], 0.0629882 secs] [Times: user=0.23 sys=0.00, real=0.06 secs] 
2019-09-25T15:15:52.009-0530: 185.852: [Full GC (Ergonomics) [PSYoungGen: 11264K->11261K(22528K)] [ParOldGen: 68356K->68356K(68608K)] 79620K->79618K(91136K), [Metaspace: 60466K->60466K(1105920K)], 0.0485258 secs] [Times: user=0.17 sys=0.00, real=0.05 secs] 
2019-09-25T15:15:52.058-0530: 185.902: [Full GC (Ergonomics) [PSYoungGen: 11264K->11261K(22528K)] [ParOldGen: 68356K->68356K(68608K)] 79620K->79618K(91136K), [Metaspace: 60466K->60466K(1105920K)], 0.0493098 secs] [Times: user=0.15 sys=0.00, real=0.05 secs] 
2019-09-25T15:15:52.108-0530: 185.952: [Full GC (Ergonomics) [PSYoungGen: 11264K->11262K(22528K)] [ParOldGen: 68356K->68356K(68608K)] 79620K->79619K(91136K), [Metaspace: 60466K->60466K(1105920K)], 0.0500253 secs] [Times: user=0.16 sys=0.00, real=0.05 secs] 
2019-09-25T15:15:52.160-0530: 186.003: [Full GC (Ergonomics) [PSYoungGen: 11264K->11262K(22528K)] [ParOldGen: 68356K->68356K(68608K)] 79620K->79618K(91136K), [Metaspace: 60466K->60466K(1105920K)], 0.0479911 secs] [Times: user=0.16 sys=0.00, real=0.04 secs] 
2019-09-25T15:15:52.209-0530: 186.052: [Full GC (Ergonomics) [PSYoungGen: 11264K->11262K(22528K)] [ParOldGen: 68356K->68356K(68608K)] 79620K->79619K(91136K), [Metaspace: 60466K->60466K(1105920K)], 0.0524356 secs] [Times: user=0.16 sys=0.01, real=0.06 secs] 
2019-09-25T15:15:52.262-0530: 186.106: [Full GC (Ergonomics) [PSYoungGen: 11264K->11263K(22528K)] [ParOldGen: 68356K->68356K(68608K)] 79620K->79619K(91136K), [Metaspace: 60466K->60466K(1105920K)], 0.0473788 secs] [Times: user=0.16 sys=0.00, real=0.04 secs] 
2019-09-25T15:15:52.310-0530: 186.154: [Full GC (Ergonomics) [PSYoungGen: 11264K->11261K(22528K)] [ParOldGen: 68356K->68356K(68608K)] 79620K->79618K(91136K), [Metaspace: 60466K->60466K(1105920K)], 0.0477756 secs] [Times: user=0.17 sys=0.00, real=0.04 secs] 
2019-09-25T15:15:52.359-0530: 186.203: [Full GC (Ergonomics) [PSYoungGen: 11264K->11262K(22528K)] [ParOldGen: 68356K->68356K(68608K)] 79620K->79619K(91136K), [Metaspace: 60466K->60466K(1105920K)], 0.0507028 secs] [Times: user=0.16 sys=0.00, real=0.06 secs] 
2019-09-25T15:15:52.411-0530: 186.255: [Full GC (Ergonomics) [PSYoungGen: 11264K->11262K(22528K)] [ParOldGen: 68356K->68356K(68608K)] 79620K->79619K(91136K), [Metaspace: 60466K->60466K(1105920K)], 0.0528216 secs] [Times: user=0.20 sys=0.01, real=0.05 secs] 
2019-09-25T15:15:52.465-0530: 186.308: [Full GC (Ergonomics) [PSYoungGen: 11264K->11262K(22528K)] [ParOldGen: 68356K->68356K(68608K)] 79620K->79618K(91136K), [Metaspace: 60466K->60466K(1105920K)], 0.0513324 secs] [Times: user=0.16 sys=0.00, real=0.05 secs] 
2019-09-25T15:15:52.517-0530: 186.361: [Full GC (Ergonomics) [PSYoungGen: 11264K->11262K(22528K)] [ParOldGen: 68356K->68356K(68608K)] 79620K->79618K(91136K), [Metaspace: 60466K->60466K(1105920K)], 0.0542145 secs] [Times: user=0.17 sys=0.00, real=0.06 secs] 
2019-09-25T15:15:52.572-0530: 186.416: [Full GC (Ergonomics) [PSYoungGen: 11264K->11259K(22528K)] [ParOldGen: 68356K->68355K(68608K)] 79620K->79615K(91136K), [Metaspace: 60466K->60466K(1105920K)], 0.0497063 secs] [Times: user=0.17 sys=0.00, real=0.05 secs] 
2019-09-25T15:15:52.623-0530: 186.467: [Full GC (Ergonomics) [PSYoungGen: 11264K->11259K(22528K)] [ParOldGen: 68355K->68355K(68608K)] 79619K->79615K(91136K), [Metaspace: 60466K->60466K(1105920K)], 0.0532067 secs] [Times: user=0.16 sys=0.01, real=0.05 secs] 
2019-09-25T15:15:52.678-0530: 186.521: [Full GC (Ergonomics) [PSYoungGen: 11264K->11260K(22528K)] [ParOldGen: 68355K->68355K(68608K)] 79619K->79616K(91136K), [Metaspace: 60466K->60466K(1105920K)], 0.0532237 secs] [Times: user=0.17 sys=0.00, real=0.06 secs] 
2019-09-25T15:15:52.732-0530: 186.576: [Full GC (Ergonomics) [PSYoungGen: 11264K->11260K(22528K)] [ParOldGen: 68355K->68355K(68608K)] 79619K->79616K(91136K), [Metaspace: 60466K->60466K(1105920K)], 0.0515834 secs] [Times: user=0.17 sys=0.00, real=0.05 secs] 
2019-09-25T15:15:52.785-0530: 186.628: [Full GC (Ergonomics) [PSYoungGen: 11264K->11260K(22528K)] [ParOldGen: 68355K->68355K(68608K)] 79619K->79616K(91136K), [Metaspace: 60466K->60466K(1105920K)], 0.0555645 secs] [Times: user=0.19 sys=0.01, real=0.06 secs] 
2019-09-25T15:15:52.841-0530: 186.685: [Full GC (Ergonomics) [PSYoungGen: 11264K->11260K(22528K)] [ParOldGen: 68355K->68355K(68608K)] 79619K->79616K(91136K), [Metaspace: 60466K->60466K(1105920K)], 0.0499491 secs] [Times: user=0.15 sys=0.00, real=0.05 secs] 
2019-09-25T15:15:52.892-0530: 186.736: [Full GC (Ergonomics) [PSYoungGen: 11264K->11259K(22528K)] [ParOldGen: 68355K->68355K(68608K)] 79619K->79615K(91136K), [Metaspace: 60466K->60466K(1105920K)], 0.0547906 secs] [Times: user=0.18 sys=0.00, real=0.05 secs] 
2019-09-25T15:15:52.948-0530: 186.792: [Full GC (Ergonomics) [PSYoungGen: 11263K->11251K(22528K)] [ParOldGen: 68355K->68345K(68608K)] 79619K->79597K(91136K), [Metaspace: 60466K->60466K(1105920K)], 0.0683808 secs] [Times: user=0.28 sys=0.01, real=0.07 secs] 
2019-09-25T15:15:53.017-0530: 186.861: [Full GC (Ergonomics) [PSYoungGen: 11264K->11253K(22528K)] [ParOldGen: 68345K->68345K(68608K)] 79609K->79598K(91136K), [Metaspace: 60466K->60466K(1105920K)], 0.0755529 secs] [Times: user=0.25 sys=0.00, real=0.08 secs] 
2019-09-25T15:15:53.094-0530: 186.938: [Full GC (Ergonomics) [PSYoungGen: 11264K->11255K(22528K)] [ParOldGen: 68345K->68345K(68608K)] 79609K->79600K(91136K), [Metaspace: 60466K->60466K(1105920K)], 0.0570182 secs] [Times: user=0.18 sys=0.00, real=0.06 secs] 
2019-09-25T15:15:53.152-0530: 186.996: [Full GC (Ergonomics) [PSYoungGen: 11264K->11260K(22528K)] [ParOldGen: 68345K->68344K(68608K)] 79609K->79605K(91136K), [Metaspace: 60466K->60466K(1105920K)], 0.0786349 secs] [Times: user=0.30 sys=0.00, real=0.08 secs] 
2019-09-25T15:15:53.232-0530: 187.076: [Full GC (Ergonomics) [PSYoungGen: 11264K->11261K(22528K)] [ParOldGen: 68344K->68344K(68608K)] 79608K->79606K(91136K), [Metaspace: 60466K->60466K(1105920K)], 0.0564420 secs] [Times: user=0.19 sys=0.00, real=0.05 secs] 
2019-09-25T15:15:53.289-0530: 187.133: [Full GC (Ergonomics) [PSYoungGen: 11264K->11260K(22528K)] [ParOldGen: 68344K->68344K(68608K)] 79608K->79605K(91136K), [Metaspace: 60466K->60466K(1105920K)], 0.0654514 secs] [Times: user=0.23 sys=0.01, real=0.07 secs] 
2019-09-25T15:15:53.356-0530: 187.200: [Full GC (Ergonomics) [PSYoungGen: 11264K->11260K(22528K)] [ParOldGen: 68344K->68344K(68608K)] 79608K->79604K(91136K), [Metaspace: 60466K->60466K(1105920K)], 0.0841205 secs] [Times: user=0.34 sys=0.01, real=0.09 secs] 
2019-09-25T15:15:53.441-0530: 187.285: [Full GC (Ergonomics) [PSYoungGen: 11264K->11260K(22528K)] [ParOldGen: 68344K->68344K(68608K)] 79608K->79604K(91136K), [Metaspace: 60466K->60466K(1105920K)], 0.0563732 secs] [Times: user=0.18 sys=0.00, real=0.05 secs] 
2019-09-25T15:15:53.499-0530: 187.342: [Full GC (Ergonomics) [PSYoungGen: 11264K->11262K(22528K)] [ParOldGen: 68344K->68344K(68608K)] 79608K->79606K(91136K), [Metaspace: 60468K->60468K(1105920K)], 0.0571340 secs] [Times: user=0.17 sys=0.00, real=0.06 secs] 
2019-09-25T15:15:53.557-0530: 187.401: [Full GC (Ergonomics) [PSYoungGen: 11264K->11262K(22528K)] [ParOldGen: 68344K->68344K(68608K)] 79608K->79606K(91136K), [Metaspace: 60468K->60468K(1105920K)], 0.0540282 secs] [Times: user=0.18 sys=0.00, real=0.06 secs] 
2019-09-25T15:15:53.612-0530: 187.456: [Full GC (Ergonomics) [PSYoungGen: 11264K->11261K(22528K)] [ParOldGen: 68344K->68344K(68608K)] 79608K->79606K(91136K), [Metaspace: 60468K->60468K(1105920K)], 0.0534981 secs] [Times: user=0.17 sys=0.00, real=0.05 secs] 
2019-09-25T15:15:53.667-0530: 187.510: [Full GC (Ergonomics) [PSYoungGen: 11264K->11262K(22528K)] [ParOldGen: 68344K->68344K(68608K)] 79608K->79606K(91136K), [Metaspace: 60468K->60468K(1105920K)], 0.0548315 secs] [Times: user=0.17 sys=0.01, real=0.06 secs] 
2019-09-25T15:15:53.723-0530: 187.566: [Full GC (Ergonomics) [PSYoungGen: 11264K->11261K(22528K)] [ParOldGen: 68344K->68344K(68608K)] 79608K->79605K(91136K), [Metaspace: 60468K->60468K(1105920K)], 0.0569571 secs] [Times: user=0.18 sys=0.00, real=0.06 secs] 
2019-09-25T15:15:53.781-0530: 187.624: [Full GC (Ergonomics) [PSYoungGen: 11264K->11258K(22528K)] [ParOldGen: 68344K->68343K(68608K)] 79608K->79602K(91136K), [Metaspace: 60468K->60468K(1105920K)], 0.0754967 secs] [Times: user=0.31 sys=0.01, real=0.07 secs] 
2019-09-25T15:15:53.857-0530: 187.701: [Full GC (Ergonomics) [PSYoungGen: 11264K->11260K(22528K)] [ParOldGen: 68343K->68343K(68608K)] 79607K->79603K(91136K), [Metaspace: 60468K->60468K(1105920K)], 0.0781001 secs] [Times: user=0.31 sys=0.00, real=0.08 secs] 
2019-09-25T15:15:53.937-0530: 187.780: [Full GC (Ergonomics) [PSYoungGen: 11264K->11260K(22528K)] [ParOldGen: 68343K->68343K(68608K)] 79607K->79604K(91136K), [Metaspace: 60468K->60468K(1105920K)], 0.0540415 secs] [Times: user=0.18 sys=0.01, real=0.06 secs] 
2019-09-25T15:15:53.992-0530: 187.835: [Full GC (Ergonomics) [PSYoungGen: 11264K->11260K(22528K)] [ParOldGen: 68343K->68343K(68608K)] 79607K->79604K(91136K), [Metaspace: 60468K->60468K(1105920K)], 0.0520934 secs] [Times: user=0.17 sys=0.00, real=0.05 secs] 
2019-09-25T15:15:54.045-0530: 187.889: [Full GC (Ergonomics) [PSYoungGen: 11264K->11255K(22528K)] [ParOldGen: 68343K->68342K(68608K)] 79607K->79597K(91136K), [Metaspace: 60468K->60468K(1105920K)], 0.0558615 secs] [Times: user=0.17 sys=0.00, real=0.06 secs] 
2019-09-25T15:15:54.102-0530: 187.946: [Full GC (Ergonomics) [PSYoungGen: 11264K->11255K(22528K)] [ParOldGen: 68342K->68342K(68608K)] 79606K->79597K(91136K), [Metaspace: 60468K->60468K(1105920K)], 0.0541193 secs] [Times: user=0.17 sys=0.00, real=0.05 secs] 
2019-09-25T15:15:54.157-0530: 188.001: [Full GC (Ergonomics) [PSYoungGen: 11264K->11258K(22528K)] [ParOldGen: 68342K->68342K(68608K)] 79606K->79600K(91136K), [Metaspace: 60468K->60468K(1105920K)], 0.0558749 secs] [Times: user=0.18 sys=0.01, real=0.06 secs] 
2019-09-25T15:15:54.214-0530: 188.058: [Full GC (Ergonomics) [PSYoungGen: 11264K->11259K(22528K)] [ParOldGen: 68342K->68342K(68608K)] 79606K->79601K(91136K), [Metaspace: 60468K->60468K(1105920K)], 0.0500574 secs] [Times: user=0.16 sys=0.00, real=0.05 secs] 
2019-09-25T15:15:54.266-0530: 188.109: [Full GC (Ergonomics) [PSYoungGen: 11264K->11259K(22528K)] [ParOldGen: 68342K->68342K(68608K)] 79606K->79601K(91136K), [Metaspace: 60468K->60468K(1105920K)], 0.0517208 secs] [Times: user=0.18 sys=0.00, real=0.05 secs] 
2019-09-25T15:15:54.318-0530: 188.162: [Full GC (Ergonomics) [PSYoungGen: 11264K->11261K(22528K)] [ParOldGen: 68342K->68342K(68608K)] 79606K->79604K(91136K), [Metaspace: 60468K->60468K(1105920K)], 0.0595176 secs] [Times: user=0.19 sys=0.01, real=0.06 secs] 
2019-09-25T15:15:54.379-0530: 188.222: [Full GC (Ergonomics) [PSYoungGen: 11264K->11261K(22528K)] [ParOldGen: 68342K->68342K(68608K)] 79606K->79604K(91136K), [Metaspace: 60468K->60468K(1105920K)], 0.0573234 secs] [Times: user=0.17 sys=0.00, real=0.06 secs] 
2019-09-25T15:15:54.437-0530: 188.281: [Full GC (Ergonomics) [PSYoungGen: 11264K->11263K(22528K)] [ParOldGen: 68342K->68342K(68608K)] 79606K->79606K(91136K), [Metaspace: 60468K->60468K(1105920K)], 0.0506794 secs] [Times: user=0.17 sys=0.00, real=0.05 secs] 
2019-09-25T15:15:54.489-0530: 188.333: [Full GC (Ergonomics) [PSYoungGen: 11264K->11263K(22528K)] [ParOldGen: 68342K->68342K(68608K)] 79606K->79606K(91136K), [Metaspace: 60468K->60468K(1105920K)], 0.0568904 secs] [Times: user=0.17 sys=0.00, real=0.06 secs] 
2019-09-25T15:15:54.547-0530: 188.391: [Full GC (Ergonomics) [PSYoungGen: 11264K->11261K(22528K)] [ParOldGen: 68349K->68345K(68608K)] 79613K->79606K(91136K), [Metaspace: 60468K->60468K(1105920K)], 0.0547336 secs] [Times: user=0.18 sys=0.00, real=0.06 secs] 
2019-09-25T15:15:54.603-0530: 188.447: [Full GC (Ergonomics) [PSYoungGen: 11263K->11263K(22528K)] [ParOldGen: 68345K->68345K(68608K)] 79609K->79608K(91136K), [Metaspace: 60468K->60468K(1105920K)], 0.0535798 secs] [Times: user=0.17 sys=0.00, real=0.05 secs] 
2019-09-25T15:15:54.658-0530: 188.502: [Full GC (Ergonomics) [PSYoungGen: 11264K->11263K(22528K)] [ParOldGen: 68345K->68345K(68608K)] 79609K->79609K(91136K), [Metaspace: 60468K->60468K(1105920K)], 0.0548588 secs] [Times: user=0.15 sys=0.00, real=0.06 secs] 
2019-09-25T15:15:54.714-0530: 188.558: [Full GC (Ergonomics) [PSYoungGen: 11264K->11262K(22528K)] [ParOldGen: 68351K->68347K(68608K)] 79615K->79609K(91136K), [Metaspace: 60468K->60468K(1105920K)], 0.0537208 secs] [Times: user=0.17 sys=0.01, real=0.05 secs] 
2019-09-25T15:15:54.769-0530: 188.613: [Full GC (Ergonomics) [PSYoungGen: 11264K->11261K(22528K)] [ParOldGen: 68347K->68347K(68608K)] 79611K->79609K(91136K), [Metaspace: 60468K->60468K(1105920K)], 0.0493759 secs] [Times: user=0.16 sys=0.00, real=0.05 secs] 
2019-09-25T15:15:54.819-0530: 188.663: [Full GC (Ergonomics) [PSYoungGen: 11264K->11262K(22528K)] [ParOldGen: 68347K->68347K(68608K)] 79611K->79609K(91136K), [Metaspace: 60468K->60468K(1105920K)], 0.0476713 secs] [Times: user=0.16 sys=0.00, real=0.05 secs] 
2019-09-25T15:15:54.868-0530: 188.712: [Full GC (Ergonomics) [PSYoungGen: 11264K->11262K(22528K)] [ParOldGen: 68347K->68347K(68608K)] 79611K->79610K(91136K), [Metaspace: 60468K->60468K(1105920K)], 0.0516884 secs] [Times: user=0.16 sys=0.00, real=0.06 secs] 
2019-09-25T15:15:54.921-0530: 188.764: [Full GC (Ergonomics) [PSYoungGen: 11264K->11262K(22528K)] [ParOldGen: 68347K->68347K(68608K)] 79611K->79610K(91136K), [Metaspace: 60468K->60468K(1105920K)], 0.0450524 secs] [Times: user=0.16 sys=0.00, real=0.04 secs] 
2019-09-25T15:15:54.967-0530: 188.810: [Full GC (Ergonomics) [PSYoungGen: 11264K->11262K(22528K)] [ParOldGen: 68347K->68347K(68608K)] 79611K->79610K(91136K), [Metaspace: 60469K->60469K(1105920K)], 0.0450473 secs] [Times: user=0.16 sys=0.00, real=0.05 secs] 
2019-09-25T15:15:55.013-0530: 188.856: [Full GC (Ergonomics) [PSYoungGen: 11264K->11263K(22528K)] [ParOldGen: 68347K->68347K(68608K)] 79611K->79610K(91136K), [Metaspace: 60469K->60469K(1105920K)], 0.0469515 secs] [Times: user=0.16 sys=0.00, real=0.05 secs] 
2019-09-25T15:15:55.061-0530: 188.904: [Full GC (Ergonomics) [PSYoungGen: 11264K->11262K(22528K)] [ParOldGen: 68347K->68347K(68608K)] 79611K->79610K(91136K), [Metaspace: 60469K->60469K(1105920K)], 0.0473136 secs] [Times: user=0.16 sys=0.00, real=0.04 secs] 
2019-09-25T15:15:55.109-0530: 188.953: [Full GC (Ergonomics) [PSYoungGen: 11264K->11261K(22528K)] [ParOldGen: 68347K->68346K(68608K)] 79611K->79608K(91136K), [Metaspace: 60469K->60469K(1105920K)], 0.0458018 secs] [Times: user=0.17 sys=0.00, real=0.05 secs] 
2019-09-25T15:15:55.156-0530: 189.000: [Full GC (Ergonomics) [PSYoungGen: 11264K->11262K(22528K)] [ParOldGen: 68355K->68352K(68608K)] 79619K->79614K(91136K), [Metaspace: 60469K->60469K(1105920K)], 0.0466755 secs] [Times: user=0.16 sys=0.00, real=0.05 secs] 
2019-09-25T15:15:55.204-0530: 189.047: [Full GC (Ergonomics) [PSYoungGen: 11264K->11262K(22528K)] [ParOldGen: 68352K->68352K(68608K)] 79616K->79615K(91136K), [Metaspace: 60469K->60469K(1105920K)], 0.0469942 secs] [Times: user=0.16 sys=0.00, real=0.05 secs] 
2019-09-25T15:15:55.252-0530: 189.095: [Full GC (Ergonomics) [PSYoungGen: 11264K->11261K(22528K)] [ParOldGen: 68352K->68351K(68608K)] 79616K->79613K(91136K), [Metaspace: 60469K->60469K(1105920K)], 0.0462777 secs] [Times: user=0.16 sys=0.00, real=0.04 secs] 
2019-09-25T15:15:55.299-0530: 189.143: [Full GC (Ergonomics) [PSYoungGen: 11264K->11260K(22528K)] [ParOldGen: 68351K->68345K(68608K)] 79615K->79606K(91136K), [Metaspace: 60469K->60469K(1105920K)], 0.0584911 secs] [Times: user=0.21 sys=0.00, real=0.06 secs] 
2019-09-25T15:15:55.359-0530: 189.202: [Full GC (Ergonomics) [PSYoungGen: 11264K->11256K(22528K)] [ParOldGen: 68345K->68345K(68608K)] 79609K->79601K(91136K), [Metaspace: 60469K->60469K(1105920K)], 0.0532210 secs] [Times: user=0.17 sys=0.01, real=0.06 secs] 
2019-09-25T15:15:55.413-0530: 189.257: [Full GC (Ergonomics) [PSYoungGen: 11264K->11257K(22528K)] [ParOldGen: 68345K->68345K(68608K)] 79609K->79602K(91136K), [Metaspace: 60470K->60470K(1105920K)], 0.0573415 secs] [Times: user=0.18 sys=0.00, real=0.06 secs] 
2019-09-25T15:15:55.471-0530: 189.315: [Full GC (Ergonomics) [PSYoungGen: 11264K->11257K(22528K)] [ParOldGen: 68345K->68345K(68608K)] 79609K->79603K(91136K), [Metaspace: 60470K->60470K(1105920K)], 0.0575728 secs] [Times: user=0.17 sys=0.00, real=0.05 secs] 
2019-09-25T15:15:55.530-0530: 189.374: [Full GC (Ergonomics) [PSYoungGen: 11264K->11259K(22528K)] [ParOldGen: 68345K->68345K(68608K)] 79609K->79605K(91136K), [Metaspace: 60470K->60470K(1105920K)], 0.0579613 secs] [Times: user=0.17 sys=0.00, real=0.05 secs] 
2019-09-25T15:15:55.589-0530: 189.433: [Full GC (Ergonomics) [PSYoungGen: 11264K->11261K(22528K)] [ParOldGen: 68345K->68345K(68608K)] 79609K->79607K(91136K), [Metaspace: 60470K->60470K(1105920K)], 0.0602847 secs] [Times: user=0.21 sys=0.01, real=0.07 secs] 
2019-09-25T15:15:55.651-0530: 189.495: [Full GC (Ergonomics) [PSYoungGen: 11264K->11256K(22528K)] [ParOldGen: 68345K->68343K(68608K)] 79609K->79600K(91136K), [Metaspace: 60470K->60470K(1105920K)], 0.0583318 secs] [Times: user=0.16 sys=0.00, real=0.05 secs] 
2019-09-25T15:15:55.710-0530: 189.554: [Full GC (Ergonomics) [PSYoungGen: 11264K->11259K(22528K)] [ParOldGen: 68343K->68343K(68608K)] 79607K->79602K(91136K), [Metaspace: 60471K->60469K(1105920K)], 0.0872935 secs] [Times: user=0.33 sys=0.01, real=0.08 secs] 
2019-09-25T15:15:55.799-0530: 189.643: [Full GC (Ergonomics) [PSYoungGen: 11264K->11259K(22528K)] [ParOldGen: 68343K->68343K(68608K)] 79607K->79602K(91136K), [Metaspace: 60469K->60469K(1105920K)], 0.0581711 secs] [Times: user=0.19 sys=0.00, real=0.06 secs] 
2019-09-25T15:15:55.858-0530: 189.702: [Full GC (Ergonomics) [PSYoungGen: 11264K->11254K(22528K)] [ParOldGen: 68360K->68344K(68608K)] 79624K->79599K(91136K), [Metaspace: 60469K->60469K(1105920K)], 0.0554117 secs] [Times: user=0.20 sys=0.00, real=0.06 secs] 
2019-09-25T15:15:55.915-0530: 189.758: [Full GC (Ergonomics) [PSYoungGen: 11264K->11255K(22528K)] [ParOldGen: 68344K->68343K(68608K)] 79608K->79599K(91136K), [Metaspace: 60469K->60469K(1105920K)], 0.0513951 secs] [Times: user=0.16 sys=0.01, real=0.05 secs] 
2019-09-25T15:15:55.967-0530: 189.811: [Full GC (Ergonomics) [PSYoungGen: 11264K->11256K(22528K)] [ParOldGen: 68343K->68343K(68608K)] 79607K->79599K(91136K), [Metaspace: 60469K->60469K(1105920K)], 0.0556051 secs] [Times: user=0.20 sys=0.00, real=0.06 secs] 
2019-09-25T15:15:56.024-0530: 189.868: [Full GC (Ergonomics) [PSYoungGen: 11264K->11256K(22528K)] [ParOldGen: 68343K->68343K(68608K)] 79607K->79600K(91136K), [Metaspace: 60469K->60469K(1105920K)], 0.0508739 secs] [Times: user=0.16 sys=0.00, real=0.05 secs] 
2019-09-25T15:15:56.076-0530: 189.920: [Full GC (Ergonomics) [PSYoungGen: 11264K->11256K(22528K)] [ParOldGen: 68343K->68343K(68608K)] 79607K->79600K(91136K), [Metaspace: 60469K->60469K(1105920K)], 0.0480969 secs] [Times: user=0.16 sys=0.00, real=0.05 secs] 
2019-09-25T15:15:56.125-0530: 189.969: [Full GC (Ergonomics) [PSYoungGen: 11264K->11259K(22528K)] [ParOldGen: 68343K->68343K(68608K)] 79607K->79602K(91136K), [Metaspace: 60469K->60469K(1105920K)], 0.0561190 secs] [Times: user=0.19 sys=0.01, real=0.06 secs] 
2019-09-25T15:15:56.182-0530: 190.026: [Full GC (Ergonomics) [PSYoungGen: 11264K->11261K(22528K)] [ParOldGen: 68343K->68343K(68608K)] 79607K->79604K(91136K), [Metaspace: 60469K->60469K(1105920K)], 0.0506803 secs] [Times: user=0.15 sys=0.00, real=0.05 secs] 
2019-09-25T15:15:56.234-0530: 190.078: [Full GC (Ergonomics) [PSYoungGen: 11264K->11261K(22528K)] [ParOldGen: 68343K->68343K(68608K)] 79607K->79604K(91136K), [Metaspace: 60469K->60469K(1105920K)], 0.0477496 secs] [Times: user=0.16 sys=0.00, real=0.05 secs] 
2019-09-25T15:15:56.283-0530: 190.126: [Full GC (Ergonomics) [PSYoungGen: 11264K->11261K(22528K)] [ParOldGen: 68343K->68343K(68608K)] 79607K->79605K(91136K), [Metaspace: 60469K->60469K(1105920K)], 0.0489918 secs] [Times: user=0.17 sys=0.00, real=0.05 secs] 
2019-09-25T15:15:56.333-0530: 190.176: [Full GC (Ergonomics) [PSYoungGen: 11264K->11258K(22528K)] [ParOldGen: 68343K->68343K(68608K)] 79607K->79601K(91136K), [Metaspace: 60469K->60469K(1105920K)], 0.0707192 secs] [Times: user=0.29 sys=0.01, real=0.07 secs] 
2019-09-25T15:15:56.404-0530: 190.248: [Full GC (Ergonomics) [PSYoungGen: 11264K->11257K(22528K)] [ParOldGen: 68343K->68343K(68608K)] 79607K->79601K(91136K), [Metaspace: 60469K->60469K(1105920K)], 0.0539737 secs] [Times: user=0.18 sys=0.00, real=0.05 secs] 
2019-09-25T15:15:56.460-0530: 190.303: [Full GC (Ergonomics) [PSYoungGen: 11264K->11255K(22528K)] [ParOldGen: 68343K->68343K(68608K)] 79607K->79598K(91136K), [Metaspace: 60469K->60469K(1105920K)], 0.0619893 secs] [Times: user=0.17 sys=0.00, real=0.06 secs] 
2019-09-25T15:15:56.523-0530: 190.366: [Full GC (Ergonomics) [PSYoungGen: 11264K->11253K(22528K)] [ParOldGen: 68343K->68343K(68608K)] 79607K->79596K(91136K), [Metaspace: 60469K->60469K(1105920K)], 0.0585505 secs] [Times: user=0.18 sys=0.00, real=0.06 secs] 
2019-09-25T15:15:56.582-0530: 190.426: [Full GC (Ergonomics) [PSYoungGen: 11264K->11253K(22528K)] [ParOldGen: 68343K->68343K(68608K)] 79607K->79596K(91136K), [Metaspace: 60469K->60469K(1105920K)], 0.0588120 secs] [Times: user=0.18 sys=0.00, real=0.06 secs] 
2019-09-25T15:15:56.643-0530: 190.486: [Full GC (Ergonomics) [PSYoungGen: 11264K->11253K(22528K)] [ParOldGen: 68343K->68343K(68608K)] 79607K->79597K(91136K), [Metaspace: 60469K->60469K(1105920K)], 0.0526880 secs] [Times: user=0.17 sys=0.00, real=0.05 secs] 
2019-09-25T15:15:56.696-0530: 190.540: [Full GC (Ergonomics) [PSYoungGen: 11264K->11257K(22528K)] [ParOldGen: 68343K->68343K(68608K)] 79607K->79600K(91136K), [Metaspace: 60469K->60469K(1105920K)], 0.0530562 secs] [Times: user=0.17 sys=0.01, real=0.06 secs] 
2019-09-25T15:15:56.750-0530: 190.594: [Full GC (Ergonomics) [PSYoungGen: 11263K->11258K(22528K)] [ParOldGen: 68343K->68343K(68608K)] 79607K->79601K(91136K), [Metaspace: 60469K->60469K(1105920K)], 0.0496446 secs] [Times: user=0.15 sys=0.00, real=0.05 secs] 
2019-09-25T15:15:56.801-0530: 190.645: [Full GC (Ergonomics) [PSYoungGen: 11264K->11259K(22528K)] [ParOldGen: 68343K->68343K(68608K)] 79607K->79602K(91136K), [Metaspace: 60469K->60469K(1105920K)], 0.0510675 secs] [Times: user=0.15 sys=0.00, real=0.05 secs] 
2019-09-25T15:15:56.853-0530: 190.697: [Full GC (Ergonomics) [PSYoungGen: 11264K->11254K(22528K)] [ParOldGen: 68343K->68343K(68608K)] 79607K->79597K(91136K), [Metaspace: 60469K->60469K(1105920K)], 0.0534988 secs] [Times: user=0.17 sys=0.00, real=0.05 secs] 
2019-09-25T15:15:56.908-0530: 190.752: [Full GC (Ergonomics) [PSYoungGen: 11264K->11255K(22528K)] [ParOldGen: 68343K->68343K(68608K)] 79607K->79598K(91136K), [Metaspace: 60469K->60469K(1105920K)], 0.0538994 secs] [Times: user=0.19 sys=0.01, real=0.06 secs] 
2019-09-25T15:15:56.963-0530: 190.807: [Full GC (Ergonomics) [PSYoungGen: 11264K->11256K(22528K)] [ParOldGen: 68343K->68342K(68608K)] 79607K->79598K(91136K), [Metaspace: 60469K->60469K(1105920K)], 0.0559249 secs] [Times: user=0.20 sys=0.00, real=0.05 secs] 
2019-09-25T15:15:57.020-0530: 190.864: [Full GC (Ergonomics) [PSYoungGen: 11264K->11257K(22528K)] [ParOldGen: 68342K->68342K(68608K)] 79606K->79600K(91136K), [Metaspace: 60469K->60469K(1105920K)], 0.0481981 secs] [Times: user=0.16 sys=0.00, real=0.04 secs] 
2019-09-25T15:15:57.069-0530: 190.913: [Full GC (Ergonomics) [PSYoungGen: 11263K->11258K(22528K)] [ParOldGen: 68342K->68342K(68608K)] 79606K->79601K(91136K), [Metaspace: 60469K->60469K(1105920K)], 0.0512402 secs] [Times: user=0.17 sys=0.01, real=0.06 secs] 
2019-09-25T15:15:57.122-0530: 190.965: [Full GC (Ergonomics) [PSYoungGen: 11264K->11258K(22528K)] [ParOldGen: 68342K->68342K(68608K)] 79606K->79601K(91136K), [Metaspace: 60469K->60469K(1105920K)], 0.0476638 secs] [Times: user=0.16 sys=0.00, real=0.04 secs] 
2019-09-25T15:15:57.170-0530: 191.014: [Full GC (Ergonomics) [PSYoungGen: 11264K->11258K(22528K)] [ParOldGen: 68342K->68342K(68608K)] 79606K->79601K(91136K), [Metaspace: 60469K->60469K(1105920K)], 0.0478703 secs] [Times: user=0.16 sys=0.00, real=0.04 secs] 
2019-09-25T15:15:57.219-0530: 191.063: [Full GC (Ergonomics) [PSYoungGen: 11263K->11259K(22528K)] [ParOldGen: 68342K->68342K(68608K)] 79606K->79601K(91136K), [Metaspace: 60469K->60469K(1105920K)], 0.0526050 secs] [Times: user=0.16 sys=0.00, real=0.06 secs] 
2019-09-25T15:15:57.273-0530: 191.116: [Full GC (Ergonomics) [PSYoungGen: 11264K->11256K(22528K)] [ParOldGen: 68354K->68352K(68608K)] 79618K->79609K(91136K), [Metaspace: 60469K->60469K(1105920K)], 0.0492047 secs] [Times: user=0.16 sys=0.01, real=0.05 secs] 
2019-09-25T15:15:57.323-0530: 191.167: [Full GC (Ergonomics) [PSYoungGen: 11264K->11257K(22528K)] [ParOldGen: 68352K->68352K(68608K)] 79616K->79609K(91136K), [Metaspace: 60469K->60469K(1105920K)], 0.0564512 secs] [Times: user=0.19 sys=0.00, real=0.05 secs] 
2019-09-25T15:15:57.380-0530: 191.224: [Full GC (Ergonomics) [PSYoungGen: 11264K->11257K(22528K)] [ParOldGen: 68352K->68352K(68608K)] 79616K->79610K(91136K), [Metaspace: 60469K->60469K(1105920K)], 0.0502609 secs] [Times: user=0.16 sys=0.00, real=0.05 secs] 
2019-09-25T15:15:57.432-0530: 191.276: [Full GC (Ergonomics) [PSYoungGen: 11264K->11258K(22528K)] [ParOldGen: 68352K->68352K(68608K)] 79616K->79610K(91136K), [Metaspace: 60469K->60469K(1105920K)], 0.0551630 secs] [Times: user=0.18 sys=0.00, real=0.05 secs] 
2019-09-25T15:15:57.488-0530: 191.332: [Full GC (Ergonomics) [PSYoungGen: 11264K->11259K(22528K)] [ParOldGen: 68352K->68351K(68608K)] 79616K->79610K(91136K), [Metaspace: 60470K->60470K(1105920K)], 0.0494104 secs] [Times: user=0.16 sys=0.01, real=0.05 secs] 
2019-09-25T15:15:57.538-0530: 191.382: [Full GC (Ergonomics) [PSYoungGen: 11264K->11254K(22528K)] [ParOldGen: 68351K->68351K(68608K)] 79615K->79606K(91136K), [Metaspace: 60470K->60470K(1105920K)], 0.0872780 secs] [Times: user=0.39 sys=0.01, real=0.09 secs] 
2019-09-25T15:15:57.627-0530: 191.471: [Full GC (Ergonomics) [PSYoungGen: 11264K->11255K(22528K)] [ParOldGen: 68351K->68351K(68608K)] 79615K->79607K(91136K), [Metaspace: 60470K->60470K(1105920K)], 0.0577383 secs] [Times: user=0.19 sys=0.00, real=0.06 secs] 
2019-09-25T15:15:57.686-0530: 191.530: [Full GC (Ergonomics) [PSYoungGen: 11264K->11257K(22528K)] [ParOldGen: 68371K->68368K(68608K)] 79635K->79626K(91136K), [Metaspace: 60470K->60470K(1105920K)], 0.0595053 secs] [Times: user=0.18 sys=0.00, real=0.06 secs] 
2019-09-25T15:15:57.746-0530: 191.590: [Full GC (Ergonomics) [PSYoungGen: 11264K->11258K(22528K)] [ParOldGen: 68368K->68368K(68608K)] 79632K->79626K(91136K), [Metaspace: 60470K->60470K(1105920K)], 0.0527010 secs] [Times: user=0.17 sys=0.00, real=0.05 secs] 
2019-09-25T15:15:57.800-0530: 191.644: [Full GC (Ergonomics) [PSYoungGen: 11264K->11258K(22528K)] [ParOldGen: 68368K->68368K(68608K)] 79632K->79626K(91136K), [Metaspace: 60470K->60470K(1105920K)], 0.0545352 secs] [Times: user=0.17 sys=0.01, real=0.05 secs] 
2019-09-25T15:15:57.856-0530: 191.700: [Full GC (Ergonomics) [PSYoungGen: 11264K->11257K(22528K)] [ParOldGen: 68368K->68362K(68608K)] 79632K->79620K(91136K), [Metaspace: 60470K->60470K(1105920K)], 0.0664643 secs] [Times: user=0.25 sys=0.00, real=0.07 secs] 
2019-09-25T15:15:57.923-0530: 191.767: [Full GC (Ergonomics) [PSYoungGen: 11264K->11258K(22528K)] [ParOldGen: 68362K->68362K(68608K)] 79626K->79621K(91136K), [Metaspace: 60470K->60470K(1105920K)], 0.0625787 secs] [Times: user=0.20 sys=0.00, real=0.06 secs] 
2019-09-25T15:15:57.987-0530: 191.831: [Full GC (Ergonomics) [PSYoungGen: 11264K->11259K(22528K)] [ParOldGen: 68362K->68362K(68608K)] 79626K->79621K(91136K), [Metaspace: 60470K->60470K(1105920K)], 0.0569026 secs] [Times: user=0.20 sys=0.01, real=0.06 secs] 
2019-09-25T15:15:58.044-0530: 191.888: [Full GC (Allocation Failure) [PSYoungGen: 11259K->11259K(22528K)] [ParOldGen: 68362K->68362K(68608K)] 79621K->79621K(91136K), [Metaspace: 60470K->60470K(1105920K)], 0.0594984 secs] [Times: user=0.18 sys=0.00, real=0.06 secs] 
2019-09-25T15:15:58.105-0530: 191.949: [Full GC (Ergonomics) [PSYoungGen: 11264K->11258K(22528K)] [ParOldGen: 68367K->68363K(68608K)] 79631K->79622K(91136K), [Metaspace: 60470K->60470K(1105920K)], 0.0546277 secs] [Times: user=0.18 sys=0.00, real=0.05 secs] 
2019-09-25T15:15:58.161-0530: 192.004: [Full GC (Ergonomics) [PSYoungGen: 11264K->11259K(22528K)] [ParOldGen: 68363K->68362K(68608K)] 79627K->79622K(91136K), [Metaspace: 60470K->60470K(1105920K)], 0.0609303 secs] [Times: user=0.19 sys=0.00, real=0.06 secs] 
2019-09-25T15:15:58.223-0530: 192.067: [Full GC (Ergonomics) [PSYoungGen: 11264K->11259K(22528K)] [ParOldGen: 68362K->68362K(68608K)] 79626K->79622K(91136K), [Metaspace: 60470K->60470K(1105920K)], 0.0848706 secs] [Times: user=0.33 sys=0.00, real=0.08 secs] 
2019-09-25T15:15:58.309-0530: 192.153: [Full GC (Ergonomics) [PSYoungGen: 11264K->11260K(22528K)] [ParOldGen: 68362K->68362K(68608K)] 79626K->79622K(91136K), [Metaspace: 60470K->60470K(1105920K)], 0.0576667 secs] [Times: user=0.16 sys=0.01, real=0.06 secs] 
2019-09-25T15:15:58.368-0530: 192.212: [Full GC (Ergonomics) [PSYoungGen: 11264K->11261K(22528K)] [ParOldGen: 68362K->68361K(68608K)] 79626K->79623K(91136K), [Metaspace: 60470K->60470K(1105920K)], 0.0563343 secs] [Times: user=0.18 sys=0.00, real=0.06 secs] 
2019-09-25T15:15:58.425-0530: 192.269: [Full GC (Ergonomics) [PSYoungGen: 11264K->11261K(22528K)] [ParOldGen: 68361K->68361K(68608K)] 79625K->79623K(91136K), [Metaspace: 60470K->60470K(1105920K)], 0.0623496 secs] [Times: user=0.19 sys=0.00, real=0.06 secs] 
2019-09-25T15:15:58.488-0530: 192.332: [Full GC (Ergonomics) [PSYoungGen: 11264K->11259K(22528K)] [ParOldGen: 68361K->68360K(68608K)] 79625K->79620K(91136K), [Metaspace: 60470K->60470K(1105920K)], 0.0577643 secs] [Times: user=0.17 sys=0.00, real=0.06 secs] 
2019-09-25T15:15:58.547-0530: 192.391: [Full GC (Ergonomics) [PSYoungGen: 11264K->11258K(22528K)] [ParOldGen: 68360K->68360K(68608K)] 79624K->79619K(91136K), [Metaspace: 60470K->60470K(1105920K)], 0.0587732 secs] [Times: user=0.18 sys=0.01, real=0.06 secs] 
2019-09-25T15:15:58.607-0530: 192.451: [Full GC (Ergonomics) [PSYoungGen: 11264K->11260K(22528K)] [ParOldGen: 68360K->68360K(68608K)] 79624K->79620K(91136K), [Metaspace: 60470K->60470K(1105920K)], 0.0609770 secs] [Times: user=0.17 sys=0.00, real=0.06 secs] 
2019-09-25T15:15:58.670-0530: 192.513: [Full GC (Ergonomics) [PSYoungGen: 11264K->11262K(22528K)] [ParOldGen: 68360K->68360K(68608K)] 79624K->79623K(91136K), [Metaspace: 60470K->60470K(1105920K)], 0.0578109 secs] [Times: user=0.18 sys=0.00, real=0.05 secs] 
2019-09-25T15:15:58.728-0530: 192.572: [Full GC (Ergonomics) [PSYoungGen: 11264K->11262K(22528K)] [ParOldGen: 68360K->68360K(68608K)] 79624K->79623K(91136K), [Metaspace: 60470K->60470K(1105920K)], 0.0596298 secs] [Times: user=0.18 sys=0.00, real=0.06 secs] 
2019-09-25T15:15:58.789-0530: 192.633: [Full GC (Ergonomics) [PSYoungGen: 11264K->11260K(22528K)] [ParOldGen: 68360K->68360K(68608K)] 79624K->79621K(91136K), [Metaspace: 60470K->60470K(1105920K)], 0.0625105 secs] [Times: user=0.20 sys=0.01, real=0.07 secs] 
2019-09-25T15:15:58.853-0530: 192.696: [Full GC (Ergonomics) [PSYoungGen: 11264K->11260K(22528K)] [ParOldGen: 68360K->68360K(68608K)] 79624K->79620K(91136K), [Metaspace: 60470K->60470K(1105920K)], 0.0608872 secs] [Times: user=0.21 sys=0.00, real=0.06 secs] 
2019-09-25T15:15:58.915-0530: 192.758: [Full GC (Ergonomics) [PSYoungGen: 11264K->11261K(22528K)] [ParOldGen: 68360K->68359K(68608K)] 79624K->79620K(91136K), [Metaspace: 60470K->60470K(1105920K)], 0.0643045 secs] [Times: user=0.21 sys=0.00, real=0.06 secs] 
2019-09-25T15:15:58.980-0530: 192.824: [Full GC (Ergonomics) [PSYoungGen: 11264K->11262K(22528K)] [ParOldGen: 68359K->68359K(68608K)] 79623K->79621K(91136K), [Metaspace: 60470K->60470K(1105920K)], 0.0551253 secs] [Times: user=0.18 sys=0.01, real=0.05 secs] 
2019-09-25T15:15:59.036-0530: 192.880: [Full GC (Ergonomics) [PSYoungGen: 11264K->11262K(22528K)] [ParOldGen: 68359K->68359K(68608K)] 79623K->79621K(91136K), [Metaspace: 60470K->60470K(1105920K)], 0.0525760 secs] [Times: user=0.17 sys=0.00, real=0.05 secs] 
2019-09-25T15:15:59.090-0530: 192.934: [Full GC (Ergonomics) [PSYoungGen: 11264K->11261K(22528K)] [ParOldGen: 68359K->68359K(68608K)] 79623K->79621K(91136K), [Metaspace: 60470K->60470K(1105920K)], 0.0515094 secs] [Times: user=0.17 sys=0.00, real=0.05 secs] 
2019-09-25T15:15:59.143-0530: 192.986: [Full GC (Ergonomics) [PSYoungGen: 11264K->11261K(22528K)] [ParOldGen: 68359K->68359K(68608K)] 79623K->79620K(91136K), [Metaspace: 60470K->60470K(1105920K)], 0.0560177 secs] [Times: user=0.16 sys=0.00, real=0.05 secs] 
2019-09-25T15:15:59.200-0530: 193.043: [Full GC (Ergonomics) [PSYoungGen: 11264K->11261K(22528K)] [ParOldGen: 68359K->68359K(68608K)] 79623K->79620K(91136K), [Metaspace: 60470K->60470K(1105920K)], 0.0506223 secs] [Times: user=0.17 sys=0.01, real=0.05 secs] 
2019-09-25T15:15:59.251-0530: 193.095: [Full GC (Ergonomics) [PSYoungGen: 11264K->11262K(22528K)] [ParOldGen: 68359K->68359K(68608K)] 79623K->79622K(91136K), [Metaspace: 60471K->60471K(1105920K)], 0.0494193 secs] [Times: user=0.16 sys=0.00, real=0.05 secs] 
2019-09-25T15:15:59.302-0530: 193.146: [Full GC (Ergonomics) [PSYoungGen: 11264K->11262K(22528K)] [ParOldGen: 68359K->68359K(68608K)] 79623K->79622K(91136K), [Metaspace: 60471K->60471K(1105920K)], 0.0754104 secs] [Times: user=0.29 sys=0.00, real=0.07 secs] 
2019-09-25T15:15:59.378-0530: 193.222: [Full GC (Ergonomics) [PSYoungGen: 11264K->11262K(22528K)] [ParOldGen: 68359K->68359K(68608K)] 79623K->79621K(91136K), [Metaspace: 60471K->60471K(1105920K)], 0.0897827 secs] [Times: user=0.32 sys=0.01, real=0.09 secs] 
2019-09-25T15:15:59.469-0530: 193.313: [Full GC (Ergonomics) [PSYoungGen: 11264K->11262K(22528K)] [ParOldGen: 68359K->68359K(68608K)] 79623K->79621K(91136K), [Metaspace: 60471K->60471K(1105920K)], 0.0585562 secs] [Times: user=0.18 sys=0.00, real=0.06 secs] 
2019-09-25T15:15:59.529-0530: 193.373: [Full GC (Ergonomics) [PSYoungGen: 11264K->11263K(22528K)] [ParOldGen: 68359K->68359K(68608K)] 79623K->79622K(91136K), [Metaspace: 60471K->60471K(1105920K)], 0.0594736 secs] [Times: user=0.17 sys=0.01, real=0.06 secs] 
2019-09-25T15:15:59.589-0530: 193.433: [Full GC (Ergonomics) [PSYoungGen: 11264K->11263K(22528K)] [ParOldGen: 68359K->68359K(68608K)] 79623K->79623K(91136K), [Metaspace: 60471K->60471K(1105920K)], 0.0559671 secs] [Times: user=0.16 sys=0.00, real=0.06 secs] 
2019-09-25T15:15:59.646-0530: 193.490: [Full GC (Ergonomics) [PSYoungGen: 11263K->11263K(22528K)] [ParOldGen: 68359K->68359K(68608K)] 79623K->79623K(91136K), [Metaspace: 60471K->60471K(1105920K)], 0.0535485 secs] [Times: user=0.17 sys=0.00, real=0.06 secs] 
2019-09-25T15:15:59.701-0530: 193.545: [Full GC (Ergonomics) [PSYoungGen: 11263K->11263K(22528K)] [ParOldGen: 68359K->68359K(68608K)] 79623K->79622K(91136K), [Metaspace: 60471K->60471K(1105920K)], 0.0518054 secs] [Times: user=0.16 sys=0.00, real=0.05 secs] 
2019-09-25T15:15:59.754-0530: 193.598: [Full GC (Ergonomics) [PSYoungGen: 11264K->11263K(22528K)] [ParOldGen: 68359K->68359K(68608K)] 79623K->79622K(91136K), [Metaspace: 60471K->60471K(1105920K)], 0.0773185 secs] [Times: user=0.30 sys=0.01, real=0.08 secs] 
2019-09-25T15:15:59.833-0530: 193.676: [Full GC (Ergonomics) [PSYoungGen: 11264K->11262K(22528K)] [ParOldGen: 68359K->68359K(68608K)] 79623K->79622K(91136K), [Metaspace: 60471K->60471K(1105920K)], 0.0539766 secs] [Times: user=0.17 sys=0.00, real=0.05 secs] 
2019-09-25T15:15:59.888-0530: 193.731: [Full GC (Ergonomics) [PSYoungGen: 11264K->11262K(22528K)] [ParOldGen: 68359K->68359K(68608K)] 79623K->79621K(91136K), [Metaspace: 60471K->60471K(1105920K)], 0.0552736 secs] [Times: user=0.16 sys=0.00, real=0.06 secs] 
2019-09-25T15:15:59.944-0530: 193.788: [Full GC (Ergonomics) [PSYoungGen: 11264K->11262K(22528K)] [ParOldGen: 68359K->68358K(68608K)] 79623K->79621K(91136K), [Metaspace: 60471K->60471K(1105920K)], 0.0801795 secs] [Times: user=0.31 sys=0.01, real=0.08 secs] 
2019-09-25T15:16:00.025-0530: 193.869: [Full GC (Ergonomics) [PSYoungGen: 11264K->11262K(22528K)] [ParOldGen: 68358K->68358K(68608K)] 79622K->79621K(91136K), [Metaspace: 60472K->60472K(1105920K)], 0.0566872 secs] [Times: user=0.17 sys=0.00, real=0.06 secs] 
2019-09-25T15:16:00.083-0530: 193.927: [Full GC (Ergonomics) [PSYoungGen: 11264K->11263K(22528K)] [ParOldGen: 68358K->68358K(68608K)] 79622K->79621K(91136K), [Metaspace: 60472K->60472K(1105920K)], 0.0624027 secs] [Times: user=0.18 sys=0.01, real=0.06 secs] 
2019-09-25T15:16:00.147-0530: 193.991: [Full GC (Ergonomics) [PSYoungGen: 11264K->11262K(22528K)] [ParOldGen: 68358K->68358K(68608K)] 79622K->79621K(91136K), [Metaspace: 60472K->60472K(1105920K)], 0.0617024 secs] [Times: user=0.17 sys=0.00, real=0.06 secs] 
2019-09-25T15:16:00.210-0530: 194.054: [Full GC (Ergonomics) [PSYoungGen: 11264K->11263K(22528K)] [ParOldGen: 68358K->68358K(68608K)] 79622K->79622K(91136K), [Metaspace: 60472K->60472K(1105920K)], 0.0605574 secs] [Times: user=0.18 sys=0.00, real=0.06 secs] 
2019-09-25T15:16:00.273-0530: 194.117: [Full GC (Ergonomics) [PSYoungGen: 11264K->11259K(22528K)] [ParOldGen: 68358K->68358K(68608K)] 79622K->79617K(91136K), [Metaspace: 60472K->60472K(1105920K)], 0.0747182 secs] [Times: user=0.19 sys=0.00, real=0.07 secs] 
2019-09-25T15:16:00.349-0530: 194.193: [Full GC (Ergonomics) [PSYoungGen: 11264K->11259K(22528K)] [ParOldGen: 68358K->68358K(68608K)] 79622K->79618K(91136K), [Metaspace: 60472K->60472K(1105920K)], 0.0690472 secs] [Times: user=0.18 sys=0.01, real=0.07 secs] 
2019-09-25T15:16:00.420-0530: 194.263: [Full GC (Ergonomics) [PSYoungGen: 11263K->11259K(22528K)] [ParOldGen: 68358K->68358K(68608K)] 79622K->79618K(91136K), [Metaspace: 60472K->60472K(1105920K)], 0.0635355 secs] [Times: user=0.19 sys=0.00, real=0.06 secs] 
2019-09-25T15:16:00.485-0530: 194.328: [Full GC (Ergonomics) [PSYoungGen: 11264K->11259K(22528K)] [ParOldGen: 68358K->68358K(68608K)] 79622K->79617K(91136K), [Metaspace: 60472K->60472K(1105920K)], 0.0650593 secs] [Times: user=0.17 sys=0.00, real=0.07 secs] 
2019-09-25T15:16:00.551-0530: 194.395: [Full GC (Ergonomics) [PSYoungGen: 11264K->11260K(22528K)] [ParOldGen: 68358K->68358K(68608K)] 79622K->79619K(91136K), [Metaspace: 60472K->60472K(1105920K)], 0.0891171 secs] [Times: user=0.25 sys=0.00, real=0.09 secs] 
2019-09-25T15:16:00.642-0530: 194.486: [Full GC (Ergonomics) [PSYoungGen: 11264K->11260K(22528K)] [ParOldGen: 68358K->68358K(68608K)] 79622K->79619K(91136K), [Metaspace: 60472K->60472K(1105920K)], 0.0640432 secs] [Times: user=0.17 sys=0.01, real=0.06 secs] 
2019-09-25T15:16:00.708-0530: 194.551: [Full GC (Ergonomics) [PSYoungGen: 11264K->11260K(22528K)] [ParOldGen: 68358K->68358K(68608K)] 79622K->79618K(91136K), [Metaspace: 60472K->60472K(1105920K)], 0.0719465 secs] [Times: user=0.20 sys=0.00, real=0.08 secs] 
2019-09-25T15:16:00.781-0530: 194.625: [Full GC (Ergonomics) [PSYoungGen: 11264K->11259K(22528K)] [ParOldGen: 68358K->68358K(68608K)] 79622K->79618K(91136K), [Metaspace: 60472K->60472K(1105920K)], 0.0643207 secs] [Times: user=0.19 sys=0.00, real=0.06 secs] 
2019-09-25T15:16:00.846-0530: 194.690: [Full GC (Ergonomics) [PSYoungGen: 11264K->11260K(22528K)] [ParOldGen: 68358K->68358K(68608K)] 79622K->79618K(91136K), [Metaspace: 60472K->60472K(1105920K)], 0.0658022 secs] [Times: user=0.20 sys=0.01, real=0.07 secs] 
2019-09-25T15:16:00.913-0530: 194.757: [Full GC (Ergonomics) [PSYoungGen: 11264K->11259K(22528K)] [ParOldGen: 68358K->68358K(68608K)] 79622K->79617K(91136K), [Metaspace: 60472K->60472K(1105920K)], 0.0805747 secs] [Times: user=0.28 sys=0.00, real=0.08 secs] 
2019-09-25T15:16:00.995-0530: 194.839: [Full GC (Ergonomics) [PSYoungGen: 11264K->11257K(22528K)] [ParOldGen: 68358K->68358K(68608K)] 79622K->79615K(91136K), [Metaspace: 60472K->60472K(1105920K)], 0.0581097 secs] [Times: user=0.17 sys=0.01, real=0.06 secs] 
2019-09-25T15:16:01.054-0530: 194.898: [Full GC (Ergonomics) [PSYoungGen: 11264K->11255K(22528K)] [ParOldGen: 68358K->68358K(68608K)] 79622K->79613K(91136K), [Metaspace: 60472K->60472K(1105920K)], 0.0605071 secs] [Times: user=0.21 sys=0.00, real=0.06 secs] 
2019-09-25T15:16:01.115-0530: 194.959: [Full GC (Ergonomics) [PSYoungGen: 11264K->11252K(22528K)] [ParOldGen: 68358K->68358K(68608K)] 79622K->79610K(91136K), [Metaspace: 60472K->60472K(1105920K)], 0.0504470 secs] [Times: user=0.17 sys=0.00, real=0.05 secs] 
2019-09-25T15:16:01.167-0530: 195.011: [Full GC (Ergonomics) [PSYoungGen: 11264K->11252K(22528K)] [ParOldGen: 68358K->68358K(68608K)] 79622K->79610K(91136K), [Metaspace: 60472K->60472K(1105920K)], 0.0559613 secs] [Times: user=0.19 sys=0.01, real=0.06 secs] 
2019-09-25T15:16:01.224-0530: 195.068: [Full GC (Ergonomics) [PSYoungGen: 11264K->11254K(22528K)] [ParOldGen: 68358K->68358K(68608K)] 79622K->79612K(91136K), [Metaspace: 60472K->60472K(1105920K)], 0.0515002 secs] [Times: user=0.16 sys=0.00, real=0.05 secs] 
2019-09-25T15:16:01.277-0530: 195.121: [Full GC (Ergonomics) [PSYoungGen: 11264K->11255K(22528K)] [ParOldGen: 68358K->68358K(68608K)] 79622K->79614K(91136K), [Metaspace: 60472K->60472K(1105920K)], 0.0529448 secs] [Times: user=0.17 sys=0.00, real=0.06 secs] 
2019-09-25T15:16:01.331-0530: 195.175: [Full GC (Ergonomics) [PSYoungGen: 11264K->11256K(22528K)] [ParOldGen: 68358K->68358K(68608K)] 79622K->79614K(91136K), [Metaspace: 60472K->60472K(1105920K)], 0.0563624 secs] [Times: user=0.20 sys=0.00, real=0.05 secs] 
2019-09-25T15:16:01.388-0530: 195.232: [Full GC (Ergonomics) [PSYoungGen: 11264K->11255K(22528K)] [ParOldGen: 68358K->68358K(68608K)] 79622K->79614K(91136K), [Metaspace: 60472K->60472K(1105920K)], 0.0545157 secs] [Times: user=0.19 sys=0.01, real=0.06 secs] 
2019-09-25T15:16:01.444-0530: 195.288: [Full GC (Ergonomics) [PSYoungGen: 11264K->11257K(22528K)] [ParOldGen: 68358K->68358K(68608K)] 79622K->79615K(91136K), [Metaspace: 60472K->60472K(1105920K)], 0.0739460 secs] [Times: user=0.30 sys=0.00, real=0.07 secs] 
2019-09-25T15:16:01.519-0530: 195.363: [Full GC (Ergonomics) [PSYoungGen: 11264K->11256K(22528K)] [ParOldGen: 68358K->68357K(68608K)] 79622K->79614K(91136K), [Metaspace: 60472K->60472K(1105920K)], 0.0906504 secs] [Times: user=0.37 sys=0.01, real=0.10 secs] 
2019-09-25T15:16:01.611-0530: 195.455: [Full GC (Ergonomics) [PSYoungGen: 11264K->11255K(22528K)] [ParOldGen: 68357K->68357K(68608K)] 79621K->79612K(91136K), [Metaspace: 60472K->60472K(1105920K)], 0.0804855 secs] [Times: user=0.31 sys=0.01, real=0.08 secs] 
2019-09-25T15:16:01.693-0530: 195.537: [Full GC (Ergonomics) [PSYoungGen: 11264K->11253K(22528K)] [ParOldGen: 68357K->68357K(68608K)] 79621K->79611K(91136K), [Metaspace: 60472K->60472K(1105920K)], 0.0643086 secs] [Times: user=0.22 sys=0.00, real=0.06 secs] 
2019-09-25T15:16:01.758-0530: 195.602: [Full GC (Ergonomics) [PSYoungGen: 11264K->11255K(22528K)] [ParOldGen: 68357K->68357K(68608K)] 79621K->79612K(91136K), [Metaspace: 60472K->60472K(1105920K)], 0.0654507 secs] [Times: user=0.21 sys=0.01, real=0.07 secs] 
2019-09-25T15:16:01.825-0530: 195.669: [Full GC (Ergonomics) [PSYoungGen: 11264K->11254K(22528K)] [ParOldGen: 68357K->68357K(68608K)] 79621K->79611K(91136K), [Metaspace: 60472K->60472K(1105920K)], 0.0631339 secs] [Times: user=0.19 sys=0.00, real=0.06 secs] 
2019-09-25T15:16:01.889-0530: 195.733: [Full GC (Ergonomics) [PSYoungGen: 11264K->11255K(22528K)] [ParOldGen: 68357K->68357K(68608K)] 79621K->79612K(91136K), [Metaspace: 60474K->60474K(1105920K)], 0.0835247 secs] [Times: user=0.31 sys=0.01, real=0.09 secs] 
2019-09-25T15:16:01.974-0530: 195.818: [Full GC (Ergonomics) [PSYoungGen: 11264K->11253K(22528K)] [ParOldGen: 68357K->68357K(68608K)] 79621K->79610K(91136K), [Metaspace: 60474K->60474K(1105920K)], 0.0583029 secs] [Times: user=0.17 sys=0.00, real=0.06 secs] 
2019-09-25T15:16:02.034-0530: 195.878: [Full GC (Ergonomics) [PSYoungGen: 11264K->11248K(22528K)] [ParOldGen: 68357K->68357K(68608K)] 79621K->79605K(91136K), [Metaspace: 60474K->60474K(1105920K)], 0.0614729 secs] [Times: user=0.21 sys=0.00, real=0.06 secs] 
2019-09-25T15:16:02.096-0530: 195.940: [Full GC (Ergonomics) [PSYoungGen: 11264K->11247K(22528K)] [ParOldGen: 68357K->68357K(68608K)] 79621K->79604K(91136K), [Metaspace: 60474K->60474K(1105920K)], 0.0585980 secs] [Times: user=0.19 sys=0.01, real=0.06 secs] 
2019-09-25T15:16:02.156-0530: 196.000: [Full GC (Ergonomics) [PSYoungGen: 11264K->11248K(22528K)] [ParOldGen: 68357K->68357K(68608K)] 79621K->79605K(91136K), [Metaspace: 60474K->60474K(1105920K)], 0.0715944 secs] [Times: user=0.20 sys=0.00, real=0.07 secs] 
2019-09-25T15:16:02.230-0530: 196.074: [Full GC (Ergonomics) [PSYoungGen: 11264K->11251K(22528K)] [ParOldGen: 68357K->68357K(68608K)] 79621K->79608K(91136K), [Metaspace: 60474K->60474K(1105920K)], 0.0635823 secs] [Times: user=0.18 sys=0.00, real=0.06 secs] 
2019-09-25T15:16:02.294-0530: 196.138: [Full GC (Ergonomics) [PSYoungGen: 11264K->11251K(22528K)] [ParOldGen: 68357K->68357K(68608K)] 79621K->79608K(91136K), [Metaspace: 60474K->60474K(1105920K)], 0.0557963 secs] [Times: user=0.18 sys=0.00, real=0.06 secs] 
2019-09-25T15:16:02.351-0530: 196.195: [Full GC (Ergonomics) [PSYoungGen: 11264K->11252K(22528K)] [ParOldGen: 68357K->68357K(68608K)] 79621K->79609K(91136K), [Metaspace: 60474K->60474K(1105920K)], 0.0520479 secs] [Times: user=0.17 sys=0.01, real=0.05 secs] 
2019-09-25T15:16:02.404-0530: 196.248: [Full GC (Ergonomics) [PSYoungGen: 11264K->11251K(22528K)] [ParOldGen: 68357K->68357K(68608K)] 79621K->79608K(91136K), [Metaspace: 60474K->60474K(1105920K)], 0.0523869 secs] [Times: user=0.17 sys=0.00, real=0.05 secs] 
2019-09-25T15:16:02.458-0530: 196.302: [Full GC (Ergonomics) [PSYoungGen: 11264K->11252K(22528K)] [ParOldGen: 68357K->68357K(68608K)] 79621K->79609K(91136K), [Metaspace: 60474K->60474K(1105920K)], 0.0517436 secs] [Times: user=0.16 sys=0.00, real=0.06 secs] 
2019-09-25T15:16:02.511-0530: 196.354: [Full GC (Ergonomics) [PSYoungGen: 11264K->11252K(22528K)] [ParOldGen: 68357K->68357K(68608K)] 79621K->79609K(91136K), [Metaspace: 60474K->60474K(1105920K)], 0.0494294 secs] [Times: user=0.17 sys=0.00, real=0.05 secs] 
2019-09-25T15:16:02.561-0530: 196.405: [Full GC (Ergonomics) [PSYoungGen: 11264K->11256K(22528K)] [ParOldGen: 68357K->68356K(68608K)] 79621K->79613K(91136K), [Metaspace: 60474K->60474K(1105920K)], 0.0702149 secs] [Times: user=0.28 sys=0.01, real=0.07 secs] 
2019-09-25T15:16:02.632-0530: 196.476: [Full GC (Ergonomics) [PSYoungGen: 11264K->11256K(22528K)] [ParOldGen: 68356K->68356K(68608K)] 79620K->79613K(91136K), [Metaspace: 60474K->60474K(1105920K)], 0.0570949 secs] [Times: user=0.19 sys=0.00, real=0.06 secs] 
2019-09-25T15:16:02.691-0530: 196.535: [Full GC (Ergonomics) [PSYoungGen: 11264K->11256K(22528K)] [ParOldGen: 68356K->68356K(68608K)] 79620K->79613K(91136K), [Metaspace: 60474K->60474K(1105920K)], 0.0571697 secs] [Times: user=0.18 sys=0.00, real=0.05 secs] 
2019-09-25T15:16:02.749-0530: 196.593: [Full GC (Ergonomics) [PSYoungGen: 11264K->11257K(22528K)] [ParOldGen: 68356K->68356K(68608K)] 79620K->79614K(91136K), [Metaspace: 60474K->60474K(1105920K)], 0.0576442 secs] [Times: user=0.19 sys=0.01, real=0.06 secs] 
2019-09-25T15:16:02.808-0530: 196.652: [Full GC (Ergonomics) [PSYoungGen: 11264K->11256K(22528K)] [ParOldGen: 68356K->68356K(68608K)] 79620K->79613K(91136K), [Metaspace: 60475K->60475K(1105920K)], 0.0631422 secs] [Times: user=0.21 sys=0.00, real=0.07 secs] 
2019-09-25T15:16:02.872-0530: 196.716: [Full GC (Ergonomics) [PSYoungGen: 11264K->11256K(22528K)] [ParOldGen: 68356K->68356K(68608K)] 79620K->79613K(91136K), [Metaspace: 60475K->60475K(1105920K)], 0.0615203 secs] [Times: user=0.20 sys=0.00, real=0.06 secs] 
2019-09-25T15:16:02.935-0530: 196.779: [Full GC (Ergonomics) [PSYoungGen: 11264K->11255K(22528K)] [ParOldGen: 68356K->68356K(68608K)] 79620K->79612K(91136K), [Metaspace: 60475K->60475K(1105920K)], 0.0645230 secs] [Times: user=0.22 sys=0.01, real=0.06 secs] 
2019-09-25T15:16:03.000-0530: 196.844: [Full GC (Ergonomics) [PSYoungGen: 11264K->11255K(22528K)] [ParOldGen: 68356K->68356K(68608K)] 79620K->79612K(91136K), [Metaspace: 60475K->60475K(1105920K)], 0.0568287 secs] [Times: user=0.18 sys=0.00, real=0.05 secs] 
2019-09-25T15:16:03.058-0530: 196.902: [Full GC (Ergonomics) [PSYoungGen: 11264K->11256K(22528K)] [ParOldGen: 68356K->68356K(68608K)] 79620K->79613K(91136K), [Metaspace: 60475K->60475K(1105920K)], 0.0577541 secs] [Times: user=0.21 sys=0.00, real=0.06 secs] 
2019-09-25T15:16:03.117-0530: 196.961: [Full GC (Ergonomics) [PSYoungGen: 11264K->11257K(22528K)] [ParOldGen: 68356K->68356K(68608K)] 79620K->79614K(91136K), [Metaspace: 60475K->60475K(1105920K)], 0.0610586 secs] [Times: user=0.20 sys=0.01, real=0.06 secs] 
2019-09-25T15:16:03.179-0530: 197.023: [Full GC (Ergonomics) [PSYoungGen: 11264K->11257K(22528K)] [ParOldGen: 68356K->68356K(68608K)] 79620K->79614K(91136K), [Metaspace: 60475K->60475K(1105920K)], 0.0591869 secs] [Times: user=0.17 sys=0.00, real=0.06 secs] 
2019-09-25T15:16:03.240-0530: 197.084: [Full GC (Ergonomics) [PSYoungGen: 11264K->11256K(22528K)] [ParOldGen: 68356K->68356K(68608K)] 79620K->79613K(91136K), [Metaspace: 60475K->60475K(1105920K)], 0.0545615 secs] [Times: user=0.18 sys=0.00, real=0.05 secs] 
2019-09-25T15:16:03.295-0530: 197.139: [Full GC (Ergonomics) [PSYoungGen: 11264K->11256K(22528K)] [ParOldGen: 68356K->68356K(68608K)] 79620K->79613K(91136K), [Metaspace: 60475K->60475K(1105920K)], 0.0569986 secs] [Times: user=0.18 sys=0.00, real=0.06 secs] 
2019-09-25T15:16:03.354-0530: 197.198: [Full GC (Ergonomics) [PSYoungGen: 11264K->11255K(22528K)] [ParOldGen: 68356K->68356K(68608K)] 79620K->79612K(91136K), [Metaspace: 60475K->60475K(1105920K)], 0.0611787 secs] [Times: user=0.20 sys=0.01, real=0.06 secs] 
2019-09-25T15:16:03.416-0530: 197.260: [Full GC (Ergonomics) [PSYoungGen: 11264K->11255K(22528K)] [ParOldGen: 68356K->68356K(68608K)] 79620K->79612K(91136K), [Metaspace: 60475K->60475K(1105920K)], 0.0567210 secs] [Times: user=0.18 sys=0.00, real=0.06 secs] 
2019-09-25T15:16:03.474-0530: 197.318: [Full GC (Ergonomics) [PSYoungGen: 11264K->11255K(22528K)] [ParOldGen: 68356K->68356K(68608K)] 79620K->79612K(91136K), [Metaspace: 60475K->60475K(1105920K)], 0.0563931 secs] [Times: user=0.18 sys=0.00, real=0.06 secs] 
2019-09-25T15:16:03.532-0530: 197.376: [Full GC (Ergonomics) [PSYoungGen: 11264K->11256K(22528K)] [ParOldGen: 68356K->68356K(68608K)] 79620K->79613K(91136K), [Metaspace: 60475K->60475K(1105920K)], 0.0544984 secs] [Times: user=0.17 sys=0.01, real=0.05 secs] 
2019-09-25T15:16:03.587-0530: 197.431: [Full GC (Ergonomics) [PSYoungGen: 11264K->11257K(22528K)] [ParOldGen: 68356K->68356K(68608K)] 79620K->79613K(91136K), [Metaspace: 60475K->60475K(1105920K)], 0.0575529 secs] [Times: user=0.19 sys=0.00, real=0.06 secs] 
2019-09-25T15:16:03.646-0530: 197.490: [Full GC (Ergonomics) [PSYoungGen: 11264K->11257K(22528K)] [ParOldGen: 68356K->68356K(68608K)] 79620K->79613K(91136K), [Metaspace: 60475K->60475K(1105920K)], 0.0530633 secs] [Times: user=0.16 sys=0.00, real=0.05 secs] 
2019-09-25T15:16:03.700-0530: 197.544: [Full GC (Ergonomics) [PSYoungGen: 11264K->11257K(22528K)] [ParOldGen: 68356K->68356K(68608K)] 79620K->79613K(91136K), [Metaspace: 60475K->60475K(1105920K)], 0.0482849 secs] [Times: user=0.16 sys=0.00, real=0.04 secs] 
2019-09-25T15:16:03.749-0530: 197.592: [Full GC (Allocation Failure) [PSYoungGen: 11257K->11257K(22528K)] [ParOldGen: 68356K->68356K(68608K)] 79613K->79613K(91136K), [Metaspace: 60475K->60475K(1105920K)], 0.0476569 secs] [Times: user=0.16 sys=0.00, real=0.05 secs] 
2019-09-25T15:16:03.797-0530: 197.641: [Full GC (Ergonomics) [PSYoungGen: 11264K->11256K(22528K)] [ParOldGen: 68365K->68357K(68608K)] 79629K->79613K(91136K), [Metaspace: 60475K->60475K(1105920K)], 0.0525830 secs] [Times: user=0.20 sys=0.00, real=0.06 secs] 
2019-09-25T15:16:03.851-0530: 197.695: [Full GC (Ergonomics) [PSYoungGen: 11264K->11257K(22528K)] [ParOldGen: 68357K->68357K(68608K)] 79621K->79614K(91136K), [Metaspace: 60475K->60475K(1105920K)], 0.0483523 secs] [Times: user=0.17 sys=0.00, real=0.04 secs] 
2019-09-25T15:16:03.901-0530: 197.745: [Full GC (Ergonomics) [PSYoungGen: 11264K->11258K(22528K)] [ParOldGen: 68357K->68357K(68608K)] 79621K->79616K(91136K), [Metaspace: 60475K->60475K(1105920K)], 0.0524864 secs] [Times: user=0.18 sys=0.00, real=0.05 secs] 
2019-09-25T15:16:03.954-0530: 197.798: [Full GC (Ergonomics) [PSYoungGen: 11264K->11258K(22528K)] [ParOldGen: 68357K->68357K(68608K)] 79621K->79616K(91136K), [Metaspace: 60475K->60475K(1105920K)], 0.0488231 secs] [Times: user=0.17 sys=0.01, real=0.05 secs] 
2019-09-25T15:16:04.004-0530: 197.848: [Full GC (Ergonomics) [PSYoungGen: 11264K->11258K(22528K)] [ParOldGen: 68357K->68357K(68608K)] 79621K->79615K(91136K), [Metaspace: 60475K->60475K(1105920K)], 0.0512638 secs] [Times: user=0.16 sys=0.00, real=0.05 secs] 
2019-09-25T15:16:04.056-0530: 197.900: [Full GC (Ergonomics) [PSYoungGen: 11264K->11254K(22528K)] [ParOldGen: 68357K->68353K(68608K)] 79621K->79607K(91136K), [Metaspace: 60475K->60475K(1105920K)], 0.0489861 secs] [Times: user=0.18 sys=0.00, real=0.05 secs] 
2019-09-25T15:16:04.106-0530: 197.950: [Full GC (Ergonomics) [PSYoungGen: 11264K->11254K(22528K)] [ParOldGen: 68353K->68352K(68608K)] 79617K->79607K(91136K), [Metaspace: 60475K->60475K(1105920K)], 0.0474092 secs] [Times: user=0.15 sys=0.00, real=0.05 secs] 
2019-09-25T15:16:04.155-0530: 197.999: [Full GC (Ergonomics) [PSYoungGen: 11264K->11258K(22528K)] [ParOldGen: 68352K->68352K(68608K)] 79616K->79611K(91136K), [Metaspace: 60475K->60475K(1105920K)], 0.0491765 secs] [Times: user=0.16 sys=0.01, real=0.05 secs] 
2019-09-25T15:16:04.205-0530: 198.049: [Full GC (Ergonomics) [PSYoungGen: 11264K->11261K(22528K)] [ParOldGen: 68352K->68352K(68608K)] 79616K->79614K(91136K), [Metaspace: 60475K->60475K(1105920K)], 0.0483146 secs] [Times: user=0.16 sys=0.00, real=0.05 secs] 
2019-09-25T15:16:04.254-0530: 198.098: [Full GC (Ergonomics) [PSYoungGen: 11264K->11260K(22528K)] [ParOldGen: 68352K->68352K(68608K)] 79616K->79613K(91136K), [Metaspace: 60475K->60475K(1105920K)], 0.0475286 secs] [Times: user=0.16 sys=0.00, real=0.05 secs] 
2019-09-25T15:16:04.303-0530: 198.147: [Full GC (Ergonomics) [PSYoungGen: 11264K->11260K(22528K)] [ParOldGen: 68352K->68352K(68608K)] 79616K->79613K(91136K), [Metaspace: 60475K->60475K(1105920K)], 0.0504570 secs] [Times: user=0.17 sys=0.00, real=0.05 secs] 
2019-09-25T15:16:04.354-0530: 198.198: [Full GC (Ergonomics) [PSYoungGen: 11264K->11261K(22528K)] [ParOldGen: 68352K->68352K(68608K)] 79616K->79613K(91136K), [Metaspace: 60475K->60475K(1105920K)], 0.0551521 secs] [Times: user=0.19 sys=0.01, real=0.06 secs] 
2019-09-25T15:16:04.411-0530: 198.254: [Full GC (Ergonomics) [PSYoungGen: 11264K->11261K(22528K)] [ParOldGen: 68352K->68352K(68608K)] 79616K->79614K(91136K), [Metaspace: 60475K->60475K(1105920K)], 0.0494044 secs] [Times: user=0.16 sys=0.00, real=0.05 secs] 
2019-09-25T15:16:04.461-0530: 198.305: [Full GC (Ergonomics) [PSYoungGen: 11264K->11261K(22528K)] [ParOldGen: 68352K->68352K(68608K)] 79616K->79614K(91136K), [Metaspace: 60475K->60475K(1105920K)], 0.0538043 secs] [Times: user=0.20 sys=0.00, real=0.05 secs] 
2019-09-25T15:16:04.516-0530: 198.360: [Full GC (Ergonomics) [PSYoungGen: 11264K->11262K(22528K)] [ParOldGen: 68352K->68352K(68608K)] 79616K->79614K(91136K), [Metaspace: 60475K->60475K(1105920K)], 0.0565739 secs] [Times: user=0.17 sys=0.00, real=0.06 secs] 
2019-09-25T15:16:04.574-0530: 198.418: [Full GC (Ergonomics) [PSYoungGen: 11264K->11262K(22528K)] [ParOldGen: 68352K->68352K(68608K)] 79616K->79615K(91136K), [Metaspace: 60475K->60475K(1105920K)], 0.0589241 secs] [Times: user=0.17 sys=0.01, real=0.06 secs] 
2019-09-25T15:16:04.634-0530: 198.478: [Full GC (Ergonomics) [PSYoungGen: 11264K->11262K(22528K)] [ParOldGen: 68352K->68352K(68608K)] 79616K->79615K(91136K), [Metaspace: 60475K->60475K(1105920K)], 0.0540628 secs] [Times: user=0.17 sys=0.00, real=0.05 secs] 
2019-09-25T15:16:04.689-0530: 198.533: [Full GC (Ergonomics) [PSYoungGen: 11264K->11262K(22528K)] [ParOldGen: 68352K->68352K(68608K)] 79616K->79614K(91136K), [Metaspace: 60475K->60475K(1105920K)], 0.0637257 secs] [Times: user=0.17 sys=0.00, real=0.07 secs] 
2019-09-25T15:16:04.754-0530: 198.598: [Full GC (Ergonomics) [PSYoungGen: 11264K->11261K(22528K)] [ParOldGen: 68352K->68352K(68608K)] 79616K->79614K(91136K), [Metaspace: 60475K->60475K(1105920K)], 0.0576793 secs] [Times: user=0.21 sys=0.00, real=0.06 secs] 
2019-09-25T15:16:04.812-0530: 198.656: [Full GC (Ergonomics) [PSYoungGen: 11264K->11261K(22528K)] [ParOldGen: 68352K->68352K(68608K)] 79616K->79614K(91136K), [Metaspace: 60475K->60475K(1105920K)], 0.0617393 secs] [Times: user=0.20 sys=0.01, real=0.06 secs] 
2019-09-25T15:16:04.875-0530: 198.719: [Full GC (Ergonomics) [PSYoungGen: 11264K->11263K(22528K)] [ParOldGen: 68352K->68352K(68608K)] 79616K->79615K(91136K), [Metaspace: 60475K->60475K(1105920K)], 0.0598331 secs] [Times: user=0.18 sys=0.00, real=0.06 secs] 
2019-09-25T15:16:04.936-0530: 198.780: [Full GC (Ergonomics) [PSYoungGen: 11264K->11263K(22528K)] [ParOldGen: 68352K->68352K(68608K)] 79616K->79616K(91136K), [Metaspace: 60475K->60475K(1105920K)], 0.0550638 secs] [Times: user=0.17 sys=0.00, real=0.06 secs] 
2019-09-25T15:16:04.992-0530: 198.836: [Full GC (Ergonomics) [PSYoungGen: 11264K->11263K(22528K)] [ParOldGen: 68352K->68352K(68608K)] 79616K->79616K(91136K), [Metaspace: 60475K->60475K(1105920K)], 0.0531373 secs] [Times: user=0.18 sys=0.00, real=0.05 secs] 
2019-09-25T15:16:05.046-0530: 198.890: [Full GC (Ergonomics) [PSYoungGen: 11264K->11263K(22528K)] [ParOldGen: 68352K->68352K(68608K)] 79616K->79616K(91136K), [Metaspace: 60475K->60475K(1105920K)], 0.0560539 secs] [Times: user=0.17 sys=0.00, real=0.06 secs] 
2019-09-25T15:16:05.104-0530: 198.948: [Full GC (Ergonomics) [PSYoungGen: 11263K->11261K(22528K)] [ParOldGen: 68357K->68354K(68608K)] 79621K->79615K(91136K), [Metaspace: 60475K->60475K(1105920K)], 0.0545681 secs] [Times: user=0.19 sys=0.00, real=0.05 secs] 
2019-09-25T15:16:05.159-0530: 199.003: [Full GC (Ergonomics) [PSYoungGen: 11264K->11261K(22528K)] [ParOldGen: 68354K->68354K(68608K)] 79618K->79615K(91136K), [Metaspace: 60475K->60475K(1105920K)], 0.0530033 secs] [Times: user=0.17 sys=0.00, real=0.06 secs] 
2019-09-25T15:16:05.214-0530: 199.058: [Full GC (Ergonomics) [PSYoungGen: 11264K->11260K(22528K)] [ParOldGen: 68354K->68354K(68608K)] 79618K->79615K(91136K), [Metaspace: 60475K->60475K(1105920K)], 0.0527955 secs] [Times: user=0.17 sys=0.00, real=0.05 secs] 
2019-09-25T15:16:05.267-0530: 199.111: [Full GC (Ergonomics) [PSYoungGen: 11264K->11260K(22528K)] [ParOldGen: 68354K->68354K(68608K)] 79618K->79615K(91136K), [Metaspace: 60475K->60475K(1105920K)], 0.0551464 secs] [Times: user=0.17 sys=0.01, real=0.06 secs] 
2019-09-25T15:16:05.324-0530: 199.168: [Full GC (Ergonomics) [PSYoungGen: 11264K->11261K(22528K)] [ParOldGen: 68354K->68354K(68608K)] 79618K->79615K(91136K), [Metaspace: 60475K->60475K(1105920K)], 0.0540039 secs] [Times: user=0.18 sys=0.00, real=0.05 secs] 
2019-09-25T15:16:05.379-0530: 199.223: [Full GC (Ergonomics) [PSYoungGen: 11264K->11261K(22528K)] [ParOldGen: 68354K->68354K(68608K)] 79618K->79615K(91136K), [Metaspace: 60475K->60475K(1105920K)], 0.0551249 secs] [Times: user=0.17 sys=0.00, real=0.06 secs] 
2019-09-25T15:16:05.435-0530: 199.279: [Full GC (Ergonomics) [PSYoungGen: 11264K->11261K(22528K)] [ParOldGen: 68354K->68354K(68608K)] 79618K->79616K(91136K), [Metaspace: 60475K->60475K(1105920K)], 0.0541255 secs] [Times: user=0.18 sys=0.00, real=0.05 secs] 
2019-09-25T15:16:05.490-0530: 199.334: [Full GC (Ergonomics) [PSYoungGen: 11264K->11261K(22528K)] [ParOldGen: 68354K->68354K(68608K)] 79618K->79616K(91136K), [Metaspace: 60475K->60475K(1105920K)], 0.0562684 secs] [Times: user=0.18 sys=0.00, real=0.05 secs] 
2019-09-25T15:16:05.548-0530: 199.392: [Full GC (Ergonomics) [PSYoungGen: 11264K->11262K(22528K)] [ParOldGen: 68354K->68354K(68608K)] 79618K->79616K(91136K), [Metaspace: 60475K->60475K(1105920K)], 0.0549838 secs] [Times: user=0.18 sys=0.01, real=0.06 secs] 
2019-09-25T15:16:05.604-0530: 199.448: [Full GC (Ergonomics) [PSYoungGen: 11264K->11262K(22528K)] [ParOldGen: 68354K->68354K(68608K)] 79618K->79616K(91136K), [Metaspace: 60475K->60475K(1105920K)], 0.0495222 secs] [Times: user=0.17 sys=0.00, real=0.05 secs] 
2019-09-25T15:16:05.654-0530: 199.498: [Full GC (Ergonomics) [PSYoungGen: 11264K->11262K(22528K)] [ParOldGen: 68354K->68354K(68608K)] 79618K->79616K(91136K), [Metaspace: 60475K->60475K(1105920K)], 0.0543142 secs] [Times: user=0.18 sys=0.00, real=0.05 secs] 
2019-09-25T15:16:05.710-0530: 199.554: [Full GC (Ergonomics) [PSYoungGen: 11264K->11257K(22528K)] [ParOldGen: 68354K->68354K(68608K)] 79618K->79611K(91136K), [Metaspace: 60475K->60475K(1105920K)], 0.0535767 secs] [Times: user=0.17 sys=0.00, real=0.05 secs] 
2019-09-25T15:16:05.764-0530: 199.608: [Full GC (Ergonomics) [PSYoungGen: 11264K->11257K(22528K)] [ParOldGen: 68354K->68353K(68608K)] 79618K->79611K(91136K), [Metaspace: 60475K->60475K(1105920K)], 0.0526454 secs] [Times: user=0.17 sys=0.00, real=0.05 secs] 
2019-09-25T15:16:05.818-0530: 199.662: [Full GC (Ergonomics) [PSYoungGen: 11264K->11257K(22528K)] [ParOldGen: 68353K->68353K(68608K)] 79617K->79611K(91136K), [Metaspace: 60475K->60475K(1105920K)], 0.0541213 secs] [Times: user=0.17 sys=0.00, real=0.06 secs] 
2019-09-25T15:16:05.873-0530: 199.717: [Full GC (Ergonomics) [PSYoungGen: 11263K->11257K(22528K)] [ParOldGen: 68353K->68353K(68608K)] 79617K->79611K(91136K), [Metaspace: 60475K->60475K(1105920K)], 0.0537788 secs] [Times: user=0.17 sys=0.00, real=0.05 secs] 
2019-09-25T15:16:05.928-0530: 199.772: [Full GC (Ergonomics) [PSYoungGen: 11264K->11257K(22528K)] [ParOldGen: 68353K->68353K(68608K)] 79617K->79611K(91136K), [Metaspace: 60475K->60475K(1105920K)], 0.0570764 secs] [Times: user=0.16 sys=0.00, real=0.06 secs] 
2019-09-25T15:16:05.986-0530: 199.830: [Full GC (Ergonomics) [PSYoungGen: 11264K->11257K(22528K)] [ParOldGen: 68353K->68352K(68608K)] 79617K->79609K(91136K), [Metaspace: 60475K->60475K(1105920K)], 0.0575862 secs] [Times: user=0.16 sys=0.00, real=0.06 secs] 
2019-09-25T15:16:06.045-0530: 199.889: [Full GC (Ergonomics) [PSYoungGen: 11264K->11258K(22528K)] [ParOldGen: 68352K->68352K(68608K)] 79616K->79610K(91136K), [Metaspace: 60475K->60475K(1105920K)], 0.0607266 secs] [Times: user=0.18 sys=0.01, real=0.06 secs] 
2019-09-25T15:16:06.107-0530: 199.951: [Full GC (Ergonomics) [PSYoungGen: 11264K->11258K(22528K)] [ParOldGen: 68364K->68362K(68608K)] 79628K->79620K(91136K), [Metaspace: 60475K->60475K(1105920K)], 0.0591870 secs] [Times: user=0.20 sys=0.00, real=0.06 secs] 
2019-09-25T15:16:06.168-0530: 200.012: [Full GC (Ergonomics) [PSYoungGen: 11264K->11257K(22528K)] [ParOldGen: 68362K->68361K(68608K)] 79626K->79618K(91136K), [Metaspace: 60475K->60475K(1105920K)], 0.0583431 secs] [Times: user=0.19 sys=0.00, real=0.06 secs] 
2019-09-25T15:16:06.227-0530: 200.071: [Full GC (Ergonomics) [PSYoungGen: 11264K->11255K(22528K)] [ParOldGen: 68361K->68361K(68608K)] 79625K->79616K(91136K), [Metaspace: 60475K->60475K(1105920K)], 0.0561169 secs] [Times: user=0.17 sys=0.00, real=0.06 secs] 
2019-09-25T15:16:06.284-0530: 200.128: [Full GC (Ergonomics) [PSYoungGen: 11264K->11255K(22528K)] [ParOldGen: 68361K->68361K(68608K)] 79625K->79616K(91136K), [Metaspace: 60475K->60475K(1105920K)], 0.0539010 secs] [Times: user=0.17 sys=0.01, real=0.05 secs] 
2019-09-25T15:16:06.339-0530: 200.183: [Full GC (Ergonomics) [PSYoungGen: 11264K->11256K(22528K)] [ParOldGen: 68361K->68361K(68608K)] 79625K->79617K(91136K), [Metaspace: 60475K->60475K(1105920K)], 0.0513703 secs] [Times: user=0.17 sys=0.00, real=0.06 secs] 
2019-09-25T15:16:06.392-0530: 200.236: [Full GC (Ergonomics) [PSYoungGen: 11264K->11255K(22528K)] [ParOldGen: 68361K->68361K(68608K)] 79625K->79617K(91136K), [Metaspace: 60475K->60475K(1105920K)], 0.0550326 secs] [Times: user=0.17 sys=0.00, real=0.05 secs] 
2019-09-25T15:16:06.448-0530: 200.292: [Full GC (Ergonomics) [PSYoungGen: 11264K->11256K(22528K)] [ParOldGen: 68361K->68360K(68608K)] 79625K->79617K(91136K), [Metaspace: 60475K->60475K(1105920K)], 0.0507353 secs] [Times: user=0.18 sys=0.00, real=0.05 secs] 
2019-09-25T15:16:06.500-0530: 200.344: [Full GC (Ergonomics) [PSYoungGen: 11264K->11257K(22528K)] [ParOldGen: 68360K->68360K(68608K)] 79624K->79618K(91136K), [Metaspace: 60475K->60475K(1105920K)], 0.0536526 secs] [Times: user=0.17 sys=0.00, real=0.05 secs] 
2019-09-25T15:16:06.555-0530: 200.399: [Full GC (Ergonomics) [PSYoungGen: 11264K->11253K(22528K)] [ParOldGen: 68360K->68360K(68608K)] 79624K->79613K(91136K), [Metaspace: 60475K->60475K(1105920K)], 0.0568638 secs] [Times: user=0.17 sys=0.00, real=0.06 secs] 
2019-09-25T15:16:06.612-0530: 200.457: [Full GC (Ergonomics) [PSYoungGen: 11264K->11256K(22528K)] [ParOldGen: 68360K->68360K(68608K)] 79624K->79617K(91136K), [Metaspace: 60475K->60475K(1105920K)], 0.0634789 secs] [Times: user=0.19 sys=0.00, real=0.06 secs] 
2019-09-25T15:16:06.677-0530: 200.521: [Full GC (Ergonomics) [PSYoungGen: 11264K->11257K(22528K)] [ParOldGen: 68384K->68383K(68608K)] 79648K->79641K(91136K), [Metaspace: 60475K->60475K(1105920K)], 0.0628657 secs] [Times: user=0.20 sys=0.00, real=0.07 secs] 
2019-09-25T15:16:06.741-0530: 200.585: [Full GC (Ergonomics) [PSYoungGen: 11264K->11257K(22528K)] [ParOldGen: 68383K->68383K(68608K)] 79647K->79640K(91136K), [Metaspace: 60475K->60475K(1105920K)], 0.0582036 secs] [Times: user=0.18 sys=0.01, real=0.05 secs] 
2019-09-25T15:16:06.801-0530: 200.645: [Full GC (Ergonomics) [PSYoungGen: 11264K->11258K(22528K)] [ParOldGen: 68383K->68382K(68608K)] 79647K->79641K(91136K), [Metaspace: 60475K->60475K(1105920K)], 0.0551531 secs] [Times: user=0.18 sys=0.00, real=0.05 secs] 
2019-09-25T15:16:06.857-0530: 200.701: [Full GC (Ergonomics) [PSYoungGen: 11264K->11258K(22528K)] [ParOldGen: 68382K->68382K(68608K)] 79646K->79641K(91136K), [Metaspace: 60475K->60475K(1105920K)], 0.0592947 secs] [Times: user=0.17 sys=0.00, real=0.06 secs] 
2019-09-25T15:16:06.917-0530: 200.761: [Full GC (Ergonomics) [PSYoungGen: 11264K->11259K(22528K)] [ParOldGen: 68382K->68382K(68608K)] 79646K->79641K(91136K), [Metaspace: 60475K->60475K(1105920K)], 0.0592749 secs] [Times: user=0.18 sys=0.00, real=0.06 secs] 
2019-09-25T15:16:06.978-0530: 200.822: [Full GC (Ergonomics) [PSYoungGen: 11264K->11259K(22528K)] [ParOldGen: 68397K->68391K(68608K)] 79661K->79650K(91136K), [Metaspace: 60475K->60475K(1105920K)], 0.0597505 secs] [Times: user=0.20 sys=0.01, real=0.06 secs] 
2019-09-25T15:16:07.039-0530: 200.883: [Full GC (Ergonomics) [PSYoungGen: 11264K->11259K(22528K)] [ParOldGen: 68391K->68391K(68608K)] 79655K->79650K(91136K), [Metaspace: 60475K->60475K(1105920K)], 0.0517367 secs] [Times: user=0.16 sys=0.00, real=0.06 secs] 
2019-09-25T15:16:07.092-0530: 200.936: [Full GC (Ergonomics) [PSYoungGen: 11264K->11259K(22528K)] [ParOldGen: 68391K->68391K(68608K)] 79655K->79650K(91136K), [Metaspace: 60475K->60475K(1105920K)], 0.0548787 secs] [Times: user=0.18 sys=0.00, real=0.05 secs] 
2019-09-25T15:16:07.147-0530: 200.992: [Full GC (Ergonomics) [PSYoungGen: 11264K->11256K(22528K)] [ParOldGen: 68391K->68391K(68608K)] 79655K->79648K(91136K), [Metaspace: 60475K->60475K(1105920K)], 0.0604537 secs] [Times: user=0.23 sys=0.01, real=0.06 secs] 
2019-09-25T15:16:07.209-0530: 201.053: [Full GC (Ergonomics) [PSYoungGen: 11264K->11257K(22528K)] [ParOldGen: 68391K->68391K(68608K)] 79655K->79648K(91136K), [Metaspace: 60475K->60475K(1105920K)], 0.0573487 secs] [Times: user=0.19 sys=0.00, real=0.06 secs] 
2019-09-25T15:16:07.267-0530: 201.112: [Full GC (Ergonomics) [PSYoungGen: 11264K->11257K(22528K)] [ParOldGen: 68391K->68391K(68608K)] 79655K->79648K(91136K), [Metaspace: 60475K->60475K(1105920K)], 0.0641263 secs] [Times: user=0.20 sys=0.00, real=0.07 secs] 
2019-09-25T15:16:07.333-0530: 201.177: [Full GC (Ergonomics) [PSYoungGen: 11264K->11257K(22528K)] [ParOldGen: 68391K->68391K(68608K)] 79655K->79648K(91136K), [Metaspace: 60475K->60475K(1105920K)], 0.0578618 secs] [Times: user=0.19 sys=0.00, real=0.06 secs] 
2019-09-25T15:16:07.392-0530: 201.236: [Full GC (Ergonomics) [PSYoungGen: 11264K->11257K(22528K)] [ParOldGen: 68391K->68391K(68608K)] 79655K->79648K(91136K), [Metaspace: 60475K->60475K(1105920K)], 0.0617543 secs] [Times: user=0.21 sys=0.01, real=0.06 secs] 
2019-09-25T15:16:07.455-0530: 201.299: [Full GC (Ergonomics) [PSYoungGen: 11264K->11257K(22528K)] [ParOldGen: 68391K->68391K(68608K)] 79655K->79648K(91136K), [Metaspace: 60475K->60475K(1105920K)], 0.0578377 secs] [Times: user=0.16 sys=0.00, real=0.06 secs] 
2019-09-25T15:16:07.514-0530: 201.358: [Full GC (Ergonomics) [PSYoungGen: 11264K->11257K(22528K)] [ParOldGen: 68391K->68391K(68608K)] 79655K->79649K(91136K), [Metaspace: 60475K->60475K(1105920K)], 0.0581455 secs] [Times: user=0.18 sys=0.00, real=0.06 secs] 
2019-09-25T15:16:07.573-0530: 201.417: [Full GC (Ergonomics) [PSYoungGen: 11264K->11259K(22528K)] [ParOldGen: 68391K->68391K(68608K)] 79655K->79650K(91136K), [Metaspace: 60475K->60475K(1105920K)], 0.0583492 secs] [Times: user=0.17 sys=0.00, real=0.06 secs] 
2019-09-25T15:16:07.633-0530: 201.477: [Full GC (Ergonomics) [PSYoungGen: 11264K->11256K(22528K)] [ParOldGen: 68414K->68410K(68608K)] 79678K->79667K(91136K), [Metaspace: 60475K->60475K(1105920K)], 0.0579113 secs] [Times: user=0.19 sys=0.00, real=0.06 secs] 
2019-09-25T15:16:07.692-0530: 201.536: [Full GC (Ergonomics) [PSYoungGen: 11264K->11257K(22528K)] [ParOldGen: 68410K->68410K(68608K)] 79674K->79667K(91136K), [Metaspace: 60475K->60475K(1105920K)], 0.0635191 secs] [Times: user=0.21 sys=0.00, real=0.06 secs] 
2019-09-25T15:16:07.756-0530: 201.600: [Full GC (Ergonomics) [PSYoungGen: 11264K->11257K(22528K)] [ParOldGen: 68410K->68409K(68608K)] 79674K->79666K(91136K), [Metaspace: 60475K->60475K(1105920K)], 0.0617798 secs] [Times: user=0.18 sys=0.00, real=0.06 secs] 
2019-09-25T15:16:07.819-0530: 201.664: [Full GC (Ergonomics) [PSYoungGen: 11264K->11258K(22528K)] [ParOldGen: 68409K->68409K(68608K)] 79673K->79668K(91136K), [Metaspace: 60475K->60475K(1105920K)], 0.0629631 secs] [Times: user=0.20 sys=0.01, real=0.07 secs] 
2019-09-25T15:16:07.884-0530: 201.728: [Full GC (Ergonomics) [PSYoungGen: 11264K->11259K(22528K)] [ParOldGen: 68409K->68408K(68608K)] 79673K->79668K(91136K), [Metaspace: 60475K->60475K(1105920K)], 0.0636657 secs] [Times: user=0.20 sys=0.00, real=0.06 secs] 
2019-09-25T15:16:07.947-0530: 201.791: [Full GC (Allocation Failure) [PSYoungGen: 11259K->11259K(22528K)] [ParOldGen: 68408K->68408K(68608K)] 79668K->79668K(91136K), [Metaspace: 60475K->60475K(1105920K)], 0.0603944 secs] [Times: user=0.19 sys=0.00, real=0.06 secs] 
2019-09-25T15:16:08.009-0530: 201.853: [Full GC (Ergonomics) [PSYoungGen: 11264K->11258K(22528K)] [ParOldGen: 68413K->68410K(68608K)] 79677K->79668K(91136K), [Metaspace: 60475K->60475K(1105920K)], 0.0695169 secs] [Times: user=0.22 sys=0.01, real=0.07 secs] 
2019-09-25T15:16:08.080-0530: 201.924: [Full GC (Ergonomics) [PSYoungGen: 11264K->11259K(22528K)] [ParOldGen: 68410K->68410K(68608K)] 79674K->79669K(91136K), [Metaspace: 60475K->60475K(1105920K)], 0.0602864 secs] [Times: user=0.18 sys=0.00, real=0.06 secs] 
2019-09-25T15:16:08.141-0530: 201.985: [Full GC (Ergonomics) [PSYoungGen: 11264K->11259K(22528K)] [ParOldGen: 68410K->68410K(68608K)] 79674K->79669K(91136K), [Metaspace: 60475K->60475K(1105920K)], 0.0556619 secs] [Times: user=0.18 sys=0.00, real=0.05 secs] 
2019-09-25T15:16:08.198-0530: 202.042: [Full GC (Ergonomics) [PSYoungGen: 11264K->11261K(22528K)] [ParOldGen: 68410K->68409K(68608K)] 79674K->79671K(91136K), [Metaspace: 60475K->60475K(1105920K)], 0.0568973 secs] [Times: user=0.17 sys=0.00, real=0.06 secs] 
2019-09-25T15:16:08.256-0530: 202.100: [Full GC (Ergonomics) [PSYoungGen: 11264K->11261K(22528K)] [ParOldGen: 68409K->68409K(68608K)] 79673K->79671K(91136K), [Metaspace: 60475K->60475K(1105920K)], 0.0570013 secs] [Times: user=0.17 sys=0.01, real=0.06 secs] 
2019-09-25T15:16:08.314-0530: 202.158: [Full GC (Ergonomics) [PSYoungGen: 11264K->11261K(22528K)] [ParOldGen: 68409K->68409K(68608K)] 79673K->79671K(91136K), [Metaspace: 60475K->60475K(1105920K)], 0.0555720 secs] [Times: user=0.17 sys=0.00, real=0.06 secs] 
2019-09-25T15:16:08.371-0530: 202.215: [Full GC (Ergonomics) [PSYoungGen: 11264K->11260K(22528K)] [ParOldGen: 68409K->68409K(68608K)] 79673K->79670K(91136K), [Metaspace: 60475K->60475K(1105920K)], 0.0648296 secs] [Times: user=0.22 sys=0.00, real=0.06 secs] 
2019-09-25T15:16:08.437-0530: 202.281: [Full GC (Ergonomics) [PSYoungGen: 11264K->11260K(22528K)] [ParOldGen: 68409K->68409K(68608K)] 79673K->79670K(91136K), [Metaspace: 60475K->60475K(1105920K)], 0.0557865 secs] [Times: user=0.18 sys=0.00, real=0.06 secs] 
2019-09-25T15:16:08.494-0530: 202.338: [Full GC (Ergonomics) [PSYoungGen: 11264K->11260K(22528K)] [ParOldGen: 68409K->68409K(68608K)] 79673K->79670K(91136K), [Metaspace: 60475K->60475K(1105920K)], 0.0590079 secs] [Times: user=0.18 sys=0.01, real=0.06 secs] 
2019-09-25T15:16:08.554-0530: 202.398: [Full GC (Ergonomics) [PSYoungGen: 11264K->11259K(22528K)] [ParOldGen: 68409K->68409K(68608K)] 79673K->79669K(91136K), [Metaspace: 60475K->60475K(1105920K)], 0.0591888 secs] [Times: user=0.20 sys=0.00, real=0.06 secs] 
2019-09-25T15:16:08.614-0530: 202.458: [Full GC (Ergonomics) [PSYoungGen: 11264K->11259K(22528K)] [ParOldGen: 68409K->68409K(68608K)] 79673K->79669K(91136K), [Metaspace: 60475K->60475K(1105920K)], 0.0540551 secs] [Times: user=0.17 sys=0.00, real=0.05 secs] 
2019-09-25T15:16:08.669-0530: 202.514: [Full GC (Ergonomics) [PSYoungGen: 11263K->11258K(22528K)] [ParOldGen: 68409K->68409K(68608K)] 79673K->79668K(91136K), [Metaspace: 60478K->60478K(1105920K)], 0.0518302 secs] [Times: user=0.17 sys=0.00, real=0.06 secs] 
2019-09-25T15:16:08.722-0530: 202.566: [Full GC (Ergonomics) [PSYoungGen: 11264K->11257K(22528K)] [ParOldGen: 68409K->68408K(68608K)] 79673K->79666K(91136K), [Metaspace: 60478K->60478K(1105920K)], 0.0540067 secs] [Times: user=0.17 sys=0.01, real=0.05 secs] 
2019-09-25T15:16:08.777-0530: 202.621: [Full GC (Ergonomics) [PSYoungGen: 11264K->11256K(22528K)] [ParOldGen: 68408K->68408K(68608K)] 79672K->79664K(91136K), [Metaspace: 60478K->60478K(1105920K)], 0.0533741 secs] [Times: user=0.17 sys=0.00, real=0.06 secs] 
2019-09-25T15:16:08.832-0530: 202.676: [Full GC (Ergonomics) [PSYoungGen: 11264K->11257K(22528K)] [ParOldGen: 68408K->68408K(68608K)] 79672K->79665K(91136K), [Metaspace: 60478K->60478K(1105920K)], 0.0557510 secs] [Times: user=0.18 sys=0.00, real=0.05 secs] 
2019-09-25T15:16:08.889-0530: 202.733: [Full GC (Ergonomics) [PSYoungGen: 11264K->11257K(22528K)] [ParOldGen: 68408K->68408K(68608K)] 79672K->79666K(91136K), [Metaspace: 60478K->60478K(1105920K)], 0.0554229 secs] [Times: user=0.18 sys=0.00, real=0.06 secs] 
2019-09-25T15:16:08.945-0530: 202.790: [Full GC (Ergonomics) [PSYoungGen: 11264K->11258K(22528K)] [ParOldGen: 68408K->68408K(68608K)] 79672K->79667K(91136K), [Metaspace: 60478K->60478K(1105920K)], 0.0531675 secs] [Times: user=0.17 sys=0.01, real=0.05 secs] 
2019-09-25T15:16:09.000-0530: 202.844: [Full GC (Ergonomics) [PSYoungGen: 11264K->11258K(22528K)] [ParOldGen: 68408K->68408K(68608K)] 79672K->79666K(91136K), [Metaspace: 60478K->60478K(1105920K)], 0.0542107 secs] [Times: user=0.18 sys=0.00, real=0.05 secs] 
2019-09-25T15:16:09.055-0530: 202.899: [Full GC (Ergonomics) [PSYoungGen: 11264K->11259K(22528K)] [ParOldGen: 68408K->68408K(68608K)] 79672K->79667K(91136K), [Metaspace: 60478K->60478K(1105920K)], 0.0564594 secs] [Times: user=0.17 sys=0.00, real=0.06 secs] 
2019-09-25T15:16:09.113-0530: 202.957: [Full GC (Ergonomics) [PSYoungGen: 11264K->11257K(22528K)] [ParOldGen: 68408K->68408K(68608K)] 79672K->79665K(91136K), [Metaspace: 60478K->60478K(1105920K)], 0.0632536 secs] [Times: user=0.21 sys=0.00, real=0.06 secs] 
2019-09-25T15:16:09.177-0530: 203.021: [Full GC (Ergonomics) [PSYoungGen: 11264K->11255K(22528K)] [ParOldGen: 68408K->68408K(68608K)] 79672K->79664K(91136K), [Metaspace: 60478K->60478K(1105920K)], 0.0593078 secs] [Times: user=0.18 sys=0.01, real=0.06 secs] 
2019-09-25T15:16:09.237-0530: 203.081: [Full GC (Ergonomics) [PSYoungGen: 11264K->11254K(22528K)] [ParOldGen: 68408K->68408K(68608K)] 79672K->79663K(91136K), [Metaspace: 60478K->60478K(1105920K)], 0.0587212 secs] [Times: user=0.20 sys=0.00, real=0.06 secs] 
2019-09-25T15:16:09.297-0530: 203.142: [Full GC (Ergonomics) [PSYoungGen: 11264K->11255K(22528K)] [ParOldGen: 68408K->68408K(68608K)] 79672K->79663K(91136K), [Metaspace: 60478K->60478K(1105920K)], 0.0554393 secs] [Times: user=0.19 sys=0.00, real=0.06 secs] 
2019-09-25T15:16:09.354-0530: 203.198: [Full GC (Ergonomics) [PSYoungGen: 11264K->11256K(22528K)] [ParOldGen: 68408K->68407K(68608K)] 79672K->79664K(91136K), [Metaspace: 60478K->60478K(1105920K)], 0.0538678 secs] [Times: user=0.19 sys=0.01, real=0.05 secs] 
2019-09-25T15:16:09.409-0530: 203.253: [Full GC (Ergonomics) [PSYoungGen: 11264K->11257K(22528K)] [ParOldGen: 68407K->68407K(68608K)] 79671K->79664K(91136K), [Metaspace: 60478K->60478K(1105920K)], 0.0552888 secs] [Times: user=0.20 sys=0.00, real=0.06 secs] 
2019-09-25T15:16:09.466-0530: 203.310: [Full GC (Ergonomics) [PSYoungGen: 11264K->11257K(22528K)] [ParOldGen: 68407K->68407K(68608K)] 79671K->79665K(91136K), [Metaspace: 60478K->60478K(1105920K)], 0.0507894 secs] [Times: user=0.17 sys=0.00, real=0.05 secs] 
2019-09-25T15:16:09.517-0530: 203.362: [Full GC (Ergonomics) [PSYoungGen: 11264K->11259K(22528K)] [ParOldGen: 68407K->68407K(68608K)] 79671K->79666K(91136K), [Metaspace: 60478K->60478K(1105920K)], 0.0530453 secs] [Times: user=0.16 sys=0.00, real=0.06 secs] 
2019-09-25T15:16:09.572-0530: 203.416: [Full GC (Ergonomics) [PSYoungGen: 11264K->11259K(22528K)] [ParOldGen: 68407K->68407K(68608K)] 79671K->79667K(91136K), [Metaspace: 60478K->60478K(1105920K)], 0.0633348 secs] [Times: user=0.19 sys=0.01, real=0.06 secs] 
2019-09-25T15:16:09.636-0530: 203.481: [Full GC (Ergonomics) [PSYoungGen: 11264K->11259K(22528K)] [ParOldGen: 68407K->68407K(68608K)] 79671K->79667K(91136K), [Metaspace: 60478K->60478K(1105920K)], 0.0600793 secs] [Times: user=0.18 sys=0.00, real=0.06 secs] 
2019-09-25T15:16:09.698-0530: 203.542: [Full GC (Ergonomics) [PSYoungGen: 11264K->11259K(22528K)] [ParOldGen: 68407K->68407K(68608K)] 79671K->79667K(91136K), [Metaspace: 60478K->60478K(1105920K)], 0.0622490 secs] [Times: user=0.20 sys=0.00, real=0.07 secs] 
2019-09-25T15:16:09.761-0530: 203.606: [Full GC (Ergonomics) [PSYoungGen: 11264K->11258K(22528K)] [ParOldGen: 68407K->68406K(68608K)] 79671K->79665K(91136K), [Metaspace: 60478K->60478K(1105920K)], 0.0522650 secs] [Times: user=0.16 sys=0.00, real=0.05 secs] 
2019-09-25T15:16:09.815-0530: 203.659: [Full GC (Ergonomics) [PSYoungGen: 11264K->11258K(22528K)] [ParOldGen: 68406K->68406K(68608K)] 79670K->79665K(91136K), [Metaspace: 60478K->60478K(1105920K)], 0.0503581 secs] [Times: user=0.15 sys=0.01, real=0.05 secs] 
2019-09-25T15:16:09.866-0530: 203.710: [Full GC (Ergonomics) [PSYoungGen: 11264K->11258K(22528K)] [ParOldGen: 68406K->68406K(68608K)] 79670K->79665K(91136K), [Metaspace: 60478K->60478K(1105920K)], 0.0493788 secs] [Times: user=0.18 sys=0.00, real=0.05 secs] 
2019-09-25T15:16:09.916-0530: 203.760: [Full GC (Ergonomics) [PSYoungGen: 11264K->11258K(22528K)] [ParOldGen: 68406K->68406K(68608K)] 79670K->79665K(91136K), [Metaspace: 60478K->60478K(1105920K)], 0.0512827 secs] [Times: user=0.17 sys=0.00, real=0.05 secs] 
2019-09-25T15:16:09.969-0530: 203.813: [Full GC (Ergonomics) [PSYoungGen: 11264K->11259K(22528K)] [ParOldGen: 68406K->68406K(68608K)] 79670K->79665K(91136K), [Metaspace: 60478K->60478K(1105920K)], 0.0579472 secs] [Times: user=0.18 sys=0.00, real=0.06 secs] 
2019-09-25T15:16:10.027-0530: 203.872: [Full GC (Ergonomics) [PSYoungGen: 11264K->11259K(22528K)] [ParOldGen: 68406K->68406K(68608K)] 79670K->79666K(91136K), [Metaspace: 60478K->60478K(1105920K)], 0.0513370 secs] [Times: user=0.17 sys=0.01, real=0.05 secs] 
2019-09-25T15:16:10.080-0530: 203.924: [Full GC (Ergonomics) [PSYoungGen: 11264K->11254K(22528K)] [ParOldGen: 68406K->68406K(68608K)] 79670K->79660K(91136K), [Metaspace: 60478K->60478K(1105920K)], 0.0505229 secs] [Times: user=0.17 sys=0.00, real=0.05 secs] 
2019-09-25T15:16:10.131-0530: 203.976: [Full GC (Ergonomics) [PSYoungGen: 11264K->11256K(22528K)] [ParOldGen: 68406K->68406K(68608K)] 79670K->79662K(91136K), [Metaspace: 60478K->60478K(1105920K)], 0.0491267 secs] [Times: user=0.17 sys=0.00, real=0.05 secs] 
2019-09-25T15:16:10.181-0530: 204.026: [Full GC (Ergonomics) [PSYoungGen: 11264K->11257K(22528K)] [ParOldGen: 68406K->68406K(68608K)] 79670K->79663K(91136K), [Metaspace: 60478K->60478K(1105920K)], 0.0472063 secs] [Times: user=0.16 sys=0.00, real=0.04 secs] 
2019-09-25T15:16:10.230-0530: 204.074: [Full GC (Ergonomics) [PSYoungGen: 11264K->11259K(22528K)] [ParOldGen: 68406K->68406K(68608K)] 79670K->79665K(91136K), [Metaspace: 60478K->60478K(1105920K)], 0.0502634 secs] [Times: user=0.16 sys=0.00, real=0.05 secs] 
2019-09-25T15:16:10.281-0530: 204.125: [Full GC (Ergonomics) [PSYoungGen: 11263K->11259K(22528K)] [ParOldGen: 68406K->68406K(68608K)] 79670K->79665K(91136K), [Metaspace: 60478K->60478K(1105920K)], 0.0496234 secs] [Times: user=0.17 sys=0.00, real=0.05 secs] 
2019-09-25T15:16:10.332-0530: 204.176: [Full GC (Ergonomics) [PSYoungGen: 11264K->11260K(22528K)] [ParOldGen: 68406K->68406K(68608K)] 79670K->79667K(91136K), [Metaspace: 60478K->60478K(1105920K)], 0.0486709 secs] [Times: user=0.15 sys=0.00, real=0.05 secs] 
2019-09-25T15:16:10.381-0530: 204.225: [Full GC (Ergonomics) [PSYoungGen: 11264K->11260K(22528K)] [ParOldGen: 68406K->68406K(68608K)] 79670K->79667K(91136K), [Metaspace: 60478K->60478K(1105920K)], 0.0504536 secs] [Times: user=0.16 sys=0.00, real=0.05 secs] 
2019-09-25T15:16:10.433-0530: 204.277: [Full GC (Ergonomics) [PSYoungGen: 11264K->11262K(22528K)] [ParOldGen: 68406K->68406K(68608K)] 79670K->79668K(91136K), [Metaspace: 60478K->60478K(1105920K)], 0.0515011 secs] [Times: user=0.17 sys=0.00, real=0.05 secs] 
2019-09-25T15:16:10.485-0530: 204.329: [Full GC (Ergonomics) [PSYoungGen: 11264K->11261K(22528K)] [ParOldGen: 68406K->68406K(68608K)] 79670K->79667K(91136K), [Metaspace: 60478K->60478K(1105920K)], 0.0550446 secs] [Times: user=0.18 sys=0.01, real=0.06 secs] 
2019-09-25T15:16:10.541-0530: 204.385: [Full GC (Ergonomics) [PSYoungGen: 11263K->11261K(22528K)] [ParOldGen: 68406K->68406K(68608K)] 79670K->79667K(91136K), [Metaspace: 60478K->60478K(1105920K)], 0.0483818 secs] [Times: user=0.17 sys=0.00, real=0.04 secs] 
2019-09-25T15:16:10.590-0530: 204.435: [Full GC (Ergonomics) [PSYoungGen: 11264K->11260K(22528K)] [ParOldGen: 68406K->68406K(68608K)] 79670K->79666K(91136K), [Metaspace: 60478K->60478K(1105920K)], 0.0490606 secs] [Times: user=0.17 sys=0.00, real=0.05 secs] 
2019-09-25T15:16:10.641-0530: 204.485: [Full GC (Ergonomics) [PSYoungGen: 11264K->11260K(22528K)] [ParOldGen: 68406K->68405K(68608K)] 79670K->79666K(91136K), [Metaspace: 60478K->60478K(1105920K)], 0.0476103 secs] [Times: user=0.16 sys=0.00, real=0.04 secs] 
2019-09-25T15:16:10.689-0530: 204.533: [Full GC (Ergonomics) [PSYoungGen: 11264K->11259K(22528K)] [ParOldGen: 68405K->68405K(68608K)] 79669K->79665K(91136K), [Metaspace: 60480K->60480K(1105920K)], 0.0555007 secs] [Times: user=0.19 sys=0.01, real=0.06 secs] 
2019-09-25T15:16:10.746-0530: 204.590: [Full GC (Ergonomics) [PSYoungGen: 11264K->11259K(22528K)] [ParOldGen: 68405K->68405K(68608K)] 79669K->79665K(91136K), [Metaspace: 60480K->60480K(1105920K)], 0.0554428 secs] [Times: user=0.19 sys=0.00, real=0.06 secs] 
2019-09-25T15:16:10.802-0530: 204.646: [Full GC (Ergonomics) [PSYoungGen: 11264K->11260K(22528K)] [ParOldGen: 68405K->68405K(68608K)] 79669K->79666K(91136K), [Metaspace: 60480K->60480K(1105920K)], 0.0529548 secs] [Times: user=0.17 sys=0.00, real=0.05 secs] 
2019-09-25T15:16:10.856-0530: 204.700: [Full GC (Ergonomics) [PSYoungGen: 11264K->11260K(22528K)] [ParOldGen: 68405K->68405K(68608K)] 79669K->79666K(91136K), [Metaspace: 60480K->60480K(1105920K)], 0.0545393 secs] [Times: user=0.19 sys=0.00, real=0.06 secs] 
2019-09-25T15:16:10.912-0530: 204.756: [Full GC (Ergonomics) [PSYoungGen: 11264K->11259K(22528K)] [ParOldGen: 68405K->68405K(68608K)] 79669K->79665K(91136K), [Metaspace: 60480K->60480K(1105920K)], 0.0568972 secs] [Times: user=0.20 sys=0.00, real=0.05 secs] 
2019-09-25T15:16:10.969-0530: 204.814: [Full GC (Ergonomics) [PSYoungGen: 11264K->11260K(22528K)] [ParOldGen: 68405K->68405K(68608K)] 79669K->79666K(91136K), [Metaspace: 60480K->60480K(1105920K)], 0.0658105 secs] [Times: user=0.20 sys=0.00, real=0.07 secs] 
2019-09-25T15:16:11.036-0530: 204.880: [Full GC (Ergonomics) [PSYoungGen: 11264K->11260K(22528K)] [ParOldGen: 68405K->68405K(68608K)] 79669K->79666K(91136K), [Metaspace: 60480K->60480K(1105920K)], 0.0556404 secs] [Times: user=0.17 sys=0.00, real=0.06 secs] 
2019-09-25T15:16:11.093-0530: 204.937: [Full GC (Ergonomics) [PSYoungGen: 11264K->11258K(22528K)] [ParOldGen: 68405K->68405K(68608K)] 79669K->79664K(91136K), [Metaspace: 60480K->60480K(1105920K)], 0.0607111 secs] [Times: user=0.20 sys=0.01, real=0.06 secs] 
2019-09-25T15:16:11.155-0530: 204.999: [Full GC (Ergonomics) [PSYoungGen: 11264K->11258K(22528K)] [ParOldGen: 68405K->68405K(68608K)] 79669K->79664K(91136K), [Metaspace: 60480K->60480K(1105920K)], 0.0545835 secs] [Times: user=0.18 sys=0.00, real=0.05 secs] 
2019-09-25T15:16:11.210-0530: 205.054: [Full GC (Ergonomics) [PSYoungGen: 11264K->11258K(22528K)] [ParOldGen: 68405K->68405K(68608K)] 79669K->79663K(91136K), [Metaspace: 60480K->60480K(1105920K)], 0.0574052 secs] [Times: user=0.19 sys=0.00, real=0.05 secs] 
2019-09-25T15:16:11.269-0530: 205.113: [Full GC (Ergonomics) [PSYoungGen: 11264K->11260K(22528K)] [ParOldGen: 68405K->68405K(68608K)] 79669K->79665K(91136K), [Metaspace: 60480K->60480K(1105920K)], 0.0565126 secs] [Times: user=0.17 sys=0.00, real=0.06 secs] 
2019-09-25T15:16:11.326-0530: 205.171: [Full GC (Ergonomics) [PSYoungGen: 11264K->11260K(22528K)] [ParOldGen: 68405K->68405K(68608K)] 79669K->79666K(91136K), [Metaspace: 60480K->60480K(1105920K)], 0.0547988 secs] [Times: user=0.17 sys=0.01, real=0.06 secs] 
2019-09-25T15:16:11.383-0530: 205.227: [Full GC (Ergonomics) [PSYoungGen: 11264K->11260K(22528K)] [ParOldGen: 68405K->68404K(68608K)] 79669K->79664K(91136K), [Metaspace: 60480K->60480K(1105920K)], 0.0547206 secs] [Times: user=0.19 sys=0.00, real=0.05 secs] 
2019-09-25T15:16:11.438-0530: 205.282: [Full GC (Ergonomics) [PSYoungGen: 11264K->11253K(22528K)] [ParOldGen: 68404K->68404K(68608K)] 79668K->79658K(91136K), [Metaspace: 60480K->60480K(1105920K)], 0.0559192 secs] [Times: user=0.17 sys=0.00, real=0.06 secs] 
2019-09-25T15:16:11.495-0530: 205.339: [Full GC (Ergonomics) [PSYoungGen: 11264K->11255K(22528K)] [ParOldGen: 68404K->68404K(68608K)] 79668K->79659K(91136K), [Metaspace: 60480K->60480K(1105920K)], 0.0645419 secs] [Times: user=0.20 sys=0.00, real=0.07 secs] 
2019-09-25T15:16:11.561-0530: 205.405: [Full GC (Ergonomics) [PSYoungGen: 11264K->11255K(22528K)] [ParOldGen: 68404K->68404K(68608K)] 79668K->79659K(91136K), [Metaspace: 60480K->60480K(1105920K)], 0.0669492 secs] [Times: user=0.19 sys=0.01, real=0.06 secs] 
2019-09-25T15:16:11.629-0530: 205.473: [Full GC (Ergonomics) [PSYoungGen: 11264K->11254K(22528K)] [ParOldGen: 68404K->68404K(68608K)] 79668K->79659K(91136K), [Metaspace: 60480K->60480K(1105920K)], 0.0595957 secs] [Times: user=0.18 sys=0.00, real=0.06 secs] 
2019-09-25T15:16:11.690-0530: 205.535: [Full GC (Ergonomics) [PSYoungGen: 11264K->11254K(22528K)] [ParOldGen: 68404K->68404K(68608K)] 79668K->79658K(91136K), [Metaspace: 60480K->60480K(1105920K)], 0.0560467 secs] [Times: user=0.17 sys=0.00, real=0.05 secs] 
2019-09-25T15:16:11.748-0530: 205.592: [Full GC (Ergonomics) [PSYoungGen: 11264K->11255K(22528K)] [ParOldGen: 68404K->68404K(68608K)] 79668K->79659K(91136K), [Metaspace: 60480K->60480K(1105920K)], 0.0493864 secs] [Times: user=0.17 sys=0.00, real=0.05 secs] 
2019-09-25T15:16:11.798-0530: 205.642: [Full GC (Ergonomics) [PSYoungGen: 11264K->11257K(22528K)] [ParOldGen: 68404K->68403K(68608K)] 79668K->79660K(91136K), [Metaspace: 60480K->60480K(1105920K)], 0.0618618 secs] [Times: user=0.18 sys=0.01, real=0.07 secs] 
2019-09-25T15:16:11.861-0530: 205.705: [Full GC (Ergonomics) [PSYoungGen: 11264K->11258K(22528K)] [ParOldGen: 68403K->68403K(68608K)] 79667K->79662K(91136K), [Metaspace: 60480K->60480K(1105920K)], 0.0645240 secs] [Times: user=0.18 sys=0.00, real=0.06 secs] 
2019-09-25T15:16:11.927-0530: 205.771: [Full GC (Ergonomics) [PSYoungGen: 11264K->11259K(22528K)] [ParOldGen: 68403K->68403K(68608K)] 79667K->79662K(91136K), [Metaspace: 60480K->60480K(1105920K)], 0.0618908 secs] [Times: user=0.19 sys=0.00, real=0.06 secs] 
2019-09-25T15:16:11.990-0530: 205.834: [Full GC (Ergonomics) [PSYoungGen: 11264K->11256K(22528K)] [ParOldGen: 68403K->68403K(68608K)] 79667K->79660K(91136K), [Metaspace: 60480K->60480K(1105920K)], 0.0559517 secs] [Times: user=0.16 sys=0.00, real=0.05 secs] 
2019-09-25T15:16:12.047-0530: 205.891: [Full GC (Ergonomics) [PSYoungGen: 11264K->11253K(22528K)] [ParOldGen: 68403K->68403K(68608K)] 79667K->79656K(91136K), [Metaspace: 60480K->60480K(1105920K)], 0.0583132 secs] [Times: user=0.20 sys=0.00, real=0.06 secs] 
2019-09-25T15:16:12.106-0530: 205.950: [Full GC (Ergonomics) [PSYoungGen: 11264K->11254K(22528K)] [ParOldGen: 68403K->68403K(68608K)] 79667K->79657K(91136K), [Metaspace: 60480K->60480K(1105920K)], 0.0503397 secs] [Times: user=0.17 sys=0.00, real=0.05 secs] 
2019-09-25T15:16:12.158-0530: 206.002: [Full GC (Ergonomics) [PSYoungGen: 11264K->11255K(22528K)] [ParOldGen: 68403K->68402K(68608K)] 79667K->79657K(91136K), [Metaspace: 60480K->60480K(1105920K)], 0.0514579 secs] [Times: user=0.17 sys=0.00, real=0.05 secs] 
2019-09-25T15:16:12.210-0530: 206.054: [Full GC (Ergonomics) [PSYoungGen: 11264K->11255K(22528K)] [ParOldGen: 68402K->68402K(68608K)] 79666K->79658K(91136K), [Metaspace: 60480K->60480K(1105920K)], 0.0490476 secs] [Times: user=0.16 sys=0.01, real=0.04 secs] 
2019-09-25T15:16:12.260-0530: 206.105: [Full GC (Ergonomics) [PSYoungGen: 11264K->11255K(22528K)] [ParOldGen: 68402K->68402K(68608K)] 79666K->79658K(91136K), [Metaspace: 60480K->60480K(1105920K)], 0.0498924 secs] [Times: user=0.16 sys=0.00, real=0.05 secs] 
2019-09-25T15:16:12.311-0530: 206.156: [Full GC (Ergonomics) [PSYoungGen: 11264K->11257K(22528K)] [ParOldGen: 68402K->68402K(68608K)] 79666K->79659K(91136K), [Metaspace: 60480K->60480K(1105920K)], 0.0571608 secs] [Times: user=0.18 sys=0.00, real=0.05 secs] 
2019-09-25T15:16:12.370-0530: 206.214: [Full GC (Ergonomics) [PSYoungGen: 11264K->11257K(22528K)] [ParOldGen: 68402K->68402K(68608K)] 79666K->79659K(91136K), [Metaspace: 60480K->60480K(1105920K)], 0.0570981 secs] [Times: user=0.17 sys=0.00, real=0.05 secs] 
2019-09-25T15:16:12.428-0530: 206.272: [Full GC (Ergonomics) [PSYoungGen: 11264K->11256K(22528K)] [ParOldGen: 68402K->68402K(68608K)] 79666K->79659K(91136K), [Metaspace: 60480K->60480K(1105920K)], 0.0526021 secs] [Times: user=0.17 sys=0.01, real=0.06 secs] 
2019-09-25T15:16:12.481-0530: 206.325: [Full GC (Allocation Failure) [PSYoungGen: 11256K->11256K(22528K)] [ParOldGen: 68402K->68402K(68608K)] 79659K->79659K(91136K), [Metaspace: 60480K->60480K(1105920K)], 0.0575968 secs] [Times: user=0.18 sys=0.00, real=0.05 secs] 
2019-09-25T15:16:12.540-0530: 206.384: [Full GC (Ergonomics) [PSYoungGen: 11264K->11250K(22528K)] [ParOldGen: 68416K->68412K(68608K)] 79680K->79663K(91136K), [Metaspace: 60480K->60480K(1105920K)], 0.0583041 secs] [Times: user=0.19 sys=0.00, real=0.05 secs] 
2019-09-25T15:16:12.599-0530: 206.443: [Full GC (Ergonomics) [PSYoungGen: 11264K->11249K(22528K)] [ParOldGen: 68412K->68412K(68608K)] 79676K->79661K(91136K), [Metaspace: 60480K->60480K(1105920K)], 0.0625344 secs] [Times: user=0.20 sys=0.00, real=0.07 secs] 
2019-09-25T15:16:12.663-0530: 206.507: [Full GC (Ergonomics) [PSYoungGen: 11264K->11254K(22528K)] [ParOldGen: 68412K->68403K(68608K)] 79676K->79657K(91136K), [Metaspace: 60480K->60480K(1105920K)], 0.0543608 secs] [Times: user=0.18 sys=0.01, real=0.05 secs] 
2019-09-25T15:16:12.719-0530: 206.563: [Full GC (Ergonomics) [PSYoungGen: 11264K->11254K(22528K)] [ParOldGen: 68403K->68403K(68608K)] 79667K->79658K(91136K), [Metaspace: 60486K->60486K(1105920K)], 0.0528397 secs] [Times: user=0.16 sys=0.00, real=0.06 secs] 
2019-09-25T15:16:12.772-0530: 206.617: [Full GC (Ergonomics) [PSYoungGen: 11264K->11254K(22528K)] [ParOldGen: 68403K->68403K(68608K)] 79667K->79658K(91136K), [Metaspace: 60486K->60486K(1105920K)], 0.0509133 secs] [Times: user=0.16 sys=0.00, real=0.05 secs] 
2019-09-25T15:16:12.825-0530: 206.669: [Full GC (Ergonomics) [PSYoungGen: 11264K->11254K(22528K)] [ParOldGen: 68403K->68402K(68608K)] 79667K->79657K(91136K), [Metaspace: 60486K->60486K(1105920K)], 0.0642092 secs] [Times: user=0.23 sys=0.00, real=0.06 secs] 
2019-09-25T15:16:12.890-0530: 206.734: [Full GC (Ergonomics) [PSYoungGen: 11264K->11254K(22528K)] [ParOldGen: 68402K->68402K(68608K)] 79666K->79657K(91136K), [Metaspace: 60486K->60486K(1105920K)], 0.0535151 secs] [Times: user=0.15 sys=0.01, real=0.05 secs] 
2019-09-25T15:16:12.945-0530: 206.789: [Full GC (Ergonomics) [PSYoungGen: 11264K->11255K(22528K)] [ParOldGen: 68402K->68402K(68608K)] 79666K->79657K(91136K), [Metaspace: 60486K->60486K(1105920K)], 0.0544201 secs] [Times: user=0.17 sys=0.00, real=0.05 secs] 
2019-09-25T15:16:13.000-0530: 206.844: [Full GC (Ergonomics) [PSYoungGen: 11263K->11254K(22528K)] [ParOldGen: 68402K->68402K(68608K)] 79666K->79657K(91136K), [Metaspace: 60486K->60486K(1105920K)], 0.0573485 secs] [Times: user=0.19 sys=0.00, real=0.05 secs] 
2019-09-25T15:16:13.058-0530: 206.903: [Full GC (Ergonomics) [PSYoungGen: 11264K->11255K(22528K)] [ParOldGen: 68402K->68402K(68608K)] 79666K->79657K(91136K), [Metaspace: 60486K->60486K(1105920K)], 0.0569021 secs] [Times: user=0.19 sys=0.00, real=0.06 secs] 
2019-09-25T15:16:13.116-0530: 206.961: [Full GC (Ergonomics) [PSYoungGen: 11264K->11255K(22528K)] [ParOldGen: 68402K->68402K(68608K)] 79666K->79657K(91136K), [Metaspace: 60486K->60486K(1105920K)], 0.0605841 secs] [Times: user=0.18 sys=0.01, real=0.06 secs] 
2019-09-25T15:16:13.179-0530: 207.023: [Full GC (Ergonomics) [PSYoungGen: 11264K->11254K(22528K)] [ParOldGen: 68402K->68402K(68608K)] 79666K->79656K(91136K), [Metaspace: 60486K->60486K(1105920K)], 0.0561817 secs] [Times: user=0.18 sys=0.00, real=0.06 secs] 
2019-09-25T15:16:13.236-0530: 207.080: [Full GC (Ergonomics) [PSYoungGen: 11264K->11254K(22528K)] [ParOldGen: 68402K->68401K(68608K)] 79666K->79656K(91136K), [Metaspace: 60486K->60486K(1105920K)], 0.0550877 secs] [Times: user=0.18 sys=0.00, real=0.06 secs] 
2019-09-25T15:16:13.292-0530: 207.136: [Full GC (Ergonomics) [PSYoungGen: 11264K->11256K(22528K)] [ParOldGen: 68401K->68401K(68608K)] 79665K->79658K(91136K), [Metaspace: 60486K->60486K(1105920K)], 0.0552499 secs] [Times: user=0.19 sys=0.00, real=0.05 secs] 
2019-09-25T15:16:13.349-0530: 207.193: [Full GC (Ergonomics) [PSYoungGen: 11264K->11257K(22528K)] [ParOldGen: 68401K->68401K(68608K)] 79665K->79658K(91136K), [Metaspace: 60487K->60487K(1105920K)], 0.0521073 secs] [Times: user=0.17 sys=0.01, real=0.06 secs] 
2019-09-25T15:16:13.402-0530: 207.246: [Full GC (Ergonomics) [PSYoungGen: 11264K->11257K(22528K)] [ParOldGen: 68401K->68401K(68608K)] 79665K->79659K(91136K), [Metaspace: 60487K->60487K(1105920K)], 0.0520925 secs] [Times: user=0.19 sys=0.00, real=0.05 secs] 
2019-09-25T15:16:13.455-0530: 207.299: [Full GC (Ergonomics) [PSYoungGen: 11264K->11258K(22528K)] [ParOldGen: 68401K->68401K(68608K)] 79665K->79659K(91136K), [Metaspace: 60487K->60487K(1105920K)], 0.0514884 secs] [Times: user=0.17 sys=0.00, real=0.05 secs] 
2019-09-25T15:16:13.508-0530: 207.352: [Full GC (Ergonomics) [PSYoungGen: 11264K->11258K(22528K)] [ParOldGen: 68401K->68401K(68608K)] 79665K->79660K(91136K), [Metaspace: 60487K->60487K(1105920K)], 0.0568424 secs] [Times: user=0.17 sys=0.00, real=0.06 secs] 
2019-09-25T15:16:13.566-0530: 207.410: [Full GC (Ergonomics) [PSYoungGen: 11264K->11258K(22528K)] [ParOldGen: 68401K->68401K(68608K)] 79665K->79659K(91136K), [Metaspace: 60487K->60487K(1105920K)], 0.0576003 secs] [Times: user=0.18 sys=0.01, real=0.06 secs] 
2019-09-25T15:16:13.625-0530: 207.469: [Full GC (Ergonomics) [PSYoungGen: 11264K->11252K(22528K)] [ParOldGen: 68401K->68401K(68608K)] 79665K->79653K(91136K), [Metaspace: 60488K->60488K(1105920K)], 0.0617072 secs] [Times: user=0.19 sys=0.00, real=0.06 secs] 
2019-09-25T15:16:13.688-0530: 207.532: [Full GC (Ergonomics) [PSYoungGen: 11264K->11253K(22528K)] [ParOldGen: 68401K->68400K(68608K)] 79665K->79654K(91136K), [Metaspace: 60488K->60488K(1105920K)], 0.0696300 secs] [Times: user=0.25 sys=0.00, real=0.07 secs] 
2019-09-25T15:16:13.759-0530: 207.603: [Full GC (Ergonomics) [PSYoungGen: 11264K->11253K(22528K)] [ParOldGen: 68400K->68400K(68608K)] 79664K->79654K(91136K), [Metaspace: 60488K->60488K(1105920K)], 0.0601287 secs] [Times: user=0.21 sys=0.00, real=0.06 secs] 
2019-09-25T15:16:13.820-0530: 207.664: [Full GC (Ergonomics) [PSYoungGen: 11264K->11253K(22528K)] [ParOldGen: 68400K->68400K(68608K)] 79664K->79654K(91136K), [Metaspace: 60488K->60488K(1105920K)], 0.0621242 secs] [Times: user=0.22 sys=0.01, real=0.06 secs] 
2019-09-25T15:16:13.883-0530: 207.727: [Full GC (Ergonomics) [PSYoungGen: 11264K->11254K(22528K)] [ParOldGen: 68400K->68400K(68608K)] 79664K->79655K(91136K), [Metaspace: 60488K->60488K(1105920K)], 0.0631837 secs] [Times: user=0.21 sys=0.00, real=0.06 secs] 
2019-09-25T15:16:13.947-0530: 207.792: [Full GC (Ergonomics) [PSYoungGen: 11264K->11254K(22528K)] [ParOldGen: 68400K->68400K(68608K)] 79664K->79655K(91136K), [Metaspace: 60488K->60488K(1105920K)], 0.0571960 secs] [Times: user=0.18 sys=0.00, real=0.06 secs] 
2019-09-25T15:16:14.006-0530: 207.850: [Full GC (Ergonomics) [PSYoungGen: 11264K->11255K(22528K)] [ParOldGen: 68400K->68400K(68608K)] 79664K->79656K(91136K), [Metaspace: 60488K->60488K(1105920K)], 0.0514476 secs] [Times: user=0.17 sys=0.01, real=0.05 secs] 
2019-09-25T15:16:14.058-0530: 207.902: [Full GC (Ergonomics) [PSYoungGen: 11264K->11255K(22528K)] [ParOldGen: 68400K->68400K(68608K)] 79664K->79656K(91136K), [Metaspace: 60488K->60488K(1105920K)], 0.0519792 secs] [Times: user=0.17 sys=0.00, real=0.06 secs] 
2019-09-25T15:16:14.111-0530: 207.956: [Full GC (Ergonomics) [PSYoungGen: 11264K->11255K(22528K)] [ParOldGen: 68400K->68400K(68608K)] 79664K->79656K(91136K), [Metaspace: 60488K->60488K(1105920K)], 0.0552911 secs] [Times: user=0.21 sys=0.00, real=0.05 secs] 
2019-09-25T15:16:14.168-0530: 208.012: [Full GC (Ergonomics) [PSYoungGen: 11264K->11257K(22528K)] [ParOldGen: 68400K->68400K(68608K)] 79664K->79658K(91136K), [Metaspace: 60488K->60488K(1105920K)], 0.0526964 secs] [Times: user=0.17 sys=0.00, real=0.06 secs] 
2019-09-25T15:16:14.222-0530: 208.066: [Full GC (Ergonomics) [PSYoungGen: 11262K->11257K(22528K)] [ParOldGen: 68400K->68400K(68608K)] 79663K->79658K(91136K), [Metaspace: 60488K->60488K(1105920K)], 0.0504644 secs] [Times: user=0.18 sys=0.01, real=0.05 secs] 
2019-09-25T15:16:14.272-0530: 208.117: [Full GC (Allocation Failure) [PSYoungGen: 11257K->11257K(22528K)] [ParOldGen: 68400K->68400K(68608K)] 79658K->79658K(91136K), [Metaspace: 60488K->60488K(1105920K)], 0.0543969 secs] [Times: user=0.16 sys=0.00, real=0.05 secs] 
2019-09-25T15:16:14.328-0530: 208.172: [Full GC (Ergonomics) [PSYoungGen: 11264K->11254K(22528K)] [ParOldGen: 68405K->68402K(68608K)] 79669K->79656K(91136K), [Metaspace: 60488K->60488K(1105920K)], 0.0630857 secs] [Times: user=0.21 sys=0.00, real=0.07 secs] 
2019-09-25T15:16:14.392-0530: 208.236: [Full GC (Ergonomics) [PSYoungGen: 11264K->11255K(22528K)] [ParOldGen: 68402K->68401K(68608K)] 79666K->79657K(91136K), [Metaspace: 60488K->60488K(1105920K)], 0.0624929 secs] [Times: user=0.19 sys=0.00, real=0.06 secs] 
2019-09-25T15:16:14.456-0530: 208.300: [Full GC (Ergonomics) [PSYoungGen: 11264K->11250K(22528K)] [ParOldGen: 68401K->68401K(68608K)] 79665K->79652K(91136K), [Metaspace: 60488K->60488K(1105920K)], 0.0522662 secs] [Times: user=0.18 sys=0.01, real=0.05 secs] 
2019-09-25T15:16:14.509-0530: 208.354: [Full GC (Ergonomics) [PSYoungGen: 11264K->11251K(22528K)] [ParOldGen: 68401K->68401K(68608K)] 79665K->79652K(91136K), [Metaspace: 60488K->60488K(1105920K)], 0.0547198 secs] [Times: user=0.17 sys=0.00, real=0.06 secs] 
2019-09-25T15:16:14.566-0530: 208.410: [Full GC (Ergonomics) [PSYoungGen: 11264K->11250K(22528K)] [ParOldGen: 68401K->68401K(68608K)] 79665K->79652K(91136K), [Metaspace: 60488K->60488K(1105920K)], 0.0564426 secs] [Times: user=0.19 sys=0.00, real=0.06 secs] 
2019-09-25T15:16:14.623-0530: 208.467: [Full GC (Ergonomics) [PSYoungGen: 11264K->11251K(22528K)] [ParOldGen: 68401K->68401K(68608K)] 79665K->79652K(91136K), [Metaspace: 60488K->60488K(1105920K)], 0.0561126 secs] [Times: user=0.17 sys=0.00, real=0.05 secs] 
2019-09-25T15:16:14.681-0530: 208.525: [Full GC (Ergonomics) [PSYoungGen: 11264K->11253K(22528K)] [ParOldGen: 68401K->68401K(68608K)] 79665K->79654K(91136K), [Metaspace: 60488K->60488K(1105920K)], 0.0564446 secs] [Times: user=0.18 sys=0.01, real=0.05 secs] 
2019-09-25T15:16:14.738-0530: 208.583: [Full GC (Ergonomics) [PSYoungGen: 11264K->11253K(22528K)] [ParOldGen: 68401K->68401K(68608K)] 79665K->79654K(91136K), [Metaspace: 60488K->60488K(1105920K)], 0.0570893 secs] [Times: user=0.18 sys=0.00, real=0.06 secs] 
2019-09-25T15:16:14.797-0530: 208.641: [Full GC (Ergonomics) [PSYoungGen: 11264K->11254K(22528K)] [ParOldGen: 68401K->68401K(68608K)] 79665K->79655K(91136K), [Metaspace: 60488K->60488K(1105920K)], 0.0602636 secs] [Times: user=0.18 sys=0.00, real=0.06 secs] 
2019-09-25T15:16:14.858-0530: 208.702: [Full GC (Ergonomics) [PSYoungGen: 11264K->11252K(22528K)] [ParOldGen: 68401K->68401K(68608K)] 79665K->79653K(91136K), [Metaspace: 60488K->60488K(1105920K)], 0.0635357 secs] [Times: user=0.18 sys=0.00, real=0.07 secs] 
2019-09-25T15:16:14.923-0530: 208.767: [Full GC (Ergonomics) [PSYoungGen: 11264K->11253K(22528K)] [ParOldGen: 68401K->68401K(68608K)] 79665K->79654K(91136K), [Metaspace: 60488K->60488K(1105920K)], 0.0693234 secs] [Times: user=0.20 sys=0.01, real=0.07 secs] 
2019-09-25T15:16:14.993-0530: 208.837: [Full GC (Ergonomics) [PSYoungGen: 11264K->11247K(22528K)] [ParOldGen: 68401K->68401K(68608K)] 79665K->79648K(91136K), [Metaspace: 60488K->60488K(1105920K)], 0.0543172 secs] [Times: user=0.19 sys=0.00, real=0.05 secs] 
2019-09-25T15:16:15.048-0530: 208.893: [Full GC (Ergonomics) [PSYoungGen: 11264K->11247K(22528K)] [ParOldGen: 68401K->68401K(68608K)] 79665K->79648K(91136K), [Metaspace: 60488K->60488K(1105920K)], 0.0516267 secs] [Times: user=0.17 sys=0.00, real=0.06 secs] 
2019-09-25T15:16:15.101-0530: 208.945: [Full GC (Ergonomics) [PSYoungGen: 11264K->11248K(22528K)] [ParOldGen: 68401K->68401K(68608K)] 79665K->79649K(91136K), [Metaspace: 60488K->60488K(1105920K)], 0.0489955 secs] [Times: user=0.16 sys=0.00, real=0.05 secs] 
2019-09-25T15:16:15.151-0530: 208.995: [Full GC (Ergonomics) [PSYoungGen: 11264K->11247K(22528K)] [ParOldGen: 68401K->68401K(68608K)] 79665K->79649K(91136K), [Metaspace: 60488K->60488K(1105920K)], 0.0473142 secs] [Times: user=0.16 sys=0.01, real=0.04 secs] 
2019-09-25T15:16:15.199-0530: 209.044: [Full GC (Ergonomics) [PSYoungGen: 11264K->11248K(22528K)] [ParOldGen: 68401K->68400K(68608K)] 79665K->79649K(91136K), [Metaspace: 60488K->60488K(1105920K)], 0.0510104 secs] [Times: user=0.17 sys=0.00, real=0.06 secs] 
2019-09-25T15:16:15.251-0530: 209.096: [Full GC (Ergonomics) [PSYoungGen: 11264K->11248K(22528K)] [ParOldGen: 68400K->68400K(68608K)] 79664K->79649K(91136K), [Metaspace: 60488K->60488K(1105920K)], 0.0480925 secs] [Times: user=0.17 sys=0.00, real=0.05 secs] 
2019-09-25T15:16:15.301-0530: 209.145: [Full GC (Ergonomics) [PSYoungGen: 11264K->11250K(22528K)] [ParOldGen: 68400K->68400K(68608K)] 79664K->79651K(91136K), [Metaspace: 60488K->60488K(1105920K)], 0.0493934 secs] [Times: user=0.16 sys=0.00, real=0.05 secs] 
2019-09-25T15:16:15.351-0530: 209.195: [Full GC (Ergonomics) [PSYoungGen: 11264K->11251K(22528K)] [ParOldGen: 68400K->68400K(68608K)] 79664K->79651K(91136K), [Metaspace: 60488K->60488K(1105920K)], 0.0487364 secs] [Times: user=0.16 sys=0.01, real=0.05 secs] 
2019-09-25T15:16:15.401-0530: 209.245: [Full GC (Ergonomics) [PSYoungGen: 11264K->11252K(22528K)] [ParOldGen: 68400K->68400K(68608K)] 79664K->79653K(91136K), [Metaspace: 60488K->60488K(1105920K)], 0.0533282 secs] [Times: user=0.17 sys=0.00, real=0.05 secs] 
2019-09-25T15:16:15.455-0530: 209.299: [Full GC (Ergonomics) [PSYoungGen: 11264K->11252K(22528K)] [ParOldGen: 68400K->68400K(68608K)] 79664K->79653K(91136K), [Metaspace: 60488K->60488K(1105920K)], 0.0521114 secs] [Times: user=0.17 sys=0.00, real=0.05 secs] 
2019-09-25T15:16:15.508-0530: 209.353: [Full GC (Ergonomics) [PSYoungGen: 11264K->11253K(22528K)] [ParOldGen: 68400K->68400K(68608K)] 79664K->79653K(91136K), [Metaspace: 60488K->60488K(1105920K)], 0.0505395 secs] [Times: user=0.16 sys=0.00, real=0.05 secs] 
2019-09-25T15:16:15.560-0530: 209.404: [Full GC (Ergonomics) [PSYoungGen: 11264K->11262K(22528K)] [ParOldGen: 68400K->68400K(68608K)] 79664K->79662K(91136K), [Metaspace: 60488K->60488K(1105920K)], 0.0463650 secs] [Times: user=0.16 sys=0.01, real=0.04 secs] 
2019-09-25T15:16:15.607-0530: 209.452: [Full GC (Ergonomics) [PSYoungGen: 11264K->11261K(22528K)] [ParOldGen: 68400K->68400K(68608K)] 79664K->79662K(91136K), [Metaspace: 60488K->60488K(1105920K)], 0.0451899 secs] [Times: user=0.16 sys=0.00, real=0.05 secs] 
2019-09-25T15:16:15.654-0530: 209.498: [Full GC (Ergonomics) [PSYoungGen: 11264K->11261K(22528K)] [ParOldGen: 68400K->68400K(68608K)] 79664K->79661K(91136K), [Metaspace: 60488K->60488K(1105920K)], 0.0486347 secs] [Times: user=0.17 sys=0.00, real=0.05 secs] 
2019-09-25T15:16:15.703-0530: 209.548: [Full GC (Ergonomics) [PSYoungGen: 11264K->11260K(22528K)] [ParOldGen: 68400K->68400K(68608K)] 79664K->79661K(91136K), [Metaspace: 60488K->60488K(1105920K)], 0.0502813 secs] [Times: user=0.17 sys=0.00, real=0.05 secs] 
2019-09-25T15:16:15.755-0530: 209.599: [Full GC (Ergonomics) [PSYoungGen: 11264K->11261K(22528K)] [ParOldGen: 68400K->68400K(68608K)] 79664K->79661K(91136K), [Metaspace: 60488K->60488K(1105920K)], 0.0507649 secs] [Times: user=0.16 sys=0.00, real=0.05 secs] 
2019-09-25T15:16:15.806-0530: 209.651: [Full GC (Ergonomics) [PSYoungGen: 11263K->11261K(22528K)] [ParOldGen: 68400K->68400K(68608K)] 79664K->79662K(91136K), [Metaspace: 60488K->60488K(1105920K)], 0.0476918 secs] [Times: user=0.16 sys=0.01, real=0.05 secs] 
2019-09-25T15:16:15.855-0530: 209.699: [Full GC (Ergonomics) [PSYoungGen: 11264K->11262K(22528K)] [ParOldGen: 68400K->68400K(68608K)] 79664K->79663K(91136K), [Metaspace: 60488K->60488K(1105920K)], 0.0462920 secs] [Times: user=0.16 sys=0.00, real=0.05 secs] 
2019-09-25T15:16:15.903-0530: 209.747: [Full GC (Ergonomics) [PSYoungGen: 11264K->11261K(22528K)] [ParOldGen: 68400K->68400K(68608K)] 79664K->79661K(91136K), [Metaspace: 60488K->60488K(1105920K)], 0.0488298 secs] [Times: user=0.17 sys=0.00, real=0.05 secs] 
2019-09-25T15:16:15.953-0530: 209.797: [Full GC (Ergonomics) [PSYoungGen: 11264K->11255K(22528K)] [ParOldGen: 68400K->68400K(68608K)] 79664K->79656K(91136K), [Metaspace: 60488K->60488K(1105920K)], 0.0494996 secs] [Times: user=0.15 sys=0.00, real=0.05 secs] 
2019-09-25T15:16:16.003-0530: 209.847: [Full GC (Ergonomics) [PSYoungGen: 11264K->11256K(22528K)] [ParOldGen: 68400K->68400K(68608K)] 79664K->79657K(91136K), [Metaspace: 60488K->60488K(1105920K)], 0.0506685 secs] [Times: user=0.17 sys=0.01, real=0.05 secs] 
2019-09-25T15:16:16.055-0530: 209.899: [Full GC (Ergonomics) [PSYoungGen: 11264K->11258K(22528K)] [ParOldGen: 68400K->68400K(68608K)] 79664K->79658K(91136K), [Metaspace: 60488K->60488K(1105920K)], 0.0770136 secs] [Times: user=0.32 sys=0.00, real=0.08 secs] 
2019-09-25T15:16:16.133-0530: 209.977: [Full GC (Ergonomics) [PSYoungGen: 11264K->11258K(22528K)] [ParOldGen: 68400K->68400K(68608K)] 79664K->79658K(91136K), [Metaspace: 60488K->60488K(1105920K)], 0.0550011 secs] [Times: user=0.16 sys=0.01, real=0.05 secs] 
2019-09-25T15:16:16.189-0530: 210.033: [Full GC (Ergonomics) [PSYoungGen: 11264K->11248K(22528K)] [ParOldGen: 68400K->68399K(68608K)] 79664K->79648K(91136K), [Metaspace: 60488K->60488K(1105920K)], 0.0968303 secs] [Times: user=0.38 sys=0.01, real=0.10 secs] 
2019-09-25T15:16:16.287-0530: 210.131: [Full GC (Ergonomics) [PSYoungGen: 11264K->11248K(22528K)] [ParOldGen: 68399K->68395K(68608K)] 79663K->79644K(91136K), [Metaspace: 60488K->60488K(1105920K)], 0.0549302 secs] [Times: user=0.17 sys=0.00, real=0.06 secs] 
2019-09-25T15:16:16.343-0530: 210.187: [Full GC (Ergonomics) [PSYoungGen: 11264K->11252K(22528K)] [ParOldGen: 68395K->68395K(68608K)] 79659K->79648K(91136K), [Metaspace: 60488K->60488K(1105920K)], 0.0542568 secs] [Times: user=0.16 sys=0.00, real=0.05 secs] 
2019-09-25T15:16:16.399-0530: 210.243: [Full GC (Ergonomics) [PSYoungGen: 11264K->11252K(22528K)] [ParOldGen: 68395K->68395K(68608K)] 79659K->79648K(91136K), [Metaspace: 60488K->60488K(1105920K)], 0.0618626 secs] [Times: user=0.17 sys=0.00, real=0.07 secs] 
2019-09-25T15:16:16.462-0530: 210.306: [Full GC (Ergonomics) [PSYoungGen: 11264K->11248K(22528K)] [ParOldGen: 68395K->68395K(68608K)] 79659K->79644K(91136K), [Metaspace: 60488K->60488K(1105920K)], 0.0602361 secs] [Times: user=0.17 sys=0.00, real=0.06 secs] 
2019-09-25T15:16:16.523-0530: 210.367: [Full GC (Ergonomics) [PSYoungGen: 11264K->11248K(22528K)] [ParOldGen: 68395K->68395K(68608K)] 79659K->79644K(91136K), [Metaspace: 60489K->60489K(1105920K)], 0.0580889 secs] [Times: user=0.19 sys=0.01, real=0.06 secs] 
2019-09-25T15:16:16.582-0530: 210.427: [Full GC (Ergonomics) [PSYoungGen: 11264K->11243K(22528K)] [ParOldGen: 68395K->68394K(68608K)] 79659K->79638K(91136K), [Metaspace: 60489K->60489K(1105920K)], 0.0601353 secs] [Times: user=0.20 sys=0.00, real=0.06 secs] 
2019-09-25T15:16:16.644-0530: 210.488: [Full GC (Ergonomics) [PSYoungGen: 11264K->11244K(22528K)] [ParOldGen: 68394K->68394K(68608K)] 79658K->79638K(91136K), [Metaspace: 60489K->60489K(1105920K)], 0.0604473 secs] [Times: user=0.17 sys=0.00, real=0.06 secs] 
2019-09-25T15:16:16.705-0530: 210.550: [Full GC (Ergonomics) [PSYoungGen: 11264K->11246K(22528K)] [ParOldGen: 68394K->68394K(68608K)] 79658K->79640K(91136K), [Metaspace: 60489K->60489K(1105920K)], 0.0555933 secs] [Times: user=0.17 sys=0.01, real=0.06 secs] 
2019-09-25T15:16:16.762-0530: 210.607: [Full GC (Ergonomics) [PSYoungGen: 11264K->11246K(22528K)] [ParOldGen: 68394K->68394K(68608K)] 79658K->79641K(91136K), [Metaspace: 60489K->60489K(1105920K)], 0.0716687 secs] [Times: user=0.21 sys=0.00, real=0.07 secs] 
2019-09-25T15:16:16.835-0530: 210.680: [Full GC (Ergonomics) [PSYoungGen: 11264K->11248K(22528K)] [ParOldGen: 68394K->68394K(68608K)] 79658K->79643K(91136K), [Metaspace: 60490K->60490K(1105920K)], 0.0697563 secs] [Times: user=0.22 sys=0.00, real=0.07 secs] 
2019-09-25T15:16:16.905-0530: 210.750: [Full GC (Allocation Failure) [PSYoungGen: 11248K->11248K(22528K)] [ParOldGen: 68394K->68394K(68608K)] 79643K->79643K(91136K), [Metaspace: 60490K->60490K(1105920K)], 0.0576802 secs] [Times: user=0.17 sys=0.00, real=0.06 secs] 
2019-09-25T15:16:16.965-0530: 210.809: [Full GC (Ergonomics) [PSYoungGen: 11264K->11243K(22528K)] [ParOldGen: 68405K->68395K(68608K)] 79669K->79638K(91136K), [Metaspace: 60490K->60490K(1105920K)], 0.0573905 secs] [Times: user=0.18 sys=0.01, real=0.06 secs] 
2019-09-25T15:16:17.023-0530: 210.867: [Full GC (Ergonomics) [PSYoungGen: 11264K->11244K(22528K)] [ParOldGen: 68395K->68394K(68608K)] 79659K->79639K(91136K), [Metaspace: 60490K->60490K(1105920K)], 0.0565440 secs] [Times: user=0.17 sys=0.00, real=0.06 secs] 
2019-09-25T15:16:17.081-0530: 210.925: [Full GC (Ergonomics) [PSYoungGen: 11264K->11245K(22528K)] [ParOldGen: 68394K->68394K(68608K)] 79658K->79639K(91136K), [Metaspace: 60491K->60491K(1105920K)], 0.0550196 secs] [Times: user=0.18 sys=0.00, real=0.05 secs] 
2019-09-25T15:16:17.137-0530: 210.981: [Full GC (Ergonomics) [PSYoungGen: 11264K->11245K(22528K)] [ParOldGen: 68394K->68394K(68608K)] 79658K->79640K(91136K), [Metaspace: 60493K->60493K(1105920K)], 0.0627661 secs] [Times: user=0.19 sys=0.01, real=0.07 secs] 
2019-09-25T15:16:17.201-0530: 211.045: [Full GC (Ergonomics) [PSYoungGen: 11264K->11245K(22528K)] [ParOldGen: 68394K->68394K(68608K)] 79658K->79640K(91136K), [Metaspace: 60493K->60493K(1105920K)], 0.0535344 secs] [Times: user=0.17 sys=0.00, real=0.05 secs] 
2019-09-25T15:16:17.256-0530: 211.100: [Full GC (Ergonomics) [PSYoungGen: 11264K->11245K(22528K)] [ParOldGen: 68394K->68394K(68608K)] 79658K->79640K(91136K), [Metaspace: 60493K->60493K(1105920K)], 0.0544569 secs] [Times: user=0.18 sys=0.00, real=0.06 secs] 
2019-09-25T15:16:17.311-0530: 211.155: [Full GC (Ergonomics) [PSYoungGen: 11263K->11245K(22528K)] [ParOldGen: 68394K->68394K(68608K)] 79658K->79640K(91136K), [Metaspace: 60493K->60493K(1105920K)], 0.0547884 secs] [Times: user=0.18 sys=0.00, real=0.05 secs] 
2019-09-25T15:16:17.367-0530: 211.211: [Full GC (Ergonomics) [PSYoungGen: 11264K->11246K(22528K)] [ParOldGen: 68394K->68394K(68608K)] 79658K->79640K(91136K), [Metaspace: 60493K->60493K(1105920K)], 0.0562437 secs] [Times: user=0.19 sys=0.01, real=0.06 secs] 
2019-09-25T15:16:17.424-0530: 211.269: [Full GC (Ergonomics) [PSYoungGen: 11264K->11245K(22528K)] [ParOldGen: 68394K->68394K(68608K)] 79658K->79639K(91136K), [Metaspace: 60493K->60493K(1105920K)], 0.0542458 secs] [Times: user=0.17 sys=0.00, real=0.05 secs] 
2019-09-25T15:16:17.480-0530: 211.324: [Full GC (Ergonomics) [PSYoungGen: 11264K->11243K(22528K)] [ParOldGen: 68394K->68394K(68608K)] 79658K->79637K(91136K), [Metaspace: 60493K->60493K(1105920K)], 0.0517616 secs] [Times: user=0.17 sys=0.00, real=0.05 secs] 
2019-09-25T15:16:17.533-0530: 211.377: [Full GC (Ergonomics) [PSYoungGen: 11264K->11244K(22528K)] [ParOldGen: 68394K->68394K(68608K)] 79658K->79638K(91136K), [Metaspace: 60493K->60493K(1105920K)], 0.0497676 secs] [Times: user=0.17 sys=0.01, real=0.05 secs] 
2019-09-25T15:16:17.583-0530: 211.428: [Full GC (Ergonomics) [PSYoungGen: 11264K->11243K(22528K)] [ParOldGen: 68394K->68394K(68608K)] 79658K->79638K(91136K), [Metaspace: 60493K->60493K(1105920K)], 0.0559652 secs] [Times: user=0.17 sys=0.00, real=0.05 secs] 
2019-09-25T15:16:17.640-0530: 211.485: [Full GC (Ergonomics) [PSYoungGen: 11264K->11246K(22528K)] [ParOldGen: 68394K->68394K(68608K)] 79658K->79640K(91136K), [Metaspace: 60493K->60493K(1105920K)], 0.0606206 secs] [Times: user=0.20 sys=0.00, real=0.06 secs] 
2019-09-25T15:16:17.702-0530: 211.547: [Full GC (Ergonomics) [PSYoungGen: 11264K->11243K(22528K)] [ParOldGen: 68394K->68394K(68608K)] 79658K->79638K(91136K), [Metaspace: 60493K->60493K(1105920K)], 0.0549584 secs] [Times: user=0.19 sys=0.01, real=0.05 secs] 
2019-09-25T15:16:17.758-0530: 211.603: [Full GC (Ergonomics) [PSYoungGen: 11264K->11241K(22528K)] [ParOldGen: 68394K->68394K(68608K)] 79658K->79635K(91136K), [Metaspace: 60497K->60497K(1105920K)], 0.0616729 secs] [Times: user=0.21 sys=0.00, real=0.07 secs] 
2019-09-25T15:16:17.822-0530: 211.666: [Full GC (Ergonomics) [PSYoungGen: 11264K->11242K(22528K)] [ParOldGen: 68394K->68394K(68608K)] 79658K->79636K(91136K), [Metaspace: 60497K->60497K(1105920K)], 0.0590311 secs] [Times: user=0.19 sys=0.01, real=0.06 secs] 
2019-09-25T15:16:17.882-0530: 211.726: [Full GC (Ergonomics) [PSYoungGen: 11264K->11241K(22528K)] [ParOldGen: 68394K->68394K(68608K)] 79658K->79636K(91136K), [Metaspace: 60497K->60497K(1105920K)], 0.0543318 secs] [Times: user=0.17 sys=0.00, real=0.05 secs] 
2019-09-25T15:16:17.937-0530: 211.782: [Full GC (Ergonomics) [PSYoungGen: 11264K->11242K(22528K)] [ParOldGen: 68394K->68394K(68608K)] 79658K->79637K(91136K), [Metaspace: 60497K->60497K(1105920K)], 0.0518020 secs] [Times: user=0.17 sys=0.00, real=0.05 secs] 
2019-09-25T15:16:17.990-0530: 211.835: [Full GC (Ergonomics) [PSYoungGen: 11264K->11242K(22528K)] [ParOldGen: 68394K->68394K(68608K)] 79658K->79636K(91136K), [Metaspace: 60497K->60497K(1105920K)], 0.0468540 secs] [Times: user=0.16 sys=0.00, real=0.04 secs] 
2019-09-25T15:16:18.038-0530: 211.882: [Full GC (Ergonomics) [PSYoungGen: 11264K->11243K(22528K)] [ParOldGen: 68394K->68394K(68608K)] 79658K->79637K(91136K), [Metaspace: 60497K->60497K(1105920K)], 0.0506638 secs] [Times: user=0.18 sys=0.01, real=0.05 secs] 
2019-09-25T15:16:18.090-0530: 211.934: [Full GC (Ergonomics) [PSYoungGen: 11264K->11244K(22528K)] [ParOldGen: 68394K->68393K(68608K)] 79658K->79638K(91136K), [Metaspace: 60498K->60498K(1105920K)], 0.0484542 secs] [Times: user=0.17 sys=0.00, real=0.04 secs] 
2019-09-25T15:16:18.139-0530: 211.984: [Full GC (Ergonomics) [PSYoungGen: 11264K->11245K(22528K)] [ParOldGen: 68393K->68393K(68608K)] 79657K->79639K(91136K), [Metaspace: 60498K->60498K(1105920K)], 0.0466401 secs] [Times: user=0.15 sys=0.00, real=0.05 secs] 
2019-09-25T15:16:18.187-0530: 212.031: [Full GC (Ergonomics) [PSYoungGen: 11264K->11247K(22528K)] [ParOldGen: 68393K->68393K(68608K)] 79657K->79641K(91136K), [Metaspace: 60498K->60498K(1105920K)], 0.0458986 secs] [Times: user=0.16 sys=0.00, real=0.05 secs] 
2019-09-25T15:16:18.234-0530: 212.078: [Full GC (Ergonomics) [PSYoungGen: 11264K->11245K(22528K)] [ParOldGen: 68393K->68393K(68608K)] 79657K->79639K(91136K), [Metaspace: 60498K->60498K(1105920K)], 0.0483363 secs] [Times: user=0.17 sys=0.00, real=0.05 secs] 
2019-09-25T15:16:18.283-0530: 212.128: [Full GC (Ergonomics) [PSYoungGen: 11264K->11247K(22528K)] [ParOldGen: 68393K->68393K(68608K)] 79657K->79641K(91136K), [Metaspace: 60498K->60498K(1105920K)], 0.0480057 secs] [Times: user=0.17 sys=0.01, real=0.05 secs] 
2019-09-25T15:16:18.332-0530: 212.177: [Full GC (Ergonomics) [PSYoungGen: 11264K->11248K(22528K)] [ParOldGen: 68393K->68393K(68608K)] 79657K->79642K(91136K), [Metaspace: 60498K->60498K(1105920K)], 0.0481792 secs] [Times: user=0.15 sys=0.00, real=0.05 secs] 
2019-09-25T15:16:18.382-0530: 212.226: [Full GC (Ergonomics) [PSYoungGen: 11264K->11249K(22528K)] [ParOldGen: 68393K->68393K(68608K)] 79657K->79643K(91136K), [Metaspace: 60498K->60498K(1105920K)], 0.0475762 secs] [Times: user=0.16 sys=0.00, real=0.04 secs] 
2019-09-25T15:16:18.430-0530: 212.274: [Full GC (Ergonomics) [PSYoungGen: 11263K->11251K(22528K)] [ParOldGen: 68393K->68393K(68608K)] 79657K->79644K(91136K), [Metaspace: 60500K->60500K(1105920K)], 0.0565094 secs] [Times: user=0.19 sys=0.00, real=0.05 secs] 
2019-09-25T15:16:18.488-0530: 212.332: [Full GC (Ergonomics) [PSYoungGen: 11264K->11252K(22528K)] [ParOldGen: 68393K->68393K(68608K)] 79657K->79646K(91136K), [Metaspace: 60500K->60500K(1105920K)], 0.0511374 secs] [Times: user=0.16 sys=0.01, real=0.05 secs] 
2019-09-25T15:16:18.540-0530: 212.384: [Full GC (Ergonomics) [PSYoungGen: 11264K->11252K(22528K)] [ParOldGen: 68393K->68393K(68608K)] 79657K->79645K(91136K), [Metaspace: 60500K->60500K(1105920K)], 0.0534098 secs] [Times: user=0.18 sys=0.00, real=0.05 secs] 
2019-09-25T15:16:18.594-0530: 212.439: [Full GC (Ergonomics) [PSYoungGen: 11264K->11253K(22528K)] [ParOldGen: 68393K->68393K(68608K)] 79657K->79646K(91136K), [Metaspace: 60502K->60502K(1105920K)], 0.0498467 secs] [Times: user=0.17 sys=0.00, real=0.05 secs] 
2019-09-25T15:16:18.646-0530: 212.490: [Full GC (Ergonomics) [PSYoungGen: 11264K->11254K(22528K)] [ParOldGen: 68393K->68393K(68608K)] 79657K->79647K(91136K), [Metaspace: 60504K->60504K(1105920K)], 0.0495011 secs] [Times: user=0.16 sys=0.00, real=0.05 secs] 
2019-09-25T15:16:18.696-0530: 212.540: [Full GC (Ergonomics) [PSYoungGen: 11264K->11257K(22528K)] [ParOldGen: 68393K->68393K(68608K)] 79657K->79650K(91136K), [Metaspace: 60506K->60506K(1105920K)], 0.0473196 secs] [Times: user=0.16 sys=0.01, real=0.05 secs] 
2019-09-25T15:16:18.744-0530: 212.589: [Full GC (Ergonomics) [PSYoungGen: 11264K->11255K(22528K)] [ParOldGen: 68393K->68389K(68608K)] 79657K->79644K(91136K), [Metaspace: 60507K->60505K(1105920K)], 0.0656820 secs] [Times: user=0.22 sys=0.00, real=0.07 secs] 
2019-09-25T15:16:18.811-0530: 212.656: [Full GC (Ergonomics) [PSYoungGen: 11263K->11253K(22528K)] [ParOldGen: 68389K->68389K(68608K)] 79653K->79642K(91136K), [Metaspace: 60505K->60503K(1105920K)], 0.0627112 secs] [Times: user=0.18 sys=0.00, real=0.06 secs] 
2019-09-25T15:16:18.875-0530: 212.719: [Full GC (Ergonomics) [PSYoungGen: 11264K->11253K(22528K)] [ParOldGen: 68389K->68389K(68608K)] 79653K->79642K(91136K), [Metaspace: 60504K->60504K(1105920K)], 0.0616371 secs] [Times: user=0.18 sys=0.01, real=0.06 secs] 
2019-09-25T15:16:18.938-0530: 212.782: [Full GC (Ergonomics) [PSYoungGen: 11264K->11254K(22528K)] [ParOldGen: 68389K->68389K(68608K)] 79653K->79643K(91136K), [Metaspace: 60504K->60504K(1105920K)], 0.0539878 secs] [Times: user=0.17 sys=0.00, real=0.06 secs] 
2019-09-25T15:16:18.993-0530: 212.837: [Full GC (Ergonomics) [PSYoungGen: 11264K->11254K(22528K)] [ParOldGen: 68389K->68389K(68608K)] 79653K->79643K(91136K), [Metaspace: 60504K->60504K(1105920K)], 0.0577284 secs] [Times: user=0.19 sys=0.00, real=0.06 secs] 
2019-09-25T15:16:19.052-0530: 212.896: [Full GC (Ergonomics) [PSYoungGen: 11264K->11255K(22528K)] [ParOldGen: 68389K->68389K(68608K)] 79653K->79644K(91136K), [Metaspace: 60507K->60507K(1105920K)], 0.0551702 secs] [Times: user=0.17 sys=0.00, real=0.05 secs] 
2019-09-25T15:16:19.108-0530: 212.952: [Full GC (Ergonomics) [PSYoungGen: 11264K->11257K(22528K)] [ParOldGen: 68389K->68388K(68608K)] 79653K->79645K(91136K), [Metaspace: 60507K->60507K(1105920K)], 0.0528493 secs] [Times: user=0.17 sys=0.01, real=0.06 secs] 
2019-09-25T15:16:19.162-0530: 213.006: [Full GC (Ergonomics) [PSYoungGen: 11264K->11257K(22528K)] [ParOldGen: 68388K->68388K(68608K)] 79652K->79645K(91136K), [Metaspace: 60507K->60507K(1105920K)], 0.0620262 secs] [Times: user=0.20 sys=0.00, real=0.06 secs] 
2019-09-25T15:16:19.225-0530: 213.069: [Full GC (Ergonomics) [PSYoungGen: 11264K->11258K(22528K)] [ParOldGen: 68388K->68388K(68608K)] 79652K->79646K(91136K), [Metaspace: 60509K->60509K(1105920K)], 0.0565849 secs] [Times: user=0.18 sys=0.00, real=0.06 secs] 
2019-09-25T15:16:19.283-0530: 213.127: [Full GC (Ergonomics) [PSYoungGen: 11264K->11258K(22528K)] [ParOldGen: 68388K->68388K(68608K)] 79652K->79646K(91136K), [Metaspace: 60509K->60509K(1105920K)], 0.0558481 secs] [Times: user=0.16 sys=0.00, real=0.05 secs] 
2019-09-25T15:16:19.340-0530: 213.184: [Full GC (Ergonomics) [PSYoungGen: 11264K->11253K(22528K)] [ParOldGen: 68388K->68388K(68608K)] 79652K->79641K(91136K), [Metaspace: 60509K->60507K(1105920K)], 0.0582748 secs] [Times: user=0.19 sys=0.00, real=0.05 secs] 
2019-09-25T15:16:19.399-0530: 213.243: [Full GC (Ergonomics) [PSYoungGen: 11264K->11258K(22528K)] [ParOldGen: 68388K->68388K(68608K)] 79652K->79647K(91136K), [Metaspace: 60509K->60509K(1105920K)], 0.0588027 secs] [Times: user=0.17 sys=0.00, real=0.06 secs] 
2019-09-25T15:16:19.459-0530: 213.303: [Full GC (Ergonomics) [PSYoungGen: 11264K->11259K(22528K)] [ParOldGen: 68388K->68388K(68608K)] 79652K->79647K(91136K), [Metaspace: 60510K->60510K(1105920K)], 0.0551501 secs] [Times: user=0.18 sys=0.00, real=0.06 secs] 
2019-09-25T15:16:19.515-0530: 213.360: [Full GC (Ergonomics) [PSYoungGen: 11264K->11254K(22528K)] [ParOldGen: 68409K->68395K(68608K)] 79673K->79650K(91136K), [Metaspace: 60511K->60507K(1105920K)], 0.0756196 secs] [Times: user=0.25 sys=0.01, real=0.08 secs] 
2019-09-25T15:16:19.592-0530: 213.436: [Full GC (Ergonomics) [PSYoungGen: 11264K->11255K(22528K)] [ParOldGen: 68395K->68395K(68608K)] 79659K->79650K(91136K), [Metaspace: 60509K->60509K(1105920K)], 0.0626659 secs] [Times: user=0.19 sys=0.00, real=0.06 secs] 
2019-09-25T15:16:19.656-0530: 213.500: [Full GC (Ergonomics) [PSYoungGen: 11264K->11254K(22528K)] [ParOldGen: 68395K->68395K(68608K)] 79659K->79649K(91136K), [Metaspace: 60509K->60507K(1105920K)], 0.0611533 secs] [Times: user=0.19 sys=0.00, real=0.06 secs] 
2019-09-25T15:16:19.718-0530: 213.563: [Full GC (Ergonomics) [PSYoungGen: 11264K->11254K(22528K)] [ParOldGen: 68395K->68395K(68608K)] 79659K->79649K(91136K), [Metaspace: 60507K->60507K(1105920K)], 0.0597153 secs] [Times: user=0.19 sys=0.01, real=0.06 secs] 
2019-09-25T15:16:19.779-0530: 213.623: [Full GC (Ergonomics) [PSYoungGen: 11264K->11260K(22528K)] [ParOldGen: 68395K->68391K(68608K)] 79659K->79652K(91136K), [Metaspace: 60507K->60505K(1105920K)], 0.0556400 secs] [Times: user=0.17 sys=0.00, real=0.06 secs] 
2019-09-25T15:16:19.836-0530: 213.680: [Full GC (Ergonomics) [PSYoungGen: 11264K->11259K(22528K)] [ParOldGen: 68391K->68391K(68608K)] 79655K->79651K(91136K), [Metaspace: 60506K->60506K(1105920K)], 0.0529202 secs] [Times: user=0.18 sys=0.00, real=0.05 secs] 
2019-09-25T15:16:19.890-0530: 213.734: [Full GC (Ergonomics) [PSYoungGen: 11263K->11260K(22528K)] [ParOldGen: 68391K->68391K(68608K)] 79655K->79652K(91136K), [Metaspace: 60506K->60506K(1105920K)], 0.0510594 secs] [Times: user=0.18 sys=0.00, real=0.05 secs] 
2019-09-25T15:16:19.942-0530: 213.787: [Full GC (Ergonomics) [PSYoungGen: 11264K->11248K(22528K)] [ParOldGen: 68408K->68384K(68608K)] 79672K->79633K(91136K), [Metaspace: 60506K->60504K(1105920K)], 0.0567523 secs] [Times: user=0.18 sys=0.01, real=0.05 secs] 
2019-09-25T15:16:20.000-0530: 213.844: [Full GC (Ergonomics) [PSYoungGen: 11264K->11248K(22528K)] [ParOldGen: 68384K->68384K(68608K)] 79648K->79632K(91136K), [Metaspace: 60504K->60504K(1105920K)], 0.0539200 secs] [Times: user=0.19 sys=0.00, real=0.05 secs] 
2019-09-25T15:16:20.055-0530: 213.899: [Full GC (Ergonomics) [PSYoungGen: 11264K->11248K(22528K)] [ParOldGen: 68384K->68384K(68608K)] 79648K->79633K(91136K), [Metaspace: 60504K->60504K(1105920K)], 0.0466117 secs] [Times: user=0.15 sys=0.00, real=0.05 secs] 
2019-09-25T15:16:20.103-0530: 213.947: [Full GC (Ergonomics) [PSYoungGen: 11264K->11251K(22528K)] [ParOldGen: 68384K->68384K(68608K)] 79648K->79635K(91136K), [Metaspace: 60504K->60504K(1105920K)], 0.0472565 secs] [Times: user=0.16 sys=0.01, real=0.05 secs] 
2019-09-25T15:16:20.151-0530: 213.995: [Full GC (Ergonomics) [PSYoungGen: 11264K->11251K(22528K)] [ParOldGen: 68384K->68383K(68608K)] 79648K->79635K(91136K), [Metaspace: 60504K->60504K(1105920K)], 0.0465827 secs] [Times: user=0.16 sys=0.00, real=0.04 secs] 
2019-09-25T15:16:20.199-0530: 214.043: [Full GC (Ergonomics) [PSYoungGen: 11264K->11252K(22528K)] [ParOldGen: 68383K->68378K(68608K)] 79647K->79630K(91136K), [Metaspace: 60504K->60504K(1105920K)], 0.0540858 secs] [Times: user=0.20 sys=0.00, real=0.06 secs] 
2019-09-25T15:16:20.254-0530: 214.098: [Full GC (Ergonomics) [PSYoungGen: 11264K->11252K(22528K)] [ParOldGen: 68378K->68378K(68608K)] 79642K->79630K(91136K), [Metaspace: 60504K->60504K(1105920K)], 0.0491825 secs] [Times: user=0.16 sys=0.00, real=0.05 secs] 
2019-09-25T15:16:20.304-0530: 214.148: [Full GC (Ergonomics) [PSYoungGen: 11264K->11256K(22528K)] [ParOldGen: 68378K->68378K(68608K)] 79642K->79635K(91136K), [Metaspace: 60504K->60504K(1105920K)], 0.0543151 secs] [Times: user=0.18 sys=0.01, real=0.05 secs] 
2019-09-25T15:16:20.359-0530: 214.204: [Full GC (Ergonomics) [PSYoungGen: 11264K->11261K(22528K)] [ParOldGen: 68378K->68378K(68608K)] 79642K->79639K(91136K), [Metaspace: 60504K->60504K(1105920K)], 0.0589835 secs] [Times: user=0.17 sys=0.00, real=0.06 secs] 
2019-09-25T15:16:20.419-0530: 214.264: [Full GC (Ergonomics) [PSYoungGen: 11264K->11262K(22528K)] [ParOldGen: 68378K->68378K(68608K)] 79642K->79640K(91136K), [Metaspace: 60504K->60504K(1105920K)], 0.0512561 secs] [Times: user=0.17 sys=0.00, real=0.06 secs] 
2019-09-25T15:16:20.472-0530: 214.316: [Full GC (Ergonomics) [PSYoungGen: 11264K->11261K(22528K)] [ParOldGen: 68378K->68378K(68608K)] 79642K->79640K(91136K), [Metaspace: 60504K->60504K(1105920K)], 0.0509967 secs] [Times: user=0.17 sys=0.01, real=0.05 secs] 
2019-09-25T15:16:20.524-0530: 214.368: [Full GC (Ergonomics) [PSYoungGen: 11264K->11261K(22528K)] [ParOldGen: 68378K->68378K(68608K)] 79642K->79639K(91136K), [Metaspace: 60504K->60504K(1105920K)], 0.0529201 secs] [Times: user=0.16 sys=0.00, real=0.05 secs] 
2019-09-25T15:16:20.578-0530: 214.422: [Full GC (Ergonomics) [PSYoungGen: 11264K->11261K(22528K)] [ParOldGen: 68378K->68378K(68608K)] 79642K->79640K(91136K), [Metaspace: 60504K->60504K(1105920K)], 0.0516703 secs] [Times: user=0.17 sys=0.00, real=0.05 secs] 
2019-09-25T15:16:20.630-0530: 214.475: [Full GC (Ergonomics) [PSYoungGen: 11264K->11262K(22528K)] [ParOldGen: 68378K->68378K(68608K)] 79642K->79640K(91136K), [Metaspace: 60504K->60504K(1105920K)], 0.0552855 secs] [Times: user=0.19 sys=0.00, real=0.05 secs] 
2019-09-25T15:16:20.687-0530: 214.531: [Full GC (Ergonomics) [PSYoungGen: 11264K->11263K(22528K)] [ParOldGen: 68378K->68378K(68608K)] 79642K->79641K(91136K), [Metaspace: 60504K->60504K(1105920K)], 0.0592001 secs] [Times: user=0.21 sys=0.01, real=0.06 secs] 
2019-09-25T15:16:20.747-0530: 214.591: [Full GC (Ergonomics) [PSYoungGen: 11264K->11257K(22528K)] [ParOldGen: 68389K->68380K(68608K)] 79653K->79638K(91136K), [Metaspace: 60504K->60504K(1105920K)], 0.0507280 secs] [Times: user=0.16 sys=0.00, real=0.05 secs] 
2019-09-25T15:16:20.799-0530: 214.643: [Full GC (Ergonomics) [PSYoungGen: 11264K->11260K(22528K)] [ParOldGen: 68380K->68380K(68608K)] 79644K->79641K(91136K), [Metaspace: 60504K->60504K(1105920K)], 0.0533666 secs] [Times: user=0.17 sys=0.00, real=0.06 secs] 
2019-09-25T15:16:20.853-0530: 214.698: [Full GC (Ergonomics) [PSYoungGen: 11264K->11261K(22528K)] [ParOldGen: 68380K->68380K(68608K)] 79644K->79641K(91136K), [Metaspace: 60504K->60504K(1105920K)], 0.0481381 secs] [Times: user=0.17 sys=0.01, real=0.05 secs] 
2019-09-25T15:16:20.902-0530: 214.747: [Full GC (Ergonomics) [PSYoungGen: 11264K->11261K(22528K)] [ParOldGen: 68380K->68380K(68608K)] 79644K->79642K(91136K), [Metaspace: 60504K->60504K(1105920K)], 0.0497194 secs] [Times: user=0.17 sys=0.00, real=0.05 secs] 
2019-09-25T15:16:20.953-0530: 214.797: [Full GC (Ergonomics) [PSYoungGen: 11264K->11261K(22528K)] [ParOldGen: 68380K->68380K(68608K)] 79644K->79642K(91136K), [Metaspace: 60504K->60504K(1105920K)], 0.0479195 secs] [Times: user=0.16 sys=0.00, real=0.05 secs] 
2019-09-25T15:16:21.002-0530: 214.846: [Full GC (Ergonomics) [PSYoungGen: 11264K->11258K(22528K)] [ParOldGen: 68380K->68380K(68608K)] 79644K->79638K(91136K), [Metaspace: 60504K->60504K(1105920K)], 0.0610844 secs] [Times: user=0.23 sys=0.01, real=0.06 secs] 
2019-09-25T15:16:21.064-0530: 214.908: [Full GC (Ergonomics) [PSYoungGen: 11264K->11259K(22528K)] [ParOldGen: 68380K->68380K(68608K)] 79644K->79639K(91136K), [Metaspace: 60504K->60504K(1105920K)], 0.0523799 secs] [Times: user=0.17 sys=0.00, real=0.05 secs] 
2019-09-25T15:16:21.117-0530: 214.962: [Full GC (Ergonomics) [PSYoungGen: 11263K->11258K(22528K)] [ParOldGen: 68391K->68390K(68608K)] 79655K->79648K(91136K), [Metaspace: 60504K->60504K(1105920K)], 0.0519964 secs] [Times: user=0.17 sys=0.00, real=0.05 secs] 
2019-09-25T15:16:21.170-0530: 215.015: [Full GC (Ergonomics) [PSYoungGen: 11264K->11258K(22528K)] [ParOldGen: 68390K->68390K(68608K)] 79654K->79648K(91136K), [Metaspace: 60504K->60504K(1105920K)], 0.0507517 secs] [Times: user=0.17 sys=0.00, real=0.05 secs] 
2019-09-25T15:16:21.221-0530: 215.066: [Full GC (Allocation Failure) [PSYoungGen: 11258K->11258K(22528K)] [ParOldGen: 68390K->68390K(68608K)] 79648K->79648K(91136K), [Metaspace: 60504K->60504K(1105920K)], 0.0487690 secs] [Times: user=0.16 sys=0.01, real=0.05 secs] 
2019-09-25T15:16:21.271-0530: 215.116: [Full GC (Ergonomics) [PSYoungGen: 11264K->11256K(22528K)] [ParOldGen: 68392K->68390K(68608K)] 79656K->79647K(91136K), [Metaspace: 60504K->60504K(1105920K)], 0.0556242 secs] [Times: user=0.18 sys=0.00, real=0.05 secs] 
2019-09-25T15:16:21.328-0530: 215.173: [Full GC (Ergonomics) [PSYoungGen: 11264K->11258K(22528K)] [ParOldGen: 68390K->68390K(68608K)] 79654K->79648K(91136K), [Metaspace: 60504K->60504K(1105920K)], 0.0538939 secs] [Times: user=0.19 sys=0.00, real=0.06 secs] 
2019-09-25T15:16:21.383-0530: 215.227: [Full GC (Ergonomics) [PSYoungGen: 11264K->11258K(22528K)] [ParOldGen: 68390K->68390K(68608K)] 79654K->79648K(91136K), [Metaspace: 60504K->60504K(1105920K)], 0.0505141 secs] [Times: user=0.16 sys=0.00, real=0.05 secs] 
2019-09-25T15:16:21.434-0530: 215.279: [Full GC (Ergonomics) [PSYoungGen: 11264K->11257K(22528K)] [ParOldGen: 68390K->68390K(68608K)] 79654K->79648K(91136K), [Metaspace: 60504K->60504K(1105920K)], 0.0502032 secs] [Times: user=0.14 sys=0.01, real=0.05 secs] 
2019-09-25T15:16:21.486-0530: 215.330: [Full GC (Ergonomics) [PSYoungGen: 11264K->11258K(22528K)] [ParOldGen: 68390K->68390K(68608K)] 79654K->79648K(91136K), [Metaspace: 60505K->60505K(1105920K)], 0.0571189 secs] [Times: user=0.17 sys=0.00, real=0.06 secs] 
2019-09-25T15:16:21.544-0530: 215.389: [Full GC (Ergonomics) [PSYoungGen: 11264K->11259K(22528K)] [ParOldGen: 68390K->68390K(68608K)] 79654K->79649K(91136K), [Metaspace: 60505K->60505K(1105920K)], 0.0992418 secs] [Times: user=0.19 sys=0.00, real=0.10 secs] 
2019-09-25T15:16:21.645-0530: 215.489: [Full GC (Ergonomics) [PSYoungGen: 11264K->11258K(22528K)] [ParOldGen: 68390K->68390K(68608K)] 79654K->79649K(91136K), [Metaspace: 60506K->60506K(1105920K)], 0.0583606 secs] [Times: user=0.17 sys=0.00, real=0.06 secs] 
2019-09-25T15:16:21.704-0530: 215.549: [Full GC (Ergonomics) [PSYoungGen: 11264K->11258K(22528K)] [ParOldGen: 68390K->68390K(68608K)] 79654K->79649K(91136K), [Metaspace: 60506K->60506K(1105920K)], 0.0551793 secs] [Times: user=0.19 sys=0.01, real=0.06 secs] 
2019-09-25T15:16:21.761-0530: 215.605: [Full GC (Ergonomics) [PSYoungGen: 11264K->11258K(22528K)] [ParOldGen: 68390K->68390K(68608K)] 79654K->79649K(91136K), [Metaspace: 60506K->60506K(1105920K)], 0.0495088 secs] [Times: user=0.16 sys=0.00, real=0.05 secs] 
2019-09-25T15:16:21.811-0530: 215.656: [Full GC (Ergonomics) [PSYoungGen: 11264K->11259K(22528K)] [ParOldGen: 68390K->68390K(68608K)] 79654K->79649K(91136K), [Metaspace: 60506K->60506K(1105920K)], 0.0547465 secs] [Times: user=0.19 sys=0.00, real=0.05 secs] 
2019-09-25T15:16:21.867-0530: 215.712: [Full GC (Ergonomics) [PSYoungGen: 11264K->11261K(22528K)] [ParOldGen: 68390K->68390K(68608K)] 79654K->79651K(91136K), [Metaspace: 60507K->60507K(1105920K)], 0.0533453 secs] [Times: user=0.17 sys=0.00, real=0.06 secs] 
2019-09-25T15:16:21.922-0530: 215.766: [Full GC (Ergonomics) [PSYoungGen: 11264K->11259K(22528K)] [ParOldGen: 68390K->68390K(68608K)] 79654K->79649K(91136K), [Metaspace: 60507K->60507K(1105920K)], 0.0565102 secs] [Times: user=0.18 sys=0.01, real=0.05 secs] 
2019-09-25T15:16:21.979-0530: 215.824: [Full GC (Ergonomics) [PSYoungGen: 11264K->11259K(22528K)] [ParOldGen: 68390K->68390K(68608K)] 79654K->79649K(91136K), [Metaspace: 60509K->60509K(1105920K)], 0.0587553 secs] [Times: user=0.18 sys=0.00, real=0.06 secs] 
2019-09-25T15:16:22.039-0530: 215.884: [Full GC (Ergonomics) [PSYoungGen: 11264K->11261K(22528K)] [ParOldGen: 68390K->68390K(68608K)] 79654K->79651K(91136K), [Metaspace: 60509K->60509K(1105920K)], 0.0498098 secs] [Times: user=0.16 sys=0.00, real=0.05 secs] 
2019-09-25T15:16:22.090-0530: 215.935: [Full GC (Ergonomics) [PSYoungGen: 11263K->11261K(22528K)] [ParOldGen: 68390K->68390K(68608K)] 79654K->79651K(91136K), [Metaspace: 60510K->60510K(1105920K)], 0.0529977 secs] [Times: user=0.18 sys=0.00, real=0.05 secs] 
2019-09-25T15:16:22.144-0530: 215.989: [Full GC (Ergonomics) [PSYoungGen: 11264K->11262K(22528K)] [ParOldGen: 68390K->68390K(68608K)] 79654K->79652K(91136K), [Metaspace: 60510K->60510K(1105920K)], 0.0551816 secs] [Times: user=0.17 sys=0.01, real=0.06 secs] 
2019-09-25T15:16:22.201-0530: 216.045: [Full GC (Ergonomics) [PSYoungGen: 11264K->11261K(22528K)] [ParOldGen: 68390K->68390K(68608K)] 79654K->79651K(91136K), [Metaspace: 60510K->60510K(1105920K)], 0.0585968 secs] [Times: user=0.18 sys=0.00, real=0.05 secs] 
2019-09-25T15:16:22.260-0530: 216.105: [Full GC (Ergonomics) [PSYoungGen: 11264K->11259K(22528K)] [ParOldGen: 68390K->68389K(68608K)] 79654K->79648K(91136K), [Metaspace: 60510K->60510K(1105920K)], 0.0520233 secs] [Times: user=0.16 sys=0.00, real=0.05 secs] 
2019-09-25T15:16:22.313-0530: 216.158: [Full GC (Ergonomics) [PSYoungGen: 11264K->11260K(22528K)] [ParOldGen: 68389K->68389K(68608K)] 79653K->79650K(91136K), [Metaspace: 60510K->60510K(1105920K)], 0.0558225 secs] [Times: user=0.18 sys=0.00, real=0.05 secs] 
2019-09-25T15:16:22.371-0530: 216.215: [Full GC (Ergonomics) [PSYoungGen: 11264K->11261K(22528K)] [ParOldGen: 68389K->68389K(68608K)] 79653K->79651K(91136K), [Metaspace: 60510K->60510K(1105920K)], 0.0622039 secs] [Times: user=0.18 sys=0.00, real=0.06 secs] 
2019-09-25T15:16:22.434-0530: 216.279: [Full GC (Ergonomics) [PSYoungGen: 11264K->11257K(22528K)] [ParOldGen: 68389K->68389K(68608K)] 79653K->79646K(91136K), [Metaspace: 60510K->60510K(1105920K)], 0.0534884 secs] [Times: user=0.17 sys=0.01, real=0.05 secs] 
2019-09-25T15:16:22.489-0530: 216.333: [Full GC (Ergonomics) [PSYoungGen: 11264K->11252K(22528K)] [ParOldGen: 68389K->68388K(68608K)] 79653K->79641K(91136K), [Metaspace: 60510K->60510K(1105920K)], 0.0545484 secs] [Times: user=0.18 sys=0.00, real=0.06 secs] 
2019-09-25T15:16:22.544-0530: 216.389: [Full GC (Ergonomics) [PSYoungGen: 11264K->11246K(22528K)] [ParOldGen: 68388K->68388K(68608K)] 79652K->79635K(91136K), [Metaspace: 60510K->60510K(1105920K)], 0.0611799 secs] [Times: user=0.21 sys=0.00, real=0.06 secs] 
2019-09-25T15:16:22.607-0530: 216.451: [Full GC (Ergonomics) [PSYoungGen: 11264K->11247K(22528K)] [ParOldGen: 68388K->68388K(68608K)] 79652K->79635K(91136K), [Metaspace: 60510K->60510K(1105920K)], 0.0505011 secs] [Times: user=0.17 sys=0.00, real=0.05 secs] 
2019-09-25T15:16:22.658-0530: 216.503: [Full GC (Ergonomics) [PSYoungGen: 11264K->11245K(22528K)] [ParOldGen: 68388K->68388K(68608K)] 79652K->79634K(91136K), [Metaspace: 60510K->60510K(1105920K)], 0.0590851 secs] [Times: user=0.17 sys=0.00, real=0.06 secs] 
2019-09-25T15:16:22.719-0530: 216.563: [Full GC (Ergonomics) [PSYoungGen: 11264K->11254K(22528K)] [ParOldGen: 68388K->68388K(68608K)] 79652K->79643K(91136K), [Metaspace: 60510K->60510K(1105920K)], 0.0603098 secs] [Times: user=0.18 sys=0.01, real=0.06 secs] 
2019-09-25T15:16:22.780-0530: 216.625: [Full GC (Ergonomics) [PSYoungGen: 11264K->11254K(22528K)] [ParOldGen: 68388K->68388K(68608K)] 79652K->79643K(91136K), [Metaspace: 60510K->60510K(1105920K)], 0.0683244 secs] [Times: user=0.25 sys=0.00, real=0.06 secs] 
2019-09-25T15:16:22.850-0530: 216.694: [Full GC (Ergonomics) [PSYoungGen: 11264K->11254K(22528K)] [ParOldGen: 68388K->68388K(68608K)] 79652K->79642K(91136K), [Metaspace: 60510K->60510K(1105920K)], 0.0615995 secs] [Times: user=0.19 sys=0.00, real=0.06 secs] 
2019-09-25T15:16:22.912-0530: 216.757: [Full GC (Ergonomics) [PSYoungGen: 11264K->11255K(22528K)] [ParOldGen: 68388K->68388K(68608K)] 79652K->79644K(91136K), [Metaspace: 60510K->60510K(1105920K)], 0.0523274 secs] [Times: user=0.17 sys=0.00, real=0.05 secs] 
2019-09-25T15:16:22.966-0530: 216.811: [Full GC (Ergonomics) [PSYoungGen: 11264K->11256K(22528K)] [ParOldGen: 68388K->68388K(68608K)] 79652K->79644K(91136K), [Metaspace: 60510K->60510K(1105920K)], 0.0675692 secs] [Times: user=0.19 sys=0.01, real=0.07 secs] 
2019-09-25T15:16:23.035-0530: 216.880: [Full GC (Ergonomics) [PSYoungGen: 11264K->11256K(22528K)] [ParOldGen: 68430K->68410K(68608K)] 79694K->79667K(91136K), [Metaspace: 60511K->60511K(1105920K)], 0.0563809 secs] [Times: user=0.17 sys=0.00, real=0.06 secs] 
2019-09-25T15:16:23.092-0530: 216.937: [Full GC (Ergonomics) [PSYoungGen: 11264K->11258K(22528K)] [ParOldGen: 68410K->68410K(68608K)] 79674K->79668K(91136K), [Metaspace: 60511K->60511K(1105920K)], 0.0530153 secs] [Times: user=0.17 sys=0.00, real=0.05 secs] 
2019-09-25T15:16:23.147-0530: 216.991: [Full GC (Ergonomics) [PSYoungGen: 11264K->11257K(22528K)] [ParOldGen: 68410K->68409K(68608K)] 79674K->79667K(91136K), [Metaspace: 60511K->60511K(1105920K)], 0.0547279 secs] [Times: user=0.18 sys=0.00, real=0.06 secs] 
2019-09-25T15:16:23.202-0530: 217.047: [Full GC (Ergonomics) [PSYoungGen: 11264K->11257K(22528K)] [ParOldGen: 68409K->68409K(68608K)] 79673K->79667K(91136K), [Metaspace: 60511K->60511K(1105920K)], 0.0518535 secs] [Times: user=0.17 sys=0.00, real=0.05 secs] 
2019-09-25T15:16:23.255-0530: 217.100: [Full GC (Ergonomics) [PSYoungGen: 11264K->11258K(22528K)] [ParOldGen: 68409K->68409K(68608K)] 79673K->79667K(91136K), [Metaspace: 60511K->60511K(1105920K)], 0.0499810 secs] [Times: user=0.17 sys=0.00, real=0.05 secs] 
2019-09-25T15:16:23.306-0530: 217.151: [Full GC (Ergonomics) [PSYoungGen: 11264K->11257K(22528K)] [ParOldGen: 68409K->68409K(68608K)] 79673K->79667K(91136K), [Metaspace: 60511K->60511K(1105920K)], 0.0550179 secs] [Times: user=0.18 sys=0.00, real=0.06 secs] 
2019-09-25T15:16:23.363-0530: 217.207: [Full GC (Ergonomics) [PSYoungGen: 11264K->11258K(22528K)] [ParOldGen: 68409K->68409K(68608K)] 79673K->79668K(91136K), [Metaspace: 60511K->60511K(1105920K)], 0.0544319 secs] [Times: user=0.18 sys=0.00, real=0.05 secs] 
2019-09-25T15:16:23.418-0530: 217.263: [Full GC (Ergonomics) [PSYoungGen: 11264K->11257K(22528K)] [ParOldGen: 68409K->68409K(68608K)] 79673K->79667K(91136K), [Metaspace: 60511K->60511K(1105920K)], 0.0547349 secs] [Times: user=0.18 sys=0.00, real=0.06 secs] 
2019-09-25T15:16:23.474-0530: 217.319: [Full GC (Ergonomics) [PSYoungGen: 11264K->11261K(22528K)] [ParOldGen: 68409K->68409K(68608K)] 79673K->79671K(91136K), [Metaspace: 60511K->60511K(1105920K)], 0.0568933 secs] [Times: user=0.18 sys=0.01, real=0.06 secs] 
2019-09-25T15:16:23.533-0530: 217.377: [Full GC (Ergonomics) [PSYoungGen: 11264K->11261K(22528K)] [ParOldGen: 68409K->68404K(68608K)] 79673K->79666K(91136K), [Metaspace: 60511K->60511K(1105920K)], 0.0607739 secs] [Times: user=0.24 sys=0.00, real=0.06 secs] 
2019-09-25T15:16:23.594-0530: 217.439: [Full GC (Ergonomics) [PSYoungGen: 11264K->11261K(22528K)] [ParOldGen: 68404K->68404K(68608K)] 79668K->79665K(91136K), [Metaspace: 60511K->60511K(1105920K)], 0.0612637 secs] [Times: user=0.23 sys=0.00, real=0.06 secs] 
2019-09-25T15:16:23.657-0530: 217.501: [Full GC (Ergonomics) [PSYoungGen: 11264K->11261K(22528K)] [ParOldGen: 68404K->68404K(68608K)] 79668K->79665K(91136K), [Metaspace: 60511K->60511K(1105920K)], 0.0514944 secs] [Times: user=0.16 sys=0.00, real=0.05 secs] 
2019-09-25T15:16:23.709-0530: 217.554: [Full GC (Ergonomics) [PSYoungGen: 11264K->11261K(22528K)] [ParOldGen: 68404K->68404K(68608K)] 79668K->79665K(91136K), [Metaspace: 60511K->60511K(1105920K)], 0.0536972 secs] [Times: user=0.17 sys=0.00, real=0.06 secs] 
2019-09-25T15:16:23.764-0530: 217.609: [Full GC (Ergonomics) [PSYoungGen: 11264K->11261K(22528K)] [ParOldGen: 68404K->68404K(68608K)] 79668K->79666K(91136K), [Metaspace: 60511K->60511K(1105920K)], 0.0539536 secs] [Times: user=0.17 sys=0.01, real=0.05 secs] 
2019-09-25T15:16:23.819-0530: 217.664: [Full GC (Ergonomics) [PSYoungGen: 11264K->11262K(22528K)] [ParOldGen: 68404K->68404K(68608K)] 79668K->79667K(91136K), [Metaspace: 60511K->60511K(1105920K)], 0.0550279 secs] [Times: user=0.19 sys=0.00, real=0.06 secs] 
2019-09-25T15:16:23.875-0530: 217.720: [Full GC (Ergonomics) [PSYoungGen: 11264K->11262K(22528K)] [ParOldGen: 68404K->68404K(68608K)] 79668K->79666K(91136K), [Metaspace: 60511K->60511K(1105920K)], 0.0570995 secs] [Times: user=0.19 sys=0.00, real=0.06 secs] 
2019-09-25T15:16:23.933-0530: 217.778: [Full GC (Ergonomics) [PSYoungGen: 11264K->11263K(22528K)] [ParOldGen: 68404K->68404K(68608K)] 79668K->79667K(91136K), [Metaspace: 60511K->60511K(1105920K)], 0.0508311 secs] [Times: user=0.16 sys=0.00, real=0.05 secs] 
2019-09-25T15:16:23.985-0530: 217.830: [Full GC (Ergonomics) [PSYoungGen: 11264K->11263K(22528K)] [ParOldGen: 68404K->68404K(68608K)] 79668K->79667K(91136K), [Metaspace: 60511K->60511K(1105920K)], 0.0515801 secs] [Times: user=0.17 sys=0.01, real=0.05 secs] 
2019-09-25T15:16:24.038-0530: 217.883: [Full GC (Ergonomics) [PSYoungGen: 11264K->11263K(22528K)] [ParOldGen: 68404K->68404K(68608K)] 79668K->79667K(91136K), [Metaspace: 60511K->60511K(1105920K)], 0.0556950 secs] [Times: user=0.18 sys=0.00, real=0.06 secs] 
2019-09-25T15:16:24.095-0530: 217.939: [Full GC (Ergonomics) [PSYoungGen: 11264K->11263K(22528K)] [ParOldGen: 68404K->68404K(68608K)] 79668K->79667K(91136K), [Metaspace: 60511K->60511K(1105920K)], 0.0540990 secs] [Times: user=0.17 sys=0.00, real=0.05 secs] 
2019-09-25T15:16:24.150-0530: 217.994: [Full GC (Ergonomics) [PSYoungGen: 11264K->11263K(22528K)] [ParOldGen: 68404K->68404K(68608K)] 79668K->79668K(91136K), [Metaspace: 60511K->60511K(1105920K)], 0.0529797 secs] [Times: user=0.17 sys=0.00, real=0.05 secs] 
2019-09-25T15:16:24.204-0530: 218.049: [Full GC (Ergonomics) [PSYoungGen: 11263K->11263K(22528K)] [ParOldGen: 68404K->68404K(68608K)] 79668K->79668K(91136K), [Metaspace: 60511K->60511K(1105920K)], 0.0501111 secs] [Times: user=0.17 sys=0.00, real=0.05 secs] 
2019-09-25T15:16:24.256-0530: 218.100: [Full GC (Ergonomics) [PSYoungGen: 11264K->11263K(22528K)] [ParOldGen: 68404K->68404K(68608K)] 79668K->79668K(91136K), [Metaspace: 60511K->60511K(1105920K)], 0.0504693 secs] [Times: user=0.16 sys=0.01, real=0.05 secs] 
2019-09-25T15:16:24.307-0530: 218.152: [Full GC (Ergonomics) [PSYoungGen: 11264K->11263K(22528K)] [ParOldGen: 68404K->68404K(68608K)] 79668K->79667K(91136K), [Metaspace: 60511K->60511K(1105920K)], 0.0487310 secs] [Times: user=0.17 sys=0.00, real=0.05 secs] 
2019-09-25T15:16:24.357-0530: 218.202: [Full GC (Ergonomics) [PSYoungGen: 11264K->11263K(22528K)] [ParOldGen: 68404K->68404K(68608K)] 79668K->79667K(91136K), [Metaspace: 60511K->60511K(1105920K)], 0.0532698 secs] [Times: user=0.17 sys=0.00, real=0.06 secs] 
2019-09-25T15:16:24.412-0530: 218.256: [Full GC (Ergonomics) [PSYoungGen: 11264K->11262K(22528K)] [ParOldGen: 68404K->68404K(68608K)] 79668K->79667K(91136K), [Metaspace: 60511K->60511K(1105920K)], 0.0525277 secs] [Times: user=0.18 sys=0.00, real=0.05 secs] 
2019-09-25T15:16:24.465-0530: 218.310: [Full GC (Ergonomics) [PSYoungGen: 11264K->11263K(22528K)] [ParOldGen: 68404K->68404K(68608K)] 79668K->79667K(91136K), [Metaspace: 60511K->60511K(1105920K)], 0.0577315 secs] [Times: user=0.17 sys=0.00, real=0.06 secs] 
2019-09-25T15:16:24.524-0530: 218.368: [Full GC (Ergonomics) [PSYoungGen: 11264K->11263K(22528K)] [ParOldGen: 68404K->68404K(68608K)] 79668K->79667K(91136K), [Metaspace: 60511K->60511K(1105920K)], 0.0526117 secs] [Times: user=0.17 sys=0.00, real=0.05 secs] 
2019-09-25T15:16:24.578-0530: 218.422: [Full GC (Ergonomics) [PSYoungGen: 11264K->11263K(22528K)] [ParOldGen: 68404K->68404K(68608K)] 79668K->79667K(91136K), [Metaspace: 60511K->60511K(1105920K)], 0.0557658 secs] [Times: user=0.18 sys=0.00, real=0.06 secs] 
2019-09-25T15:16:24.634-0530: 218.479: [Full GC (Ergonomics) [PSYoungGen: 11264K->11263K(22528K)] [ParOldGen: 68404K->68404K(68608K)] 79668K->79668K(91136K), [Metaspace: 60511K->60511K(1105920K)], 0.0575873 secs] [Times: user=0.18 sys=0.00, real=0.06 secs] 
2019-09-25T15:16:24.693-0530: 218.538: [Full GC (Ergonomics) [PSYoungGen: 11264K->11263K(22528K)] [ParOldGen: 68404K->68404K(68608K)] 79668K->79668K(91136K), [Metaspace: 60511K->60511K(1105920K)], 0.0577178 secs] [Times: user=0.18 sys=0.00, real=0.06 secs] 
2019-09-25T15:16:24.752-0530: 218.597: [Full GC (Ergonomics) [PSYoungGen: 11264K->11261K(22528K)] [ParOldGen: 68408K->68407K(68608K)] 79672K->79668K(91136K), [Metaspace: 60511K->60511K(1105920K)], 0.0573625 secs] [Times: user=0.15 sys=0.01, real=0.06 secs] 
2019-09-25T15:16:24.811-0530: 218.655: [Full GC (Ergonomics) [PSYoungGen: 11264K->11262K(22528K)] [ParOldGen: 68407K->68406K(68608K)] 79671K->79669K(91136K), [Metaspace: 60511K->60511K(1105920K)], 0.0543304 secs] [Times: user=0.17 sys=0.00, real=0.05 secs] 
2019-09-25T15:16:24.866-0530: 218.711: [Full GC (Ergonomics) [PSYoungGen: 11264K->11263K(22528K)] [ParOldGen: 68406K->68406K(68608K)] 79670K->79669K(91136K), [Metaspace: 60511K->60511K(1105920K)], 0.0539579 secs] [Times: user=0.17 sys=0.00, real=0.06 secs] 
2019-09-25T15:16:24.921-0530: 218.766: [Full GC (Ergonomics) [PSYoungGen: 11264K->11263K(22528K)] [ParOldGen: 68406K->68406K(68608K)] 79670K->79670K(91136K), [Metaspace: 60511K->60511K(1105920K)], 0.0579716 secs] [Times: user=0.17 sys=0.00, real=0.05 secs] 
2019-09-25T15:16:24.981-0530: 218.825: [Full GC (Ergonomics) [PSYoungGen: 11263K->11263K(22528K)] [ParOldGen: 68406K->68406K(68608K)] 79670K->79670K(91136K), [Metaspace: 60511K->60511K(1105920K)], 0.0555944 secs] [Times: user=0.18 sys=0.01, real=0.05 secs] 
2019-09-25T15:16:25.037-0530: 218.882: [Full GC (Ergonomics) [PSYoungGen: 11264K->11263K(22528K)] [ParOldGen: 68412K->68409K(68608K)] 79676K->79672K(91136K), [Metaspace: 60511K->60511K(1105920K)], 0.0559734 secs] [Times: user=0.19 sys=0.00, real=0.06 secs] 
2019-09-25T15:16:25.095-0530: 218.939: [Full GC (Ergonomics) [PSYoungGen: 11264K->11262K(22528K)] [ParOldGen: 68409K->68409K(68608K)] 79673K->79671K(91136K), [Metaspace: 60511K->60511K(1105920K)], 0.0513202 secs] [Times: user=0.17 sys=0.00, real=0.05 secs] 
2019-09-25T15:16:25.147-0530: 218.991: [Full GC (Ergonomics) [PSYoungGen: 11264K->11261K(22528K)] [ParOldGen: 68409K->68408K(68608K)] 79673K->79669K(91136K), [Metaspace: 60511K->60511K(1105920K)], 0.0519332 secs] [Times: user=0.17 sys=0.00, real=0.05 secs] 
2019-09-25T15:16:25.200-0530: 219.045: [Full GC (Ergonomics) [PSYoungGen: 11264K->11261K(22528K)] [ParOldGen: 68408K->68408K(68608K)] 79672K->79670K(91136K), [Metaspace: 60511K->60511K(1105920K)], 0.0515902 secs] [Times: user=0.17 sys=0.00, real=0.05 secs] 
2019-09-25T15:16:25.253-0530: 219.097: [Full GC (Ergonomics) [PSYoungGen: 11264K->11262K(22528K)] [ParOldGen: 68408K->68408K(68608K)] 79672K->79670K(91136K), [Metaspace: 60511K->60511K(1105920K)], 0.0516295 secs] [Times: user=0.18 sys=0.01, real=0.05 secs] 
2019-09-25T15:16:25.306-0530: 219.150: [Full GC (Ergonomics) [PSYoungGen: 11264K->11262K(22528K)] [ParOldGen: 68408K->68408K(68608K)] 79672K->79670K(91136K), [Metaspace: 60511K->60511K(1105920K)], 0.0513333 secs] [Times: user=0.16 sys=0.00, real=0.05 secs] 
2019-09-25T15:16:25.358-0530: 219.203: [Full GC (Ergonomics) [PSYoungGen: 11264K->11262K(22528K)] [ParOldGen: 68408K->68408K(68608K)] 79672K->79670K(91136K), [Metaspace: 60511K->60511K(1105920K)], 0.0515600 secs] [Times: user=0.17 sys=0.00, real=0.06 secs] 
2019-09-25T15:16:25.411-0530: 219.255: [Full GC (Ergonomics) [PSYoungGen: 11264K->11262K(22528K)] [ParOldGen: 68408K->68408K(68608K)] 79672K->79671K(91136K), [Metaspace: 60511K->60511K(1105920K)], 0.0560893 secs] [Times: user=0.18 sys=0.00, real=0.05 secs] 
2019-09-25T15:16:25.468-0530: 219.313: [Full GC (Ergonomics) [PSYoungGen: 11264K->11261K(22528K)] [ParOldGen: 68420K->68418K(68608K)] 79684K->79680K(91136K), [Metaspace: 60511K->60511K(1105920K)], 0.0573602 secs] [Times: user=0.17 sys=0.00, real=0.06 secs] 
2019-09-25T15:16:25.526-0530: 219.371: [Full GC (Ergonomics) [PSYoungGen: 11264K->11262K(22528K)] [ParOldGen: 68418K->68417K(68608K)] 79682K->79679K(91136K), [Metaspace: 60511K->60511K(1105920K)], 0.0576512 secs] [Times: user=0.18 sys=0.01, real=0.06 secs] 
2019-09-25T15:16:25.585-0530: 219.430: [Full GC (Ergonomics) [PSYoungGen: 11264K->11262K(22528K)] [ParOldGen: 68417K->68417K(68608K)] 79681K->79680K(91136K), [Metaspace: 60511K->60511K(1105920K)], 0.0514257 secs] [Times: user=0.17 sys=0.00, real=0.05 secs] 
2019-09-25T15:16:25.638-0530: 219.482: [Full GC (Ergonomics) [PSYoungGen: 11264K->11263K(22528K)] [ParOldGen: 68417K->68417K(68608K)] 79681K->79681K(91136K), [Metaspace: 60511K->60511K(1105920K)], 0.0540411 secs] [Times: user=0.17 sys=0.00, real=0.06 secs] 
2019-09-25T15:16:25.693-0530: 219.538: [Full GC (Ergonomics) [PSYoungGen: 11264K->11263K(22528K)] [ParOldGen: 68417K->68417K(68608K)] 79681K->79681K(91136K), [Metaspace: 60511K->60511K(1105920K)], 0.0516962 secs] [Times: user=0.17 sys=0.00, real=0.05 secs] 
2019-09-25T15:16:25.746-0530: 219.590: [Full GC (Ergonomics) [PSYoungGen: 11264K->11263K(22528K)] [ParOldGen: 68422K->68418K(68608K)] 79686K->79682K(91136K), [Metaspace: 60511K->60511K(1105920K)], 0.0512367 secs] [Times: user=0.17 sys=0.00, real=0.05 secs] 
2019-09-25T15:16:25.798-0530: 219.643: [Full GC (Ergonomics) [PSYoungGen: 11264K->11262K(22528K)] [ParOldGen: 68418K->68417K(68608K)] 79682K->79679K(91136K), [Metaspace: 60511K->60511K(1105920K)], 0.0560217 secs] [Times: user=0.18 sys=0.01, real=0.06 secs] 
2019-09-25T15:16:25.855-0530: 219.700: [Full GC (Ergonomics) [PSYoungGen: 11264K->11262K(22528K)] [ParOldGen: 68417K->68417K(68608K)] 79681K->79679K(91136K), [Metaspace: 60511K->60511K(1105920K)], 0.0529079 secs] [Times: user=0.16 sys=0.00, real=0.05 secs] 
2019-09-25T15:16:25.909-0530: 219.754: [Full GC (Ergonomics) [PSYoungGen: 11264K->11262K(22528K)] [ParOldGen: 68417K->68417K(68608K)] 79681K->79679K(91136K), [Metaspace: 60511K->60511K(1105920K)], 0.0549832 secs] [Times: user=0.18 sys=0.00, real=0.06 secs] 
2019-09-25T15:16:25.965-0530: 219.810: [Full GC (Ergonomics) [PSYoungGen: 11264K->11261K(22528K)] [ParOldGen: 68417K->68417K(68608K)] 79681K->79679K(91136K), [Metaspace: 60511K->60511K(1105920K)], 0.0553768 secs] [Times: user=0.17 sys=0.00, real=0.06 secs] 
2019-09-25T15:16:26.022-0530: 219.866: [Full GC (Ergonomics) [PSYoungGen: 11264K->11261K(22528K)] [ParOldGen: 68417K->68417K(68608K)] 79681K->79679K(91136K), [Metaspace: 60511K->60511K(1105920K)], 0.0548473 secs] [Times: user=0.18 sys=0.00, real=0.05 secs] 
2019-09-25T15:16:26.078-0530: 219.922: [Full GC (Ergonomics) [PSYoungGen: 11264K->11257K(22528K)] [ParOldGen: 68417K->68417K(68608K)] 79681K->79674K(91136K), [Metaspace: 60511K->60511K(1105920K)], 0.0562004 secs] [Times: user=0.17 sys=0.00, real=0.06 secs] 
2019-09-25T15:16:26.135-0530: 219.980: [Full GC (Ergonomics) [PSYoungGen: 11264K->11257K(22528K)] [ParOldGen: 68417K->68416K(68608K)] 79681K->79674K(91136K), [Metaspace: 60511K->60511K(1105920K)], 0.0554774 secs] [Times: user=0.16 sys=0.00, real=0.06 secs] 
2019-09-25T15:16:26.192-0530: 220.036: [Full GC (Ergonomics) [PSYoungGen: 11264K->11258K(22528K)] [ParOldGen: 68416K->68416K(68608K)] 79680K->79675K(91136K), [Metaspace: 60513K->60513K(1105920K)], 0.0563760 secs] [Times: user=0.16 sys=0.00, real=0.05 secs] 
2019-09-25T15:16:26.249-0530: 220.094: [Full GC (Ergonomics) [PSYoungGen: 11264K->11258K(22528K)] [ParOldGen: 68416K->68416K(68608K)] 79680K->79675K(91136K), [Metaspace: 60513K->60513K(1105920K)], 0.0569179 secs] [Times: user=0.16 sys=0.00, real=0.06 secs] 
2019-09-25T15:16:26.307-0530: 220.152: [Full GC (Ergonomics) [PSYoungGen: 11264K->11258K(22528K)] [ParOldGen: 68416K->68416K(68608K)] 79680K->79675K(91136K), [Metaspace: 60513K->60513K(1105920K)], 0.0566467 secs] [Times: user=0.18 sys=0.01, real=0.06 secs] 
2019-09-25T15:16:26.365-0530: 220.210: [Full GC (Ergonomics) [PSYoungGen: 11264K->11259K(22528K)] [ParOldGen: 68416K->68416K(68608K)] 79680K->79675K(91136K), [Metaspace: 60513K->60513K(1105920K)], 0.0517883 secs] [Times: user=0.16 sys=0.00, real=0.05 secs] 
2019-09-25T15:16:26.418-0530: 220.263: [Full GC (Ergonomics) [PSYoungGen: 11264K->11257K(22528K)] [ParOldGen: 68416K->68416K(68608K)] 79680K->79674K(91136K), [Metaspace: 60513K->60513K(1105920K)], 0.0545751 secs] [Times: user=0.18 sys=0.00, real=0.06 secs] 
2019-09-25T15:16:26.474-0530: 220.318: [Full GC (Ergonomics) [PSYoungGen: 11264K->11260K(22528K)] [ParOldGen: 68416K->68416K(68608K)] 79680K->79676K(91136K), [Metaspace: 60513K->60513K(1105920K)], 0.0607808 secs] [Times: user=0.19 sys=0.00, real=0.06 secs] 
2019-09-25T15:16:26.535-0530: 220.380: [Full GC (Ergonomics) [PSYoungGen: 11264K->11260K(22528K)] [ParOldGen: 68416K->68416K(68608K)] 79680K->79677K(91136K), [Metaspace: 60513K->60513K(1105920K)], 0.0534428 secs] [Times: user=0.17 sys=0.00, real=0.05 secs] 
2019-09-25T15:16:26.590-0530: 220.434: [Full GC (Ergonomics) [PSYoungGen: 11264K->11260K(22528K)] [ParOldGen: 68438K->68435K(68608K)] 79702K->79695K(91136K), [Metaspace: 60513K->60513K(1105920K)], 0.0538519 secs] [Times: user=0.16 sys=0.01, real=0.05 secs] 
2019-09-25T15:16:26.645-0530: 220.490: [Full GC (Ergonomics) [PSYoungGen: 11264K->11260K(22528K)] [ParOldGen: 68435K->68433K(68608K)] 79699K->79693K(91136K), [Metaspace: 60513K->60513K(1105920K)], 0.0555408 secs] [Times: user=0.17 sys=0.00, real=0.06 secs] 
2019-09-25T15:16:26.702-0530: 220.546: [Full GC (Ergonomics) [PSYoungGen: 11264K->11256K(22528K)] [ParOldGen: 68433K->68432K(68608K)] 79697K->79689K(91136K), [Metaspace: 60513K->60513K(1105920K)], 0.0583891 secs] [Times: user=0.21 sys=0.00, real=0.06 secs] 
2019-09-25T15:16:26.762-0530: 220.606: [Full GC (Ergonomics) [PSYoungGen: 11264K->11256K(22528K)] [ParOldGen: 68432K->68432K(68608K)] 79696K->79689K(91136K), [Metaspace: 60513K->60513K(1105920K)], 0.0535770 secs] [Times: user=0.18 sys=0.00, real=0.05 secs] 
2019-09-25T15:16:26.816-0530: 220.661: [Full GC (Ergonomics) [PSYoungGen: 11264K->11257K(22528K)] [ParOldGen: 68432K->68432K(68608K)] 79696K->79690K(91136K), [Metaspace: 60513K->60513K(1105920K)], 0.0528993 secs] [Times: user=0.17 sys=0.00, real=0.05 secs] 
2019-09-25T15:16:26.870-0530: 220.715: [Full GC (Ergonomics) [PSYoungGen: 11264K->11257K(22528K)] [ParOldGen: 68432K->68432K(68608K)] 79696K->79690K(91136K), [Metaspace: 60513K->60513K(1105920K)], 0.0571260 secs] [Times: user=0.20 sys=0.01, real=0.05 secs] 
2019-09-25T15:16:26.929-0530: 220.773: [Full GC (Ergonomics) [PSYoungGen: 11264K->11251K(22528K)] [ParOldGen: 68432K->68432K(68608K)] 79696K->79684K(91136K), [Metaspace: 60513K->60513K(1105920K)], 0.0663142 secs] [Times: user=0.25 sys=0.00, real=0.07 secs] 
2019-09-25T15:16:26.996-0530: 220.841: [Full GC (Ergonomics) [PSYoungGen: 11264K->11251K(22528K)] [ParOldGen: 68432K->68432K(68608K)] 79696K->79684K(91136K), [Metaspace: 60513K->60513K(1105920K)], 0.0596794 secs] [Times: user=0.20 sys=0.00, real=0.06 secs] 
2019-09-25T15:16:27.057-0530: 220.902: [Full GC (Ergonomics) [PSYoungGen: 11264K->11251K(22528K)] [ParOldGen: 68432K->68432K(68608K)] 79696K->79683K(91136K), [Metaspace: 60513K->60513K(1105920K)], 0.0573847 secs] [Times: user=0.17 sys=0.00, real=0.06 secs] 
2019-09-25T15:16:27.116-0530: 220.960: [Full GC (Ergonomics) [PSYoungGen: 11264K->11251K(22528K)] [ParOldGen: 68432K->68432K(68608K)] 79696K->79684K(91136K), [Metaspace: 60514K->60514K(1105920K)], 0.0587286 secs] [Times: user=0.17 sys=0.01, real=0.06 secs] 
2019-09-25T15:16:27.176-0530: 221.020: [Full GC (Ergonomics) [PSYoungGen: 11264K->11253K(22528K)] [ParOldGen: 68432K->68432K(68608K)] 79696K->79685K(91136K), [Metaspace: 60514K->60514K(1105920K)], 0.0546359 secs] [Times: user=0.18 sys=0.00, real=0.06 secs] 
2019-09-25T15:16:27.231-0530: 221.076: [Full GC (Ergonomics) [PSYoungGen: 11264K->11254K(22528K)] [ParOldGen: 68432K->68432K(68608K)] 79696K->79687K(91136K), [Metaspace: 60514K->60514K(1105920K)], 0.0564661 secs] [Times: user=0.18 sys=0.00, real=0.05 secs] 
2019-09-25T15:16:27.289-0530: 221.134: [Full GC (Ergonomics) [PSYoungGen: 11264K->11253K(22528K)] [ParOldGen: 68432K->68432K(68608K)] 79696K->79686K(91136K), [Metaspace: 60514K->60514K(1105920K)], 0.0596429 secs] [Times: user=0.19 sys=0.00, real=0.06 secs] 
2019-09-25T15:16:27.350-0530: 221.194: [Full GC (Ergonomics) [PSYoungGen: 11264K->11254K(22528K)] [ParOldGen: 68432K->68432K(68608K)] 79696K->79687K(91136K), [Metaspace: 60514K->60514K(1105920K)], 0.0498579 secs] [Times: user=0.17 sys=0.00, real=0.05 secs] 
2019-09-25T15:16:27.401-0530: 221.245: [Full GC (Ergonomics) [PSYoungGen: 11264K->11255K(22528K)] [ParOldGen: 68432K->68432K(68608K)] 79696K->79688K(91136K), [Metaspace: 60514K->60514K(1105920K)], 0.0502296 secs] [Times: user=0.16 sys=0.00, real=0.05 secs] 
2019-09-25T15:16:27.452-0530: 221.297: [Full GC (Ergonomics) [PSYoungGen: 11264K->11255K(22528K)] [ParOldGen: 68432K->68432K(68608K)] 79696K->79688K(91136K), [Metaspace: 60514K->60514K(1105920K)], 0.0513481 secs] [Times: user=0.18 sys=0.00, real=0.05 secs] 
2019-09-25T15:16:27.505-0530: 221.349: [Full GC (Ergonomics) [PSYoungGen: 11264K->11256K(22528K)] [ParOldGen: 68432K->68432K(68608K)] 79696K->79689K(91136K), [Metaspace: 60514K->60514K(1105920K)], 0.0517547 secs] [Times: user=0.17 sys=0.00, real=0.05 secs] 
2019-09-25T15:16:27.558-0530: 221.402: [Full GC (Ergonomics) [PSYoungGen: 11264K->11259K(22528K)] [ParOldGen: 68432K->68432K(68608K)] 79696K->79692K(91136K), [Metaspace: 60514K->60514K(1105920K)], 0.0482139 secs] [Times: user=0.17 sys=0.00, real=0.05 secs] 
2019-09-25T15:16:27.607-0530: 221.452: [Full GC (Ergonomics) [PSYoungGen: 11264K->11257K(22528K)] [ParOldGen: 68432K->68432K(68608K)] 79696K->79690K(91136K), [Metaspace: 60514K->60514K(1105920K)], 0.0519227 secs] [Times: user=0.16 sys=0.01, real=0.05 secs] 
2019-09-25T15:16:27.660-0530: 221.505: [Full GC (Ergonomics) [PSYoungGen: 11264K->11258K(22528K)] [ParOldGen: 68432K->68432K(68608K)] 79696K->79691K(91136K), [Metaspace: 60514K->60514K(1105920K)], 0.0590045 secs] [Times: user=0.20 sys=0.00, real=0.05 secs] 
2019-09-25T15:16:27.720-0530: 221.565: [Full GC (Ergonomics) [PSYoungGen: 11264K->11259K(22528K)] [ParOldGen: 68432K->68432K(68608K)] 79696K->79691K(91136K), [Metaspace: 60514K->60514K(1105920K)], 0.0609742 secs] [Times: user=0.20 sys=0.00, real=0.06 secs] 
2019-09-25T15:16:27.782-0530: 221.627: [Full GC (Ergonomics) [PSYoungGen: 11264K->11254K(22528K)] [ParOldGen: 68432K->68432K(68608K)] 79696K->79686K(91136K), [Metaspace: 60514K->60514K(1105920K)], 0.0519886 secs] [Times: user=0.18 sys=0.00, real=0.05 secs] 
2019-09-25T15:16:27.836-0530: 221.680: [Full GC (Ergonomics) [PSYoungGen: 11264K->11253K(22528K)] [ParOldGen: 68432K->68432K(68608K)] 79696K->79685K(91136K), [Metaspace: 60514K->60514K(1105920K)], 0.0531296 secs] [Times: user=0.18 sys=0.01, real=0.05 secs] 
2019-09-25T15:16:27.890-0530: 221.734: [Full GC (Ergonomics) [PSYoungGen: 11264K->11253K(22528K)] [ParOldGen: 68432K->68431K(68608K)] 79696K->79684K(91136K), [Metaspace: 60514K->60514K(1105920K)], 0.0539058 secs] [Times: user=0.17 sys=0.00, real=0.05 secs] 
2019-09-25T15:16:27.945-0530: 221.790: [Full GC (Ergonomics) [PSYoungGen: 11264K->11252K(22528K)] [ParOldGen: 68431K->68431K(68608K)] 79695K->79683K(91136K), [Metaspace: 60514K->60514K(1105920K)], 0.0540116 secs] [Times: user=0.18 sys=0.00, real=0.05 secs] 
2019-09-25T15:16:28.000-0530: 221.845: [Full GC (Ergonomics) [PSYoungGen: 11264K->11253K(22528K)] [ParOldGen: 68431K->68431K(68608K)] 79695K->79685K(91136K), [Metaspace: 60514K->60514K(1105920K)], 0.0531131 secs] [Times: user=0.18 sys=0.00, real=0.05 secs] 
2019-09-25T15:16:28.054-0530: 221.899: [Full GC (Ergonomics) [PSYoungGen: 11264K->11254K(22528K)] [ParOldGen: 68431K->68431K(68608K)] 79695K->79685K(91136K), [Metaspace: 60514K->60514K(1105920K)], 0.0509349 secs] [Times: user=0.17 sys=0.00, real=0.05 secs] 
2019-09-25T15:16:28.106-0530: 221.951: [Full GC (Ergonomics) [PSYoungGen: 11264K->11254K(22528K)] [ParOldGen: 68431K->68431K(68608K)] 79695K->79686K(91136K), [Metaspace: 60514K->60514K(1105920K)], 0.0535086 secs] [Times: user=0.17 sys=0.01, real=0.06 secs] 
2019-09-25T15:16:28.161-0530: 222.006: [Full GC (Ergonomics) [PSYoungGen: 11264K->11255K(22528K)] [ParOldGen: 68431K->68431K(68608K)] 79695K->79686K(91136K), [Metaspace: 60515K->60515K(1105920K)], 0.0562918 secs] [Times: user=0.19 sys=0.00, real=0.05 secs] 
2019-09-25T15:16:28.218-0530: 222.063: [Full GC (Ergonomics) [PSYoungGen: 11264K->11256K(22528K)] [ParOldGen: 68431K->68431K(68608K)] 79695K->79687K(91136K), [Metaspace: 60515K->60515K(1105920K)], 0.0557087 secs] [Times: user=0.18 sys=0.00, real=0.06 secs] 
2019-09-25T15:16:28.275-0530: 222.120: [Full GC (Ergonomics) [PSYoungGen: 11264K->11257K(22528K)] [ParOldGen: 68431K->68431K(68608K)] 79695K->79688K(91136K), [Metaspace: 60515K->60515K(1105920K)], 0.0532212 secs] [Times: user=0.17 sys=0.00, real=0.05 secs] 
2019-09-25T15:16:28.330-0530: 222.174: [Full GC (Ergonomics) [PSYoungGen: 11264K->11258K(22528K)] [ParOldGen: 68431K->68431K(68608K)] 79695K->79689K(91136K), [Metaspace: 60515K->60515K(1105920K)], 0.0760223 secs] [Times: user=0.34 sys=0.01, real=0.07 secs] 
2019-09-25T15:16:28.407-0530: 222.251: [Full GC (Ergonomics) [PSYoungGen: 11264K->11262K(22528K)] [ParOldGen: 68431K->68431K(68608K)] 79695K->79693K(91136K), [Metaspace: 60515K->60515K(1105920K)], 0.0555634 secs] [Times: user=0.18 sys=0.00, real=0.06 secs] 
2019-09-25T15:16:28.463-0530: 222.308: [Full GC (Ergonomics) [PSYoungGen: 11264K->11262K(22528K)] [ParOldGen: 68431K->68431K(68608K)] 79695K->79693K(91136K), [Metaspace: 60516K->60516K(1105920K)], 0.0559133 secs] [Times: user=0.17 sys=0.00, real=0.05 secs] 
2019-09-25T15:16:28.521-0530: 222.365: [Full GC (Ergonomics) [PSYoungGen: 11264K->11263K(22528K)] [ParOldGen: 68431K->68431K(68608K)] 79695K->79694K(91136K), [Metaspace: 60516K->60516K(1105920K)], 0.0576373 secs] [Times: user=0.18 sys=0.00, real=0.05 secs] 
2019-09-25T15:16:28.579-0530: 222.424: [Full GC (Ergonomics) [PSYoungGen: 11264K->11263K(22528K)] [ParOldGen: 68431K->68431K(68608K)] 79695K->79694K(91136K), [Metaspace: 60516K->60516K(1105920K)], 0.0534201 secs] [Times: user=0.16 sys=0.00, real=0.06 secs] 
2019-09-25T15:16:28.634-0530: 222.478: [Full GC (Ergonomics) [PSYoungGen: 11264K->11263K(22528K)] [ParOldGen: 68431K->68431K(68608K)] 79695K->79694K(91136K), [Metaspace: 60516K->60516K(1105920K)], 0.0544710 secs] [Times: user=0.18 sys=0.00, real=0.05 secs] 
2019-09-25T15:16:28.689-0530: 222.534: [Full GC (Ergonomics) [PSYoungGen: 11264K->11262K(22528K)] [ParOldGen: 68431K->68431K(68608K)] 79695K->79693K(91136K), [Metaspace: 60516K->60516K(1105920K)], 0.0534643 secs] [Times: user=0.16 sys=0.00, real=0.06 secs] 
2019-09-25T15:16:28.744-0530: 222.589: [Full GC (Ergonomics) [PSYoungGen: 11264K->11261K(22528K)] [ParOldGen: 68431K->68431K(68608K)] 79695K->79693K(91136K), [Metaspace: 60516K->60516K(1105920K)], 0.0508020 secs] [Times: user=0.17 sys=0.00, real=0.05 secs] 
2019-09-25T15:16:28.796-0530: 222.641: [Full GC (Ergonomics) [PSYoungGen: 11264K->11262K(22528K)] [ParOldGen: 68431K->68430K(68608K)] 79695K->79692K(91136K), [Metaspace: 60516K->60516K(1105920K)], 0.0511150 secs] [Times: user=0.16 sys=0.00, real=0.05 secs] 
2019-09-25T15:16:28.848-0530: 222.693: [Full GC (Ergonomics) [PSYoungGen: 11264K->11261K(22528K)] [ParOldGen: 68430K->68430K(68608K)] 79694K->79692K(91136K), [Metaspace: 60516K->60516K(1105920K)], 0.0576874 secs] [Times: user=0.20 sys=0.01, real=0.06 secs] 
2019-09-25T15:16:28.907-0530: 222.752: [Full GC (Ergonomics) [PSYoungGen: 11263K->11262K(22528K)] [ParOldGen: 68430K->68430K(68608K)] 79694K->79693K(91136K), [Metaspace: 60516K->60516K(1105920K)], 0.0518544 secs] [Times: user=0.15 sys=0.00, real=0.05 secs] 
2019-09-25T15:16:28.960-0530: 222.804: [Full GC (Ergonomics) [PSYoungGen: 11264K->11262K(22528K)] [ParOldGen: 68430K->68430K(68608K)] 79694K->79693K(91136K), [Metaspace: 60516K->60516K(1105920K)], 0.0551872 secs] [Times: user=0.17 sys=0.00, real=0.05 secs] 
2019-09-25T15:16:29.016-0530: 222.861: [Full GC (Ergonomics) [PSYoungGen: 11264K->11262K(22528K)] [ParOldGen: 68430K->68430K(68608K)] 79694K->79693K(91136K), [Metaspace: 60516K->60516K(1105920K)], 0.0517530 secs] [Times: user=0.17 sys=0.00, real=0.05 secs] 
2019-09-25T15:16:29.069-0530: 222.913: [Full GC (Ergonomics) [PSYoungGen: 11264K->11262K(22528K)] [ParOldGen: 68430K->68430K(68608K)] 79694K->79693K(91136K), [Metaspace: 60516K->60516K(1105920K)], 0.0515059 secs] [Times: user=0.17 sys=0.00, real=0.06 secs] 
2019-09-25T15:16:29.121-0530: 222.966: [Full GC (Ergonomics) [PSYoungGen: 11264K->11262K(22528K)] [ParOldGen: 68430K->68430K(68608K)] 79694K->79693K(91136K), [Metaspace: 60516K->60516K(1105920K)], 0.0558205 secs] [Times: user=0.17 sys=0.01, real=0.05 secs] 
2019-09-25T15:16:29.178-0530: 223.023: [Full GC (Ergonomics) [PSYoungGen: 11264K->11262K(22528K)] [ParOldGen: 68430K->68430K(68608K)] 79694K->79693K(91136K), [Metaspace: 60516K->60516K(1105920K)], 0.0558773 secs] [Times: user=0.17 sys=0.00, real=0.06 secs] 
2019-09-25T15:16:29.236-0530: 223.080: [Full GC (Ergonomics) [PSYoungGen: 11264K->11262K(22528K)] [ParOldGen: 68430K->68430K(68608K)] 79694K->79692K(91136K), [Metaspace: 60516K->60516K(1105920K)], 0.0523912 secs] [Times: user=0.18 sys=0.00, real=0.05 secs] 
2019-09-25T15:16:29.289-0530: 223.134: [Full GC (Ergonomics) [PSYoungGen: 11264K->11259K(22528K)] [ParOldGen: 68430K->68430K(68608K)] 79694K->79690K(91136K), [Metaspace: 60516K->60516K(1105920K)], 0.0512897 secs] [Times: user=0.17 sys=0.00, real=0.06 secs] 
2019-09-25T15:16:29.341-0530: 223.186: [Full GC (Ergonomics) [PSYoungGen: 11264K->11260K(22528K)] [ParOldGen: 68430K->68430K(68608K)] 79694K->79691K(91136K), [Metaspace: 60516K->60516K(1105920K)], 0.0518723 secs] [Times: user=0.17 sys=0.00, real=0.05 secs] 
2019-09-25T15:16:29.394-0530: 223.239: [Full GC (Ergonomics) [PSYoungGen: 11264K->11260K(22528K)] [ParOldGen: 68430K->68430K(68608K)] 79694K->79691K(91136K), [Metaspace: 60516K->60516K(1105920K)], 0.0502300 secs] [Times: user=0.16 sys=0.01, real=0.05 secs] 
2019-09-25T15:16:29.446-0530: 223.290: [Full GC (Ergonomics) [PSYoungGen: 11264K->11261K(22528K)] [ParOldGen: 68430K->68430K(68608K)] 79694K->79692K(91136K), [Metaspace: 60516K->60516K(1105920K)], 0.0500015 secs] [Times: user=0.16 sys=0.00, real=0.05 secs] 
2019-09-25T15:16:29.497-0530: 223.341: [Full GC (Ergonomics) [PSYoungGen: 11264K->11259K(22528K)] [ParOldGen: 68430K->68414K(68608K)] 79694K->79674K(91136K), [Metaspace: 60516K->60516K(1105920K)], 0.0522791 secs] [Times: user=0.18 sys=0.00, real=0.05 secs] 
2019-09-25T15:16:29.550-0530: 223.395: [Full GC (Ergonomics) [PSYoungGen: 11264K->11259K(22528K)] [ParOldGen: 68414K->68414K(68608K)] 79678K->79674K(91136K), [Metaspace: 60516K->60516K(1105920K)], 0.0488938 secs] [Times: user=0.17 sys=0.00, real=0.04 secs] 
2019-09-25T15:16:29.600-0530: 223.445: [Full GC (Ergonomics) [PSYoungGen: 11264K->11259K(22528K)] [ParOldGen: 68414K->68414K(68608K)] 79678K->79674K(91136K), [Metaspace: 60516K->60516K(1105920K)], 0.0468743 secs] [Times: user=0.16 sys=0.00, real=0.04 secs] 
2019-09-25T15:16:29.648-0530: 223.493: [Full GC (Ergonomics) [PSYoungGen: 11264K->11260K(22528K)] [ParOldGen: 68414K->68414K(68608K)] 79678K->79675K(91136K), [Metaspace: 60516K->60516K(1105920K)], 0.0536058 secs] [Times: user=0.17 sys=0.00, real=0.06 secs] 
2019-09-25T15:16:29.703-0530: 223.547: [Full GC (Ergonomics) [PSYoungGen: 11264K->11254K(22528K)] [ParOldGen: 68414K->68414K(68608K)] 79678K->79668K(91136K), [Metaspace: 60516K->60516K(1105920K)], 0.0507852 secs] [Times: user=0.18 sys=0.00, real=0.05 secs] 
2019-09-25T15:16:29.755-0530: 223.599: [Full GC (Ergonomics) [PSYoungGen: 11264K->11252K(22528K)] [ParOldGen: 68414K->68414K(68608K)] 79678K->79666K(91136K), [Metaspace: 60516K->60516K(1105920K)], 0.0522361 secs] [Times: user=0.18 sys=0.00, real=0.05 secs] 
2019-09-25T15:16:29.808-0530: 223.653: [Full GC (Ergonomics) [PSYoungGen: 11264K->11253K(22528K)] [ParOldGen: 68414K->68414K(68608K)] 79678K->79667K(91136K), [Metaspace: 60516K->60516K(1105920K)], 0.0501878 secs] [Times: user=0.18 sys=0.00, real=0.05 secs] 
2019-09-25T15:16:29.859-0530: 223.704: [Full GC (Ergonomics) [PSYoungGen: 11264K->11254K(22528K)] [ParOldGen: 68414K->68414K(68608K)] 79678K->79668K(91136K), [Metaspace: 60516K->60516K(1105920K)], 0.0523273 secs] [Times: user=0.18 sys=0.01, real=0.06 secs] 
2019-09-25T15:16:29.913-0530: 223.758: [Full GC (Ergonomics) [PSYoungGen: 11264K->11254K(22528K)] [ParOldGen: 68414K->68414K(68608K)] 79678K->79668K(91136K), [Metaspace: 60516K->60516K(1105920K)], 0.0541785 secs] [Times: user=0.19 sys=0.00, real=0.05 secs] 
2019-09-25T15:16:29.969-0530: 223.813: [Full GC (Ergonomics) [PSYoungGen: 11264K->11256K(22528K)] [ParOldGen: 68414K->68414K(68608K)] 79678K->79671K(91136K), [Metaspace: 60516K->60516K(1105920K)], 0.0578087 secs] [Times: user=0.17 sys=0.00, real=0.06 secs] 
2019-09-25T15:16:30.028-0530: 223.873: [Full GC (Ergonomics) [PSYoungGen: 11264K->11258K(22528K)] [ParOldGen: 68414K->68414K(68608K)] 79678K->79673K(91136K), [Metaspace: 60516K->60516K(1105920K)], 0.0621463 secs] [Times: user=0.20 sys=0.00, real=0.07 secs] 
2019-09-25T15:16:30.091-0530: 223.936: [Full GC (Ergonomics) [PSYoungGen: 11264K->11258K(22528K)] [ParOldGen: 68414K->68414K(68608K)] 79678K->79673K(91136K), [Metaspace: 60516K->60516K(1105920K)], 0.0536947 secs] [Times: user=0.18 sys=0.01, real=0.05 secs] 
2019-09-25T15:16:30.146-0530: 223.991: [Full GC (Ergonomics) [PSYoungGen: 11264K->11256K(22528K)] [ParOldGen: 68414K->68414K(68608K)] 79678K->79671K(91136K), [Metaspace: 60516K->60516K(1105920K)], 0.0487793 secs] [Times: user=0.16 sys=0.00, real=0.05 secs] 
2019-09-25T15:16:30.196-0530: 224.040: [Full GC (Ergonomics) [PSYoungGen: 11264K->11257K(22528K)] [ParOldGen: 68414K->68414K(68608K)] 79678K->79671K(91136K), [Metaspace: 60516K->60516K(1105920K)], 0.0480306 secs] [Times: user=0.15 sys=0.00, real=0.05 secs] 
2019-09-25T15:16:30.245-0530: 224.090: [Full GC (Ergonomics) [PSYoungGen: 11264K->11254K(22528K)] [ParOldGen: 68414K->68414K(68608K)] 79678K->79669K(91136K), [Metaspace: 60516K->60516K(1105920K)], 0.0424504 secs] [Times: user=0.15 sys=0.00, real=0.04 secs] 
2019-09-25T15:16:30.288-0530: 224.133: [Full GC (Ergonomics) [PSYoungGen: 11264K->11254K(22528K)] [ParOldGen: 68414K->68414K(68608K)] 79678K->79668K(91136K), [Metaspace: 60516K->60516K(1105920K)], 0.0474462 secs] [Times: user=0.15 sys=0.00, real=0.05 secs] 
2019-09-25T15:16:30.337-0530: 224.182: [Full GC (Ergonomics) [PSYoungGen: 11264K->11256K(22528K)] [ParOldGen: 68414K->68414K(68608K)] 79678K->79670K(91136K), [Metaspace: 60516K->60516K(1105920K)], 0.0482482 secs] [Times: user=0.20 sys=0.00, real=0.05 secs] 
2019-09-25T15:16:30.385-0530: 224.230: [Full GC (Allocation Failure) [PSYoungGen: 11256K->11256K(22528K)] [ParOldGen: 68414K->68414K(68608K)] 79670K->79670K(91136K), [Metaspace: 60516K->60516K(1105920K)], 0.0466101 secs] [Times: user=0.16 sys=0.00, real=0.05 secs] 
2019-09-25T15:16:30.433-0530: 224.278: [Full GC (Ergonomics) [PSYoungGen: 11264K->11252K(22528K)] [ParOldGen: 68429K->68428K(68608K)] 79693K->79681K(91136K), [Metaspace: 60516K->60516K(1105920K)], 0.0538942 secs] [Times: user=0.21 sys=0.00, real=0.05 secs] 
2019-09-25T15:16:30.489-0530: 224.333: [Full GC (Ergonomics) [PSYoungGen: 11264K->11252K(22528K)] [ParOldGen: 68428K->68427K(68608K)] 79692K->79680K(91136K), [Metaspace: 60516K->60516K(1105920K)], 0.0535656 secs] [Times: user=0.17 sys=0.00, real=0.06 secs] 
2019-09-25T15:16:30.543-0530: 224.388: [Full GC (Ergonomics) [PSYoungGen: 11264K->11247K(22528K)] [ParOldGen: 68427K->68427K(68608K)] 79691K->79675K(91136K), [Metaspace: 60516K->60516K(1105920K)], 0.0528269 secs] [Times: user=0.17 sys=0.00, real=0.05 secs] 
2019-09-25T15:16:30.597-0530: 224.442: [Full GC (Ergonomics) [PSYoungGen: 11264K->11247K(22528K)] [ParOldGen: 68427K->68427K(68608K)] 79691K->79674K(91136K), [Metaspace: 60516K->60516K(1105920K)], 0.0514815 secs] [Times: user=0.16 sys=0.00, real=0.05 secs] 
2019-09-25T15:16:30.650-0530: 224.494: [Full GC (Ergonomics) [PSYoungGen: 11264K->11248K(22528K)] [ParOldGen: 68427K->68427K(68608K)] 79691K->79675K(91136K), [Metaspace: 60516K->60516K(1105920K)], 0.0528174 secs] [Times: user=0.16 sys=0.00, real=0.05 secs] 
2019-09-25T15:16:30.704-0530: 224.548: [Full GC (Ergonomics) [PSYoungGen: 11264K->11248K(22528K)] [ParOldGen: 68427K->68427K(68608K)] 79691K->79675K(91136K), [Metaspace: 60516K->60516K(1105920K)], 0.0540029 secs] [Times: user=0.18 sys=0.00, real=0.05 secs] 
2019-09-25T15:16:30.759-0530: 224.604: [Full GC (Ergonomics) [PSYoungGen: 11264K->11244K(22528K)] [ParOldGen: 68427K->68427K(68608K)] 79691K->79671K(91136K), [Metaspace: 60516K->60516K(1105920K)], 0.0513513 secs] [Times: user=0.18 sys=0.01, real=0.06 secs] 
2019-09-25T15:16:30.813-0530: 224.657: [Full GC (Ergonomics) [PSYoungGen: 11264K->11245K(22528K)] [ParOldGen: 68427K->68427K(68608K)] 79691K->79672K(91136K), [Metaspace: 60516K->60516K(1105920K)], 0.0505662 secs] [Times: user=0.17 sys=0.00, real=0.05 secs] 
2019-09-25T15:16:30.864-0530: 224.709: [Full GC (Ergonomics) [PSYoungGen: 11264K->11244K(22528K)] [ParOldGen: 68427K->68426K(68608K)] 79691K->79671K(91136K), [Metaspace: 60516K->60516K(1105920K)], 0.0540381 secs] [Times: user=0.18 sys=0.00, real=0.05 secs] 
2019-09-25T15:16:30.919-0530: 224.764: [Full GC (Ergonomics) [PSYoungGen: 11264K->11246K(22528K)] [ParOldGen: 68426K->68426K(68608K)] 79690K->79673K(91136K), [Metaspace: 60516K->60516K(1105920K)], 0.0535574 secs] [Times: user=0.18 sys=0.00, real=0.06 secs] 
2019-09-25T15:16:30.974-0530: 224.819: [Full GC (Ergonomics) [PSYoungGen: 11264K->11249K(22528K)] [ParOldGen: 68426K->68426K(68608K)] 79690K->79676K(91136K), [Metaspace: 60516K->60516K(1105920K)], 0.0522189 secs] [Times: user=0.18 sys=0.01, real=0.05 secs] 
2019-09-25T15:16:31.027-0530: 224.872: [Full GC (Ergonomics) [PSYoungGen: 11264K->11251K(22528K)] [ParOldGen: 68426K->68426K(68608K)] 79690K->79678K(91136K), [Metaspace: 60516K->60516K(1105920K)], 0.0468053 secs] [Times: user=0.16 sys=0.00, real=0.05 secs] 
2019-09-25T15:16:31.075-0530: 224.920: [Full GC (Ergonomics) [PSYoungGen: 11264K->11251K(22528K)] [ParOldGen: 68426K->68426K(68608K)] 79690K->79678K(91136K), [Metaspace: 60516K->60516K(1105920K)], 0.0483612 secs] [Times: user=0.17 sys=0.00, real=0.05 secs] 
2019-09-25T15:16:31.124-0530: 224.969: [Full GC (Ergonomics) [PSYoungGen: 11264K->11251K(22528K)] [ParOldGen: 68426K->68426K(68608K)] 79690K->79678K(91136K), [Metaspace: 60516K->60516K(1105920K)], 0.0520346 secs] [Times: user=0.17 sys=0.00, real=0.05 secs] 
2019-09-25T15:16:31.178-0530: 225.022: [Full GC (Ergonomics) [PSYoungGen: 11264K->11252K(22528K)] [ParOldGen: 68426K->68426K(68608K)] 79690K->79679K(91136K), [Metaspace: 60516K->60516K(1105920K)], 0.0554723 secs] [Times: user=0.18 sys=0.00, real=0.06 secs] 
2019-09-25T15:16:31.235-0530: 225.079: [Full GC (Ergonomics) [PSYoungGen: 11264K->11252K(22528K)] [ParOldGen: 68426K->68426K(68608K)] 79690K->79679K(91136K), [Metaspace: 60516K->60516K(1105920K)], 0.0524773 secs] [Times: user=0.19 sys=0.01, real=0.05 secs] 
2019-09-25T15:16:31.288-0530: 225.133: [Full GC (Ergonomics) [PSYoungGen: 11264K->11254K(22528K)] [ParOldGen: 68426K->68426K(68608K)] 79690K->79681K(91136K), [Metaspace: 60516K->60516K(1105920K)], 0.0497340 secs] [Times: user=0.18 sys=0.00, real=0.05 secs] 
2019-09-25T15:16:31.339-0530: 225.184: [Full GC (Ergonomics) [PSYoungGen: 11264K->11253K(22528K)] [ParOldGen: 68426K->68426K(68608K)] 79690K->79680K(91136K), [Metaspace: 60516K->60516K(1105920K)], 0.0558731 secs] [Times: user=0.18 sys=0.00, real=0.06 secs] 
2019-09-25T15:16:31.396-0530: 225.241: [Full GC (Ergonomics) [PSYoungGen: 11264K->11253K(22528K)] [ParOldGen: 68426K->68426K(68608K)] 79690K->79680K(91136K), [Metaspace: 60518K->60518K(1105920K)], 0.0524615 secs] [Times: user=0.15 sys=0.00, real=0.05 secs] 
2019-09-25T15:16:31.450-0530: 225.294: [Full GC (Ergonomics) [PSYoungGen: 11264K->11254K(22528K)] [ParOldGen: 68426K->68426K(68608K)] 79690K->79681K(91136K), [Metaspace: 60518K->60518K(1105920K)], 0.0596281 secs] [Times: user=0.22 sys=0.00, real=0.05 secs] 
2019-09-25T15:16:31.510-0530: 225.355: [Full GC (Ergonomics) [PSYoungGen: 11264K->11254K(22528K)] [ParOldGen: 68426K->68426K(68608K)] 79690K->79681K(91136K), [Metaspace: 60518K->60518K(1105920K)], 0.0550635 secs] [Times: user=0.18 sys=0.01, real=0.05 secs] 
2019-09-25T15:16:31.567-0530: 225.411: [Full GC (Ergonomics) [PSYoungGen: 11264K->11253K(22528K)] [ParOldGen: 68426K->68426K(68608K)] 79690K->79680K(91136K), [Metaspace: 60518K->60518K(1105920K)], 0.0594169 secs] [Times: user=0.20 sys=0.00, real=0.06 secs] 
2019-09-25T15:16:31.627-0530: 225.472: [Full GC (Ergonomics) [PSYoungGen: 11264K->11255K(22528K)] [ParOldGen: 68426K->68426K(68608K)] 79690K->79682K(91136K), [Metaspace: 60518K->60518K(1105920K)], 0.0618949 secs] [Times: user=0.21 sys=0.00, real=0.06 secs] 
2019-09-25T15:16:31.690-0530: 225.535: [Full GC (Ergonomics) [PSYoungGen: 11264K->11256K(22528K)] [ParOldGen: 68426K->68426K(68608K)] 79690K->79683K(91136K), [Metaspace: 60518K->60518K(1105920K)], 0.0526624 secs] [Times: user=0.17 sys=0.00, real=0.05 secs] 
2019-09-25T15:16:31.744-0530: 225.589: [Full GC (Ergonomics) [PSYoungGen: 11264K->11256K(22528K)] [ParOldGen: 68426K->68426K(68608K)] 79690K->79683K(91136K), [Metaspace: 60518K->60518K(1105920K)], 0.0574657 secs] [Times: user=0.18 sys=0.01, real=0.06 secs] 
2019-09-25T15:16:31.803-0530: 225.647: [Full GC (Ergonomics) [PSYoungGen: 11264K->11260K(22528K)] [ParOldGen: 68426K->68426K(68608K)] 79690K->79687K(91136K), [Metaspace: 60518K->60518K(1105920K)], 0.0579425 secs] [Times: user=0.17 sys=0.00, real=0.06 secs] 
2019-09-25T15:16:31.862-0530: 225.707: [Full GC (Ergonomics) [PSYoungGen: 11264K->11260K(22528K)] [ParOldGen: 68426K->68426K(68608K)] 79690K->79687K(91136K), [Metaspace: 60518K->60518K(1105920K)], 0.0502790 secs] [Times: user=0.15 sys=0.00, real=0.05 secs] 
2019-09-25T15:16:31.913-0530: 225.758: [Full GC (Ergonomics) [PSYoungGen: 11264K->11260K(22528K)] [ParOldGen: 68426K->68426K(68608K)] 79690K->79687K(91136K), [Metaspace: 60518K->60518K(1105920K)], 0.0566620 secs] [Times: user=0.19 sys=0.00, real=0.06 secs] 
2019-09-25T15:16:31.971-0530: 225.815: [Full GC (Ergonomics) [PSYoungGen: 11264K->11261K(22528K)] [ParOldGen: 68426K->68426K(68608K)] 79690K->79687K(91136K), [Metaspace: 60518K->60518K(1105920K)], 0.0491119 secs] [Times: user=0.16 sys=0.01, real=0.05 secs] 
2019-09-25T15:16:32.021-0530: 225.866: [Full GC (Ergonomics) [PSYoungGen: 11263K->11261K(22528K)] [ParOldGen: 68426K->68426K(68608K)] 79690K->79688K(91136K), [Metaspace: 60518K->60518K(1105920K)], 0.0518431 secs] [Times: user=0.17 sys=0.00, real=0.05 secs] 
2019-09-25T15:16:32.074-0530: 225.918: [Full GC (Ergonomics) [PSYoungGen: 11264K->11261K(22528K)] [ParOldGen: 68426K->68426K(68608K)] 79690K->79688K(91136K), [Metaspace: 60518K->60518K(1105920K)], 0.0600210 secs] [Times: user=0.18 sys=0.00, real=0.06 secs] 
2019-09-25T15:16:32.135-0530: 225.979: [Full GC (Ergonomics) [PSYoungGen: 11264K->11261K(22528K)] [ParOldGen: 68426K->68426K(68608K)] 79690K->79688K(91136K), [Metaspace: 60518K->60518K(1105920K)], 0.0551427 secs] [Times: user=0.18 sys=0.00, real=0.06 secs] 
2019-09-25T15:16:32.191-0530: 226.036: [Full GC (Ergonomics) [PSYoungGen: 11264K->11261K(22528K)] [ParOldGen: 68426K->68426K(68608K)] 79690K->79688K(91136K), [Metaspace: 60518K->60518K(1105920K)], 0.0576112 secs] [Times: user=0.17 sys=0.01, real=0.05 secs] 
2019-09-25T15:16:32.250-0530: 226.094: [Full GC (Ergonomics) [PSYoungGen: 11264K->11261K(22528K)] [ParOldGen: 68426K->68426K(68608K)] 79690K->79688K(91136K), [Metaspace: 60518K->60518K(1105920K)], 0.0568377 secs] [Times: user=0.17 sys=0.00, real=0.05 secs] 
2019-09-25T15:16:32.308-0530: 226.152: [Full GC (Ergonomics) [PSYoungGen: 11263K->11261K(22528K)] [ParOldGen: 68426K->68426K(68608K)] 79690K->79688K(91136K), [Metaspace: 60518K->60518K(1105920K)], 0.0476113 secs] [Times: user=0.16 sys=0.00, real=0.05 secs] 
2019-09-25T15:16:32.356-0530: 226.201: [Full GC (Ergonomics) [PSYoungGen: 11264K->11260K(22528K)] [ParOldGen: 68426K->68426K(68608K)] 79690K->79687K(91136K), [Metaspace: 60518K->60518K(1105920K)], 0.0541212 secs] [Times: user=0.17 sys=0.00, real=0.06 secs] 
2019-09-25T15:16:32.412-0530: 226.257: [Full GC (Ergonomics) [PSYoungGen: 11264K->11258K(22528K)] [ParOldGen: 68426K->68426K(68608K)] 79690K->79685K(91136K), [Metaspace: 60518K->60518K(1105920K)], 0.0538683 secs] [Times: user=0.18 sys=0.00, real=0.05 secs] 
2019-09-25T15:16:32.467-0530: 226.312: [Full GC (Ergonomics) [PSYoungGen: 11264K->11259K(22528K)] [ParOldGen: 68426K->68426K(68608K)] 79690K->79686K(91136K), [Metaspace: 60518K->60518K(1105920K)], 0.0689417 secs] [Times: user=0.25 sys=0.01, real=0.07 secs] 
2019-09-25T15:16:32.537-0530: 226.382: [Full GC (Ergonomics) [PSYoungGen: 11264K->11261K(22528K)] [ParOldGen: 68426K->68426K(68608K)] 79690K->79687K(91136K), [Metaspace: 60518K->60518K(1105920K)], 0.0527656 secs] [Times: user=0.16 sys=0.00, real=0.06 secs] 
2019-09-25T15:16:32.591-0530: 226.435: [Full GC (Ergonomics) [PSYoungGen: 11264K->11262K(22528K)] [ParOldGen: 68426K->68426K(68608K)] 79690K->79688K(91136K), [Metaspace: 60518K->60518K(1105920K)], 0.0542050 secs] [Times: user=0.15 sys=0.00, real=0.05 secs] 
2019-09-25T15:16:32.646-0530: 226.491: [Full GC (Ergonomics) [PSYoungGen: 11264K->11262K(22528K)] [ParOldGen: 68426K->68426K(68608K)] 79690K->79688K(91136K), [Metaspace: 60518K->60518K(1105920K)], 0.0541442 secs] [Times: user=0.17 sys=0.00, real=0.06 secs] 
2019-09-25T15:16:32.701-0530: 226.546: [Full GC (Ergonomics) [PSYoungGen: 11264K->11262K(22528K)] [ParOldGen: 68426K->68426K(68608K)] 79690K->79689K(91136K), [Metaspace: 60518K->60518K(1105920K)], 0.0569383 secs] [Times: user=0.17 sys=0.00, real=0.05 secs] 
2019-09-25T15:16:32.759-0530: 226.604: [Full GC (Ergonomics) [PSYoungGen: 11264K->11260K(22528K)] [ParOldGen: 68426K->68426K(68608K)] 79690K->79687K(91136K), [Metaspace: 60518K->60518K(1105920K)], 0.0538370 secs] [Times: user=0.17 sys=0.00, real=0.06 secs] 
2019-09-25T15:16:32.814-0530: 226.659: [Full GC (Ergonomics) [PSYoungGen: 11264K->11261K(22528K)] [ParOldGen: 68426K->68426K(68608K)] 79690K->79688K(91136K), [Metaspace: 60518K->60518K(1105920K)], 0.0559893 secs] [Times: user=0.16 sys=0.00, real=0.06 secs] 
2019-09-25T15:16:32.870-0530: 226.715: [Full GC (Allocation Failure) [PSYoungGen: 11261K->11261K(22528K)] [ParOldGen: 68426K->68426K(68608K)] 79688K->79688K(91136K), [Metaspace: 60518K->60518K(1105920K)], 0.0545611 secs] [Times: user=0.17 sys=0.00, real=0.05 secs] 
2019-09-25T15:16:32.926-0530: 226.771: [Full GC (Ergonomics) [PSYoungGen: 11264K->11261K(22528K)] [ParOldGen: 68439K->68435K(68608K)] 79703K->79697K(91136K), [Metaspace: 60518K->60518K(1105920K)], 0.0593569 secs] [Times: user=0.21 sys=0.00, real=0.06 secs] 
2019-09-25T15:16:32.986-0530: 226.831: [Full GC (Ergonomics) [PSYoungGen: 11264K->11261K(22528K)] [ParOldGen: 68435K->68435K(68608K)] 79699K->79697K(91136K), [Metaspace: 60518K->60518K(1105920K)], 0.0512580 secs] [Times: user=0.17 sys=0.01, real=0.05 secs] 
2019-09-25T15:16:33.039-0530: 226.883: [Full GC (Ergonomics) [PSYoungGen: 11264K->11258K(22528K)] [ParOldGen: 68435K->68435K(68608K)] 79699K->79693K(91136K), [Metaspace: 60518K->60518K(1105920K)], 0.0531535 secs] [Times: user=0.18 sys=0.00, real=0.06 secs] 
2019-09-25T15:16:33.093-0530: 226.938: [Full GC (Ergonomics) [PSYoungGen: 11264K->11256K(22528K)] [ParOldGen: 68435K->68434K(68608K)] 79699K->79691K(91136K), [Metaspace: 60518K->60518K(1105920K)], 0.0497679 secs] [Times: user=0.17 sys=0.00, real=0.05 secs] 
2019-09-25T15:16:33.144-0530: 226.988: [Full GC (Ergonomics) [PSYoungGen: 11264K->11257K(22528K)] [ParOldGen: 68434K->68434K(68608K)] 79698K->79692K(91136K), [Metaspace: 60518K->60518K(1105920K)], 0.0525409 secs] [Times: user=0.17 sys=0.00, real=0.05 secs] 
2019-09-25T15:16:33.197-0530: 227.042: [Full GC (Ergonomics) [PSYoungGen: 11264K->11261K(22528K)] [ParOldGen: 68434K->68434K(68608K)] 79698K->79695K(91136K), [Metaspace: 60518K->60518K(1105920K)], 0.0521063 secs] [Times: user=0.17 sys=0.00, real=0.05 secs] 
2019-09-25T15:16:33.251-0530: 227.095: [Full GC (Ergonomics) [PSYoungGen: 11264K->11261K(22528K)] [ParOldGen: 68434K->68433K(68608K)] 79698K->79695K(91136K), [Metaspace: 60518K->60518K(1105920K)], 0.0503393 secs] [Times: user=0.17 sys=0.00, real=0.05 secs] 
2019-09-25T15:16:33.302-0530: 227.147: [Full GC (Ergonomics) [PSYoungGen: 11264K->11262K(22528K)] [ParOldGen: 68433K->68428K(68608K)] 79697K->79691K(91136K), [Metaspace: 60518K->60518K(1105920K)], 0.0601644 secs] [Times: user=0.24 sys=0.00, real=0.06 secs] 
2019-09-25T15:16:33.363-0530: 227.208: [Full GC (Ergonomics) [PSYoungGen: 11264K->11263K(22528K)] [ParOldGen: 68428K->68428K(68608K)] 79692K->79691K(91136K), [Metaspace: 60518K->60518K(1105920K)], 0.0549073 secs] [Times: user=0.18 sys=0.00, real=0.05 secs] 
2019-09-25T15:16:33.419-0530: 227.264: [Full GC (Ergonomics) [PSYoungGen: 11264K->11263K(22528K)] [ParOldGen: 68428K->68428K(68608K)] 79692K->79691K(91136K), [Metaspace: 60518K->60518K(1105920K)], 0.0548430 secs] [Times: user=0.17 sys=0.00, real=0.06 secs] 
2019-09-25T15:16:33.475-0530: 227.319: [Full GC (Ergonomics) [PSYoungGen: 11264K->11262K(22528K)] [ParOldGen: 68428K->68428K(68608K)] 79692K->79691K(91136K), [Metaspace: 60518K->60518K(1105920K)], 0.0555569 secs] [Times: user=0.15 sys=0.01, real=0.06 secs] 
2019-09-25T15:16:33.531-0530: 227.376: [Full GC (Ergonomics) [PSYoungGen: 11264K->11262K(22528K)] [ParOldGen: 68428K->68428K(68608K)] 79692K->79690K(91136K), [Metaspace: 60518K->60518K(1105920K)], 0.0509390 secs] [Times: user=0.17 sys=0.00, real=0.05 secs] 
2019-09-25T15:16:33.583-0530: 227.428: [Full GC (Ergonomics) [PSYoungGen: 11264K->11261K(22528K)] [ParOldGen: 68428K->68428K(68608K)] 79692K->79689K(91136K), [Metaspace: 60518K->60518K(1105920K)], 0.0600821 secs] [Times: user=0.21 sys=0.00, real=0.06 secs] 
2019-09-25T15:16:33.644-0530: 227.489: [Full GC (Ergonomics) [PSYoungGen: 11264K->11261K(22528K)] [ParOldGen: 68428K->68428K(68608K)] 79692K->79689K(91136K), [Metaspace: 60518K->60518K(1105920K)], 0.0592590 secs] [Times: user=0.20 sys=0.00, real=0.06 secs] 
2019-09-25T15:16:33.705-0530: 227.550: [Full GC (Ergonomics) [PSYoungGen: 11264K->11262K(22528K)] [ParOldGen: 68428K->68428K(68608K)] 79692K->79690K(91136K), [Metaspace: 60518K->60518K(1105920K)], 0.0539306 secs] [Times: user=0.18 sys=0.01, real=0.05 secs] 
2019-09-25T15:16:33.760-0530: 227.605: [Full GC (Ergonomics) [PSYoungGen: 11264K->11263K(22528K)] [ParOldGen: 68428K->68428K(68608K)] 79692K->79692K(91136K), [Metaspace: 60518K->60518K(1105920K)], 0.0543334 secs] [Times: user=0.17 sys=0.00, real=0.05 secs] 
2019-09-25T15:16:33.815-0530: 227.660: [Full GC (Ergonomics) [PSYoungGen: 11264K->11263K(22528K)] [ParOldGen: 68428K->68428K(68608K)] 79692K->79692K(91136K), [Metaspace: 60518K->60518K(1105920K)], 0.0610946 secs] [Times: user=0.18 sys=0.00, real=0.06 secs] 
2019-09-25T15:16:33.877-0530: 227.722: [Full GC (Ergonomics) [PSYoungGen: 11263K->11256K(22528K)] [ParOldGen: 68433K->68431K(68608K)] 79697K->79688K(91136K), [Metaspace: 60518K->60518K(1105920K)], 0.0625430 secs] [Times: user=0.20 sys=0.00, real=0.07 secs] 
2019-09-25T15:16:33.941-0530: 227.786: [Full GC (Ergonomics) [PSYoungGen: 11261K->11256K(22528K)] [ParOldGen: 68431K->68431K(68608K)] 79692K->79688K(91136K), [Metaspace: 60518K->60518K(1105920K)], 0.0529497 secs] [Times: user=0.18 sys=0.01, real=0.05 secs] 
2019-09-25T15:16:33.995-0530: 227.840: [Full GC (Ergonomics) [PSYoungGen: 11264K->11257K(22528K)] [ParOldGen: 68454K->68448K(68608K)] 79718K->79706K(91136K), [Metaspace: 60518K->60518K(1105920K)], 0.0541535 secs] [Times: user=0.17 sys=0.00, real=0.05 secs] 
2019-09-25T15:16:34.051-0530: 227.895: [Full GC (Ergonomics) [PSYoungGen: 11264K->11259K(22528K)] [ParOldGen: 68448K->68448K(68608K)] 79712K->79707K(91136K), [Metaspace: 60518K->60518K(1105920K)], 0.0507642 secs] [Times: user=0.17 sys=0.00, real=0.05 secs] 
2019-09-25T15:16:34.102-0530: 227.947: [Full GC (Ergonomics) [PSYoungGen: 11264K->11259K(22528K)] [ParOldGen: 68448K->68448K(68608K)] 79712K->79707K(91136K), [Metaspace: 60518K->60518K(1105920K)], 0.0538561 secs] [Times: user=0.17 sys=0.00, real=0.05 secs] 
2019-09-25T15:16:34.158-0530: 228.002: [Full GC (Ergonomics) [PSYoungGen: 11264K->11259K(22528K)] [ParOldGen: 68448K->68447K(68608K)] 79712K->79707K(91136K), [Metaspace: 60518K->60518K(1105920K)], 0.0532702 secs] [Times: user=0.17 sys=0.00, real=0.06 secs] 
2019-09-25T15:16:34.212-0530: 228.057: [Full GC (Ergonomics) [PSYoungGen: 11264K->11258K(22528K)] [ParOldGen: 68447K->68447K(68608K)] 79711K->79705K(91136K), [Metaspace: 60518K->60518K(1105920K)], 0.0539425 secs] [Times: user=0.16 sys=0.01, real=0.05 secs] 
2019-09-25T15:16:34.267-0530: 228.112: [Full GC (Ergonomics) [PSYoungGen: 11264K->11259K(22528K)] [ParOldGen: 68447K->68447K(68608K)] 79711K->79706K(91136K), [Metaspace: 60518K->60518K(1105920K)], 0.0650056 secs] [Times: user=0.24 sys=0.00, real=0.07 secs] 
2019-09-25T15:16:34.333-0530: 228.178: [Full GC (Ergonomics) [PSYoungGen: 11264K->11259K(22528K)] [ParOldGen: 68447K->68446K(68608K)] 79711K->79705K(91136K), [Metaspace: 60518K->60518K(1105920K)], 0.0580720 secs] [Times: user=0.18 sys=0.00, real=0.06 secs] 
2019-09-25T15:16:34.392-0530: 228.237: [Full GC (Ergonomics) [PSYoungGen: 11264K->11259K(22528K)] [ParOldGen: 68446K->68446K(68608K)] 79710K->79706K(91136K), [Metaspace: 60518K->60518K(1105920K)], 0.0513672 secs] [Times: user=0.17 sys=0.01, real=0.05 secs] 
2019-09-25T15:16:34.445-0530: 228.289: [Full GC (Ergonomics) [PSYoungGen: 11264K->11260K(22528K)] [ParOldGen: 68446K->68446K(68608K)] 79710K->79706K(91136K), [Metaspace: 60518K->60518K(1105920K)], 0.0521905 secs] [Times: user=0.17 sys=0.00, real=0.05 secs] 
2019-09-25T15:16:34.498-0530: 228.343: [Full GC (Ergonomics) [PSYoungGen: 11264K->11261K(22528K)] [ParOldGen: 68446K->68446K(68608K)] 79710K->79707K(91136K), [Metaspace: 60518K->60518K(1105920K)], 0.0542905 secs] [Times: user=0.17 sys=0.00, real=0.06 secs] 
2019-09-25T15:16:34.553-0530: 228.398: [Full GC (Ergonomics) [PSYoungGen: 11264K->11262K(22528K)] [ParOldGen: 68446K->68446K(68608K)] 79710K->79709K(91136K), [Metaspace: 60518K->60518K(1105920K)], 0.0519837 secs] [Times: user=0.17 sys=0.00, real=0.05 secs] 
2019-09-25T15:16:34.606-0530: 228.451: [Full GC (Ergonomics) [PSYoungGen: 11264K->11257K(22528K)] [ParOldGen: 68446K->68446K(68608K)] 79710K->79704K(91136K), [Metaspace: 60518K->60518K(1105920K)], 0.0564775 secs] [Times: user=0.21 sys=0.00, real=0.06 secs] 
2019-09-25T15:16:34.664-0530: 228.509: [Full GC (Ergonomics) [PSYoungGen: 11264K->11256K(22528K)] [ParOldGen: 68446K->68446K(68608K)] 79710K->79702K(91136K), [Metaspace: 60518K->60518K(1105920K)], 0.0670167 secs] [Times: user=0.22 sys=0.00, real=0.07 secs] 
2019-09-25T15:16:34.732-0530: 228.577: [Full GC (Ergonomics) [PSYoungGen: 11264K->11258K(22528K)] [ParOldGen: 68446K->68446K(68608K)] 79710K->79704K(91136K), [Metaspace: 60518K->60518K(1105920K)], 0.0555162 secs] [Times: user=0.17 sys=0.00, real=0.05 secs] 
2019-09-25T15:16:34.789-0530: 228.634: [Full GC (Ergonomics) [PSYoungGen: 11264K->11259K(22528K)] [ParOldGen: 68446K->68446K(68608K)] 79710K->79705K(91136K), [Metaspace: 60518K->60518K(1105920K)], 0.0518598 secs] [Times: user=0.16 sys=0.00, real=0.06 secs] 
2019-09-25T15:16:34.842-0530: 228.687: [Full GC (Ergonomics) [PSYoungGen: 11264K->11260K(22528K)] [ParOldGen: 68446K->68446K(68608K)] 79710K->79707K(91136K), [Metaspace: 60518K->60518K(1105920K)], 0.0510355 secs] [Times: user=0.17 sys=0.01, real=0.05 secs] 
2019-09-25T15:16:34.894-0530: 228.739: [Full GC (Ergonomics) [PSYoungGen: 11264K->11261K(22528K)] [ParOldGen: 68446K->68446K(68608K)] 79710K->79708K(91136K), [Metaspace: 60518K->60518K(1105920K)], 0.0514703 secs] [Times: user=0.17 sys=0.00, real=0.05 secs] 
2019-09-25T15:16:34.947-0530: 228.792: [Full GC (Ergonomics) [PSYoungGen: 11264K->11261K(22528K)] [ParOldGen: 68446K->68446K(68608K)] 79710K->79708K(91136K), [Metaspace: 60518K->60518K(1105920K)], 0.0580401 secs] [Times: user=0.21 sys=0.00, real=0.06 secs] 
2019-09-25T15:16:35.006-0530: 228.851: [Full GC (Ergonomics) [PSYoungGen: 11264K->11261K(22528K)] [ParOldGen: 68446K->68446K(68608K)] 79710K->79708K(91136K), [Metaspace: 60518K->60518K(1105920K)], 0.0553774 secs] [Times: user=0.17 sys=0.00, real=0.06 secs] 
2019-09-25T15:16:35.062-0530: 228.907: [Full GC (Ergonomics) [PSYoungGen: 11264K->11261K(22528K)] [ParOldGen: 68446K->68446K(68608K)] 79710K->79708K(91136K), [Metaspace: 60518K->60518K(1105920K)], 0.0520788 secs] [Times: user=0.17 sys=0.01, real=0.05 secs] 
2019-09-25T15:16:35.117-0530: 228.962: [Full GC (Ergonomics) [PSYoungGen: 11264K->11263K(22528K)] [ParOldGen: 68446K->68446K(68608K)] 79710K->79709K(91136K), [Metaspace: 60519K->60519K(1105920K)], 0.0519285 secs] [Times: user=0.18 sys=0.00, real=0.05 secs] 
2019-09-25T15:16:35.170-0530: 229.015: [Full GC (Ergonomics) [PSYoungGen: 11264K->11263K(22528K)] [ParOldGen: 68446K->68446K(68608K)] 79710K->79710K(91136K), [Metaspace: 60519K->60519K(1105920K)], 0.0590500 secs] [Times: user=0.18 sys=0.00, real=0.05 secs] 
2019-09-25T15:16:35.230-0530: 229.075: [Full GC (Ergonomics) [PSYoungGen: 11264K->11263K(22528K)] [ParOldGen: 68446K->68446K(68608K)] 79710K->79710K(91136K), [Metaspace: 60519K->60519K(1105920K)], 0.0572183 secs] [Times: user=0.19 sys=0.00, real=0.05 secs] 
2019-09-25T15:16:35.288-0530: 229.133: [Full GC (Ergonomics) [PSYoungGen: 11264K->11263K(22528K)] [ParOldGen: 68446K->68446K(68608K)] 79710K->79710K(91136K), [Metaspace: 60519K->60519K(1105920K)], 0.0556053 secs] [Times: user=0.18 sys=0.01, real=0.06 secs] 
2019-09-25T15:16:35.345-0530: 229.190: [Full GC (Ergonomics) [PSYoungGen: 11263K->11263K(22528K)] [ParOldGen: 68458K->68456K(68608K)] 79722K->79719K(91136K), [Metaspace: 60519K->60519K(1105920K)], 0.0531597 secs] [Times: user=0.18 sys=0.00, real=0.05 secs] 
2019-09-25T15:16:35.399-0530: 229.244: [Full GC (Ergonomics) [PSYoungGen: 11264K->11262K(22528K)] [ParOldGen: 68456K->68456K(68608K)] 79720K->79719K(91136K), [Metaspace: 60519K->60519K(1105920K)], 0.0530611 secs] [Times: user=0.17 sys=0.00, real=0.06 secs] 
2019-09-25T15:16:35.453-0530: 229.298: [Full GC (Ergonomics) [PSYoungGen: 11264K->11263K(22528K)] [ParOldGen: 68456K->68456K(68608K)] 79720K->79719K(91136K), [Metaspace: 60519K->60519K(1105920K)], 0.0482749 secs] [Times: user=0.15 sys=0.00, real=0.05 secs] 
2019-09-25T15:16:35.503-0530: 229.348: [Full GC (Ergonomics) [PSYoungGen: 11264K->11262K(22528K)] [ParOldGen: 68456K->68452K(68608K)] 79720K->79714K(91136K), [Metaspace: 60519K->60519K(1105920K)], 0.0464133 secs] [Times: user=0.16 sys=0.01, real=0.05 secs] 
2019-09-25T15:16:35.551-0530: 229.395: [Full GC (Ergonomics) [PSYoungGen: 11264K->11263K(22528K)] [ParOldGen: 68452K->68452K(68608K)] 79716K->79715K(91136K), [Metaspace: 60519K->60519K(1105920K)], 0.0418588 secs] [Times: user=0.15 sys=0.00, real=0.04 secs] 
2019-09-25T15:16:35.594-0530: 229.438: [Full GC (Ergonomics) [PSYoungGen: 11264K->11263K(22528K)] [ParOldGen: 68452K->68451K(68608K)] 79716K->79715K(91136K), [Metaspace: 60519K->60519K(1105920K)], 0.0446046 secs] [Times: user=0.16 sys=0.00, real=0.04 secs] 
2019-09-25T15:16:35.639-0530: 229.484: [Full GC (Ergonomics) [PSYoungGen: 11264K->11263K(22528K)] [ParOldGen: 68457K->68453K(68608K)] 79721K->79717K(91136K), [Metaspace: 60519K->60519K(1105920K)], 0.0448632 secs] [Times: user=0.15 sys=0.00, real=0.05 secs] 
2019-09-25T15:16:35.685-0530: 229.530: [Full GC (Ergonomics) [PSYoungGen: 11264K->11264K(22528K)] [ParOldGen: 68453K->68453K(68608K)] 79717K->79717K(91136K), [Metaspace: 60519K->60519K(1105920K)], 0.0453586 secs] [Times: user=0.15 sys=0.00, real=0.05 secs] 
2019-09-25T15:16:35.732-0530: 229.576: [Full GC (Ergonomics) [PSYoungGen: 11264K->11262K(22528K)] [ParOldGen: 68458K->68454K(68608K)] 79722K->79717K(91136K), [Metaspace: 60519K->60519K(1105920K)], 0.0517014 secs] [Times: user=0.16 sys=0.01, real=0.05 secs] 
2019-09-25T15:16:35.784-0530: 229.629: [Full GC (Ergonomics) [PSYoungGen: 11264K->11262K(22528K)] [ParOldGen: 68454K->68454K(68608K)] 79718K->79717K(91136K), [Metaspace: 60519K->60519K(1105920K)], 0.0496078 secs] [Times: user=0.17 sys=0.00, real=0.05 secs] 
2019-09-25T15:16:35.835-0530: 229.680: [Full GC (Ergonomics) [PSYoungGen: 11264K->11263K(22528K)] [ParOldGen: 68454K->68454K(68608K)] 79718K->79717K(91136K), [Metaspace: 60519K->60519K(1105920K)], 0.0461177 secs] [Times: user=0.16 sys=0.00, real=0.05 secs] 
2019-09-25T15:16:35.882-0530: 229.727: [Full GC (Ergonomics) [PSYoungGen: 11264K->11263K(22528K)] [ParOldGen: 68454K->68454K(68608K)] 79718K->79718K(91136K), [Metaspace: 60519K->60519K(1105920K)], 0.0448498 secs] [Times: user=0.16 sys=0.00, real=0.04 secs] 
2019-09-25T15:16:35.928-0530: 229.773: [Full GC (Ergonomics) [PSYoungGen: 11264K->11264K(22528K)] [ParOldGen: 68454K->68454K(68608K)] 79718K->79718K(91136K), [Metaspace: 60519K->60519K(1105920K)], 0.0430638 secs] [Times: user=0.15 sys=0.00, real=0.05 secs] 
2019-09-25T15:16:35.972-0530: 229.817: [Full GC (Ergonomics) [PSYoungGen: 11264K->11262K(22528K)] [ParOldGen: 68460K->68456K(68608K)] 79724K->79718K(91136K), [Metaspace: 60519K->60519K(1105920K)], 0.0430486 secs] [Times: user=0.16 sys=0.01, real=0.04 secs] 
2019-09-25T15:16:36.016-0530: 229.861: [Full GC (Ergonomics) [PSYoungGen: 11264K->11262K(22528K)] [ParOldGen: 68456K->68455K(68608K)] 79720K->79717K(91136K), [Metaspace: 60519K->60519K(1105920K)], 0.0440161 secs] [Times: user=0.15 sys=0.00, real=0.05 secs] 
2019-09-25T15:16:36.061-0530: 229.906: [Full GC (Ergonomics) [PSYoungGen: 11264K->11262K(22528K)] [ParOldGen: 68455K->68455K(68608K)] 79719K->79717K(91136K), [Metaspace: 60519K->60519K(1105920K)], 0.0437720 secs] [Times: user=0.16 sys=0.00, real=0.04 secs] 
2019-09-25T15:16:36.106-0530: 229.951: [Full GC (Ergonomics) [PSYoungGen: 11264K->11263K(22528K)] [ParOldGen: 68473K->68468K(68608K)] 79737K->79731K(91136K), [Metaspace: 60519K->60519K(1105920K)], 0.0430803 secs] [Times: user=0.16 sys=0.00, real=0.04 secs] 
2019-09-25T15:16:36.150-0530: 229.995: [Full GC (Ergonomics) [PSYoungGen: 11264K->11263K(22528K)] [ParOldGen: 68468K->68467K(68608K)] 79732K->79730K(91136K), [Metaspace: 60519K->60519K(1105920K)], 0.0443249 secs] [Times: user=0.14 sys=0.00, real=0.04 secs] 
2019-09-25T15:16:36.196-0530: 230.040: [Full GC (Ergonomics) [PSYoungGen: 11264K->11259K(22528K)] [ParOldGen: 68467K->68466K(68608K)] 79731K->79726K(91136K), [Metaspace: 60519K->60519K(1105920K)], 0.0501595 secs] [Times: user=0.17 sys=0.01, real=0.05 secs] 
2019-09-25T15:16:36.247-0530: 230.092: [Full GC (Ergonomics) [PSYoungGen: 11263K->11255K(22528K)] [ParOldGen: 68466K->68466K(68608K)] 79730K->79722K(91136K), [Metaspace: 60519K->60519K(1105920K)], 0.0571847 secs] [Times: user=0.20 sys=0.00, real=0.06 secs] 
2019-09-25T15:16:36.305-0530: 230.150: [Full GC (Ergonomics) [PSYoungGen: 11264K->11256K(22528K)] [ParOldGen: 68466K->68466K(68608K)] 79730K->79723K(91136K), [Metaspace: 60519K->60519K(1105920K)], 0.0554186 secs] [Times: user=0.17 sys=0.00, real=0.06 secs] 
2019-09-25T15:16:36.362-0530: 230.207: [Full GC (Ergonomics) [PSYoungGen: 11264K->11255K(22528K)] [ParOldGen: 68486K->68479K(68608K)] 79750K->79735K(91136K), [Metaspace: 60519K->60519K(1105920K)], 0.0691823 secs] [Times: user=0.26 sys=0.01, real=0.07 secs] 
2019-09-25T15:16:36.432-0530: 230.277: [Full GC (Ergonomics) [PSYoungGen: 11264K->11259K(22528K)] [ParOldGen: 68479K->68479K(68608K)] 79743K->79738K(91136K), [Metaspace: 60519K->60519K(1105920K)], 0.0523517 secs] [Times: user=0.17 sys=0.00, real=0.05 secs] 
2019-09-25T15:16:36.485-0530: 230.330: [Full GC (Ergonomics) [PSYoungGen: 11264K->11259K(22528K)] [ParOldGen: 68479K->68479K(68608K)] 79743K->79739K(91136K), [Metaspace: 60519K->60519K(1105920K)], 0.0530696 secs] [Times: user=0.17 sys=0.00, real=0.05 secs] 
2019-09-25T15:16:36.540-0530: 230.384: [Full GC (Ergonomics) [PSYoungGen: 11264K->11260K(22528K)] [ParOldGen: 68479K->68479K(68608K)] 79743K->79739K(91136K), [Metaspace: 60519K->60519K(1105920K)], 0.0556682 secs] [Times: user=0.18 sys=0.00, real=0.05 secs] 
2019-09-25T15:16:36.596-0530: 230.441: [Full GC (Ergonomics) [PSYoungGen: 11264K->11260K(22528K)] [ParOldGen: 68479K->68479K(68608K)] 79743K->79739K(91136K), [Metaspace: 60519K->60519K(1105920K)], 0.0546885 secs] [Times: user=0.17 sys=0.01, real=0.06 secs] 
2019-09-25T15:16:36.652-0530: 230.497: [Full GC (Ergonomics) [PSYoungGen: 11264K->11260K(22528K)] [ParOldGen: 68479K->68479K(68608K)] 79743K->79740K(91136K), [Metaspace: 60519K->60519K(1105920K)], 0.0532281 secs] [Times: user=0.18 sys=0.00, real=0.05 secs] 
2019-09-25T15:16:36.707-0530: 230.552: [Full GC (Ergonomics) [PSYoungGen: 11264K->11260K(22528K)] [ParOldGen: 68479K->68479K(68608K)] 79743K->79740K(91136K), [Metaspace: 60519K->60519K(1105920K)], 0.0542648 secs] [Times: user=0.18 sys=0.00, real=0.06 secs] 
2019-09-25T15:16:36.762-0530: 230.607: [Full GC (Ergonomics) [PSYoungGen: 11264K->11261K(22528K)] [ParOldGen: 68479K->68479K(68608K)] 79743K->79740K(91136K), [Metaspace: 60519K->60519K(1105920K)], 0.0548439 secs] [Times: user=0.18 sys=0.00, real=0.05 secs] 
2019-09-25T15:16:36.818-0530: 230.663: [Full GC (Ergonomics) [PSYoungGen: 11264K->11258K(22528K)] [ParOldGen: 68479K->68478K(68608K)] 79743K->79737K(91136K), [Metaspace: 60519K->60519K(1105920K)], 0.0501030 secs] [Times: user=0.16 sys=0.01, real=0.05 secs] 
2019-09-25T15:16:36.869-0530: 230.714: [Full GC (Ergonomics) [PSYoungGen: 11264K->11258K(22528K)] [ParOldGen: 68478K->68478K(68608K)] 79742K->79736K(91136K), [Metaspace: 60519K->60519K(1105920K)], 0.0503324 secs] [Times: user=0.16 sys=0.00, real=0.06 secs] 
2019-09-25T15:16:36.920-0530: 230.765: [Full GC (Ergonomics) [PSYoungGen: 11264K->11257K(22528K)] [ParOldGen: 68478K->68478K(68608K)] 79742K->79735K(91136K), [Metaspace: 60519K->60519K(1105920K)], 0.0493238 secs] [Times: user=0.17 sys=0.00, real=0.05 secs] 
2019-09-25T15:16:36.971-0530: 230.816: [Full GC (Ergonomics) [PSYoungGen: 11264K->11257K(22528K)] [ParOldGen: 68478K->68478K(68608K)] 79742K->79735K(91136K), [Metaspace: 60519K->60519K(1105920K)], 0.0474254 secs] [Times: user=0.16 sys=0.00, real=0.04 secs] 
2019-09-25T15:16:37.019-0530: 230.864: [Full GC (Ergonomics) [PSYoungGen: 11264K->11256K(22528K)] [ParOldGen: 68510K->68497K(68608K)] 79774K->79753K(91136K), [Metaspace: 60519K->60519K(1105920K)], 0.0494459 secs] [Times: user=0.18 sys=0.01, real=0.05 secs] 
2019-09-25T15:16:37.070-0530: 230.915: [Full GC (Ergonomics) [PSYoungGen: 11264K->11256K(22528K)] [ParOldGen: 68497K->68497K(68608K)] 79761K->79754K(91136K), [Metaspace: 60519K->60519K(1105920K)], 0.0518014 secs] [Times: user=0.18 sys=0.00, real=0.05 secs] 
2019-09-25T15:16:37.123-0530: 230.967: [Full GC (Ergonomics) 